3a45bd43-82d2-4650-8571-039f48c0fdca 2016-12-02 03:03:27.165999782 11567 [184538.006730]   988  1450 I PowerManagerService: Waking up from sleep (uid 1000)...
3a45bd43-82d2-4650-8571-039f48c0fdca 2016-12-02 03:03:27.165999782 11568 [184538.007445]   988  1009 I DisplayPowerController: Blocking screen on until initial contents have been drawn.
3a45bd43-82d2-4650-8571-039f48c0fdca 2016-12-02 03:03:27.175999782 453806 [184538.010953]   414   414 D KernelPrintk: 6,60566,184538001893,-;Report pwrkey press event
3a45bd43-82d2-4650-8571-039f48c0fdca 2016-12-02 03:03:27.175999782 453807 [184538.012831]   291   291 D SurfaceFlinger: Set power mode=2, type=0 flinger=0xb29e4000
3a45bd43-82d2-4650-8571-039f48c0fdca 2016-12-02 03:03:27.175999782 453808 [184538.012854]   291   291 D qdhwcomposer: hwc_setPowerMode: Setting mode 2 on display: 0
3a45bd43-82d2-4650-8571-039f48c0fdca 2016-12-02 03:03:27.175999782 11569 [184538.012896]   988  1007 I DisplayManagerService: Display device changed state: "Built-in Screen", ON
3a45bd43-82d2-4650-8571-039f48c0fdca 2016-12-02 03:03:27.185999782 453809 [184538.021153]   414   414 D KernelPrintk: 3,60567,184538015432,-;mdss_mdp_wb_kickoff: unable to get writeback buf ctl=2
3a45bd43-82d2-4650-8571-039f48c0fdca 2016-12-02 03:03:27.195999782 453810 [184538.034527]   988  3083 V KeyguardServiceDelegate: **** SHOWN CALLED ****
3a45bd43-82d2-4650-8571-039f48c0fdca 2016-12-02 03:03:27.215999782 453811 [184538.053276]   988  1462 E native  : do suspend false
3a45bd43-82d2-4650-8571-039f48c0fdca 2016-12-02 03:03:27.225999782 453812 [184538.064238]   988  1462 D WifiConfigStore: No blacklist allowed without epno enabled
3a45bd43-82d2-4650-8571-039f48c0fdca 2016-12-02 03:03:27.275999782 453813 [184538.120354]   409 29104 D audio_hw_primary: adev_set_parameters: enter: screen_state=on
3a45bd43-82d2-4650-8571-039f48c0fdca 2016-12-02 03:03:27.275999782 453814 [184538.120405]   409 29104 E bt_a2dp_hw: adev_set_parameters: ERROR: set param called even when stream out is null
3a45bd43-82d2-4650-8571-039f48c0fdca 2016-12-02 03:03:27.275999782 453815 [184538.120420]   409 29104 D mot_vr_audio_hw: adev_set_parameters: screen_state=on
3a45bd43-82d2-4650-8571-039f48c0fdca 2016-12-02 03:03:27.275999782 11570 [184538.120422]   988  1009 I DisplayPowerController: Unblocked screen on after 113 ms
3a45bd43-82d2-4650-8571-039f48c0fdca 2016-12-02 03:03:27.285999782 453816 [184538.123255]   988  1009 V KeyguardServiceDelegate: onScreenTurnedOn()
3a45bd43-82d2-4650-8571-039f48c0fdca 2016-12-02 03:03:27.305999782 453817 [184538.149078]  2138  2366 D BrcmNfcJni: RoutingManager::nfaEeCallback: NFA_EE_SET_TECH_CFG_EVT; status=0x0
3a45bd43-82d2-4650-8571-039f48c0fdca 2016-12-02 03:03:27.305999782 453818 [184538.149412]  2138  2366 D BrcmNfcJni: RoutingManager::nfaEeCallback: NFA_EE_SET_PROTO_CFG_EVT; status=0x0
3a45bd43-82d2-4650-8571-039f48c0fdca 2016-12-02 03:03:27.305999782 453819 [184538.149468]  2138 16974 D BrcmNfcJni: RoutingManager::commitRouting
3a45bd43-82d2-4650-8571-039f48c0fdca 2016-12-02 03:03:27.305999782 453820 [184538.149533]  2138  2366 D BrcmNfcJni: RoutingManager::nfaEeCallback: NFA_EE_UPDATED_EVT
3a45bd43-82d2-4650-8571-039f48c0fdca 2016-12-02 03:03:27.425999782 453821 [184538.264353]   291   291 D qdhwcomposer: hwc_setPowerMode: Done setting mode 2 on display 0
3a45bd43-82d2-4650-8571-039f48c0fdca 2016-12-02 03:03:27.425999782 453822 [184538.264484]   291   353 I qdhwcomposer: handle_blank_event: dpy:0 panel power state: 1
3a45bd43-82d2-4650-8571-039f48c0fdca 2016-12-02 03:03:27.425999782 453823 [184538.266654]   988  1509 D SurfaceControl: Excessive delay in setPowerMode(): 254ms
3a45bd43-82d2-4650-8571-039f48c0fdca 2016-12-02 03:03:27.435999782 453824 [184538.270991]   414   414 D KernelPrintk: 4,60568,184538053509,-;dhd_set_suspend: Remove extra suspend setting 
3a45bd43-82d2-4650-8571-039f48c0fdca 2016-12-02 03:03:27.435999782 453825 [184538.271009]   414   414 D KernelPrintk: 6,60569,184538091565,-;mdss_dsi_panel_on: ctrl=f0c1f810 ndx=0
3a45bd43-82d2-4650-8571-039f48c0fdca 2016-12-02 03:03:27.435999782 453826 [184538.271020]   414   414 D KernelPrintk: 6,60570,184538197563,-;Report pwrkey release event
3a45bd43-82d2-4650-8571-039f48c0fdca 2016-12-02 03:03:27.435999782 453827 [184538.271031]   414   414 D KernelPrintk: 6,60571,184538221957,-;mdss_dsi_panel_on-. Pwr_mode(0x0A) = 0x9c
3a45bd43-82d2-4650-8571-039f48c0fdca 2016-12-02 03:03:27.435999782 453828 [184538.271043]   414   414 D KernelPrintk: 6,60572,184538258500,-;mdss_dsi_panel_on: ctrl=efdc0010 ndx=1
3a45bd43-82d2-4650-8571-039f48c0fdca 2016-12-02 03:03:27.525999782 453829 [184538.360979]   414   414 D KernelPrintk: 6,60573,184538359225,-;atmel_mxt_ts_mmi: mxt_set_sensor_state: state change SUSPEND -> ACTIVE
3a45bd43-82d2-4650-8571-039f48c0fdca 2016-12-02 03:03:27.885999782 453830 [184538.724191]   291   291 I SurfaceFlinger: {"token":1699, "diffs":[[184533085, 0.000000],[184533135, 0.000000],[184533880, 0.000000],[184533941, 0.493028],[184533994, 69.184029],[184534044, 100.000000],[184534095, 100.000000],[184534146, 99.305557],[184534196, 97.222221],[184534246, 93.315971],[184534297, 71.571182],[184534347, 0.000000],[184538215, 100.000000],[184538279, 0.010851],[184538333, 0.008138],[184538384, 0.007968],[184538429, 0.007629],[184538497, 0.008138],[184538563, 0.008816],[184538632, 0.008816]]}
3a45bd43-82d2-4650-8571-039f48c0fdca 2016-12-02 03:03:28.15999782 453831 [184538.859034]   291   291 I SurfaceFlinger: {"fps":37.8, "tot_frames":84729, "prev_frames":84691, "cur_time": 184538788137586, "prev_time": 184537784018732}
3a45bd43-82d2-4650-8571-039f48c0fdca 2016-12-02 03:03:28.245999782 453832 [184539.089699]  1692  1692 D PhoneStatusBar: disable: < expand ICONS alerts SYSTEM_INFO back HOME RECENT clock SEARCH quick_settings >
3a45bd43-82d2-4650-8571-039f48c0fdca 2016-12-02 03:03:28.265999782 453833 [184539.107393] 19114 19114 I Activity-LifeCycle-QoE: {"Action":"onStart","AppName":"com.google.android.googlequicksearchbox","Pid":19114,"Uid":10035,"Tid":19114,"ParentActivity":"NULL","ActivityName":"com.google.android.googlequicksearchbox\/com.google.android.launcher.GEL","Time":1480665808274,"UpTime":184539036,"SessionID":"9601477b-416f-4616-bd50-7cacb6c0b90c","timestamp":1480665808274,"uptimeNanos":209160009933334,"LogFormat":"1.1"}
3a45bd43-82d2-4650-8571-039f48c0fdca 2016-12-02 03:03:28.265999782 453834 [184539.109506]  1692  1692 W AudioTrack: AUDIO_OUTPUT_FLAG_FAST denied by client; transfer 4, track 44100 Hz, output 48000 Hz
3a45bd43-82d2-4650-8571-039f48c0fdca 2016-12-02 03:03:28.275999782 453835 [184539.110943] 19114 19114 I Activity-LifeCycle-QoE: {"Action":"onResume","AppName":"com.google.android.googlequicksearchbox","Pid":19114,"Uid":10035,"Tid":19114,"ParentActivity":"NULL","ActivityName":"com.google.android.googlequicksearchbox\/com.google.android.launcher.GEL","Time":1480665808277,"UpTime":184539039,"SessionID":"9601477b-416f-4616-bd50-7cacb6c0b90c","timestamp":1480665808277,"uptimeNanos":209160013425990,"LogFormat":"1.1"}
3a45bd43-82d2-4650-8571-039f48c0fdca 2016-12-02 03:03:28.275999782 453836 [184539.112977]   409  1041 D audio_hw_primary: out_set_parameters: enter: usecase(1: low-latency-playback) kvpairs: routing=2
3a45bd43-82d2-4650-8571-039f48c0fdca 2016-12-02 03:03:28.275999782 453837 [184539.117099]  1692  1692 D PhoneStatusBar: disable: < expand icons* alerts system_info* back HOME RECENT clock SEARCH quick_settings >
3a45bd43-82d2-4650-8571-039f48c0fdca 2016-12-02 03:03:28.285999782 453838 [184539.123732]   409  1041 D audio_hw_primary: select_devices: out_snd_device(2: speaker) in_snd_device(0: none)
3a45bd43-82d2-4650-8571-039f48c0fdca 2016-12-02 03:03:28.285999782 453839 [184539.123754]   409  1041 W msm8974_platform: Codec backend bitwidth 16, samplerate 48000
3a45bd43-82d2-4650-8571-039f48c0fdca 2016-12-02 03:03:28.285999782 453840 [184539.123772]   409  1041 D msm8974_platform: platform_send_audio_calibration: sending audio calibration for snd_device(2) acdb_id(15)
3a45bd43-82d2-4650-8571-039f48c0fdca 2016-12-02 03:03:28.285999782 453841 [184539.123860]   409  1041 D audio_hw_primary: enable_snd_device: snd_device(2: speaker)
3a45bd43-82d2-4650-8571-039f48c0fdca 2016-12-02 03:03:28.285999782 453842 [184539.126654]   409  1041 D audio_hw_primary: enable_audio_route: apply and update mixer path: low-latency-playback speaker
3a45bd43-82d2-4650-8571-039f48c0fdca 2016-12-02 03:03:28.315999782 453843 [184539.160359] 20563 27112 I CryptAuthSync: [DeviceStateSyncManager] Skipping sync since last one was 9642ms ago.
3a45bd43-82d2-4650-8571-039f48c0fdca 2016-12-02 03:03:28.325999782 453844 [184539.169139]  1692  1692 D PhoneStatusBar: disable: < expand icons alerts system_info back home* recent* clock search* quick_settings >
3a45bd43-82d2-4650-8571-039f48c0fdca 2016-12-02 03:03:28.325999782 11571 [184539.169722]   988  1686 W InputMethodManagerService: Window already focused, ignoring focus gain of: com.android.internal.view.IInputMethodClient$Stub$Proxy@504a51c attribute=android.view.inputmethod.EditorInfo@cf10525, token = android.os.BinderProxy@be350f9
3a45bd43-82d2-4650-8571-039f48c0fdca 2016-12-02 03:03:28.335999782 453845 [184539.170974]   414   414 D KernelPrintk: 36,60574,184539170392,-;type=1400 audit(1480665808.325:3843): avc: denied { ioctl } for pid=1686 comm="Binder_8" path="socket:[763056]" dev="sockfs" ino=763056 ioctlcmd=7704 scontext=u:r:system_server:s0 tcontext=u:r:system_server:s0 tclass=unix_stream_socket permissive=0
3a45bd43-82d2-4650-8571-039f48c0fdca 2016-12-02 03:03:28.335999782 453846 [184539.171892]  2138  2366 E BrcmNfcJni: nfaConnectionCallback: unknown event ????
3a45bd43-82d2-4650-8571-039f48c0fdca 2016-12-02 03:03:28.335999782 453847 [184539.171951]  2138  2366 D BrcmNfcJni: RoutingManager::nfaEeCallback: NFA_EE_SET_TECH_CFG_EVT; status=0x0
3a45bd43-82d2-4650-8571-039f48c0fdca 2016-12-02 03:03:28.335999782 453848 [184539.173597]  2138  2366 D BrcmNfcJni: RoutingManager::nfaEeCallback: NFA_EE_SET_PROTO_CFG_EVT; status=0x0
3a45bd43-82d2-4650-8571-039f48c0fdca 2016-12-02 03:03:28.335999782 453849 [184539.173643]  2138 18172 D BrcmNfcJni: RoutingManager::commitRouting
3a45bd43-82d2-4650-8571-039f48c0fdca 2016-12-02 03:03:28.335999782 453850 [184539.173692]  2138  2366 D BrcmNfcJni: RoutingManager::nfaEeCallback: NFA_EE_UPDATED_EVT
3a45bd43-82d2-4650-8571-039f48c0fdca 2016-12-02 03:03:28.345999782 453851 [184539.190019] 24934 25451 I AttachedClient: Adding client event 2 to pending list.
3a45bd43-82d2-4650-8571-039f48c0fdca 2016-12-02 03:03:28.345999782 453852 [184539.190207] 24934 25451 I AttachedClient: Adding client event 2 to pending list.
3a45bd43-82d2-4650-8571-039f48c0fdca 2016-12-02 03:03:28.355999782 453853 [184539.190999]   414   414 D KernelPrintk: 36,60575,184539185182,-;type=1400 audit(1480665808.325:3844): avc: denied { ioctl } for pid=1686 comm="Binder_8" path="socket:[763056]" dev="sockfs" ino=763056 ioctlcmd=7704 scontext=u:r:system_server:s0 tcontext=u:r:system_server:s0 tclass=unix_stream_socket permissive=0
3a45bd43-82d2-4650-8571-039f48c0fdca 2016-12-02 03:03:28.365999782 453854 [184539.205245] 20563 20563 I DeviceCache: Unable to convert the the network interface's MAC Address to string. MAC address cannot be null.
3a45bd43-82d2-4650-8571-039f48c0fdca 2016-12-02 03:03:28.365999782 453855 [184539.205463] 20563 20563 I DeviceCache: Unable to convert the the network interface's MAC Address to string. MAC address cannot be null.
3a45bd43-82d2-4650-8571-039f48c0fdca 2016-12-02 03:03:28.365999782 453856 [184539.205681] 20563 20563 I DeviceCache: Unable to convert the the network interface's MAC Address to string. MAC address cannot be null.
3a45bd43-82d2-4650-8571-039f48c0fdca 2016-12-02 03:03:28.365999782 11572 [184539.206704]   988  2459 W BroadcastQueue: Permission Denial: broadcasting Intent { act=android.intent.action.USER_PRESENT flg=0x24000010 } from com.android.systemui (pid=1692, uid=10029) is not exported from uid 10094 due to receiver com.yik.yak/com.parse.ParseBroadcastReceiver
3a45bd43-82d2-4650-8571-039f48c0fdca 2016-12-02 03:03:28.385999782 453857 [184539.221376] 24934 24934 I OptInState: There is a new client and it does not support opt-in. Dropping request.
3a45bd43-82d2-4650-8571-039f48c0fdca 2016-12-02 03:03:28.385999782 453858 [184539.222475] 24934 24934 I MicroDetectionWorker: Micro detection mode: [mDetectionMode: [1]].
3a45bd43-82d2-4650-8571-039f48c0fdca 2016-12-02 03:03:28.385999782 453859 [184539.230563] 24934 27115 I MicroRecognitionRunner: Starting detection.
3a45bd43-82d2-4650-8571-039f48c0fdca 2016-12-02 03:03:28.395999782 453860 [184539.231046] 24934 24966 I MicrophoneInputStream: mic_starting com.google.android.apps.gsa.speech.audio.ae@90bbf7a
3a45bd43-82d2-4650-8571-039f48c0fdca 2016-12-02 03:03:28.395999782 453861 [184539.232618]   409 27117 I AudioFlinger: AudioFlinger's thread 0xb1100000 ready to run
3a45bd43-82d2-4650-8571-039f48c0fdca 2016-12-02 03:03:28.395999782 453862 [184539.236380]   409  1061 I SoundTriggerHwService::Module: void android::SoundTriggerHwService::Module::onCallbackEvent(const sp<android::SoundTriggerHwService::CallbackEvent> &) mClient == 0
3a45bd43-82d2-4650-8571-039f48c0fdca 2016-12-02 03:03:28.395999782 453863 [184539.240028] 24934 24966 I MicrophoneInputStream: mic_started com.google.android.apps.gsa.speech.audio.ae@90bbf7a
3a45bd43-82d2-4650-8571-039f48c0fdca 2016-12-02 03:03:28.405999782 453864 [184539.241276] 17607 17607 I HeadsetService: Headset=false; Bluetooth=false ; USB=false; Speaker=true
3a45bd43-82d2-4650-8571-039f48c0fdca 2016-12-02 03:03:28.405999782 453865 [184539.247725]   409 27117 D audio_hw_primary: select_devices: out_snd_device(0: none) in_snd_device(63: voice-rec-mic)
3a45bd43-82d2-4650-8571-039f48c0fdca 2016-12-02 03:03:28.405999782 453866 [184539.247741]   409 27117 D msm8974_platform: platform_send_audio_calibration: sending audio calibration for snd_device(63) acdb_id(62)
3a45bd43-82d2-4650-8571-039f48c0fdca 2016-12-02 03:03:28.405999782 453867 [184539.247784]   409 27117 D audio_hw_primary: enable_snd_device: snd_device(63: voice-rec-mic)
3a45bd43-82d2-4650-8571-039f48c0fdca 2016-12-02 03:03:28.415999782 453868 [184539.258157]   409 27117 D audio_hw_primary: enable_audio_route: apply and update mixer path: audio-record
3a45bd43-82d2-4650-8571-039f48c0fdca 2016-12-02 03:03:28.425999782 453869 [184539.261917] 20563 20563 I DeviceCache: Unable to convert the the network interface's MAC Address to string. MAC address cannot be null.
3a45bd43-82d2-4650-8571-039f48c0fdca 2016-12-02 03:03:28.425999782 453870 [184539.262193] 20563 20563 I DeviceCache: Unable to convert the the network interface's MAC Address to string. MAC address cannot be null.
3a45bd43-82d2-4650-8571-039f48c0fdca 2016-12-02 03:03:28.425999782 453871 [184539.262384] 20563 20563 I DeviceCache: Unable to convert the the network interface's MAC Address to string. MAC address cannot be null.
3a45bd43-82d2-4650-8571-039f48c0fdca 2016-12-02 03:03:28.425999782 453872 [184539.264806] 20563 20563 I DeviceCache: Unable to convert the the network interface's MAC Address to string. MAC address cannot be null.
3a45bd43-82d2-4650-8571-039f48c0fdca 2016-12-02 03:03:28.425999782 453873 [184539.265522] 20563 20563 I DeviceCache: Unable to convert the the network interface's MAC Address to string. MAC address cannot be null.
3a45bd43-82d2-4650-8571-039f48c0fdca 2016-12-02 03:03:28.425999782 453874 [184539.265954] 20563 20563 I DeviceCache: Unable to convert the the network interface's MAC Address to string. MAC address cannot be null.
3a45bd43-82d2-4650-8571-039f48c0fdca 2016-12-02 03:03:28.425999782 453875 [184539.266159] 20563 20563 I DeviceCache: Unable to convert the the network interface's MAC Address to string. MAC address cannot be null.
3a45bd43-82d2-4650-8571-039f48c0fdca 2016-12-02 03:03:28.425999782 453876 [184539.266333] 20563 20563 I DeviceCache: Unable to convert the the network interface's MAC Address to string. MAC address cannot be null.
3a45bd43-82d2-4650-8571-039f48c0fdca 2016-12-02 03:03:28.425999782 453877 [184539.266524] 20563 20563 I DeviceCache: Unable to convert the the network interface's MAC Address to string. MAC address cannot be null.
3a45bd43-82d2-4650-8571-039f48c0fdca 2016-12-02 03:03:28.425999782 453878 [184539.267342] 20563 20563 I DeviceCache: Unable to convert the the network interface's MAC Address to string. MAC address cannot be null.
3a45bd43-82d2-4650-8571-039f48c0fdca 2016-12-02 03:03:28.435999782 453879 [184539.270954]   414   414 D KernelPrintk: 3,60576,184539268158,-;send_adm_custom_topology: no cal to send
3a45bd43-82d2-4650-8571-039f48c0fdca 2016-12-02 03:03:28.435999782 453880 [184539.273092] 20563 20563 I DeviceCache: Unable to convert the the network interface's MAC Address to string. MAC address cannot be null.
3a45bd43-82d2-4650-8571-039f48c0fdca 2016-12-02 03:03:28.435999782 453881 [184539.275721] 20563 20563 I DeviceCache: Unable to convert the the network interface's MAC Address to string. MAC address cannot be null.
3a45bd43-82d2-4650-8571-039f48c0fdca 2016-12-02 03:03:28.435999782 453882 [184539.276350] 20563 20563 I DeviceCache: Unable to convert the the network interface's MAC Address to string. MAC address cannot be null.
3a45bd43-82d2-4650-8571-039f48c0fdca 2016-12-02 03:03:28.435999782 453883 [184539.277287] 20563 20563 I DeviceCache: Unable to convert the the network interface's MAC Address to string. MAC address cannot be null.
3a45bd43-82d2-4650-8571-039f48c0fdca 2016-12-02 03:03:28.435999782 453884 [184539.277583] 20563 20563 I DeviceCache: Unable to convert the the network interface's MAC Address to string. MAC address cannot be null.
3a45bd43-82d2-4650-8571-039f48c0fdca 2016-12-02 03:03:28.435999782 453885 [184539.277836] 20563 20563 I DeviceCache: Unable to convert the the network interface's MAC Address to string. MAC address cannot be null.
3a45bd43-82d2-4650-8571-039f48c0fdca 2016-12-02 03:03:28.435999782 453886 [184539.279653] 24934 27123 W LocationOracle: No location history returned by ContextManager
3a45bd43-82d2-4650-8571-039f48c0fdca 2016-12-02 03:03:28.445999782 453887 [184539.283578] 20563 20563 I DeviceCache: Unable to convert the the network interface's MAC Address to string. MAC address cannot be null.
3a45bd43-82d2-4650-8571-039f48c0fdca 2016-12-02 03:03:28.495999781 453888 [184539.339142] 24934 24934 I MicroDetectionWorker: onReady
3a45bd43-82d2-4650-8571-039f48c0fdca 2016-12-02 03:03:28.535999781 453889 [184539.373639] 20533 27062 I PlaceInferenceEngine: [anon] Setup for configuration 105:[]
3a45bd43-82d2-4650-8571-039f48c0fdca 2016-12-02 03:03:28.535999781 453890 [184539.373674] 20533 27062 I PlaceInferenceEngine: [anon] Active modules after start(): 0
3a45bd43-82d2-4650-8571-039f48c0fdca 2016-12-02 03:03:28.565999781 453891 [184539.402230] 20533 20782 W ctxmgr  : [AclManager]No 3 for (accnt=account#-517948760#, com.google.android.googlequicksearchbox(10035):com.google.android.googlequicksearchbox, vrsn=0, 1, 3pPkg = null ,  3pMdlId = null). Was: 3 for 6, account#-517948760#
3a45bd43-82d2-4650-8571-039f48c0fdca 2016-12-02 03:03:28.615999781 453892 [184539.453319] 20533 27062 I Places  : ?: PlacesBleScanner start() with priority 2
3a45bd43-82d2-4650-8571-039f48c0fdca 2016-12-02 03:03:28.615999781 453893 [184539.454082] 20533 27062 I PlaceInferenceEngine: [anon] Setup for configuration 102:[BeaconScoring, CategoryScoring, DistanceScoring, GeoJournalScoring, HomeWorkScoring, HulkPersonaScoring, PopularityScoring, SpotterScoring, TimeBasedScoring, WifiScoring]
3a45bd43-82d2-4650-8571-039f48c0fdca 2016-12-02 03:03:28.615999781 453894 [184539.454196] 20533 27062 I PlaceInferenceEngine: [anon] Active modules after start(): 10
3a45bd43-82d2-4650-8571-039f48c0fdca 2016-12-02 03:03:28.655999781 453895 [184539.490952]   414   414 D KernelPrintk: 4,60577,184539481285,-;smb135x-charger 0-001c: Increase Input Rate
3a45bd43-82d2-4650-8571-039f48c0fdca 2016-12-02 03:03:28.725999781 453896 [184539.561898] 20533 20623 I PlaceInferenceEngine: No beacon scan available - ignoring candidates.
3a45bd43-82d2-4650-8571-039f48c0fdca 2016-12-02 03:03:28.825999781 453897 [184539.669535] 20533 20541 E DataBuffer: Internal data leak within a DataBuffer object detected!  Be sure to explicitly call release() on all DataBuffer extending objects when you are done with them. (internal object: com.google.android.gms.common.data.DataHolder@a91bad1)
3a45bd43-82d2-4650-8571-039f48c0fdca 2016-12-02 03:03:28.835999781 453898 [184539.674235] 20533 20533 E ctxmgr  : [PlaceFenceHelper]NearbyBuffer is null!
3a45bd43-82d2-4650-8571-039f48c0fdca 2016-12-02 03:03:28.835999781 453899 [184539.680496] 20533 20541 E DataBuffer: Internal data leak within a DataBuffer object detected!  Be sure to explicitly call release() on all DataBuffer extending objects when you are done with them. (internal object: com.google.android.gms.common.data.DataHolder@59e6936)
3a45bd43-82d2-4650-8571-039f48c0fdca 2016-12-02 03:03:28.845999781 453900 [184539.687133] 20533 20541 E DataBuffer: Internal data leak within a DataBuffer object detected!  Be sure to explicitly call release() on all DataBuffer extending objects when you are done with them. (internal object: com.google.android.gms.common.data.DataHolder@e457037)
3a45bd43-82d2-4650-8571-039f48c0fdca 2016-12-02 03:03:28.855999781 453901 [184539.693950] 20533 20782 W ctxmgr  : [AclManager]No 2 for (accnt=account#-517948760#, com.google.android.gms(10014):PlacesProducer, vrsn=10084000, 0, 3pPkg = null ,  3pMdlId = null). Was: 3 for 18, account#-517948760#
3a45bd43-82d2-4650-8571-039f48c0fdca 2016-12-02 03:03:28.935999781 453902 [184539.771048]   414   414 D KernelPrintk:  SUBSYSTEM=i2c
3a45bd43-82d2-4650-8571-039f48c0fdca 2016-12-02 03:03:28.935999781 453903 [184539.771056]   414   414 D KernelPrintk:  DEVICE=+i2c:0-001c
3a45bd43-82d2-4650-8571-039f48c0fdca 2016-12-02 03:03:28.935999781 453904 [184539.771069]   414   414 D KernelPrintk: 4,60578,184539768663,-;smb135x-charger 0-001c: Input current Set 0x0
3a45bd43-82d2-4650-8571-039f48c0fdca 2016-12-02 03:03:29.485999781 453905 [184540.329850]   291   291 I SurfaceFlinger: {"fps":55.1, "tot_frames":84810, "prev_frames":84729, "cur_time": 184540258954825, "prev_time": 184538788137586}
3a45bd43-82d2-4650-8571-039f48c0fdca 2016-12-02 03:03:29.845999781 11573 [184540.683767]   988  2897 I ActivityManager: START u0 {act=android.intent.action.MAIN cat=[android.intent.category.LAUNCHER] flg=0x10200000 cmp=com.facebook.katana/.LoginActivity bnds=[15,322][297,660] (has extras)} from uid 10035 on display 0
3a45bd43-82d2-4650-8571-039f48c0fdca 2016-12-02 03:03:29.865999781 453906 [184540.705323]   409  1041 D audio_hw_primary: out_set_parameters: enter: usecase(1: low-latency-playback) kvpairs: routing=2
3a45bd43-82d2-4650-8571-039f48c0fdca 2016-12-02 03:03:29.885999781 453907 [184540.723984] 19114 19114 I Activity-LifeCycle-QoE: {"Action":"onPause","AppName":"com.google.android.googlequicksearchbox","Pid":19114,"Uid":10035,"Tid":19114,"ParentActivity":"NULL","ActivityName":"com.google.android.googlequicksearchbox\/com.google.android.launcher.GEL","Time":1480665809891,"UpTime":184540652,"SessionID":"9601477b-416f-4616-bd50-7cacb6c0b90c","timestamp":1480665809891,"uptimeNanos":209161626479635,"LogFormat":"1.1"}
3a45bd43-82d2-4650-8571-039f48c0fdca 2016-12-02 03:03:30.5999781 453908 [184540.841351]   291   291 I SurfaceFlinger: {"token":1700, "diffs":[[184538699, 0.008986],[184538767, 0.008477],[184538835, 0.008816],[184538886, 96.006943],[184538939, 99.652779],[184538997, 100.000000],[184539045, 100.000000],[184539119, 0.000000],[184539172, 100.000000],[184539231, 99.565971],[184539291, 99.479164],[184539348, 98.958336],[184539398, 98.177086],[184539458, 98.003471],[184539510, 97.916664],[184539562, 81.380211],[184540261, 0.143433],[184540638, 0.000000],[184540696, 0.000000],[184540752, 3.662109]]}
3a45bd43-82d2-4650-8571-039f48c0fdca 2016-12-02 03:03:30.15999781 453909 [184540.851465] 26367 26367 I System.out: Creating REAL NavigationComponentMap!!!
3a45bd43-82d2-4650-8571-039f48c0fdca 2016-12-02 03:03:30.355999781 453910 [184541.197568] 26367 27130 W art     : Long monitor contention event with owner method=int android.content.res.AssetManager.loadResourceValue(int, short, android.util.TypedValue, boolean) from AssetManager.java:4294967294 waiters=0 for 141ms
3a45bd43-82d2-4650-8571-039f48c0fdca 2016-12-02 03:03:30.435999781 453911 [184541.271029]   414   414 D KernelPrintk:  SUBSYSTEM=i2c
3a45bd43-82d2-4650-8571-039f48c0fdca 2016-12-02 03:03:30.435999781 453912 [184541.271043]   414   414 D KernelPrintk:  DEVICE=+i2c:0-001c
3a45bd43-82d2-4650-8571-039f48c0fdca 2016-12-02 03:03:30.435999781 453913 [184541.271059]   414   414 D KernelPrintk: 36,60579,184541260967,-;type=1400 audit(1480665810.415:3845): avc: denied { ioctl } for pid=309 comm="Binder_2" path="socket:[802865]" dev="sockfs" ino=802865 ioctlcmd=7704 scontext=u:r:surfaceflinger:s0 tcontext=u:r:surfaceflinger:s0 tclass=unix_stream_socket permissive=0
3a45bd43-82d2-4650-8571-039f48c0fdca 2016-12-02 03:03:30.435999781 453914 [184541.271073]   414   414 D KernelPrintk: 36,60580,184541261092,-;type=1400 audit(1480665810.415:3846): avc: denied { ioctl } for pid=309 comm="Binder_2" path="socket:[802865]" dev="sockfs" ino=802865 ioctlcmd=7704 scontext=u:r:surfaceflinger:s0 tcontext=u:r:surfaceflinger:s0 tclass=unix_stream_socket permissive=0
3a45bd43-82d2-4650-8571-039f48c0fdca 2016-12-02 03:03:30.515999781 453915 [184541.354327] 26367 26367 I Activity-LifeCycle-QoE: {"Action":"onStart","AppName":"com.facebook.katana","Pid":26367,"Uid":10085,"Tid":26367,"ParentActivity":"NULL","ActivityName":"com.facebook.katana\/com.facebook.katana.LoginActivity","Time":1480665810521,"UpTime":184541283,"SessionID":"02d76b1f-3407-4fd3-a2c4-ef9d27bebddd","timestamp":1480665810521,"uptimeNanos":209162256940729,"LogFormat":"1.1"}
3a45bd43-82d2-4650-8571-039f48c0fdca 2016-12-02 03:03:30.535999781 11574 [184541.371586]   988  1000 I ActivityManager: Start proc 27138:com.facebook.katana:videoplayer/u0a85 for service com.facebook.katana/com.facebook.video.vps.VideoPlayerService
3a45bd43-82d2-4650-8571-039f48c0fdca 2016-12-02 03:03:30.555999781 453916 [184541.393044] 26367 26367 I Activity-LifeCycle-QoE: {"Action":"onResume","AppName":"com.facebook.katana","Pid":26367,"Uid":10085,"Tid":26367,"ParentActivity":"NULL","ActivityName":"com.facebook.katana\/com.facebook.katana.LoginActivity","Time":1480665810560,"UpTime":184541322,"SessionID":"02d76b1f-3407-4fd3-a2c4-ef9d27bebddd","timestamp":1480665810560,"uptimeNanos":209162295692500,"LogFormat":"1.1"}
3a45bd43-82d2-4650-8571-039f48c0fdca 2016-12-02 03:03:30.575999781 453917 [184541.414221] 26367 26367 E fb4a(:<default>):0ZA: Called registerBroadcastReceiver twice.
3a45bd43-82d2-4650-8571-039f48c0fdca 2016-12-02 03:03:30.585999781 453918 [184541.423093] 26367 27152 D OpenGLRenderer: Use EGL_SWAP_BEHAVIOR_PRESERVED: true
3a45bd43-82d2-4650-8571-039f48c0fdca 2016-12-02 03:03:30.595999781 453919 [184541.430981]   414   414 D KernelPrintk: 36,60581,184541423677,-;type=1400 audit(1480665810.585:3847): avc: denied { ioctl } for pid=2501 comm="Binder_5" path="socket:[799599]" dev="sockfs" ino=799599 ioctlcmd=7704 scontext=u:r:surfaceflinger:s0 tcontext=u:r:surfaceflinger:s0 tclass=unix_stream_socket permissive=0
3a45bd43-82d2-4650-8571-039f48c0fdca 2016-12-02 03:03:30.595999781 453920 [184541.430995]   414   414 D KernelPrintk: 36,60582,184541423779,-;type=1400 audit(1480665810.585:3848): avc: denied { ioctl } for pid=2501 comm="Binder_5" path="socket:[799599]" dev="sockfs" ino=799599 ioctlcmd=7704 scontext=u:r:surfaceflinger:s0 tcontext=u:r:surfaceflinger:s0 tclass=unix_stream_socket permissive=0
3a45bd43-82d2-4650-8571-039f48c0fdca 2016-12-02 03:03:30.595999781 453921 [184541.431007]   414   414 D KernelPrintk: 36,60583,184541429729,-;type=1400 audit(1480665810.585:3849): avc: denied { ioctl } for pid=3083 comm="Binder_10" path="socket:[802900]" dev="sockfs" ino=802900 ioctlcmd=7704 scontext=u:r:system_server:s0 tcontext=u:r:system_server:s0 tclass=unix_stream_socket permissive=0
3a45bd43-82d2-4650-8571-039f48c0fdca 2016-12-02 03:03:30.595999781 453922 [184541.431019]   414   414 D KernelPrintk: 36,60584,184541429851,-;type=1400 audit(1480665810.585:3850): avc: denied { ioctl } for pid=3083 comm="Binder_10" path="socket:[802900]" dev="sockfs" ino=802900 ioctlcmd=7704 scontext=u:r:system_server:s0 tcontext=u:r:system_server:s0 tclass=unix_stream_socket permissive=0
3a45bd43-82d2-4650-8571-039f48c0fdca 2016-12-02 03:03:30.615999781 453923 [184541.457463] 26367 27152 I OpenGLRenderer: Initialized EGL, version 1.4
3a45bd43-82d2-4650-8571-039f48c0fdca 2016-12-02 03:03:30.635999781 453924 [184541.470958]   414   414 D KernelPrintk: 36,60585,184541467476,-;type=1400 audit(1480665810.625:3851): avc: denied { ioctl } for pid=2897 comm="Binder_F" path="socket:[802671]" dev="sockfs" ino=802671 ioctlcmd=7704 scontext=u:r:system_server:s0 tcontext=u:r:system_server:s0 tclass=unix_stream_socket permissive=0
3a45bd43-82d2-4650-8571-039f48c0fdca 2016-12-02 03:03:30.635999781 453925 [184541.470974]   414   414 D KernelPrintk: 36,60586,184541467629,-;type=1400 audit(1480665810.625:3852): avc: denied { ioctl } for pid=2897 comm="Binder_F" path="socket:[802671]" dev="sockfs" ino=802671 ioctlcmd=7704 scontext=u:r:system_server:s0 tcontext=u:r:system_server:s0 tclass=unix_stream_socket permissive=0
3a45bd43-82d2-4650-8571-039f48c0fdca 2016-12-02 03:03:30.635999781 453926 [184541.470988]   414   414 D KernelPrintk: 36,60587,184541470612,-;type=1400 audit(1480665810.625:3853): avc: denied { ioctl } for pid=1685 comm="Binder_7" path="socket:[802670]" dev="sockfs" ino=802670 ioctlcmd=7704 scontext=u:r:system_server:s0 tcontext=u:r:system_server:s0 tclass=unix_stream_socket permissive=0
3a45bd43-82d2-4650-8571-039f48c0fdca 2016-12-02 03:03:30.635999781 453927 [184541.471001]   414   414 D KernelPrintk: 36,60588,184541470723,-;type=1400 audit(1480665810.625:3854): avc: denied { ioctl } for pid=1685 comm="Binder_7" path="socket:[802670]" dev="sockfs" ino=802670 ioctlcmd=7704 scontext=u:r:system_server:s0 tcontext=u:r:system_server:s0 tclass=unix_stream_socket permissive=0
3a45bd43-82d2-4650-8571-039f48c0fdca 2016-12-02 03:03:30.635999781 453928 [184541.477156]   291   291 I SurfaceFlinger: {"fps":43.6, "tot_frames":84860, "prev_frames":84810, "cur_time": 184541406247845, "prev_time": 184540258954825}
3a45bd43-82d2-4650-8571-039f48c0fdca 2016-12-02 03:03:30.665999781 453929 [184541.507826]   988  1007 I ActivityManager: Displayed com.facebook.katana/.LoginActivity: +774ms
3a45bd43-82d2-4650-8571-039f48c0fdca 2016-12-02 03:03:30.725999781 453930 [184541.563129] 27138 27138 I art     : Thread[1,tid=27138,Native,Thread*=0xb4d36500,peer=0x74c1a2a0,"main"] recursive attempt to load library "/data/user/0/com.facebook.katana/lib-xzs/libfb.so"
3a45bd43-82d2-4650-8571-039f48c0fdca 2016-12-02 03:03:30.795999781 453931 [184541.633008] 27138 27138 V appstatelogger: Registered App State Logger stream with Breakpad
3a45bd43-82d2-4650-8571-039f48c0fdca 2016-12-02 03:03:30.795999781 453932 [184541.633581] 27138 27138 V dalvik-internals: Hooking function _ZN3art12FaultManager35EnsureArtActionInFrontOfSignalChainEv
3a45bd43-82d2-4650-8571-039f48c0fdca 2016-12-02 03:03:30.795999781 453933 [184541.633638] 27138 27138 V dalvik-internals: hooked _ZN3art12FaultManager35EnsureArtActionInFrontOfSignalChainEv using trap ()
3a45bd43-82d2-4650-8571-039f48c0fdca 2016-12-02 03:03:30.795999781 453934 [184541.633734] 27138 27138 V dalvik-internals: hooked signal using trap ()
3a45bd43-82d2-4650-8571-039f48c0fdca 2016-12-02 03:03:30.795999781 453935 [184541.633788] 27138 27138 V dalvik-internals: hooked sysv_signal using trap ()
3a45bd43-82d2-4650-8571-039f48c0fdca 2016-12-02 03:03:30.795999781 453936 [184541.633816] 27138 27138 V dalvik-internals: hooked bsd_signal using trap ()
3a45bd43-82d2-4650-8571-039f48c0fdca 2016-12-02 03:03:30.795999781 453937 [184541.635317] 27138 27138 E linker  : "/system/bin/app_process32": ignoring 2-entry DT_PREINIT_ARRAY in shared library!
3a45bd43-82d2-4650-8571-039f48c0fdca 2016-12-02 03:03:30.795999781 453938 [184541.635471] 27138 27138 V dalvik-internals: hooked sigaction using trap ()
3a45bd43-82d2-4650-8571-039f48c0fdca 2016-12-02 03:03:30.795999781 453939 [184541.635638] 27138 27138 I dalvik-internals: installed sigmux crash handler for crash log
3a45bd43-82d2-4650-8571-039f48c0fdca 2016-12-02 03:03:30.935999781 453940 [184541.780571] 26367 26367 E fb4a(:<default>):GRAPHQL_QUERY_STRING: Trying to set unknown parameter 'in_channel_eligibility_experiment' on query 'FetchProductionPromptsQuery'
3a45bd43-82d2-4650-8571-039f48c0fdca 2016-12-02 03:03:30.945999781 453941 [184541.787413]  2367  2387 E DatabaseUtils: Writing exception to parcel
3a45bd43-82d2-4650-8571-039f48c0fdca 2016-12-02 03:03:30.945999781 453941 [184541.787413]  2367  2387 E DatabaseUtils: java.lang.SecurityException: Permission Denial: reading com.android.providers.media.MediaProvider uri content://media/external/file from pid=26367, uid=10085 requires android.permission.READ_EXTERNAL_STORAGE, or grantUriPermission()
3a45bd43-82d2-4650-8571-039f48c0fdca 2016-12-02 03:03:30.945999781 453941 [184541.787413]  2367  2387 E DatabaseUtils: 	at android.content.ContentProvider.enforceReadPermissionInner(ContentProvider.java:605)
3a45bd43-82d2-4650-8571-039f48c0fdca 2016-12-02 03:03:30.945999781 453941 [184541.787413]  2367  2387 E DatabaseUtils: 	at android.content.ContentProvider$Transport.enforceReadPermission(ContentProvider.java:480)
3a45bd43-82d2-4650-8571-039f48c0fdca 2016-12-02 03:03:30.945999781 453941 [184541.787413]  2367  2387 E DatabaseUtils: 	at android.content.ContentProvider$Transport.query(ContentProvider.java:211)
3a45bd43-82d2-4650-8571-039f48c0fdca 2016-12-02 03:03:30.945999781 453941 [184541.787413]  2367  2387 E DatabaseUtils: 	at android.content.ContentProviderNative.onTransact(ContentProviderNative.java:112)
3a45bd43-82d2-4650-8571-039f48c0fdca 2016-12-02 03:03:30.945999781 453941 [184541.787413]  2367  2387 E DatabaseUtils: 	at android.os.Binder.execTransact(Binder.java:453)
3a45bd43-82d2-4650-8571-039f48c0fdca 2016-12-02 03:03:31.35999781 453942 [184541.874188] 26367 26367 I Spinner-State-QoE: {"Action":"SpinnerEvent","Type":"start","View":"android.widget.ProgressBar","Parent":"NULL","RootView":"android.widget.ProgressBar","AppName":"com.facebook.katana","Pid":26367,"Uid":10085,"Tid":26367,"Id":2131559485,"Token":"","Activity":"com.facebook.katana.activity.FbMainTabActivity","SessionID":"02d76b1f-3407-4fd3-a2c4-ef9d27bebddd","Time":1480665811041,"UpTime":184541803,"timestamp":1480665811041,"uptimeNanos":209162776833645,"LogFormat":"1.1"}
3a45bd43-82d2-4650-8571-039f48c0fdca 2016-12-02 03:03:31.35999781 453943 [184541.876711] 26367 26367 I Spinner-State-QoE: {"Action":"SpinnerEvent","Type":"stop","View":"android.widget.ProgressBar","Parent":"com.facebook.widget.loadingindicator.LoadingIndicatorView","RootView":"com.facebook.widget.loadingindicator.LoadingIndicatorView","AppName":"com.facebook.katana","Pid":26367,"Uid":10085,"Tid":26367,"Id":2131559485,"Token":"077da987-f411-4a50-a9b7-db782187220b","Activity":"com.facebook.katana.activity.FbMainTabActivity","SessionID":"02d76b1f-3407-4fd3-a2c4-ef9d27bebddd","Time":1480665811043,"UpTime":184541805,"timestamp":1480665811043,"uptimeNanos":209162779353020,"LogFormat":"1.1"}
3a45bd43-82d2-4650-8571-039f48c0fdca 2016-12-02 03:03:31.35999781 453944 [184541.877132] 26367 26367 I Spinner-State-QoE: {"Action":"SpinnerEvent","Type":"stop","View":"android.widget.ProgressBar","Parent":"com.facebook.widget.loadingindicator.LoadingIndicatorView","RootView":"com.android.internal.policy.PhoneWindow$DecorView","AppName":"com.facebook.katana","Pid":26367,"Uid":10085,"Tid":26367,"Id":2131559485,"Token":"077da987-f411-4a50-a9b7-db782187220b","Activity":"com.facebook.katana.activity.FbMainTabActivity","SessionID":"02d76b1f-3407-4fd3-a2c4-ef9d27bebddd","Time":1480665811044,"UpTime":184541806,"timestamp":1480665811044,"uptimeNanos":209162779786875,"LogFormat":"1.1"}
3a45bd43-82d2-4650-8571-039f48c0fdca 2016-12-02 03:03:31.45999781 453945 [184541.881521] 26367 26367 I Spinner-State-QoE: {"Action":"SpinnerEvent","Type":"start","View":"android.widget.ProgressBar","Parent":"com.facebook.widget.loadingindicator.LoadingIndicatorView","RootView":"com.android.internal.policy.PhoneWindow$DecorView","AppName":"com.facebook.katana","Pid":26367,"Uid":10085,"Tid":26367,"Id":2131559485,"Token":"077da987-f411-4a50-a9b7-db782187220b","Activity":"com.facebook.katana.activity.FbMainTabActivity","SessionID":"02d76b1f-3407-4fd3-a2c4-ef9d27bebddd","Time":1480665811048,"UpTime":184541810,"timestamp":1480665811048,"uptimeNanos":209162784157187,"LogFormat":"1.1"}
3a45bd43-82d2-4650-8571-039f48c0fdca 2016-12-02 03:03:31.45999781 453946 [184541.881660] 26367 26367 I Spinner-State-QoE: {"Action":"SpinnerEvent","Type":"start","View":"android.widget.ProgressBar","Parent":"com.facebook.widget.loadingindicator.LoadingIndicatorView","RootView":"com.android.internal.policy.PhoneWindow$DecorView","AppName":"com.facebook.katana","Pid":26367,"Uid":10085,"Tid":26367,"Id":2131559485,"Token":"077da987-f411-4a50-a9b7-db782187220b","Activity":"com.facebook.katana.activity.FbMainTabActivity","SessionID":"02d76b1f-3407-4fd3-a2c4-ef9d27bebddd","Time":1480665811048,"UpTime":184541810,"timestamp":1480665811048,"uptimeNanos":209162784338125,"LogFormat":"1.1"}
3a45bd43-82d2-4650-8571-039f48c0fdca 2016-12-02 03:03:31.45999781 453947 [184541.886747] 26367 26367 W View    : requestLayout() improperly called by android.widget.ProgressBar{6549332 V.ED..... ......I. 0,0-0,0 #7f0d043d app:id/loading_view} during layout: running second layout pass
3a45bd43-82d2-4650-8571-039f48c0fdca 2016-12-02 03:03:31.295999780 453948 [184542.139276] 26367 26367 I Spinner-State-QoE: {"Action":"SpinnerEvent","Type":"stop","View":"android.widget.ProgressBar","Parent":"com.facebook.widget.loadingindicator.LoadingIndicatorView","RootView":"com.android.internal.policy.PhoneWindow$DecorView","AppName":"com.facebook.katana","Pid":26367,"Uid":10085,"Tid":26367,"Id":2131559485,"Token":"077da987-f411-4a50-a9b7-db782187220b","Activity":"com.facebook.katana.activity.FbMainTabActivity","SessionID":"02d76b1f-3407-4fd3-a2c4-ef9d27bebddd","Time":1480665811306,"UpTime":184542068,"timestamp":1480665811306,"uptimeNanos":209163041896249,"LogFormat":"1.1"}
3a45bd43-82d2-4650-8571-039f48c0fdca 2016-12-02 03:03:31.295999780 453949 [184542.139445] 26367 26367 I Spinner-State-QoE: {"Action":"SpinnerEvent","Type":"stop","View":"android.widget.ProgressBar","Parent":"com.facebook.widget.loadingindicator.LoadingIndicatorView","RootView":"com.android.internal.policy.PhoneWindow$DecorView","AppName":"com.facebook.katana","Pid":26367,"Uid":10085,"Tid":26367,"Id":2131559485,"Token":"077da987-f411-4a50-a9b7-db782187220b","Activity":"com.facebook.katana.activity.FbMainTabActivity","SessionID":"02d76b1f-3407-4fd3-a2c4-ef9d27bebddd","Time":1480665811306,"UpTime":184542068,"timestamp":1480665811306,"uptimeNanos":209163042098906,"LogFormat":"1.1"}
3a45bd43-82d2-4650-8571-039f48c0fdca 2016-12-02 03:03:31.345999780 453950 [184542.187015] 27138 27150 W System  : ClassLoader referenced unknown path: /system/framework/tcmclient.jar
3a45bd43-82d2-4650-8571-039f48c0fdca 2016-12-02 03:03:31.445999780 453951 [184542.289468] 26367 26367 I Spinner-State-QoE: {"Action":"SpinnerEvent","Type":"start","View":"android.widget.ProgressBar","Parent":"NULL","RootView":"android.widget.ProgressBar","AppName":"com.facebook.katana","Pid":26367,"Uid":10085,"Tid":26367,"Id":2131564802,"Token":"","Activity":"com.facebook.katana.activity.FbMainTabActivity","SessionID":"02d76b1f-3407-4fd3-a2c4-ef9d27bebddd","Time":1480665811456,"UpTime":184542218,"timestamp":1480665811456,"uptimeNanos":209163192099895,"LogFormat":"1.1"}
3a45bd43-82d2-4650-8571-039f48c0fdca 2016-12-02 03:03:31.615999780 453952 [184542.455814] 26367 26367 W fb4a(:<default>):2VB: PlayedForNSeconds status shouldnt be unknown when attempting to send event
3a45bd43-82d2-4650-8571-039f48c0fdca 2016-12-02 03:03:31.625999780 453953 [184542.463240] 26367 26367 I Spinner-State-QoE: {"Action":"SpinnerEvent","Type":"start","View":"android.widget.ProgressBar","Parent":"android.widget.FrameLayout","RootView":"com.android.internal.policy.PhoneWindow$DecorView","AppName":"com.facebook.katana","Pid":26367,"Uid":10085,"Tid":26367,"Id":2131564802,"Token":"53b07246-c22b-4f58-ac28-27ed5fa45155","Activity":"com.facebook.katana.activity.FbMainTabActivity","SessionID":"02d76b1f-3407-4fd3-a2c4-ef9d27bebddd","Time":1480665811630,"UpTime":184542392,"timestamp":1480665811630,"uptimeNanos":209163365793385,"LogFormat":"1.1"}
3a45bd43-82d2-4650-8571-039f48c0fdca 2016-12-02 03:03:31.625999780 453954 [184542.463553] 26367 26367 I Spinner-State-QoE: {"Action":"SpinnerEvent","Type":"stop","View":"android.widget.ProgressBar","Parent":"android.widget.FrameLayout","RootView":"com.android.internal.policy.PhoneWindow$DecorView","AppName":"com.facebook.katana","Pid":26367,"Uid":10085,"Tid":26367,"Id":2131564802,"Token":"53b07246-c22b-4f58-ac28-27ed5fa45155","Activity":"com.facebook.katana.activity.FbMainTabActivity","SessionID":"02d76b1f-3407-4fd3-a2c4-ef9d27bebddd","Time":1480665811630,"UpTime":184542392,"timestamp":1480665811630,"uptimeNanos":209163366138749,"LogFormat":"1.1"}
3a45bd43-82d2-4650-8571-039f48c0fdca 2016-12-02 03:03:31.625999780 453955 [184542.467394] 26367 26367 I Spinner-State-QoE: {"Action":"SpinnerEvent","Type":"stop","View":"android.widget.ProgressBar","Parent":"com.facebook.widget.loadingindicator.LoadingIndicatorView","RootView":"com.android.internal.policy.PhoneWindow$DecorView","AppName":"com.facebook.katana","Pid":26367,"Uid":10085,"Tid":26367,"Id":2131559485,"Token":"077da987-f411-4a50-a9b7-db782187220b","Activity":"com.facebook.katana.activity.FbMainTabActivity","SessionID":"02d76b1f-3407-4fd3-a2c4-ef9d27bebddd","Time":1480665811634,"UpTime":184542396,"timestamp":1480665811634,"uptimeNanos":209163369948385,"LogFormat":"1.1"}
3a45bd43-82d2-4650-8571-039f48c0fdca 2016-12-02 03:03:31.675999780 453956 [184542.513655]   291   291 I SurfaceFlinger: {"fps":28.9, "tot_frames":84890, "prev_frames":84860, "cur_time": 184542442764095, "prev_time": 184541406247845}
3a45bd43-82d2-4650-8571-039f48c0fdca 2016-12-02 03:03:31.945999780 453957 [184542.787099]   291   291 I SurfaceFlinger: {"token":1701, "diffs":[[184540806, 27.495659],[184540852, 52.213543],[184540909, 23.980034],[184540972, 13.270399],[184541021, 3.510200],[184541077, 2.929688],[184541127, 0.195312],[184541408, 0.000000],[184541456, 0.000000],[184541507, 90.190971],[184541558, 90.190971],[184541609, 13.183594],[184541666, 13.183594],[184541857, 14.789496],[184542444, 57.812500],[184542499, 37.760418],[184542550, 37.196182],[184542597, 37.369793],[184542647, 37.196182],[184542698, 37.196182]]}
3a45bd43-82d2-4650-8571-039f48c0fdca 2016-12-02 03:03:32.15999780 453958 [184542.857964] 26367 26367 E fb4a(:<default>):GRAPHQL_QUERY_STRING: Trying to set unknown parameter '0' on query 'PossibleDevicesDiscoveredQuery'
3a45bd43-82d2-4650-8571-039f48c0fdca 2016-12-02 03:03:32.25999780 453959 [184542.861295] 19114 19114 I Activity-LifeCycle-QoE: {"Action":"onStop","AppName":"com.google.android.googlequicksearchbox","Pid":19114,"Uid":10035,"Tid":19114,"ParentActivity":"NULL","ActivityName":"com.google.android.googlequicksearchbox\/com.google.android.launcher.GEL","Time":1480665812025,"UpTime":184542787,"SessionID":"9601477b-416f-4616-bd50-7cacb6c0b90c","timestamp":1480665812025,"uptimeNanos":209163760646249,"LogFormat":"1.1"}
3a45bd43-82d2-4650-8571-039f48c0fdca 2016-12-02 03:03:32.25999780 453960 [184542.863442] 24934 24971 W SearchService: Abort, client detached.
3a45bd43-82d2-4650-8571-039f48c0fdca 2016-12-02 03:03:32.35999780 453961 [184542.873179] 24934 24934 I MicroDetector: Keeping mic open: false
3a45bd43-82d2-4650-8571-039f48c0fdca 2016-12-02 03:03:32.35999780 453962 [184542.873418] 24934 27083 I DeviceStateChecker: DeviceStateChecker cancelled
3a45bd43-82d2-4650-8571-039f48c0fdca 2016-12-02 03:03:32.35999780 453963 [184542.873735] 24934 24957 I AudioController: internalShutdown
3a45bd43-82d2-4650-8571-039f48c0fdca 2016-12-02 03:03:32.35999780 453964 [184542.873782] 24934 24957 I MicrophoneInputStream: mic_close com.google.android.apps.gsa.speech.audio.ae@90bbf7a
3a45bd43-82d2-4650-8571-039f48c0fdca 2016-12-02 03:03:32.35999780 453965 [184542.873927] 24934 24966 E AudioRecord-JNI: Error -4 during AudioRecord native read
3a45bd43-82d2-4650-8571-039f48c0fdca 2016-12-02 03:03:32.35999780 453966 [184542.874478] 24934 24983 I MicroRecognitionRunner: Stopping hotword detection.
3a45bd43-82d2-4650-8571-039f48c0fdca 2016-12-02 03:03:32.55999780 453967 [184542.890957]   414   414 D KernelPrintk: 6,60589,184542884105,-;event_handler: reclaimed all bufs
3a45bd43-82d2-4650-8571-039f48c0fdca 2016-12-02 03:03:32.75999780 453968 [184542.918612]   409 27117 D audio_hw_primary: disable_audio_route: reset and update mixer path: audio-record
3a45bd43-82d2-4650-8571-039f48c0fdca 2016-12-02 03:03:32.75999780 453969 [184542.919238]   409 27117 D audio_hw_primary: disable_snd_device: snd_device(63: voice-rec-mic)
3a45bd43-82d2-4650-8571-039f48c0fdca 2016-12-02 03:03:32.85999780 453970 [184542.922296]   409  1061 I SoundTriggerHwService::Module: void android::SoundTriggerHwService::Module::onCallbackEvent(const sp<android::SoundTriggerHwService::CallbackEvent> &) mClient == 0
3a45bd43-82d2-4650-8571-039f48c0fdca 2016-12-02 03:03:32.85999780 453971 [184542.925624] 24934 27115 I MicroRecognitionRunner: Detection finished
3a45bd43-82d2-4650-8571-039f48c0fdca 2016-12-02 03:03:32.85999780 453972 [184542.925936] 17607 17607 I HeadsetService: Headset=false; Bluetooth=false ; USB=false; Speaker=true
3a45bd43-82d2-4650-8571-039f48c0fdca 2016-12-02 03:03:32.115999780 453973 [184542.959327] 20533 27062 I Places  : ?: PlacesBleScanner start() with priority 2
3a45bd43-82d2-4650-8571-039f48c0fdca 2016-12-02 03:03:32.135999780 453974 [184542.974530] 26367 27166 E fb4a(:<default>):GRAPHQL_QUERY_STRING: Trying to set unknown parameter '0' on query 'DeviceDiscoverySubscription'
3a45bd43-82d2-4650-8571-039f48c0fdca 2016-12-02 03:03:32.215999780 453975 [184543.054837] 26367 27187 E fb4a(:<default>):GRAPHQL_QUERY_STRING: Trying to set unknown parameter 'first_notification_stories' on query 'DeltaNotificationsQuery'
3a45bd43-82d2-4650-8571-039f48c0fdca 2016-12-02 03:03:32.365999780 453976 [184543.209136] 26367 26367 I Spinner-State-QoE: {"Action":"SpinnerEvent","Type":"start","View":"android.widget.ProgressBar","Parent":"NULL","RootView":"android.widget.ProgressBar","AppName":"com.facebook.katana","Pid":26367,"Uid":10085,"Tid":26367,"Id":2131559485,"Token":"","Activity":"android.view.ContextThemeWrapper","SessionID":"unknown","Time":1480665812376,"UpTime":184543138,"timestamp":1480665812376,"uptimeNanos":209164111721718,"LogFormat":"1.1"}
3a45bd43-82d2-4650-8571-039f48c0fdca 2016-12-02 03:03:32.365999780 453977 [184543.210513] 26367 26367 I Spinner-State-QoE: {"Action":"SpinnerEvent","Type":"stop","View":"android.widget.ProgressBar","Parent":"com.facebook.widget.loadingindicator.LoadingIndicatorView","RootView":"com.facebook.widget.loadingindicator.LoadingIndicatorView","AppName":"com.facebook.katana","Pid":26367,"Uid":10085,"Tid":26367,"Id":2131559485,"Token":"d85a1456-d55a-472c-9b2d-d0eba968afb8","Activity":"android.view.ContextThemeWrapper","SessionID":"unknown","Time":1480665812377,"UpTime":184543139,"timestamp":1480665812377,"uptimeNanos":209164113150416,"LogFormat":"1.1"}
3a45bd43-82d2-4650-8571-039f48c0fdca 2016-12-02 03:03:32.385999780 453978 [184543.221646] 26367 26594 E fb4a(:<default>):GRAPHQL_QUERY_STRING: Trying to set unknown parameter 'first_notification_stories' on query 'DeltaNotificationsQuery'
3a45bd43-82d2-4650-8571-039f48c0fdca 2016-12-02 03:03:32.405999780 453979 [184543.243694] 26367 26367 I Spinner-State-QoE: {"Action":"SpinnerEvent","Type":"stop","View":"android.widget.ProgressBar","Parent":"com.facebook.widget.loadingindicator.LoadingIndicatorView","RootView":"com.android.internal.policy.PhoneWindow$DecorView","AppName":"com.facebook.katana","Pid":26367,"Uid":10085,"Tid":26367,"Id":2131559485,"Token":"d85a1456-d55a-472c-9b2d-d0eba968afb8","Activity":"android.view.ContextThemeWrapper","SessionID":"unknown","Time":1480665812410,"UpTime":184543172,"timestamp":1480665812410,"uptimeNanos":209164146263801,"LogFormat":"1.1"}
3a45bd43-82d2-4650-8571-039f48c0fdca 2016-12-02 03:03:32.405999780 453980 [184543.248871] 26367 26367 I Spinner-State-QoE: {"Action":"SpinnerEvent","Type":"start","View":"android.widget.ProgressBar","Parent":"com.facebook.widget.loadingindicator.LoadingIndicatorView","RootView":"com.android.internal.policy.PhoneWindow$DecorView","AppName":"com.facebook.katana","Pid":26367,"Uid":10085,"Tid":26367,"Id":2131559485,"Token":"d85a1456-d55a-472c-9b2d-d0eba968afb8","Activity":"android.view.ContextThemeWrapper","SessionID":"unknown","Time":1480665812416,"UpTime":184543177,"timestamp":1480665812416,"uptimeNanos":209164151495520,"LogFormat":"1.1"}
3a45bd43-82d2-4650-8571-039f48c0fdca 2016-12-02 03:03:32.405999780 453981 [184543.249048] 26367 26367 I Spinner-State-QoE: {"Action":"SpinnerEvent","Type":"start","View":"android.widget.ProgressBar","Parent":"com.facebook.widget.loadingindicator.LoadingIndicatorView","RootView":"com.android.internal.policy.PhoneWindow$DecorView","AppName":"com.facebook.katana","Pid":26367,"Uid":10085,"Tid":26367,"Id":2131559485,"Token":"d85a1456-d55a-472c-9b2d-d0eba968afb8","Activity":"android.view.ContextThemeWrapper","SessionID":"unknown","Time":1480665812416,"UpTime":184543178,"timestamp":1480665812416,"uptimeNanos":209164151694947,"LogFormat":"1.1"}
3a45bd43-82d2-4650-8571-039f48c0fdca 2016-12-02 03:03:32.415999780 453982 [184543.255867] 26367 26367 I Spinner-State-QoE: {"Action":"SpinnerEvent","Type":"start","View":"android.widget.ProgressBar","Parent":"NULL","RootView":"android.widget.ProgressBar","AppName":"com.facebook.katana","Pid":26367,"Uid":10085,"Tid":26367,"Id":-1,"Token":"","Activity":"android.view.ContextThemeWrapper","SessionID":"unknown","Time":1480665812423,"UpTime":184543184,"timestamp":1480665812423,"uptimeNanos":209164158469530,"LogFormat":"1.1"}
3a45bd43-82d2-4650-8571-039f48c0fdca 2016-12-02 03:03:32.415999780 453983 [184543.256534] 26367 26367 I Spinner-State-QoE: {"Action":"SpinnerEvent","Type":"start","View":"android.widget.ProgressBar","Parent":"android.widget.FrameLayout","RootView":"com.android.internal.policy.PhoneWindow$DecorView","AppName":"com.facebook.katana","Pid":26367,"Uid":10085,"Tid":26367,"Id":-1,"Token":"7745c841-b43f-43e8-bd82-5bf30fdeba41","Activity":"android.view.ContextThemeWrapper","SessionID":"unknown","Time":1480665812423,"UpTime":184543185,"timestamp":1480665812423,"uptimeNanos":209164159142030,"LogFormat":"1.1"}
3a45bd43-82d2-4650-8571-039f48c0fdca 2016-12-02 03:03:32.415999780 453984 [184543.256691] 26367 26367 I Spinner-State-QoE: {"Action":"SpinnerEvent","Type":"start","View":"android.widget.ProgressBar","Parent":"android.widget.FrameLayout","RootView":"com.android.internal.policy.PhoneWindow$DecorView","AppName":"com.facebook.katana","Pid":26367,"Uid":10085,"Tid":26367,"Id":-1,"Token":"7745c841-b43f-43e8-bd82-5bf30fdeba41","Activity":"android.view.ContextThemeWrapper","SessionID":"unknown","Time":1480665812423,"UpTime":184543185,"timestamp":1480665812423,"uptimeNanos":209164159352082,"LogFormat":"1.1"}
3a45bd43-82d2-4650-8571-039f48c0fdca 2016-12-02 03:03:32.455999780 453985 [184543.300271] 26367 26367 I Spinner-State-QoE: {"Action":"SpinnerEvent","Type":"stop","View":"android.widget.ProgressBar","Parent":"com.facebook.widget.loadingindicator.LoadingIndicatorView","RootView":"com.android.internal.policy.PhoneWindow$DecorView","AppName":"com.facebook.katana","Pid":26367,"Uid":10085,"Tid":26367,"Id":2131559485,"Token":"d85a1456-d55a-472c-9b2d-d0eba968afb8","Activity":"android.view.ContextThemeWrapper","SessionID":"unknown","Time":1480665812467,"UpTime":184543229,"timestamp":1480665812467,"uptimeNanos":209164202893176,"LogFormat":"1.1"}
3a45bd43-82d2-4650-8571-039f48c0fdca 2016-12-02 03:03:32.455999780 453986 [184543.300481] 26367 26367 I Spinner-State-QoE: {"Action":"SpinnerEvent","Type":"stop","View":"android.widget.ProgressBar","Parent":"com.facebook.widget.loadingindicator.LoadingIndicatorView","RootView":"com.android.internal.policy.PhoneWindow$DecorView","AppName":"com.facebook.katana","Pid":26367,"Uid":10085,"Tid":26367,"Id":2131559485,"Token":"d85a1456-d55a-472c-9b2d-d0eba968afb8","Activity":"android.view.ContextThemeWrapper","SessionID":"unknown","Time":1480665812467,"UpTime":184543229,"timestamp":1480665812467,"uptimeNanos":209164203142239,"LogFormat":"1.1"}
3a45bd43-82d2-4650-8571-039f48c0fdca 2016-12-02 03:03:32.455999780 453987 [184543.300632] 26367 26367 I Spinner-State-QoE: {"Action":"SpinnerEvent","Type":"stop","View":"android.widget.ProgressBar","Parent":"com.facebook.widget.loadingindicator.LoadingIndicatorView","RootView":"com.android.internal.policy.PhoneWindow$DecorView","AppName":"com.facebook.katana","Pid":26367,"Uid":10085,"Tid":26367,"Id":2131559485,"Token":"d85a1456-d55a-472c-9b2d-d0eba968afb8","Activity":"android.view.ContextThemeWrapper","SessionID":"unknown","Time":1480665812467,"UpTime":184543229,"timestamp":1480665812467,"uptimeNanos":209164203294061,"LogFormat":"1.1"}
3a45bd43-82d2-4650-8571-039f48c0fdca 2016-12-02 03:03:32.495999780 453988 [184543.338680] 26367 26367 I Spinner-State-QoE: {"Action":"SpinnerEvent","Type":"stop","View":"android.widget.ProgressBar","Parent":"android.widget.FrameLayout","RootView":"com.android.internal.policy.PhoneWindow$DecorView","AppName":"com.facebook.katana","Pid":26367,"Uid":10085,"Tid":26367,"Id":-1,"Token":"7745c841-b43f-43e8-bd82-5bf30fdeba41","Activity":"android.view.ContextThemeWrapper","SessionID":"unknown","Time":1480665812505,"UpTime":184543267,"timestamp":1480665812505,"uptimeNanos":209164241296041,"LogFormat":"1.1"}
3a45bd43-82d2-4650-8571-039f48c0fdca 2016-12-02 03:03:32.525999780 453989 [184543.361077] 26367 26367 I Spinner-State-QoE: {"Action":"SpinnerEvent","Type":"start","View":"android.widget.ProgressBar","Parent":"android.widget.FrameLayout","RootView":"com.android.internal.policy.PhoneWindow$DecorView","AppName":"com.facebook.katana","Pid":26367,"Uid":10085,"Tid":26367,"Id":-1,"Token":"7745c841-b43f-43e8-bd82-5bf30fdeba41","Activity":"android.view.ContextThemeWrapper","SessionID":"unknown","Time":1480665812528,"UpTime":184543290,"timestamp":1480665812528,"uptimeNanos":209164263709686,"LogFormat":"1.1"}
3a45bd43-82d2-4650-8571-039f48c0fdca 2016-12-02 03:03:32.525999780 453990 [184543.361246] 26367 26367 I Spinner-State-QoE: {"Action":"SpinnerEvent","Type":"start","View":"android.widget.ProgressBar","Parent":"android.widget.FrameLayout","RootView":"com.android.internal.policy.PhoneWindow$DecorView","AppName":"com.facebook.katana","Pid":26367,"Uid":10085,"Tid":26367,"Id":-1,"Token":"7745c841-b43f-43e8-bd82-5bf30fdeba41","Activity":"android.view.ContextThemeWrapper","SessionID":"unknown","Time":1480665812528,"UpTime":184543290,"timestamp":1480665812528,"uptimeNanos":209164263908072,"LogFormat":"1.1"}
3a45bd43-82d2-4650-8571-039f48c0fdca 2016-12-02 03:03:32.735999780 453991 [184543.572047] 26367 26594 W fb4a(:<default>):17a: Making fallback request for 'encryptChannelRequestMethod'
3a45bd43-82d2-4650-8571-039f48c0fdca 2016-12-02 03:03:32.735999780 453991 [184543.572047] 26367 26594 W fb4a(:<default>):17a: X.3A3: [code] 100 [message]: (#100) Invalid parameter [extra]: 
3a45bd43-82d2-4650-8571-039f48c0fdca 2016-12-02 03:03:32.735999780 453991 [184543.572047] 26367 26594 W fb4a(:<default>):17a: 	at X.0ya.a(:154406)
3a45bd43-82d2-4650-8571-039f48c0fdca 2016-12-02 03:03:32.735999780 453991 [184543.572047] 26367 26594 W fb4a(:<default>):17a: 	at X.0ya.a(:154329)
3a45bd43-82d2-4650-8571-039f48c0fdca 2016-12-02 03:03:32.735999780 453991 [184543.572047] 26367 26594 W fb4a(:<default>):17a: 	at X.0ya.a(:154313)
3a45bd43-82d2-4650-8571-039f48c0fdca 2016-12-02 03:03:32.735999780 453991 [184543.572047] 26367 26594 W fb4a(:<default>):17a: 	at X.0ya.a(:154325)
3a45bd43-82d2-4650-8571-039f48c0fdca 2016-12-02 03:03:32.735999780 453991 [184543.572047] 26367 26594 W fb4a(:<default>):17a: 	at X.29a.a(:376907)
3a45bd43-82d2-4650-8571-039f48c0fdca 2016-12-02 03:03:32.735999780 453991 [184543.572047] 26367 26594 W fb4a(:<default>):17a: 	at X.11P.b(:163594)
3a45bd43-82d2-4650-8571-039f48c0fdca 2016-12-02 03:03:32.735999780 453991 [184543.572047] 26367 26594 W fb4a(:<default>):17a: 	at X.11P.handleResponse(:163601)
3a45bd43-82d2-4650-8571-039f48c0fdca 2016-12-02 03:03:32.735999780 453991 [184543.572047] 26367 26594 W fb4a(:<default>):17a: 	at com.facebook.tigon.httpclientadapter.TigonHttpClientAdapterImpl$ClientCallbacks$1.run(:207173)
3a45bd43-82d2-4650-8571-039f48c0fdca 2016-12-02 03:03:32.735999780 453991 [184543.572047] 26367 26594 W fb4a(:<default>):17a: 	at java.util.concurrent.Executors$RunnableAdapter.call(Executors.java:423)
3a45bd43-82d2-4650-8571-039f48c0fdca 2016-12-02 03:03:32.735999780 453991 [184543.572047] 26367 26594 W fb4a(:<default>):17a: 	at com.facebook.common.executors.WrappingExecutorService$1.run(:76422)
3a45bd43-82d2-4650-8571-039f48c0fdca 2016-12-02 03:03:32.735999780 453991 [184543.572047] 26367 26594 W fb4a(:<default>):17a: 	at com.facebook.common.executors.DefaultConstrainedListeningExecutorService$Worker.run(:62913)
3a45bd43-82d2-4650-8571-039f48c0fdca 2016-12-02 03:03:32.735999780 453991 [184543.572047] 26367 26594 W fb4a(:<default>):17a: 	at java.util.concurrent.ThreadPoolExecutor.runWorker(ThreadPoolExecutor.java:1113)
3a45bd43-82d2-4650-8571-039f48c0fdca 2016-12-02 03:03:32.735999780 453991 [184543.572047] 26367 26594 W fb4a(:<default>):17a: 	at java.util.concurrent.ThreadPoolExecutor$Worker.run(ThreadPoolExecutor.java:588)
3a45bd43-82d2-4650-8571-039f48c0fdca 2016-12-02 03:03:32.735999780 453991 [184543.572047] 26367 26594 W fb4a(:<default>):17a: 	at com.facebook.common.executors.NamedThreadFactory$1.run(:76786)
3a45bd43-82d2-4650-8571-039f48c0fdca 2016-12-02 03:03:32.735999780 453991 [184543.572047] 26367 26594 W fb4a(:<default>):17a: 	at java.lang.Thread.run(Thread.java:818)
3a45bd43-82d2-4650-8571-039f48c0fdca 2016-12-02 03:03:32.805999780 453992 [184543.641933] 26367 26463 E fb4a(:<default>):UDPPrimingServiceHandler: Fallback stack exception
3a45bd43-82d2-4650-8571-039f48c0fdca 2016-12-02 03:03:32.805999780 453992 [184543.641933] 26367 26463 E fb4a(:<default>):UDPPrimingServiceHandler: java.io.IOException: Fallback stack exception
3a45bd43-82d2-4650-8571-039f48c0fdca 2016-12-02 03:03:32.805999780 453992 [184543.641933] 26367 26463 E fb4a(:<default>):UDPPrimingServiceHandler: 	at X.4gy.onFailure(:824913)
3a45bd43-82d2-4650-8571-039f48c0fdca 2016-12-02 03:03:32.805999780 453992 [184543.641933] 26367 26463 E fb4a(:<default>):UDPPrimingServiceHandler: 	at com.google.common.util.concurrent.Futures$6.run(:67624)
3a45bd43-82d2-4650-8571-039f48c0fdca 2016-12-02 03:03:32.805999780 453992 [184543.641933] 26367 26463 E fb4a(:<default>):UDPPrimingServiceHandler: 	at X.1DO.execute(:197270)
3a45bd43-82d2-4650-8571-039f48c0fdca 2016-12-02 03:03:32.805999780 453992 [184543.641933] 26367 26463 E fb4a(:<default>):UDPPrimingServiceHandler: 	at X.02C.a(:7088)
3a45bd43-82d2-4650-8571-039f48c0fdca 2016-12-02 03:03:32.805999780 453992 [184543.641933] 26367 26463 E fb4a(:<default>):UDPPrimingServiceHandler: 	at X.0Sl.b(:62026)
3a45bd43-82d2-4650-8571-039f48c0fdca 2016-12-02 03:03:32.805999780 453992 [184543.641933] 26367 26463 E fb4a(:<default>):UDPPrimingServiceHandler: 	at X.0Sl.a(:62044)
3a45bd43-82d2-4650-8571-039f48c0fdca 2016-12-02 03:03:32.805999780 453992 [184543.641933] 26367 26463 E fb4a(:<default>):UDPPrimingServiceHandler: 	at X.0VL.done(:67530)
3a45bd43-82d2-4650-8571-039f48c0fdca 2016-12-02 03:03:32.805999780 453992 [184543.641933] 26367 26463 E fb4a(:<default>):UDPPrimingServiceHandler: 	at java.util.concurrent.FutureTask.finishCompletion(FutureTask.java:354)
3a45bd43-82d2-4650-8571-039f48c0fdca 2016-12-02 03:03:32.805999780 453992 [184543.641933] 26367 26463 E fb4a(:<default>):UDPPrimingServiceHandler: 	at java.util.concurrent.FutureTask.setException(FutureTask.java:223)
3a45bd43-82d2-4650-8571-039f48c0fdca 2016-12-02 03:03:32.805999780 453992 [184543.641933] 26367 26463 E fb4a(:<default>):UDPPrimingServiceHandler: 	at java.util.concurrent.FutureTask.run(FutureTask.java:242)
3a45bd43-82d2-4650-8571-039f48c0fdca 2016-12-02 03:03:32.805999780 453992 [184543.641933] 26367 26463 E fb4a(:<default>):UDPPrimingServiceHandler: 	at com.facebook.common.executors.DefaultConstrainedListeningExecutorService$Worker.run(:62913)
3a45bd43-82d2-4650-8571-039f48c0fdca 2016-12-02 03:03:32.805999780 453992 [184543.641933] 26367 26463 E fb4a(:<default>):UDPPrimingServiceHandler: 	at java.util.concurrent.ThreadPoolExecutor.runWorker(ThreadPoolExecutor.java:1113)
3a45bd43-82d2-4650-8571-039f48c0fdca 2016-12-02 03:03:32.805999780 453992 [184543.641933] 26367 26463 E fb4a(:<default>):UDPPrimingServiceHandler: 	at java.util.concurrent.ThreadPoolExecutor$Worker.run(ThreadPoolExecutor.java:588)
3a45bd43-82d2-4650-8571-039f48c0fdca 2016-12-02 03:03:32.805999780 453992 [184543.641933] 26367 26463 E fb4a(:<default>):UDPPrimingServiceHandler: 	at com.facebook.common.executors.NamedThreadFactory$1.run(:76786)
3a45bd43-82d2-4650-8571-039f48c0fdca 2016-12-02 03:03:32.805999780 453992 [184543.641933] 26367 26463 E fb4a(:<default>):UDPPrimingServiceHandler: 	at java.lang.Thread.run(Thread.java:818)
3a45bd43-82d2-4650-8571-039f48c0fdca 2016-12-02 03:03:32.805999780 453992 [184543.641933] 26367 26463 E fb4a(:<default>):UDPPrimingServiceHandler: Caused by: X.3A3: [code] 100 [message]: (#100) Invalid parameter [extra]: 
3a45bd43-82d2-4650-8571-039f48c0fdca 2016-12-02 03:03:32.805999780 453992 [184543.641933] 26367 26463 E fb4a(:<default>):UDPPrimingServiceHandler: 	at X.0ya.a(:154406)
3a45bd43-82d2-4650-8571-039f48c0fdca 2016-12-02 03:03:32.805999780 453992 [184543.641933] 26367 26463 E fb4a(:<default>):UDPPrimingServiceHandler: 	at X.0ya.a(:154329)
3a45bd43-82d2-4650-8571-039f48c0fdca 2016-12-02 03:03:32.805999780 453992 [184543.641933] 26367 26463 E fb4a(:<default>):UDPPrimingServiceHandler: 	at X.0ya.a(:154313)
3a45bd43-82d2-4650-8571-039f48c0fdca 2016-12-02 03:03:32.805999780 453992 [184543.641933] 26367 26463 E fb4a(:<default>):UDPPrimingServiceHandler: 	at X.0ya.a(:154325)
3a45bd43-82d2-4650-8571-039f48c0fdca 2016-12-02 03:03:32.805999780 453992 [184543.641933] 26367 26463 E fb4a(:<default>):UDPPrimingServiceHandler: 	at X.29a.a(:376907)
3a45bd43-82d2-4650-8571-039f48c0fdca 2016-12-02 03:03:32.805999780 453992 [184543.641933] 26367 26463 E fb4a(:<default>):UDPPrimingServiceHandler: 	at X.11P.b(:163594)
3a45bd43-82d2-4650-8571-039f48c0fdca 2016-12-02 03:03:32.805999780 453992 [184543.641933] 26367 26463 E fb4a(:<default>):UDPPrimingServiceHandler: 	at X.11P.handleResponse(:163601)
3a45bd43-82d2-4650-8571-039f48c0fdca 2016-12-02 03:03:32.805999780 453992 [184543.641933] 26367 26463 E fb4a(:<default>):UDPPrimingServiceHandler: 	at X.17d.a(:188163)
3a45bd43-82d2-4650-8571-039f48c0fdca 2016-12-02 03:03:32.805999780 453992 [184543.641933] 26367 26463 E fb4a(:<default>):UDPPrimingServiceHandler: 	at X.17d.a(:188072)
3a45bd43-82d2-4650-8571-039f48c0fdca 2016-12-02 03:03:32.805999780 453992 [184543.641933] 26367 26463 E fb4a(:<default>):UDPPrimingServiceHandler: 	at X.4gp.call(:824835)
3a45bd43-82d2-4650-8571-039f48c0fdca 2016-12-02 03:03:32.805999780 453992 [184543.641933] 26367 26463 E fb4a(:<default>):UDPPrimingServiceHandler: 	at java.util.concurrent.FutureTask.run(FutureTask.java:237)
3a45bd43-82d2-4650-8571-039f48c0fdca 2016-12-02 03:03:32.805999780 453992 [184543.641933] 26367 26463 E fb4a(:<default>):UDPPrimingServiceHandler: 	... 5 more
3a45bd43-82d2-4650-8571-039f48c0fdca 2016-12-02 03:03:33.25999780 453993 [184543.869873] 26367 26367 I Spinner-State-QoE: {"Action":"SpinnerEvent","Type":"stop","View":"android.widget.ProgressBar","Parent":"android.widget.FrameLayout","RootView":"com.android.internal.policy.PhoneWindow$DecorView","AppName":"com.facebook.katana","Pid":26367,"Uid":10085,"Tid":26367,"Id":-1,"Token":"7745c841-b43f-43e8-bd82-5bf30fdeba41","Activity":"android.view.ContextThemeWrapper","SessionID":"unknown","Time":1480665813037,"UpTime":184543798,"timestamp":1480665813037,"uptimeNanos":209164772505988,"LogFormat":"1.1"}
3a45bd43-82d2-4650-8571-039f48c0fdca 2016-12-02 03:03:33.95999780 453994 [184543.932980]   409  1041 D audio_hw_primary: disable_audio_route: reset and update mixer path: low-latency-playback speaker
3a45bd43-82d2-4650-8571-039f48c0fdca 2016-12-02 03:03:33.95999780 453995 [184543.933686]   409  1041 D audio_hw_primary: disable_snd_device: snd_device(2: speaker)
3a45bd43-82d2-4650-8571-039f48c0fdca 2016-12-02 03:03:33.135999780 453996 [184543.975701] 26367 26594 W fb4a(:<default>):17a: Making fallback request for 'encryptChannelRequestMethod'
3a45bd43-82d2-4650-8571-039f48c0fdca 2016-12-02 03:03:33.135999780 453996 [184543.975701] 26367 26594 W fb4a(:<default>):17a: X.3A3: [code] 100 [message]: (#100) Invalid parameter [extra]: 
3a45bd43-82d2-4650-8571-039f48c0fdca 2016-12-02 03:03:33.135999780 453996 [184543.975701] 26367 26594 W fb4a(:<default>):17a: 	at X.0ya.a(:154406)
3a45bd43-82d2-4650-8571-039f48c0fdca 2016-12-02 03:03:33.135999780 453996 [184543.975701] 26367 26594 W fb4a(:<default>):17a: 	at X.0ya.a(:154329)
3a45bd43-82d2-4650-8571-039f48c0fdca 2016-12-02 03:03:33.135999780 453996 [184543.975701] 26367 26594 W fb4a(:<default>):17a: 	at X.0ya.a(:154313)
3a45bd43-82d2-4650-8571-039f48c0fdca 2016-12-02 03:03:33.135999780 453996 [184543.975701] 26367 26594 W fb4a(:<default>):17a: 	at X.0ya.a(:154325)
3a45bd43-82d2-4650-8571-039f48c0fdca 2016-12-02 03:03:33.135999780 453996 [184543.975701] 26367 26594 W fb4a(:<default>):17a: 	at X.29a.a(:376907)
3a45bd43-82d2-4650-8571-039f48c0fdca 2016-12-02 03:03:33.135999780 453996 [184543.975701] 26367 26594 W fb4a(:<default>):17a: 	at X.11P.b(:163594)
3a45bd43-82d2-4650-8571-039f48c0fdca 2016-12-02 03:03:33.135999780 453996 [184543.975701] 26367 26594 W fb4a(:<default>):17a: 	at X.11P.handleResponse(:163601)
3a45bd43-82d2-4650-8571-039f48c0fdca 2016-12-02 03:03:33.135999780 453996 [184543.975701] 26367 26594 W fb4a(:<default>):17a: 	at com.facebook.tigon.httpclientadapter.TigonHttpClientAdapterImpl$ClientCallbacks$1.run(:207173)
3a45bd43-82d2-4650-8571-039f48c0fdca 2016-12-02 03:03:33.135999780 453996 [184543.975701] 26367 26594 W fb4a(:<default>):17a: 	at java.util.concurrent.Executors$RunnableAdapter.call(Executors.java:423)
3a45bd43-82d2-4650-8571-039f48c0fdca 2016-12-02 03:03:33.135999780 453996 [184543.975701] 26367 26594 W fb4a(:<default>):17a: 	at com.facebook.common.executors.WrappingExecutorService$1.run(:76422)
3a45bd43-82d2-4650-8571-039f48c0fdca 2016-12-02 03:03:33.135999780 453996 [184543.975701] 26367 26594 W fb4a(:<default>):17a: 	at com.facebook.common.executors.DefaultConstrainedListeningExecutorService$Worker.run(:62913)
3a45bd43-82d2-4650-8571-039f48c0fdca 2016-12-02 03:03:33.135999780 453996 [184543.975701] 26367 26594 W fb4a(:<default>):17a: 	at java.util.concurrent.ThreadPoolExecutor.runWorker(ThreadPoolExecutor.java:1113)
3a45bd43-82d2-4650-8571-039f48c0fdca 2016-12-02 03:03:33.135999780 453996 [184543.975701] 26367 26594 W fb4a(:<default>):17a: 	at java.util.concurrent.ThreadPoolExecutor$Worker.run(ThreadPoolExecutor.java:588)
3a45bd43-82d2-4650-8571-039f48c0fdca 2016-12-02 03:03:33.135999780 453996 [184543.975701] 26367 26594 W fb4a(:<default>):17a: 	at com.facebook.common.executors.NamedThreadFactory$1.run(:76786)
3a45bd43-82d2-4650-8571-039f48c0fdca 2016-12-02 03:03:33.135999780 453996 [184543.975701] 26367 26594 W fb4a(:<default>):17a: 	at java.lang.Thread.run(Thread.java:818)
3a45bd43-82d2-4650-8571-039f48c0fdca 2016-12-02 03:03:33.215999780 453997 [184544.051562] 26367 26463 E fb4a(:<default>):UDPPrimingServiceHandler: Fallback stack exception
3a45bd43-82d2-4650-8571-039f48c0fdca 2016-12-02 03:03:33.215999780 453997 [184544.051562] 26367 26463 E fb4a(:<default>):UDPPrimingServiceHandler: java.io.IOException: Fallback stack exception
3a45bd43-82d2-4650-8571-039f48c0fdca 2016-12-02 03:03:33.215999780 453997 [184544.051562] 26367 26463 E fb4a(:<default>):UDPPrimingServiceHandler: 	at X.4gy.onFailure(:824913)
3a45bd43-82d2-4650-8571-039f48c0fdca 2016-12-02 03:03:33.215999780 453997 [184544.051562] 26367 26463 E fb4a(:<default>):UDPPrimingServiceHandler: 	at com.google.common.util.concurrent.Futures$6.run(:67624)
3a45bd43-82d2-4650-8571-039f48c0fdca 2016-12-02 03:03:33.215999780 453997 [184544.051562] 26367 26463 E fb4a(:<default>):UDPPrimingServiceHandler: 	at X.1DO.execute(:197270)
3a45bd43-82d2-4650-8571-039f48c0fdca 2016-12-02 03:03:33.215999780 453997 [184544.051562] 26367 26463 E fb4a(:<default>):UDPPrimingServiceHandler: 	at X.02C.a(:7088)
3a45bd43-82d2-4650-8571-039f48c0fdca 2016-12-02 03:03:33.215999780 453997 [184544.051562] 26367 26463 E fb4a(:<default>):UDPPrimingServiceHandler: 	at X.0Sl.b(:62026)
3a45bd43-82d2-4650-8571-039f48c0fdca 2016-12-02 03:03:33.215999780 453997 [184544.051562] 26367 26463 E fb4a(:<default>):UDPPrimingServiceHandler: 	at X.0Sl.a(:62044)
3a45bd43-82d2-4650-8571-039f48c0fdca 2016-12-02 03:03:33.215999780 453997 [184544.051562] 26367 26463 E fb4a(:<default>):UDPPrimingServiceHandler: 	at X.0VL.done(:67530)
3a45bd43-82d2-4650-8571-039f48c0fdca 2016-12-02 03:03:33.215999780 453997 [184544.051562] 26367 26463 E fb4a(:<default>):UDPPrimingServiceHandler: 	at java.util.concurrent.FutureTask.finishCompletion(FutureTask.java:354)
3a45bd43-82d2-4650-8571-039f48c0fdca 2016-12-02 03:03:33.215999780 453997 [184544.051562] 26367 26463 E fb4a(:<default>):UDPPrimingServiceHandler: 	at java.util.concurrent.FutureTask.setException(FutureTask.java:223)
3a45bd43-82d2-4650-8571-039f48c0fdca 2016-12-02 03:03:33.215999780 453997 [184544.051562] 26367 26463 E fb4a(:<default>):UDPPrimingServiceHandler: 	at java.util.concurrent.FutureTask.run(FutureTask.java:242)
3a45bd43-82d2-4650-8571-039f48c0fdca 2016-12-02 03:03:33.215999780 453997 [184544.051562] 26367 26463 E fb4a(:<default>):UDPPrimingServiceHandler: 	at com.facebook.common.executors.DefaultConstrainedListeningExecutorService$Worker.run(:62913)
3a45bd43-82d2-4650-8571-039f48c0fdca 2016-12-02 03:03:33.215999780 453997 [184544.051562] 26367 26463 E fb4a(:<default>):UDPPrimingServiceHandler: 	at java.util.concurrent.ThreadPoolExecutor.runWorker(ThreadPoolExecutor.java:1113)
3a45bd43-82d2-4650-8571-039f48c0fdca 2016-12-02 03:03:33.215999780 453997 [184544.051562] 26367 26463 E fb4a(:<default>):UDPPrimingServiceHandler: 	at java.util.concurrent.ThreadPoolExecutor$Worker.run(ThreadPoolExecutor.java:588)
3a45bd43-82d2-4650-8571-039f48c0fdca 2016-12-02 03:03:33.215999780 453997 [184544.051562] 26367 26463 E fb4a(:<default>):UDPPrimingServiceHandler: 	at com.facebook.common.executors.NamedThreadFactory$1.run(:76786)
3a45bd43-82d2-4650-8571-039f48c0fdca 2016-12-02 03:03:33.215999780 453997 [184544.051562] 26367 26463 E fb4a(:<default>):UDPPrimingServiceHandler: 	at java.lang.Thread.run(Thread.java:818)
3a45bd43-82d2-4650-8571-039f48c0fdca 2016-12-02 03:03:33.215999780 453997 [184544.051562] 26367 26463 E fb4a(:<default>):UDPPrimingServiceHandler: Caused by: X.3A3: [code] 100 [message]: (#100) Invalid parameter [extra]: 
3a45bd43-82d2-4650-8571-039f48c0fdca 2016-12-02 03:03:33.215999780 453997 [184544.051562] 26367 26463 E fb4a(:<default>):UDPPrimingServiceHandler: 	at X.0ya.a(:154406)
3a45bd43-82d2-4650-8571-039f48c0fdca 2016-12-02 03:03:33.215999780 453997 [184544.051562] 26367 26463 E fb4a(:<default>):UDPPrimingServiceHandler: 	at X.0ya.a(:154329)
3a45bd43-82d2-4650-8571-039f48c0fdca 2016-12-02 03:03:33.215999780 453997 [184544.051562] 26367 26463 E fb4a(:<default>):UDPPrimingServiceHandler: 	at X.0ya.a(:154313)
3a45bd43-82d2-4650-8571-039f48c0fdca 2016-12-02 03:03:33.215999780 453997 [184544.051562] 26367 26463 E fb4a(:<default>):UDPPrimingServiceHandler: 	at X.0ya.a(:154325)
3a45bd43-82d2-4650-8571-039f48c0fdca 2016-12-02 03:03:33.215999780 453997 [184544.051562] 26367 26463 E fb4a(:<default>):UDPPrimingServiceHandler: 	at X.29a.a(:376907)
3a45bd43-82d2-4650-8571-039f48c0fdca 2016-12-02 03:03:33.215999780 453997 [184544.051562] 26367 26463 E fb4a(:<default>):UDPPrimingServiceHandler: 	at X.11P.b(:163594)
3a45bd43-82d2-4650-8571-039f48c0fdca 2016-12-02 03:03:33.215999780 453997 [184544.051562] 26367 26463 E fb4a(:<default>):UDPPrimingServiceHandler: 	at X.11P.handleResponse(:163601)
3a45bd43-82d2-4650-8571-039f48c0fdca 2016-12-02 03:03:33.215999780 453997 [184544.051562] 26367 26463 E fb4a(:<default>):UDPPrimingServiceHandler: 	at X.17d.a(:188163)
3a45bd43-82d2-4650-8571-039f48c0fdca 2016-12-02 03:03:33.215999780 453997 [184544.051562] 26367 26463 E fb4a(:<default>):UDPPrimingServiceHandler: 	at X.17d.a(:188072)
3a45bd43-82d2-4650-8571-039f48c0fdca 2016-12-02 03:03:33.215999780 453997 [184544.051562] 26367 26463 E fb4a(:<default>):UDPPrimingServiceHandler: 	at X.4gp.call(:824835)
3a45bd43-82d2-4650-8571-039f48c0fdca 2016-12-02 03:03:33.215999780 453997 [184544.051562] 26367 26463 E fb4a(:<default>):UDPPrimingServiceHandler: 	at java.util.concurrent.FutureTask.run(FutureTask.java:237)
3a45bd43-82d2-4650-8571-039f48c0fdca 2016-12-02 03:03:33.215999780 453997 [184544.051562] 26367 26463 E fb4a(:<default>):UDPPrimingServiceHandler: 	... 5 more
3a45bd43-82d2-4650-8571-039f48c0fdca 2016-12-02 03:03:33.215999780 453998 [184544.060026]   291   291 I SurfaceFlinger: {"fps":28.5, "tot_frames":84934, "prev_frames":84890, "cur_time": 184543989130656, "prev_time": 184542442764095}
3a45bd43-82d2-4650-8571-039f48c0fdca 2016-12-02 03:03:33.225999780 11575 [184544.066978]   988  1464 D ConnectivityService: updateNetworkScore for NetworkAgentInfo [WIFI () - 123] to 60
3a45bd43-82d2-4650-8571-039f48c0fdca 2016-12-02 03:03:33.405999780 453999 [184544.250619] 26367 26367 I Spinner-State-QoE: {"Action":"SpinnerEvent","Type":"start","View":"android.widget.ProgressBar","Parent":"com.facebook.widget.loadingindicator.LoadingIndicatorView","RootView":"com.facebook.widget.loadingindicator.LoadingIndicatorView","AppName":"com.facebook.katana","Pid":26367,"Uid":10085,"Tid":26367,"Id":2131559485,"Token":"077da987-f411-4a50-a9b7-db782187220b","Activity":"com.facebook.katana.activity.FbMainTabActivity","SessionID":"02d76b1f-3407-4fd3-a2c4-ef9d27bebddd","Time":1480665813417,"UpTime":184544179,"timestamp":1480665813417,"uptimeNanos":209165153221769,"LogFormat":"1.1"}
3a45bd43-82d2-4650-8571-039f48c0fdca 2016-12-02 03:03:33.595999780 454000 [184544.438137] 26367 26367 I Spinner-State-QoE: {"Action":"SpinnerEvent","Type":"stop","View":"android.widget.ProgressBar","Parent":"com.facebook.widget.loadingindicator.LoadingIndicatorView","RootView":"com.facebook.widget.loadingindicator.LoadingIndicatorView","AppName":"com.facebook.katana","Pid":26367,"Uid":10085,"Tid":26367,"Id":2131559485,"Token":"077da987-f411-4a50-a9b7-db782187220b","Activity":"com.facebook.katana.activity.FbMainTabActivity","SessionID":"02d76b1f-3407-4fd3-a2c4-ef9d27bebddd","Time":1480665813605,"UpTime":184544367,"timestamp":1480665813605,"uptimeNanos":209165340766405,"LogFormat":"1.1"}
3a45bd43-82d2-4650-8571-039f48c0fdca 2016-12-02 03:03:33.655999780 454001 [184544.490919]   414   414 D KernelPrintk: 4,60590,184544488350,-;smb135x-charger 0-001c: Increase Input Rate
3a45bd43-82d2-4650-8571-039f48c0fdca 2016-12-02 03:03:34.95999779 454002 [184544.938647]   291   291 I SurfaceFlinger: {"token":1702, "diffs":[[184542749, 37.152779],[184542931, 36.848957],[184543200, 0.000000],[184543990, 0.000000],[184544091, 32.552082],[184544141, 39.236111],[184544195, 50.694443],[184544243, 48.090279],[184544296, 56.380207],[184544349, 60.980904],[184544397, 64.670135],[184544444, 58.940971],[184544494, 57.378471],[184544545, 56.510418],[184544596, 55.338543],[184544648, 50.737846],[184544698, 50.477432],[184544749, 42.252605],[184544799, 36.219620],[184544850, 31.445312]]}
3a45bd43-82d2-4650-8571-039f48c0fdca 2016-12-02 03:03:34.305999779 454003 [184545.140907]   414   414 D KernelPrintk:  SUBSYSTEM=i2c
3a45bd43-82d2-4650-8571-039f48c0fdca 2016-12-02 03:03:34.305999779 454004 [184545.140918]   414   414 D KernelPrintk:  DEVICE=+i2c:0-001c
3a45bd43-82d2-4650-8571-039f48c0fdca 2016-12-02 03:03:34.305999779 454005 [184545.140933]   414   414 D KernelPrintk: 4,60591,184545137416,-;smb135x-charger 0-001c: Input current Set 0x0
3a45bd43-82d2-4650-8571-039f48c0fdca 2016-12-02 03:03:34.425999779 454006 [184545.260933] 26367 26367 I Spinner-State-QoE: {"Action":"SpinnerEvent","Type":"start","View":"android.widget.ProgressBar","Parent":"com.facebook.widget.loadingindicator.LoadingIndicatorView","RootView":"com.facebook.widget.loadingindicator.LoadingIndicatorView","AppName":"com.facebook.katana","Pid":26367,"Uid":10085,"Tid":26367,"Id":2131559485,"Token":"077da987-f411-4a50-a9b7-db782187220b","Activity":"com.facebook.katana.activity.FbMainTabActivity","SessionID":"02d76b1f-3407-4fd3-a2c4-ef9d27bebddd","Time":1480665814427,"UpTime":184545189,"timestamp":1480665814427,"uptimeNanos":209166163433123,"LogFormat":"1.1"}
3a45bd43-82d2-4650-8571-039f48c0fdca 2016-12-02 03:03:34.445999779 454007 [184545.287349]   291   291 I SurfaceFlinger: {"fps":75.0, "tot_frames":85026, "prev_frames":84934, "cur_time": 184545216442479, "prev_time": 184543989130656}
3a45bd43-82d2-4650-8571-039f48c0fdca 2016-12-02 03:03:34.605999779 454008 [184545.441427] 26367 26367 I Spinner-State-QoE: {"Action":"SpinnerEvent","Type":"stop","View":"android.widget.ProgressBar","Parent":"com.facebook.widget.loadingindicator.LoadingIndicatorView","RootView":"com.facebook.widget.loadingindicator.LoadingIndicatorView","AppName":"com.facebook.katana","Pid":26367,"Uid":10085,"Tid":26367,"Id":2131559485,"Token":"077da987-f411-4a50-a9b7-db782187220b","Activity":"com.facebook.katana.activity.FbMainTabActivity","SessionID":"02d76b1f-3407-4fd3-a2c4-ef9d27bebddd","Time":1480665814608,"UpTime":184545370,"timestamp":1480665814608,"uptimeNanos":209166343906717,"LogFormat":"1.1"}
3a45bd43-82d2-4650-8571-039f48c0fdca 2016-12-02 03:03:34.635999779 454009 [184545.475510] 26367 26367 I Spinner-State-QoE: {"Action":"SpinnerEvent","Type":"start","View":"android.widget.ProgressBar","Parent":"com.facebook.widget.loadingindicator.LoadingIndicatorView","RootView":"com.facebook.widget.loadingindicator.LoadingIndicatorView","AppName":"com.facebook.katana","Pid":26367,"Uid":10085,"Tid":26367,"Id":2131559485,"Token":"077da987-f411-4a50-a9b7-db782187220b","Activity":"com.facebook.katana.activity.FbMainTabActivity","SessionID":"02d76b1f-3407-4fd3-a2c4-ef9d27bebddd","Time":1480665814642,"UpTime":184545404,"timestamp":1480665814642,"uptimeNanos":209166378073488,"LogFormat":"1.1"}
3a45bd43-82d2-4650-8571-039f48c0fdca 2016-12-02 03:03:34.995999779 454010 [184545.835961] 26367 26367 I Spinner-State-QoE: {"Action":"SpinnerEvent","Type":"stop","View":"android.widget.ProgressBar","Parent":"com.facebook.widget.loadingindicator.LoadingIndicatorView","RootView":"com.facebook.widget.loadingindicator.LoadingIndicatorView","AppName":"com.facebook.katana","Pid":26367,"Uid":10085,"Tid":26367,"Id":2131559485,"Token":"077da987-f411-4a50-a9b7-db782187220b","Activity":"com.facebook.katana.activity.FbMainTabActivity","SessionID":"02d76b1f-3407-4fd3-a2c4-ef9d27bebddd","Time":1480665815003,"UpTime":184545764,"timestamp":1480665815003,"uptimeNanos":209166738561040,"LogFormat":"1.1"}
3a45bd43-82d2-4650-8571-039f48c0fdca 2016-12-02 03:03:35.35999779 454011 [184545.877966] 26367 26367 I Spinner-State-QoE: {"Action":"SpinnerEvent","Type":"start","View":"android.widget.ProgressBar","Parent":"com.facebook.widget.loadingindicator.LoadingIndicatorView","RootView":"com.facebook.widget.loadingindicator.LoadingIndicatorView","AppName":"com.facebook.katana","Pid":26367,"Uid":10085,"Tid":26367,"Id":2131559485,"Token":"077da987-f411-4a50-a9b7-db782187220b","Activity":"com.facebook.katana.activity.FbMainTabActivity","SessionID":"02d76b1f-3407-4fd3-a2c4-ef9d27bebddd","Time":1480665815045,"UpTime":184545806,"timestamp":1480665815045,"uptimeNanos":209166780577394,"LogFormat":"1.1"}
3a45bd43-82d2-4650-8571-039f48c0fdca 2016-12-02 03:03:35.225999779 454012 [184546.070594] 26367 26367 I Spinner-State-QoE: {"Action":"SpinnerEvent","Type":"stop","View":"android.widget.ProgressBar","Parent":"com.facebook.widget.loadingindicator.LoadingIndicatorView","RootView":"com.facebook.widget.loadingindicator.LoadingIndicatorView","AppName":"com.facebook.katana","Pid":26367,"Uid":10085,"Tid":26367,"Id":2131559485,"Token":"077da987-f411-4a50-a9b7-db782187220b","Activity":"com.facebook.katana.activity.FbMainTabActivity","SessionID":"02d76b1f-3407-4fd3-a2c4-ef9d27bebddd","Time":1480665815237,"UpTime":184545999,"timestamp":1480665815237,"uptimeNanos":209166973147498,"LogFormat":"1.1"}
3a45bd43-82d2-4650-8571-039f48c0fdca 2016-12-02 03:03:35.405999779 454013 [184546.247705] 26367 26367 I Spinner-State-QoE: {"Action":"SpinnerEvent","Type":"start","View":"android.widget.ProgressBar","Parent":"com.facebook.widget.loadingindicator.LoadingIndicatorView","RootView":"com.facebook.widget.loadingindicator.LoadingIndicatorView","AppName":"com.facebook.katana","Pid":26367,"Uid":10085,"Tid":26367,"Id":2131559485,"Token":"077da987-f411-4a50-a9b7-db782187220b","Activity":"com.facebook.katana.activity.FbMainTabActivity","SessionID":"02d76b1f-3407-4fd3-a2c4-ef9d27bebddd","Time":1480665815414,"UpTime":184546176,"timestamp":1480665815414,"uptimeNanos":209167150317342,"LogFormat":"1.1"}
3a45bd43-82d2-4650-8571-039f48c0fdca 2016-12-02 03:03:35.445999779 454014 [184546.289410]   291   291 I SurfaceFlinger: {"fps":91.8, "tot_frames":85118, "prev_frames":85026, "cur_time": 184546218514458, "prev_time": 184545216442479}
3a45bd43-82d2-4650-8571-039f48c0fdca 2016-12-02 03:03:35.455999779 454015 [184546.295000] 26367 26367 I Spinner-State-QoE: {"Action":"SpinnerEvent","Type":"stop","View":"android.widget.ProgressBar","Parent":"com.facebook.widget.loadingindicator.LoadingIndicatorView","RootView":"com.facebook.widget.loadingindicator.LoadingIndicatorView","AppName":"com.facebook.katana","Pid":26367,"Uid":10085,"Tid":26367,"Id":2131559485,"Token":"077da987-f411-4a50-a9b7-db782187220b","Activity":"com.facebook.katana.activity.FbMainTabActivity","SessionID":"02d76b1f-3407-4fd3-a2c4-ef9d27bebddd","Time":1480665815462,"UpTime":184546223,"timestamp":1480665815462,"uptimeNanos":209167197490571,"LogFormat":"1.1"}
3a45bd43-82d2-4650-8571-039f48c0fdca 2016-12-02 03:03:35.515999779 454016 [184546.357287] 26367 26367 I Spinner-State-QoE: {"Action":"SpinnerEvent","Type":"start","View":"android.widget.ProgressBar","Parent":"com.facebook.widget.loadingindicator.LoadingIndicatorView","RootView":"com.facebook.widget.loadingindicator.LoadingIndicatorView","AppName":"com.facebook.katana","Pid":26367,"Uid":10085,"Tid":26367,"Id":2131559485,"Token":"077da987-f411-4a50-a9b7-db782187220b","Activity":"com.facebook.katana.activity.FbMainTabActivity","SessionID":"02d76b1f-3407-4fd3-a2c4-ef9d27bebddd","Time":1480665815524,"UpTime":184546286,"timestamp":1480665815524,"uptimeNanos":209167259854425,"LogFormat":"1.1"}
3a45bd43-82d2-4650-8571-039f48c0fdca 2016-12-02 03:03:35.615999779 454017 [184546.453115]   291   291 I SurfaceFlinger: {"token":1703, "diffs":[[184545218, 58.159721],[184545279, 63.975693],[184545326, 58.463543],[184545385, 58.159721],[184545442, 54.904514],[184545495, 49.565971],[184545541, 49.913193],[184545588, 48.524307],[184545639, 46.788193],[184545691, 45.833332],[184545740, 44.270832],[184545790, 42.816841],[184545843, 40.494793],[184545892, 38.129341],[184545942, 36.480034],[184545993, 28.754341],[184546193, 48.090279],[184546255, 55.555557],[184546313, 58.637154],[184546363, 62.673611]]}
3a45bd43-82d2-4650-8571-039f48c0fdca 2016-12-02 03:03:35.685999779 454018 [184546.526992] 26367 26367 I Spinner-State-QoE: {"Action":"SpinnerEvent","Type":"stop","View":"android.widget.ProgressBar","Parent":"com.facebook.widget.loadingindicator.LoadingIndicatorView","RootView":"com.facebook.widget.loadingindicator.LoadingIndicatorView","AppName":"com.facebook.katana","Pid":26367,"Uid":10085,"Tid":26367,"Id":2131559485,"Token":"077da987-f411-4a50-a9b7-db782187220b","Activity":"com.facebook.katana.activity.FbMainTabActivity","SessionID":"02d76b1f-3407-4fd3-a2c4-ef9d27bebddd","Time":1480665815694,"UpTime":184546455,"timestamp":1480665815694,"uptimeNanos":209167429592185,"LogFormat":"1.1"}
3a45bd43-82d2-4650-8571-039f48c0fdca 2016-12-02 03:03:35.725999779 454019 [184546.568034] 26367 26367 I Spinner-State-QoE: {"Action":"SpinnerEvent","Type":"start","View":"android.widget.ProgressBar","Parent":"com.facebook.widget.loadingindicator.LoadingIndicatorView","RootView":"com.facebook.widget.loadingindicator.LoadingIndicatorView","AppName":"com.facebook.katana","Pid":26367,"Uid":10085,"Tid":26367,"Id":2131559485,"Token":"077da987-f411-4a50-a9b7-db782187220b","Activity":"com.facebook.katana.activity.FbMainTabActivity","SessionID":"02d76b1f-3407-4fd3-a2c4-ef9d27bebddd","Time":1480665815735,"UpTime":184546496,"timestamp":1480665815735,"uptimeNanos":209167470614321,"LogFormat":"1.1"}
3a45bd43-82d2-4650-8571-039f48c0fdca 2016-12-02 03:03:35.905999779 454020 [184546.743063] 26367 26367 I Spinner-State-QoE: {"Action":"SpinnerEvent","Type":"stop","View":"android.widget.ProgressBar","Parent":"com.facebook.widget.loadingindicator.LoadingIndicatorView","RootView":"com.facebook.widget.loadingindicator.LoadingIndicatorView","AppName":"com.facebook.katana","Pid":26367,"Uid":10085,"Tid":26367,"Id":2131559485,"Token":"077da987-f411-4a50-a9b7-db782187220b","Activity":"com.facebook.katana.activity.FbMainTabActivity","SessionID":"02d76b1f-3407-4fd3-a2c4-ef9d27bebddd","Time":1480665815910,"UpTime":184546672,"timestamp":1480665815910,"uptimeNanos":209167645655258,"LogFormat":"1.1"}
3a45bd43-82d2-4650-8571-039f48c0fdca 2016-12-02 03:03:35.925999779 454021 [184546.768992] 26367 26367 I Spinner-State-QoE: {"Action":"SpinnerEvent","Type":"start","View":"android.widget.ProgressBar","Parent":"com.facebook.widget.loadingindicator.LoadingIndicatorView","RootView":"com.facebook.widget.loadingindicator.LoadingIndicatorView","AppName":"com.facebook.katana","Pid":26367,"Uid":10085,"Tid":26367,"Id":2131559485,"Token":"077da987-f411-4a50-a9b7-db782187220b","Activity":"com.facebook.katana.activity.FbMainTabActivity","SessionID":"02d76b1f-3407-4fd3-a2c4-ef9d27bebddd","Time":1480665815936,"UpTime":184546697,"timestamp":1480665815936,"uptimeNanos":209167671604893,"LogFormat":"1.1"}
3a45bd43-82d2-4650-8571-039f48c0fdca 2016-12-02 03:03:36.115999779 454022 [184546.951401] 26367 26367 I Spinner-State-QoE: {"Action":"SpinnerEvent","Type":"stop","View":"android.widget.ProgressBar","Parent":"com.facebook.widget.loadingindicator.LoadingIndicatorView","RootView":"com.facebook.widget.loadingindicator.LoadingIndicatorView","AppName":"com.facebook.katana","Pid":26367,"Uid":10085,"Tid":26367,"Id":2131559485,"Token":"077da987-f411-4a50-a9b7-db782187220b","Activity":"com.facebook.katana.activity.FbMainTabActivity","SessionID":"02d76b1f-3407-4fd3-a2c4-ef9d27bebddd","Time":1480665816118,"UpTime":184546880,"timestamp":1480665816118,"uptimeNanos":209167853886612,"LogFormat":"1.1"}
3a45bd43-82d2-4650-8571-039f48c0fdca 2016-12-02 03:03:36.135999779 454023 [184546.971710] 26367 26367 I Spinner-State-QoE: {"Action":"SpinnerEvent","Type":"start","View":"android.widget.ProgressBar","Parent":"com.facebook.widget.loadingindicator.LoadingIndicatorView","RootView":"com.facebook.widget.loadingindicator.LoadingIndicatorView","AppName":"com.facebook.katana","Pid":26367,"Uid":10085,"Tid":26367,"Id":2131559485,"Token":"077da987-f411-4a50-a9b7-db782187220b","Activity":"com.facebook.katana.activity.FbMainTabActivity","SessionID":"02d76b1f-3407-4fd3-a2c4-ef9d27bebddd","Time":1480665816138,"UpTime":184546900,"timestamp":1480665816138,"uptimeNanos":209167874220831,"LogFormat":"1.1"}
3a45bd43-82d2-4650-8571-039f48c0fdca 2016-12-02 03:03:36.225999779 454024 [184547.061412]   988 26984 D NetlinkSocketObserver: NeighborEvent{elapsedMs=209167964, fde5:bdee:339a::1, [10FEEDE58C95], RTM_NEWNEIGH, NUD_STALE}
3a45bd43-82d2-4650-8571-039f48c0fdca 2016-12-02 03:03:36.315999779 454025 [184547.154752] 26367 26367 I Spinner-State-QoE: {"Action":"SpinnerEvent","Type":"stop","View":"android.widget.ProgressBar","Parent":"com.facebook.widget.loadingindicator.LoadingIndicatorView","RootView":"com.facebook.widget.loadingindicator.LoadingIndicatorView","AppName":"com.facebook.katana","Pid":26367,"Uid":10085,"Tid":26367,"Id":2131559485,"Token":"077da987-f411-4a50-a9b7-db782187220b","Activity":"com.facebook.katana.activity.FbMainTabActivity","SessionID":"02d76b1f-3407-4fd3-a2c4-ef9d27bebddd","Time":1480665816321,"UpTime":184547083,"timestamp":1480665816321,"uptimeNanos":209168057351977,"LogFormat":"1.1"}
3a45bd43-82d2-4650-8571-039f48c0fdca 2016-12-02 03:03:36.885999778 454026 [184547.728085] 26367 26367 I Spinner-State-QoE: {"Action":"SpinnerEvent","Type":"start","View":"android.widget.ProgressBar","Parent":"com.facebook.widget.loadingindicator.LoadingIndicatorView","RootView":"com.facebook.widget.loadingindicator.LoadingIndicatorView","AppName":"com.facebook.katana","Pid":26367,"Uid":10085,"Tid":26367,"Id":2131559485,"Token":"077da987-f411-4a50-a9b7-db782187220b","Activity":"com.facebook.katana.activity.FbMainTabActivity","SessionID":"02d76b1f-3407-4fd3-a2c4-ef9d27bebddd","Time":1480665816895,"UpTime":184547657,"timestamp":1480665816895,"uptimeNanos":209168630647758,"LogFormat":"1.1"}
3a45bd43-82d2-4650-8571-039f48c0fdca 2016-12-02 03:03:36.915999778 454027 [184547.758528]   291   291 I SurfaceFlinger: {"fps":64.0, "tot_frames":85212, "prev_frames":85118, "cur_time": 184547687613363, "prev_time": 184546218514458}
3a45bd43-82d2-4650-8571-039f48c0fdca 2016-12-02 03:03:37.65999778 454028 [184547.906504] 26367 26367 I Spinner-State-QoE: {"Action":"SpinnerEvent","Type":"stop","View":"android.widget.ProgressBar","Parent":"com.facebook.widget.loadingindicator.LoadingIndicatorView","RootView":"com.facebook.widget.loadingindicator.LoadingIndicatorView","AppName":"com.facebook.katana","Pid":26367,"Uid":10085,"Tid":26367,"Id":2131559485,"Token":"077da987-f411-4a50-a9b7-db782187220b","Activity":"com.facebook.katana.activity.FbMainTabActivity","SessionID":"02d76b1f-3407-4fd3-a2c4-ef9d27bebddd","Time":1480665817073,"UpTime":184547835,"timestamp":1480665817073,"uptimeNanos":209168809065153,"LogFormat":"1.1"}
3a45bd43-82d2-4650-8571-039f48c0fdca 2016-12-02 03:03:37.95999778 454029 [184547.931663] 26367 26367 I Spinner-State-QoE: {"Action":"SpinnerEvent","Type":"start","View":"android.widget.ProgressBar","Parent":"com.facebook.widget.loadingindicator.LoadingIndicatorView","RootView":"com.facebook.widget.loadingindicator.LoadingIndicatorView","AppName":"com.facebook.katana","Pid":26367,"Uid":10085,"Tid":26367,"Id":2131559485,"Token":"077da987-f411-4a50-a9b7-db782187220b","Activity":"com.facebook.katana.activity.FbMainTabActivity","SessionID":"02d76b1f-3407-4fd3-a2c4-ef9d27bebddd","Time":1480665817098,"UpTime":184547859,"timestamp":1480665817098,"uptimeNanos":209168833531768,"LogFormat":"1.1"}
3a45bd43-82d2-4650-8571-039f48c0fdca 2016-12-02 03:03:37.285999778 454030 [184548.123173] 26367 26367 I Spinner-State-QoE: {"Action":"SpinnerEvent","Type":"stop","View":"android.widget.ProgressBar","Parent":"com.facebook.widget.loadingindicator.LoadingIndicatorView","RootView":"com.facebook.widget.loadingindicator.LoadingIndicatorView","AppName":"com.facebook.katana","Pid":26367,"Uid":10085,"Tid":26367,"Id":2131559485,"Token":"077da987-f411-4a50-a9b7-db782187220b","Activity":"com.facebook.katana.activity.FbMainTabActivity","SessionID":"02d76b1f-3407-4fd3-a2c4-ef9d27bebddd","Time":1480665817290,"UpTime":184548052,"timestamp":1480665817290,"uptimeNanos":209169025780570,"LogFormat":"1.1"}
3a45bd43-82d2-4650-8571-039f48c0fdca 2016-12-02 03:03:37.285999778 454031 [184548.130267] 26367 26367 I Spinner-State-QoE: {"Action":"SpinnerEvent","Type":"start","View":"android.widget.ProgressBar","Parent":"com.facebook.widget.loadingindicator.LoadingIndicatorView","RootView":"com.facebook.widget.loadingindicator.LoadingIndicatorView","AppName":"com.facebook.katana","Pid":26367,"Uid":10085,"Tid":26367,"Id":2131559485,"Token":"077da987-f411-4a50-a9b7-db782187220b","Activity":"com.facebook.katana.activity.FbMainTabActivity","SessionID":"02d76b1f-3407-4fd3-a2c4-ef9d27bebddd","Time":1480665817297,"UpTime":184548059,"timestamp":1480665817297,"uptimeNanos":209169032880935,"LogFormat":"1.1"}
3a45bd43-82d2-4650-8571-039f48c0fdca 2016-12-02 03:03:37.295999778 454032 [184548.131247]   291   291 I SurfaceFlinger: {"token":1704, "diffs":[[184546428, 61.805557],[184546480, 62.760418],[184546530, 60.069443],[184546580, 58.072918],[184546632, 57.899307],[184546682, 54.904514],[184546733, 53.993057],[184546784, 51.953125],[184546833, 50.130207],[184546884, 46.961807],[184546935, 43.901909],[184546986, 39.583332],[184547689, 52.864582],[184547734, 55.815971],[184547795, 61.197918],[184547843, 62.630207],[184547894, 58.333332],[184547943, 58.854168],[184547993, 59.678818],[184548043, 61.241318]]}
3a45bd43-82d2-4650-8571-039f48c0fdca 2016-12-02 03:03:37.475999778 454033 [184548.319660] 26367 26367 I Spinner-State-QoE: {"Action":"SpinnerEvent","Type":"stop","View":"android.widget.ProgressBar","Parent":"com.facebook.widget.loadingindicator.LoadingIndicatorView","RootView":"com.facebook.widget.loadingindicator.LoadingIndicatorView","AppName":"com.facebook.katana","Pid":26367,"Uid":10085,"Tid":26367,"Id":2131559485,"Token":"077da987-f411-4a50-a9b7-db782187220b","Activity":"com.facebook.katana.activity.FbMainTabActivity","SessionID":"02d76b1f-3407-4fd3-a2c4-ef9d27bebddd","Time":1480665817486,"UpTime":184548248,"timestamp":1480665817486,"uptimeNanos":209169222312914,"LogFormat":"1.1"}
3a45bd43-82d2-4650-8571-039f48c0fdca 2016-12-02 03:03:37.495999778 454034 [184548.331624] 26367 26367 I Spinner-State-QoE: {"Action":"SpinnerEvent","Type":"start","View":"android.widget.ProgressBar","Parent":"com.facebook.widget.loadingindicator.LoadingIndicatorView","RootView":"com.facebook.widget.loadingindicator.LoadingIndicatorView","AppName":"com.facebook.katana","Pid":26367,"Uid":10085,"Tid":26367,"Id":2131559485,"Token":"077da987-f411-4a50-a9b7-db782187220b","Activity":"com.facebook.katana.activity.FbMainTabActivity","SessionID":"02d76b1f-3407-4fd3-a2c4-ef9d27bebddd","Time":1480665817498,"UpTime":184548260,"timestamp":1480665817498,"uptimeNanos":209169234248278,"LogFormat":"1.1"}
3a45bd43-82d2-4650-8571-039f48c0fdca 2016-12-02 03:03:37.655999778 454035 [184548.499769] 26367 26367 I Spinner-State-QoE: {"Action":"SpinnerEvent","Type":"stop","View":"android.widget.ProgressBar","Parent":"com.facebook.widget.loadingindicator.LoadingIndicatorView","RootView":"com.facebook.widget.loadingindicator.LoadingIndicatorView","AppName":"com.facebook.katana","Pid":26367,"Uid":10085,"Tid":26367,"Id":2131559485,"Token":"077da987-f411-4a50-a9b7-db782187220b","Activity":"com.facebook.katana.activity.FbMainTabActivity","SessionID":"02d76b1f-3407-4fd3-a2c4-ef9d27bebddd","Time":1480665817666,"UpTime":184548428,"timestamp":1480665817666,"uptimeNanos":209169402410309,"LogFormat":"1.1"}
3a45bd43-82d2-4650-8571-039f48c0fdca 2016-12-02 03:03:37.795999778 454036 [184548.634704] 26367 26367 I Spinner-State-QoE: {"Action":"SpinnerEvent","Type":"start","View":"android.widget.ProgressBar","Parent":"com.facebook.widget.loadingindicator.LoadingIndicatorView","RootView":"com.facebook.widget.loadingindicator.LoadingIndicatorView","AppName":"com.facebook.katana","Pid":26367,"Uid":10085,"Tid":26367,"Id":2131559485,"Token":"077da987-f411-4a50-a9b7-db782187220b","Activity":"com.facebook.katana.activity.FbMainTabActivity","SessionID":"02d76b1f-3407-4fd3-a2c4-ef9d27bebddd","Time":1480665817801,"UpTime":184548563,"timestamp":1480665817801,"uptimeNanos":209169537302393,"LogFormat":"1.1"}
3a45bd43-82d2-4650-8571-039f48c0fdca 2016-12-02 03:03:37.925999778 454037 [184548.766570]   291   291 I SurfaceFlinger: {"fps":89.3, "tot_frames":85302, "prev_frames":85212, "cur_time": 184548695666071, "prev_time": 184547687613363}
3a45bd43-82d2-4650-8571-039f48c0fdca 2016-12-02 03:03:37.925999778 454038 [184548.767908] 26367 26367 I Spinner-State-QoE: {"Action":"SpinnerEvent","Type":"start","View":"android.widget.ProgressBar","Parent":"com.facebook.widget.loadingindicator.LoadingIndicatorView","RootView":"com.android.internal.policy.PhoneWindow$DecorView","AppName":"com.facebook.katana","Pid":26367,"Uid":10085,"Tid":26367,"Id":2131559485,"Token":"077da987-f411-4a50-a9b7-db782187220b","Activity":"com.facebook.katana.activity.FbMainTabActivity","SessionID":"02d76b1f-3407-4fd3-a2c4-ef9d27bebddd","Time":1480665817935,"UpTime":184548696,"timestamp":1480665817935,"uptimeNanos":209169670548747,"LogFormat":"1.1"}
3a45bd43-82d2-4650-8571-039f48c0fdca 2016-12-02 03:03:37.925999778 454039 [184548.768087] 26367 26367 I Spinner-State-QoE: {"Action":"SpinnerEvent","Type":"start","View":"android.widget.ProgressBar","Parent":"com.facebook.widget.loadingindicator.LoadingIndicatorView","RootView":"com.android.internal.policy.PhoneWindow$DecorView","AppName":"com.facebook.katana","Pid":26367,"Uid":10085,"Tid":26367,"Id":2131559485,"Token":"077da987-f411-4a50-a9b7-db782187220b","Activity":"com.facebook.katana.activity.FbMainTabActivity","SessionID":"02d76b1f-3407-4fd3-a2c4-ef9d27bebddd","Time":1480665817935,"UpTime":184548697,"timestamp":1480665817935,"uptimeNanos":209169670731716,"LogFormat":"1.1"}
3a45bd43-82d2-4650-8571-039f48c0fdca 2016-12-02 03:03:37.965999778 454040 [184548.808843] 26367 26367 I Spinner-State-QoE: {"Action":"SpinnerEvent","Type":"stop","View":"android.widget.ProgressBar","Parent":"com.facebook.widget.loadingindicator.LoadingIndicatorView","RootView":"com.android.internal.policy.PhoneWindow$DecorView","AppName":"com.facebook.katana","Pid":26367,"Uid":10085,"Tid":26367,"Id":2131559485,"Token":"077da987-f411-4a50-a9b7-db782187220b","Activity":"com.facebook.katana.activity.FbMainTabActivity","SessionID":"02d76b1f-3407-4fd3-a2c4-ef9d27bebddd","Time":1480665817976,"UpTime":184548737,"timestamp":1480665817976,"uptimeNanos":209169711496768,"LogFormat":"1.1"}
3a45bd43-82d2-4650-8571-039f48c0fdca 2016-12-02 03:03:37.965999778 454041 [184548.808979] 26367 26367 I Spinner-State-QoE: {"Action":"SpinnerEvent","Type":"stop","View":"android.widget.ProgressBar","Parent":"com.facebook.widget.loadingindicator.LoadingIndicatorView","RootView":"com.android.internal.policy.PhoneWindow$DecorView","AppName":"com.facebook.katana","Pid":26367,"Uid":10085,"Tid":26367,"Id":2131559485,"Token":"077da987-f411-4a50-a9b7-db782187220b","Activity":"com.facebook.katana.activity.FbMainTabActivity","SessionID":"02d76b1f-3407-4fd3-a2c4-ef9d27bebddd","Time":1480665817976,"UpTime":184548738,"timestamp":1480665817976,"uptimeNanos":209169711657236,"LogFormat":"1.1"}
3a45bd43-82d2-4650-8571-039f48c0fdca 2016-12-02 03:03:37.975999778 454042 [184548.819765] 26367 26367 I Spinner-State-QoE: {"Action":"SpinnerEvent","Type":"start","View":"android.widget.ProgressBar","Parent":"com.facebook.widget.loadingindicator.LoadingIndicatorView","RootView":"com.android.internal.policy.PhoneWindow$DecorView","AppName":"com.facebook.katana","Pid":26367,"Uid":10085,"Tid":26367,"Id":2131559485,"Token":"077da987-f411-4a50-a9b7-db782187220b","Activity":"com.facebook.katana.activity.FbMainTabActivity","SessionID":"02d76b1f-3407-4fd3-a2c4-ef9d27bebddd","Time":1480665817986,"UpTime":184548748,"timestamp":1480665817986,"uptimeNanos":209169722368955,"LogFormat":"1.1"}
3a45bd43-82d2-4650-8571-039f48c0fdca 2016-12-02 03:03:37.975999778 454043 [184548.819941] 26367 26367 I Spinner-State-QoE: {"Action":"SpinnerEvent","Type":"start","View":"android.widget.ProgressBar","Parent":"com.facebook.widget.loadingindicator.LoadingIndicatorView","RootView":"com.android.internal.policy.PhoneWindow$DecorView","AppName":"com.facebook.katana","Pid":26367,"Uid":10085,"Tid":26367,"Id":2131559485,"Token":"077da987-f411-4a50-a9b7-db782187220b","Activity":"com.facebook.katana.activity.FbMainTabActivity","SessionID":"02d76b1f-3407-4fd3-a2c4-ef9d27bebddd","Time":1480665817987,"UpTime":184548748,"timestamp":1480665817987,"uptimeNanos":209169722598695,"LogFormat":"1.1"}
3a45bd43-82d2-4650-8571-039f48c0fdca 2016-12-02 03:03:38.215999778 454044 [184549.057798] 26367 26367 I Spinner-State-QoE: {"Action":"SpinnerEvent","Type":"stop","View":"android.widget.ProgressBar","Parent":"com.facebook.widget.loadingindicator.LoadingIndicatorView","RootView":"com.android.internal.policy.PhoneWindow$DecorView","AppName":"com.facebook.katana","Pid":26367,"Uid":10085,"Tid":26367,"Id":2131559485,"Token":"077da987-f411-4a50-a9b7-db782187220b","Activity":"com.facebook.katana.activity.FbMainTabActivity","SessionID":"02d76b1f-3407-4fd3-a2c4-ef9d27bebddd","Time":1480665818225,"UpTime":184548986,"timestamp":1480665818225,"uptimeNanos":209169960451611,"LogFormat":"1.1"}
3a45bd43-82d2-4650-8571-039f48c0fdca 2016-12-02 03:03:38.215999778 454045 [184549.057943] 26367 26367 I Spinner-State-QoE: {"Action":"SpinnerEvent","Type":"stop","View":"android.widget.ProgressBar","Parent":"com.facebook.widget.loadingindicator.LoadingIndicatorView","RootView":"com.android.internal.policy.PhoneWindow$DecorView","AppName":"com.facebook.katana","Pid":26367,"Uid":10085,"Tid":26367,"Id":2131559485,"Token":"077da987-f411-4a50-a9b7-db782187220b","Activity":"com.facebook.katana.activity.FbMainTabActivity","SessionID":"02d76b1f-3407-4fd3-a2c4-ef9d27bebddd","Time":1480665818225,"UpTime":184548987,"timestamp":1480665818225,"uptimeNanos":209169960617445,"LogFormat":"1.1"}
3a45bd43-82d2-4650-8571-039f48c0fdca 2016-12-02 03:03:38.665999778 454046 [184549.500966]   414   414 D KernelPrintk:  SUBSYSTEM=i2c
3a45bd43-82d2-4650-8571-039f48c0fdca 2016-12-02 03:03:38.665999778 454047 [184549.500980]   414   414 D KernelPrintk:  DEVICE=+i2c:0-001c
3a45bd43-82d2-4650-8571-039f48c0fdca 2016-12-02 03:03:38.665999778 454048 [184549.501001]   414   414 D KernelPrintk: 4,60592,184549499338,-;smb135x-charger 0-001c: Increase Input Rate
3a45bd43-82d2-4650-8571-039f48c0fdca 2016-12-02 03:03:38.905999778 454049 [184549.747881] 26367 26367 I Spinner-State-QoE: {"Action":"SpinnerEvent","Type":"start","View":"android.widget.ProgressBar","Parent":"com.facebook.widget.loadingindicator.LoadingIndicatorView","RootView":"com.android.internal.policy.PhoneWindow$DecorView","AppName":"com.facebook.katana","Pid":26367,"Uid":10085,"Tid":26367,"Id":2131559485,"Token":"077da987-f411-4a50-a9b7-db782187220b","Activity":"com.facebook.katana.activity.FbMainTabActivity","SessionID":"02d76b1f-3407-4fd3-a2c4-ef9d27bebddd","Time":1480665818914,"UpTime":184549676,"timestamp":1480665818914,"uptimeNanos":209170650365153,"LogFormat":"1.1"}
3a45bd43-82d2-4650-8571-039f48c0fdca 2016-12-02 03:03:38.905999778 454050 [184549.748128] 26367 26367 I Spinner-State-QoE: {"Action":"SpinnerEvent","Type":"start","View":"android.widget.ProgressBar","Parent":"com.facebook.widget.loadingindicator.LoadingIndicatorView","RootView":"com.android.internal.policy.PhoneWindow$DecorView","AppName":"com.facebook.katana","Pid":26367,"Uid":10085,"Tid":26367,"Id":2131559485,"Token":"077da987-f411-4a50-a9b7-db782187220b","Activity":"com.facebook.katana.activity.FbMainTabActivity","SessionID":"02d76b1f-3407-4fd3-a2c4-ef9d27bebddd","Time":1480665818915,"UpTime":184549677,"timestamp":1480665818915,"uptimeNanos":209170650727497,"LogFormat":"1.1"}
3a45bd43-82d2-4650-8571-039f48c0fdca 2016-12-02 03:03:38.935999778 454051 [184549.776322]   291   291 I SurfaceFlinger: {"fps":57.4, "tot_frames":85360, "prev_frames":85302, "cur_time": 184549705414456, "prev_time": 184548695666071}
3a45bd43-82d2-4650-8571-039f48c0fdca 2016-12-02 03:03:38.955999778 454052 [184549.800351]   291   291 I SurfaceFlinger: {"token":1705, "diffs":[[184548095, 60.937500],[184548144, 59.722221],[184548194, 58.680557],[184548245, 56.770832],[184548295, 55.034721],[184548346, 51.215279],[184548580, 63.888889],[184548632, 67.317711],[184548697, 74.262154],[184548749, 74.218750],[184548800, 66.970490],[184548850, 0.046794],[184548900, 0.046794],[184548950, 0.046963],[184549001, 0.045776],[184549486, 0.073920],[184549536, 1.763238],[184549589, 0.021023],[184549648, 1.771376],[184549710, 0.088501]]}
3a45bd43-82d2-4650-8571-039f48c0fdca 2016-12-02 03:03:39.95999777 454053 [184549.934244] 26367 26367 I Spinner-State-QoE: {"Action":"SpinnerEvent","Type":"stop","View":"android.widget.ProgressBar","Parent":"com.facebook.widget.loadingindicator.LoadingIndicatorView","RootView":"com.android.internal.policy.PhoneWindow$DecorView","AppName":"com.facebook.katana","Pid":26367,"Uid":10085,"Tid":26367,"Id":2131559485,"Token":"077da987-f411-4a50-a9b7-db782187220b","Activity":"com.facebook.katana.activity.FbMainTabActivity","SessionID":"02d76b1f-3407-4fd3-a2c4-ef9d27bebddd","Time":1480665819101,"UpTime":184549863,"timestamp":1480665819101,"uptimeNanos":209170836879319,"LogFormat":"1.1"}
3a45bd43-82d2-4650-8571-039f48c0fdca 2016-12-02 03:03:39.95999777 454054 [184549.934389] 26367 26367 I Spinner-State-QoE: {"Action":"SpinnerEvent","Type":"stop","View":"android.widget.ProgressBar","Parent":"com.facebook.widget.loadingindicator.LoadingIndicatorView","RootView":"com.android.internal.policy.PhoneWindow$DecorView","AppName":"com.facebook.katana","Pid":26367,"Uid":10085,"Tid":26367,"Id":2131559485,"Token":"077da987-f411-4a50-a9b7-db782187220b","Activity":"com.facebook.katana.activity.FbMainTabActivity","SessionID":"02d76b1f-3407-4fd3-a2c4-ef9d27bebddd","Time":1480665819101,"UpTime":184549863,"timestamp":1480665819101,"uptimeNanos":209170837057757,"LogFormat":"1.1"}
3a45bd43-82d2-4650-8571-039f48c0fdca 2016-12-02 03:03:39.605999777 454055 [184550.443337]   988  1462 D WifiStateMachine: L2Connected CMD_START_SCAN source -2 223, 227 -> obsolete
3a45bd43-82d2-4650-8571-039f48c0fdca 2016-12-02 03:03:39.675999777 454056 [184550.517951] 26367 26367 I Spinner-State-QoE: {"Action":"SpinnerEvent","Type":"start","View":"android.widget.ProgressBar","Parent":"com.facebook.widget.loadingindicator.LoadingIndicatorView","RootView":"com.android.internal.policy.PhoneWindow$DecorView","AppName":"com.facebook.katana","Pid":26367,"Uid":10085,"Tid":26367,"Id":2131559485,"Token":"077da987-f411-4a50-a9b7-db782187220b","Activity":"com.facebook.katana.activity.FbMainTabActivity","SessionID":"02d76b1f-3407-4fd3-a2c4-ef9d27bebddd","Time":1480665819685,"UpTime":184550446,"timestamp":1480665819685,"uptimeNanos":209171420578173,"LogFormat":"1.1"}
3a45bd43-82d2-4650-8571-039f48c0fdca 2016-12-02 03:03:39.675999777 454057 [184550.518174] 26367 26367 I Spinner-State-QoE: {"Action":"SpinnerEvent","Type":"start","View":"android.widget.ProgressBar","Parent":"com.facebook.widget.loadingindicator.LoadingIndicatorView","RootView":"com.android.internal.policy.PhoneWindow$DecorView","AppName":"com.facebook.katana","Pid":26367,"Uid":10085,"Tid":26367,"Id":2131559485,"Token":"077da987-f411-4a50-a9b7-db782187220b","Activity":"com.facebook.katana.activity.FbMainTabActivity","SessionID":"02d76b1f-3407-4fd3-a2c4-ef9d27bebddd","Time":1480665819685,"UpTime":184550447,"timestamp":1480665819685,"uptimeNanos":209171420775986,"LogFormat":"1.1"}
3a45bd43-82d2-4650-8571-039f48c0fdca 2016-12-02 03:03:39.865999777 454058 [184550.704583] 26367 26367 I Spinner-State-QoE: {"Action":"SpinnerEvent","Type":"stop","View":"android.widget.ProgressBar","Parent":"com.facebook.widget.loadingindicator.LoadingIndicatorView","RootView":"com.android.internal.policy.PhoneWindow$DecorView","AppName":"com.facebook.katana","Pid":26367,"Uid":10085,"Tid":26367,"Id":2131559485,"Token":"077da987-f411-4a50-a9b7-db782187220b","Activity":"com.facebook.katana.activity.FbMainTabActivity","SessionID":"02d76b1f-3407-4fd3-a2c4-ef9d27bebddd","Time":1480665819871,"UpTime":184550633,"timestamp":1480665819871,"uptimeNanos":209171607144319,"LogFormat":"1.1"}
3a45bd43-82d2-4650-8571-039f48c0fdca 2016-12-02 03:03:39.865999777 454059 [184550.704801] 26367 26367 I Spinner-State-QoE: {"Action":"SpinnerEvent","Type":"stop","View":"android.widget.ProgressBar","Parent":"com.facebook.widget.loadingindicator.LoadingIndicatorView","RootView":"com.android.internal.policy.PhoneWindow$DecorView","AppName":"com.facebook.katana","Pid":26367,"Uid":10085,"Tid":26367,"Id":2131559485,"Token":"077da987-f411-4a50-a9b7-db782187220b","Activity":"com.facebook.katana.activity.FbMainTabActivity","SessionID":"02d76b1f-3407-4fd3-a2c4-ef9d27bebddd","Time":1480665819871,"UpTime":184550633,"timestamp":1480665819871,"uptimeNanos":209171607419475,"LogFormat":"1.1"}
3a45bd43-82d2-4650-8571-039f48c0fdca 2016-12-02 03:03:40.415999777 454060 [184551.255633] 26367 26367 I Spinner-State-QoE: {"Action":"SpinnerEvent","Type":"start","View":"android.widget.ProgressBar","Parent":"com.facebook.widget.loadingindicator.LoadingIndicatorView","RootView":"com.android.internal.policy.PhoneWindow$DecorView","AppName":"com.facebook.katana","Pid":26367,"Uid":10085,"Tid":26367,"Id":2131559485,"Token":"077da987-f411-4a50-a9b7-db782187220b","Activity":"com.facebook.katana.activity.FbMainTabActivity","SessionID":"02d76b1f-3407-4fd3-a2c4-ef9d27bebddd","Time":1480665820422,"UpTime":184551184,"timestamp":1480665820422,"uptimeNanos":209172158257236,"LogFormat":"1.1"}
3a45bd43-82d2-4650-8571-039f48c0fdca 2016-12-02 03:03:40.415999777 454061 [184551.255794] 26367 26367 I Spinner-State-QoE: {"Action":"SpinnerEvent","Type":"start","View":"android.widget.ProgressBar","Parent":"com.facebook.widget.loadingindicator.LoadingIndicatorView","RootView":"com.android.internal.policy.PhoneWindow$DecorView","AppName":"com.facebook.katana","Pid":26367,"Uid":10085,"Tid":26367,"Id":2131559485,"Token":"077da987-f411-4a50-a9b7-db782187220b","Activity":"com.facebook.katana.activity.FbMainTabActivity","SessionID":"02d76b1f-3407-4fd3-a2c4-ef9d27bebddd","Time":1480665820423,"UpTime":184551184,"timestamp":1480665820423,"uptimeNanos":209172158453277,"LogFormat":"1.1"}
3a45bd43-82d2-4650-8571-039f48c0fdca 2016-12-02 03:03:40.425999777 454062 [184551.270384]   291   291 I SurfaceFlinger: {"fps":41.5, "tot_frames":85422, "prev_frames":85360, "cur_time": 184551199489872, "prev_time": 184549705414456}
3a45bd43-82d2-4650-8571-039f48c0fdca 2016-12-02 03:03:40.445999777 454063 [184551.288978] 26367 26367 I Spinner-State-QoE: {"Action":"SpinnerEvent","Type":"stop","View":"android.widget.ProgressBar","Parent":"com.facebook.widget.loadingindicator.LoadingIndicatorView","RootView":"com.android.internal.policy.PhoneWindow$DecorView","AppName":"com.facebook.katana","Pid":26367,"Uid":10085,"Tid":26367,"Id":2131559485,"Token":"077da987-f411-4a50-a9b7-db782187220b","Activity":"com.facebook.katana.activity.FbMainTabActivity","SessionID":"02d76b1f-3407-4fd3-a2c4-ef9d27bebddd","Time":1480665820456,"UpTime":184551217,"timestamp":1480665820456,"uptimeNanos":209172191475986,"LogFormat":"1.1"}
3a45bd43-82d2-4650-8571-039f48c0fdca 2016-12-02 03:03:40.625999777 454064 [184551.463960] 26367 26367 I Spinner-State-QoE: {"Action":"SpinnerEvent","Type":"stop","View":"android.widget.ProgressBar","Parent":"com.facebook.widget.loadingindicator.LoadingIndicatorView","RootView":"com.facebook.widget.loadingindicator.LoadingIndicatorView","AppName":"com.facebook.katana","Pid":26367,"Uid":10085,"Tid":26367,"Id":2131559485,"Token":"077da987-f411-4a50-a9b7-db782187220b","Activity":"com.facebook.katana.activity.FbMainTabActivity","SessionID":"02d76b1f-3407-4fd3-a2c4-ef9d27bebddd","Time":1480665820631,"UpTime":184551392,"timestamp":1480665820631,"uptimeNanos":209172366493433,"LogFormat":"1.1"}
3a45bd43-82d2-4650-8571-039f48c0fdca 2016-12-02 03:03:40.925999777 454065 [184551.769620]   291   291 I SurfaceFlinger: {"token":1706, "diffs":[[184549761, 0.075446],[184549807, 0.063917],[184549860, 0.065274],[184549910, 0.093757],[184550396, 0.018480],[184550445, 0.000000],[184550501, 0.073412],[184550548, 0.046115],[184550598, 0.046794],[184550648, 0.047133],[184551202, 62.803818],[184551253, 74.956596],[184551319, 76.388885],[184551369, 65.494789],[184551422, 67.057289],[184551474, 66.623260],[184551522, 66.666664],[184551573, 64.583336],[184551623, 61.892361],[184551689, 55.902779]]}
3a45bd43-82d2-4650-8571-039f48c0fdca 2016-12-02 03:03:41.435999777 454066 [184552.272832]   291   291 I SurfaceFlinger: {"fps":96.8, "tot_frames":85519, "prev_frames":85422, "cur_time": 184552201944143, "prev_time": 184551199489872}
3a45bd43-82d2-4650-8571-039f48c0fdca 2016-12-02 03:03:41.925999776 454067 [184552.769732] 26367 26367 I Spinner-State-QoE: {"Action":"SpinnerEvent","Type":"stop","View":"android.widget.ProgressBar","Parent":"com.facebook.widget.loadingindicator.LoadingIndicatorView","RootView":"com.android.internal.policy.PhoneWindow$DecorView","AppName":"com.facebook.katana","Pid":26367,"Uid":10085,"Tid":26367,"Id":2131559485,"Token":"077da987-f411-4a50-a9b7-db782187220b","Activity":"com.facebook.katana.activity.FbMainTabActivity","SessionID":"02d76b1f-3407-4fd3-a2c4-ef9d27bebddd","Time":1480665821936,"UpTime":184552698,"timestamp":1480665821936,"uptimeNanos":209173672270933,"LogFormat":"1.1"}
3a45bd43-82d2-4650-8571-039f48c0fdca 2016-12-02 03:03:41.935999776 454068 [184552.772811] 26367 26367 I Spinner-State-QoE: {"Action":"SpinnerEvent","Type":"stop","View":"android.widget.ProgressBar","Parent":"android.widget.FrameLayout","RootView":"com.android.internal.policy.PhoneWindow$DecorView","AppName":"com.facebook.katana","Pid":26367,"Uid":10085,"Tid":26367,"Id":2131564802,"Token":"53b07246-c22b-4f58-ac28-27ed5fa45155","Activity":"com.facebook.katana.activity.FbMainTabActivity","SessionID":"02d76b1f-3407-4fd3-a2c4-ef9d27bebddd","Time":1480665821939,"UpTime":184552701,"timestamp":1480665821939,"uptimeNanos":209173675400308,"LogFormat":"1.1"}
3a45bd43-82d2-4650-8571-039f48c0fdca 2016-12-02 03:03:41.935999776 454069 [184552.774899] 26367 26367 I Spinner-State-QoE: {"Action":"SpinnerEvent","Type":"start","View":"android.widget.ProgressBar","Parent":"com.facebook.widget.loadingindicator.LoadingIndicatorView","RootView":"com.android.internal.policy.PhoneWindow$DecorView","AppName":"com.facebook.katana","Pid":26367,"Uid":10085,"Tid":26367,"Id":2131559485,"Token":"077da987-f411-4a50-a9b7-db782187220b","Activity":"com.facebook.katana.activity.FbMainTabActivity","SessionID":"02d76b1f-3407-4fd3-a2c4-ef9d27bebddd","Time":1480665821942,"UpTime":184552703,"timestamp":1480665821942,"uptimeNanos":209173677512131,"LogFormat":"1.1"}
3a45bd43-82d2-4650-8571-039f48c0fdca 2016-12-02 03:03:41.935999776 454070 [184552.775129] 26367 26367 I Spinner-State-QoE: {"Action":"SpinnerEvent","Type":"start","View":"android.widget.ProgressBar","Parent":"com.facebook.widget.loadingindicator.LoadingIndicatorView","RootView":"com.android.internal.policy.PhoneWindow$DecorView","AppName":"com.facebook.katana","Pid":26367,"Uid":10085,"Tid":26367,"Id":2131559485,"Token":"077da987-f411-4a50-a9b7-db782187220b","Activity":"com.facebook.katana.activity.FbMainTabActivity","SessionID":"02d76b1f-3407-4fd3-a2c4-ef9d27bebddd","Time":1480665821942,"UpTime":184552704,"timestamp":1480665821942,"uptimeNanos":209173677739891,"LogFormat":"1.1"}
3a45bd43-82d2-4650-8571-039f48c0fdca 2016-12-02 03:03:41.935999776 454071 [184552.775721] 26367 26367 W View    : requestLayout() improperly called by android.widget.ProgressBar{6549332 V.ED..... ......ID 685,91-755,161 #7f0d043d app:id/loading_view} during layout: running second layout pass
3a45bd43-82d2-4650-8571-039f48c0fdca 2016-12-02 03:03:41.975999776 454072 [184552.811951] 27138 27151 E VideoPlayerService: Exception in prefetch 
3a45bd43-82d2-4650-8571-039f48c0fdca 2016-12-02 03:03:41.975999776 454072 [184552.811951] 27138 27151 E VideoPlayerService: java.lang.IllegalArgumentException
3a45bd43-82d2-4650-8571-039f48c0fdca 2016-12-02 03:03:41.975999776 454072 [184552.811951] 27138 27151 E VideoPlayerService: 	at X.09q.a(:24045)
3a45bd43-82d2-4650-8571-039f48c0fdca 2016-12-02 03:03:41.975999776 454072 [184552.811951] 27138 27151 E VideoPlayerService: 	at X.0Nv.<init>(:52128)
3a45bd43-82d2-4650-8571-039f48c0fdca 2016-12-02 03:03:41.975999776 454072 [184552.811951] 27138 27151 E VideoPlayerService: 	at X.0Nv.<init>(:52142)
3a45bd43-82d2-4650-8571-039f48c0fdca 2016-12-02 03:03:41.975999776 454072 [184552.811951] 27138 27151 E VideoPlayerService: 	at X.0Jo.b(:39842)
3a45bd43-82d2-4650-8571-039f48c0fdca 2016-12-02 03:03:41.975999776 454072 [184552.811951] 27138 27151 E VideoPlayerService: 	at X.0Jo.a(:39820)
3a45bd43-82d2-4650-8571-039f48c0fdca 2016-12-02 03:03:41.975999776 454072 [184552.811951] 27138 27151 E VideoPlayerService: 	at X.0K4.a(:40870)
3a45bd43-82d2-4650-8571-039f48c0fdca 2016-12-02 03:03:41.975999776 454072 [184552.811951] 27138 27151 E VideoPlayerService: 	at X.096.onTransact(:22404)
3a45bd43-82d2-4650-8571-039f48c0fdca 2016-12-02 03:03:41.975999776 454072 [184552.811951] 27138 27151 E VideoPlayerService: 	at android.os.Binder.execTransact(Binder.java:453)
3a45bd43-82d2-4650-8571-039f48c0fdca 2016-12-02 03:03:42.5999776 454073 [184552.845972] 26367 26367 I Spinner-State-QoE: {"Action":"SpinnerEvent","Type":"start","View":"android.widget.ProgressBar","Parent":"android.widget.FrameLayout","RootView":"com.android.internal.policy.PhoneWindow$DecorView","AppName":"com.facebook.katana","Pid":26367,"Uid":10085,"Tid":26367,"Id":2131564802,"Token":"53b07246-c22b-4f58-ac28-27ed5fa45155","Activity":"com.facebook.katana.activity.FbMainTabActivity","SessionID":"02d76b1f-3407-4fd3-a2c4-ef9d27bebddd","Time":1480665822013,"UpTime":184552774,"timestamp":1480665822013,"uptimeNanos":209173748603537,"LogFormat":"1.1"}
3a45bd43-82d2-4650-8571-039f48c0fdca 2016-12-02 03:03:42.5999776 454074 [184552.846131] 26367 26367 I Spinner-State-QoE: {"Action":"SpinnerEvent","Type":"stop","View":"android.widget.ProgressBar","Parent":"android.widget.FrameLayout","RootView":"com.android.internal.policy.PhoneWindow$DecorView","AppName":"com.facebook.katana","Pid":26367,"Uid":10085,"Tid":26367,"Id":2131564802,"Token":"53b07246-c22b-4f58-ac28-27ed5fa45155","Activity":"com.facebook.katana.activity.FbMainTabActivity","SessionID":"02d76b1f-3407-4fd3-a2c4-ef9d27bebddd","Time":1480665822013,"UpTime":184552775,"timestamp":1480665822013,"uptimeNanos":209173748794579,"LogFormat":"1.1"}
3a45bd43-82d2-4650-8571-039f48c0fdca 2016-12-02 03:03:42.5999776 454075 [184552.847071] 26367 26367 I Spinner-State-QoE: {"Action":"SpinnerEvent","Type":"stop","View":"android.widget.ProgressBar","Parent":"com.facebook.widget.loadingindicator.LoadingIndicatorView","RootView":"com.android.internal.policy.PhoneWindow$DecorView","AppName":"com.facebook.katana","Pid":26367,"Uid":10085,"Tid":26367,"Id":2131559485,"Token":"077da987-f411-4a50-a9b7-db782187220b","Activity":"com.facebook.katana.activity.FbMainTabActivity","SessionID":"02d76b1f-3407-4fd3-a2c4-ef9d27bebddd","Time":1480665822014,"UpTime":184552776,"timestamp":1480665822014,"uptimeNanos":209173749714006,"LogFormat":"1.1"}
3a45bd43-82d2-4650-8571-039f48c0fdca 2016-12-02 03:03:42.85999776 454076 [184552.927826]   291   291 I SurfaceFlinger: {"token":1707, "diffs":[[184551739, 55.468750],[184551792, 57.118057],[184551841, 64.800346],[184551892, 65.277779],[184551943, 73.437500],[184552008, 65.625000],[184552057, 55.251736],[184552142, 0.000000],[184552193, 0.319248],[184552243, 0.526259],[184552293, 0.262112],[184552343, 0.150384],[184552397, 0.000000],[184552494, 0.153775],[184552547, 0.036791],[184552597, 0.015598],[184552648, 0.013902],[184552698, 0.013224],[184552796, 0.347053],[184552846, 0.257195]]}
3a45bd43-82d2-4650-8571-039f48c0fdca 2016-12-02 03:03:42.125999776 454077 [184552.962006] 26367 26367 I Spinner-State-QoE: {"Action":"SpinnerEvent","Type":"stop","View":"android.widget.ProgressBar","Parent":"com.facebook.widget.loadingindicator.LoadingIndicatorView","RootView":"com.facebook.widget.loadingindicator.LoadingIndicatorView","AppName":"com.facebook.katana","Pid":26367,"Uid":10085,"Tid":26367,"Id":2131559485,"Token":"077da987-f411-4a50-a9b7-db782187220b","Activity":"com.facebook.katana.activity.FbMainTabActivity","SessionID":"02d76b1f-3407-4fd3-a2c4-ef9d27bebddd","Time":1480665822129,"UpTime":184552890,"timestamp":1480665822129,"uptimeNanos":209173864615308,"LogFormat":"1.1"}
3a45bd43-82d2-4650-8571-039f48c0fdca 2016-12-02 03:03:42.195999776 454078 [184553.034797] 26367 26586 W fb4a(:<default>):17a: Making fallback request for 'encryptChannelRequestMethod'
3a45bd43-82d2-4650-8571-039f48c0fdca 2016-12-02 03:03:42.195999776 454078 [184553.034797] 26367 26586 W fb4a(:<default>):17a: X.3A3: [code] 100 [message]: (#100) Invalid parameter [extra]: 
3a45bd43-82d2-4650-8571-039f48c0fdca 2016-12-02 03:03:42.195999776 454078 [184553.034797] 26367 26586 W fb4a(:<default>):17a: 	at X.0ya.a(:154406)
3a45bd43-82d2-4650-8571-039f48c0fdca 2016-12-02 03:03:42.195999776 454078 [184553.034797] 26367 26586 W fb4a(:<default>):17a: 	at X.0ya.a(:154329)
3a45bd43-82d2-4650-8571-039f48c0fdca 2016-12-02 03:03:42.195999776 454078 [184553.034797] 26367 26586 W fb4a(:<default>):17a: 	at X.0ya.a(:154313)
3a45bd43-82d2-4650-8571-039f48c0fdca 2016-12-02 03:03:42.195999776 454078 [184553.034797] 26367 26586 W fb4a(:<default>):17a: 	at X.0ya.a(:154325)
3a45bd43-82d2-4650-8571-039f48c0fdca 2016-12-02 03:03:42.195999776 454078 [184553.034797] 26367 26586 W fb4a(:<default>):17a: 	at X.29a.a(:376907)
3a45bd43-82d2-4650-8571-039f48c0fdca 2016-12-02 03:03:42.195999776 454078 [184553.034797] 26367 26586 W fb4a(:<default>):17a: 	at X.11P.b(:163594)
3a45bd43-82d2-4650-8571-039f48c0fdca 2016-12-02 03:03:42.195999776 454078 [184553.034797] 26367 26586 W fb4a(:<default>):17a: 	at X.11P.handleResponse(:163601)
3a45bd43-82d2-4650-8571-039f48c0fdca 2016-12-02 03:03:42.195999776 454078 [184553.034797] 26367 26586 W fb4a(:<default>):17a: 	at com.facebook.tigon.httpclientadapter.TigonHttpClientAdapterImpl$ClientCallbacks$1.run(:207173)
3a45bd43-82d2-4650-8571-039f48c0fdca 2016-12-02 03:03:42.195999776 454078 [184553.034797] 26367 26586 W fb4a(:<default>):17a: 	at java.util.concurrent.Executors$RunnableAdapter.call(Executors.java:423)
3a45bd43-82d2-4650-8571-039f48c0fdca 2016-12-02 03:03:42.195999776 454078 [184553.034797] 26367 26586 W fb4a(:<default>):17a: 	at com.facebook.common.executors.WrappingExecutorService$1.run(:76422)
3a45bd43-82d2-4650-8571-039f48c0fdca 2016-12-02 03:03:42.195999776 454078 [184553.034797] 26367 26586 W fb4a(:<default>):17a: 	at com.facebook.common.executors.DefaultConstrainedListeningExecutorService$Worker.run(:62913)
3a45bd43-82d2-4650-8571-039f48c0fdca 2016-12-02 03:03:42.195999776 454078 [184553.034797] 26367 26586 W fb4a(:<default>):17a: 	at java.util.concurrent.ThreadPoolExecutor.runWorker(ThreadPoolExecutor.java:1113)
3a45bd43-82d2-4650-8571-039f48c0fdca 2016-12-02 03:03:42.195999776 454078 [184553.034797] 26367 26586 W fb4a(:<default>):17a: 	at java.util.concurrent.ThreadPoolExecutor$Worker.run(ThreadPoolExecutor.java:588)
3a45bd43-82d2-4650-8571-039f48c0fdca 2016-12-02 03:03:42.195999776 454078 [184553.034797] 26367 26586 W fb4a(:<default>):17a: 	at com.facebook.common.executors.NamedThreadFactory$1.run(:76786)
3a45bd43-82d2-4650-8571-039f48c0fdca 2016-12-02 03:03:42.195999776 454078 [184553.034797] 26367 26586 W fb4a(:<default>):17a: 	at java.lang.Thread.run(Thread.java:818)
3a45bd43-82d2-4650-8571-039f48c0fdca 2016-12-02 03:03:42.265999776 454079 [184553.101084] 26367 26463 E fb4a(:<default>):UDPPrimingServiceHandler: Fallback stack exception
3a45bd43-82d2-4650-8571-039f48c0fdca 2016-12-02 03:03:42.265999776 454079 [184553.101084] 26367 26463 E fb4a(:<default>):UDPPrimingServiceHandler: java.io.IOException: Fallback stack exception
3a45bd43-82d2-4650-8571-039f48c0fdca 2016-12-02 03:03:42.265999776 454079 [184553.101084] 26367 26463 E fb4a(:<default>):UDPPrimingServiceHandler: 	at X.4gy.onFailure(:824913)
3a45bd43-82d2-4650-8571-039f48c0fdca 2016-12-02 03:03:42.265999776 454079 [184553.101084] 26367 26463 E fb4a(:<default>):UDPPrimingServiceHandler: 	at com.google.common.util.concurrent.Futures$6.run(:67624)
3a45bd43-82d2-4650-8571-039f48c0fdca 2016-12-02 03:03:42.265999776 454079 [184553.101084] 26367 26463 E fb4a(:<default>):UDPPrimingServiceHandler: 	at X.1DO.execute(:197270)
3a45bd43-82d2-4650-8571-039f48c0fdca 2016-12-02 03:03:42.265999776 454079 [184553.101084] 26367 26463 E fb4a(:<default>):UDPPrimingServiceHandler: 	at X.02C.a(:7088)
3a45bd43-82d2-4650-8571-039f48c0fdca 2016-12-02 03:03:42.265999776 454079 [184553.101084] 26367 26463 E fb4a(:<default>):UDPPrimingServiceHandler: 	at X.0Sl.b(:62026)
3a45bd43-82d2-4650-8571-039f48c0fdca 2016-12-02 03:03:42.265999776 454079 [184553.101084] 26367 26463 E fb4a(:<default>):UDPPrimingServiceHandler: 	at X.0Sl.a(:62044)
3a45bd43-82d2-4650-8571-039f48c0fdca 2016-12-02 03:03:42.265999776 454079 [184553.101084] 26367 26463 E fb4a(:<default>):UDPPrimingServiceHandler: 	at X.0VL.done(:67530)
3a45bd43-82d2-4650-8571-039f48c0fdca 2016-12-02 03:03:42.265999776 454079 [184553.101084] 26367 26463 E fb4a(:<default>):UDPPrimingServiceHandler: 	at java.util.concurrent.FutureTask.finishCompletion(FutureTask.java:354)
3a45bd43-82d2-4650-8571-039f48c0fdca 2016-12-02 03:03:42.265999776 454079 [184553.101084] 26367 26463 E fb4a(:<default>):UDPPrimingServiceHandler: 	at java.util.concurrent.FutureTask.setException(FutureTask.java:223)
3a45bd43-82d2-4650-8571-039f48c0fdca 2016-12-02 03:03:42.265999776 454079 [184553.101084] 26367 26463 E fb4a(:<default>):UDPPrimingServiceHandler: 	at java.util.concurrent.FutureTask.run(FutureTask.java:242)
3a45bd43-82d2-4650-8571-039f48c0fdca 2016-12-02 03:03:42.265999776 454079 [184553.101084] 26367 26463 E fb4a(:<default>):UDPPrimingServiceHandler: 	at com.facebook.common.executors.DefaultConstrainedListeningExecutorService$Worker.run(:62913)
3a45bd43-82d2-4650-8571-039f48c0fdca 2016-12-02 03:03:42.265999776 454079 [184553.101084] 26367 26463 E fb4a(:<default>):UDPPrimingServiceHandler: 	at java.util.concurrent.ThreadPoolExecutor.runWorker(ThreadPoolExecutor.java:1113)
3a45bd43-82d2-4650-8571-039f48c0fdca 2016-12-02 03:03:42.265999776 454079 [184553.101084] 26367 26463 E fb4a(:<default>):UDPPrimingServiceHandler: 	at java.util.concurrent.ThreadPoolExecutor$Worker.run(ThreadPoolExecutor.java:588)
3a45bd43-82d2-4650-8571-039f48c0fdca 2016-12-02 03:03:42.265999776 454079 [184553.101084] 26367 26463 E fb4a(:<default>):UDPPrimingServiceHandler: 	at com.facebook.common.executors.NamedThreadFactory$1.run(:76786)
3a45bd43-82d2-4650-8571-039f48c0fdca 2016-12-02 03:03:42.265999776 454079 [184553.101084] 26367 26463 E fb4a(:<default>):UDPPrimingServiceHandler: 	at java.lang.Thread.run(Thread.java:818)
3a45bd43-82d2-4650-8571-039f48c0fdca 2016-12-02 03:03:42.265999776 454079 [184553.101084] 26367 26463 E fb4a(:<default>):UDPPrimingServiceHandler: Caused by: X.3A3: [code] 100 [message]: (#100) Invalid parameter [extra]: 
3a45bd43-82d2-4650-8571-039f48c0fdca 2016-12-02 03:03:42.265999776 454079 [184553.101084] 26367 26463 E fb4a(:<default>):UDPPrimingServiceHandler: 	at X.0ya.a(:154406)
3a45bd43-82d2-4650-8571-039f48c0fdca 2016-12-02 03:03:42.265999776 454079 [184553.101084] 26367 26463 E fb4a(:<default>):UDPPrimingServiceHandler: 	at X.0ya.a(:154329)
3a45bd43-82d2-4650-8571-039f48c0fdca 2016-12-02 03:03:42.265999776 454079 [184553.101084] 26367 26463 E fb4a(:<default>):UDPPrimingServiceHandler: 	at X.0ya.a(:154313)
3a45bd43-82d2-4650-8571-039f48c0fdca 2016-12-02 03:03:42.265999776 454079 [184553.101084] 26367 26463 E fb4a(:<default>):UDPPrimingServiceHandler: 	at X.0ya.a(:154325)
3a45bd43-82d2-4650-8571-039f48c0fdca 2016-12-02 03:03:42.265999776 454079 [184553.101084] 26367 26463 E fb4a(:<default>):UDPPrimingServiceHandler: 	at X.29a.a(:376907)
3a45bd43-82d2-4650-8571-039f48c0fdca 2016-12-02 03:03:42.265999776 454079 [184553.101084] 26367 26463 E fb4a(:<default>):UDPPrimingServiceHandler: 	at X.11P.b(:163594)
3a45bd43-82d2-4650-8571-039f48c0fdca 2016-12-02 03:03:42.265999776 454079 [184553.101084] 26367 26463 E fb4a(:<default>):UDPPrimingServiceHandler: 	at X.11P.handleResponse(:163601)
3a45bd43-82d2-4650-8571-039f48c0fdca 2016-12-02 03:03:42.265999776 454079 [184553.101084] 26367 26463 E fb4a(:<default>):UDPPrimingServiceHandler: 	at X.17d.a(:188163)
3a45bd43-82d2-4650-8571-039f48c0fdca 2016-12-02 03:03:42.265999776 454079 [184553.101084] 26367 26463 E fb4a(:<default>):UDPPrimingServiceHandler: 	at X.17d.a(:188072)
3a45bd43-82d2-4650-8571-039f48c0fdca 2016-12-02 03:03:42.265999776 454079 [184553.101084] 26367 26463 E fb4a(:<default>):UDPPrimingServiceHandler: 	at X.4gp.call(:824835)
3a45bd43-82d2-4650-8571-039f48c0fdca 2016-12-02 03:03:42.265999776 454079 [184553.101084] 26367 26463 E fb4a(:<default>):UDPPrimingServiceHandler: 	at java.util.concurrent.FutureTask.run(FutureTask.java:237)
3a45bd43-82d2-4650-8571-039f48c0fdca 2016-12-02 03:03:42.265999776 454079 [184553.101084] 26367 26463 E fb4a(:<default>):UDPPrimingServiceHandler: 	... 5 more
3a45bd43-82d2-4650-8571-039f48c0fdca 2016-12-02 03:03:43.85999776 454080 [184553.925651]   291   291 I SurfaceFlinger: {"fps":39.3, "tot_frames":85584, "prev_frames":85519, "cur_time": 184553854748257, "prev_time": 184552201944143}
3a45bd43-82d2-4650-8571-039f48c0fdca 2016-12-02 03:03:43.185999776 11576 [184554.030631]   988  1562 I ActivityManager: START u0 {flg=0x10000 cmp=com.facebook.katana/.activity.ImmersiveActivity (has extras)} from uid 10085 on display 0
3a45bd43-82d2-4650-8571-039f48c0fdca 2016-12-02 03:03:43.195999776 454081 [184554.039606] 26367 26367 I Activity-LifeCycle-QoE: {"Action":"onPause","AppName":"com.facebook.katana","Pid":26367,"Uid":10085,"Tid":26367,"ParentActivity":"NULL","ActivityName":"com.facebook.katana\/com.facebook.katana.LoginActivity","Time":1480665823206,"UpTime":184553968,"SessionID":"02d76b1f-3407-4fd3-a2c4-ef9d27bebddd","timestamp":1480665823206,"uptimeNanos":209174942215620,"LogFormat":"1.1"}
3a45bd43-82d2-4650-8571-039f48c0fdca 2016-12-02 03:03:43.235999776 454082 [184554.076050] 26367 27152 D OpenGLRenderer: GL error while copying layer into bitmap = 0x500
3a45bd43-82d2-4650-8571-039f48c0fdca 2016-12-02 03:03:43.355999776 454083 [184554.196387] 26367 26367 I Activity-LifeCycle-QoE: {"Action":"onStart","AppName":"com.facebook.katana","Pid":26367,"Uid":10085,"Tid":26367,"ParentActivity":"NULL","ActivityName":"com.facebook.katana\/com.facebook.katana.activity.ImmersiveActivity","Time":1480665823363,"UpTime":184554125,"SessionID":"7f1f940e-907c-45d5-8f85-e0559879b135","timestamp":1480665823363,"uptimeNanos":209175098982443,"LogFormat":"1.1"}
3a45bd43-82d2-4650-8571-039f48c0fdca 2016-12-02 03:03:43.425999776 454084 [184554.263568] 26367 26367 E fb4a(:<default>):ContextualResolverImpl: Error analyzing configuration: CONFIG_NOT_FOUND!
3a45bd43-82d2-4650-8571-039f48c0fdca 2016-12-02 03:03:43.445999776 454085 [184554.284754] 26367 26367 I Activity-LifeCycle-QoE: {"Action":"onResume","AppName":"com.facebook.katana","Pid":26367,"Uid":10085,"Tid":26367,"ParentActivity":"NULL","ActivityName":"com.facebook.katana\/com.facebook.katana.activity.ImmersiveActivity","Time":1480665823451,"UpTime":184554213,"SessionID":"7f1f940e-907c-45d5-8f85-e0559879b135","timestamp":1480665823451,"uptimeNanos":209175187380776,"LogFormat":"1.1"}
3a45bd43-82d2-4650-8571-039f48c0fdca 2016-12-02 03:03:43.455999776 454086 [184554.295634] 26367 26367 I Spinner-State-QoE: {"Action":"SpinnerEvent","Type":"start","View":"android.widget.ProgressBar","Parent":"NULL","RootView":"android.widget.ProgressBar","AppName":"com.facebook.katana","Pid":26367,"Uid":10085,"Tid":26367,"Id":2131559627,"Token":"","Activity":"android.view.ContextThemeWrapper","SessionID":"unknown","Time":1480665823462,"UpTime":184554224,"timestamp":1480665823462,"uptimeNanos":209175198246714,"LogFormat":"1.1"}
3a45bd43-82d2-4650-8571-039f48c0fdca 2016-12-02 03:03:43.465999776 454087 [184554.301621] 26367 26367 I Spinner-State-QoE: {"Action":"SpinnerEvent","Type":"stop","View":"android.widget.ProgressBar","Parent":"NULL","RootView":"android.widget.ProgressBar","AppName":"com.facebook.katana","Pid":26367,"Uid":10085,"Tid":26367,"Id":2131559627,"Token":"deff7fda-9e21-4fe8-9071-9743797b53bb","Activity":"android.view.ContextThemeWrapper","SessionID":"unknown","Time":1480665823468,"UpTime":184554230,"timestamp":1480665823468,"uptimeNanos":209175204239630,"LogFormat":"1.1"}
3a45bd43-82d2-4650-8571-039f48c0fdca 2016-12-02 03:03:43.485999776 454088 [184554.321127]   414   414 D KernelPrintk:  SUBSYSTEM=i2c
3a45bd43-82d2-4650-8571-039f48c0fdca 2016-12-02 03:03:43.485999776 454089 [184554.321137]   414   414 D KernelPrintk:  DEVICE=+i2c:0-001c
3a45bd43-82d2-4650-8571-039f48c0fdca 2016-12-02 03:03:43.485999776 454090 [184554.321153]   414   414 D KernelPrintk: 36,60593,184554320003,-;type=1400 audit(1480665823.475:3855): avc: denied { ioctl } for pid=2309 comm="Binder_C" path="socket:[803043]" dev="sockfs" ino=803043 ioctlcmd=7704 scontext=u:r:system_server:s0 tcontext=u:r:system_server:s0 tclass=unix_stream_socket permissive=0
3a45bd43-82d2-4650-8571-039f48c0fdca 2016-12-02 03:03:43.485999776 454091 [184554.321165]   414   414 D KernelPrintk: 36,60594,184554320126,-;type=1400 audit(1480665823.475:3856): avc: denied { ioctl } for pid=2309 comm="Binder_C" path="socket:[803043]" dev="sockfs" ino=803043 ioctlcmd=7704 scontext=u:r:system_server:s0 tcontext=u:r:system_server:s0 tclass=unix_stream_socket permissive=0
3a45bd43-82d2-4650-8571-039f48c0fdca 2016-12-02 03:03:43.665999776 454092 [184554.509665]   988  1007 I ActivityManager: Displayed com.facebook.katana/.activity.ImmersiveActivity: +429ms
3a45bd43-82d2-4650-8571-039f48c0fdca 2016-12-02 03:03:43.675999776 454093 [184554.511005]   414   414 D KernelPrintk: 36,60595,184554510346,-;type=1400 audit(1480665823.665:3857): avc: denied { ioctl } for pid=2309 comm="Binder_C" path="socket:[802670]" dev="sockfs" ino=802670 ioctlcmd=7704 scontext=u:r:system_server:s0 tcontext=u:r:system_server:s0 tclass=unix_stream_socket permissive=0
3a45bd43-82d2-4650-8571-039f48c0fdca 2016-12-02 03:03:43.675999776 454094 [184554.518175]  2012  2012 I LatinIME: Starting input. Cursor position = 0,0
3a45bd43-82d2-4650-8571-039f48c0fdca 2016-12-02 03:03:43.685999776 454095 [184554.520980]   414   414 D KernelPrintk: 36,60596,184554511192,-;type=1400 audit(1480665823.665:3858): avc: denied { ioctl } for pid=2309 comm="Binder_C" path="socket:[802670]" dev="sockfs" ino=802670 ioctlcmd=7704 scontext=u:r:system_server:s0 tcontext=u:r:system_server:s0 tclass=unix_stream_socket permissive=0
3a45bd43-82d2-4650-8571-039f48c0fdca 2016-12-02 03:03:43.685999776 454096 [184554.521000]   414   414 D KernelPrintk: 4,60597,184554518400,-;smb135x-charger 0-001c: Increase Input Rate
3a45bd43-82d2-4650-8571-039f48c0fdca 2016-12-02 03:03:43.805999776 454097 [184554.649877] 26367 26367 I Spinner-State-QoE: {"Action":"SpinnerEvent","Type":"stop","View":"android.widget.ProgressBar","Parent":"com.facebook.widget.loadingindicator.LoadingIndicatorView","RootView":"com.android.internal.policy.PhoneWindow$DecorView","AppName":"com.facebook.katana","Pid":26367,"Uid":10085,"Tid":26367,"Id":2131559485,"Token":"d85a1456-d55a-472c-9b2d-d0eba968afb8","Activity":"android.view.ContextThemeWrapper","SessionID":"unknown","Time":1480665823817,"UpTime":184554578,"timestamp":1480665823817,"uptimeNanos":209175552493484,"LogFormat":"1.1"}
3a45bd43-82d2-4650-8571-039f48c0fdca 2016-12-02 03:03:43.815999776 454098 [184554.660788] 26367 26367 I Activity-LifeCycle-QoE: {"Action":"onStop","AppName":"com.facebook.katana","Pid":26367,"Uid":10085,"Tid":26367,"ParentActivity":"NULL","ActivityName":"com.facebook.katana\/com.facebook.katana.LoginActivity","Time":1480665823827,"UpTime":184554589,"SessionID":"02d76b1f-3407-4fd3-a2c4-ef9d27bebddd","timestamp":1480665823827,"uptimeNanos":209175563421922,"LogFormat":"1.1"}
3a45bd43-82d2-4650-8571-039f48c0fdca 2016-12-02 03:03:43.825999776 454099 [184554.664756] 26367 26367 I Spinner-State-QoE: {"Action":"SpinnerEvent","Type":"stop","View":"android.widget.ProgressBar","Parent":"android.widget.FrameLayout","RootView":"com.android.internal.policy.PhoneWindow$DecorView","AppName":"com.facebook.katana","Pid":26367,"Uid":10085,"Tid":26367,"Id":2131564802,"Token":"53b07246-c22b-4f58-ac28-27ed5fa45155","Activity":"com.facebook.katana.activity.FbMainTabActivity","SessionID":"","Time":1480665823831,"UpTime":184554593,"timestamp":1480665823831,"uptimeNanos":209175567336922,"LogFormat":"1.1"}
3a45bd43-82d2-4650-8571-039f48c0fdca 2016-12-02 03:03:44.95999776 454100 [184554.935333]   291   291 I SurfaceFlinger: {"fps":65.4, "tot_frames":85650, "prev_frames":85584, "cur_time": 184554864425340, "prev_time": 184553854748257}
3a45bd43-82d2-4650-8571-039f48c0fdca 2016-12-02 03:03:45.35999775 454101 [184555.876344] 26367 26367 I Spinner-State-QoE: {"Action":"SpinnerEvent","Type":"start","View":"android.widget.ProgressBar","Parent":"NULL","RootView":"android.widget.ProgressBar","AppName":"com.facebook.katana","Pid":26367,"Uid":10085,"Tid":26367,"Id":2131559627,"Token":"deff7fda-9e21-4fe8-9071-9743797b53bb","Activity":"android.view.ContextThemeWrapper","SessionID":"unknown","Time":1480665825043,"UpTime":184555805,"timestamp":1480665825043,"uptimeNanos":209176778957078,"LogFormat":"1.1"}
3a45bd43-82d2-4650-8571-039f48c0fdca 2016-12-02 03:03:45.65999775 454102 [184555.903510] 26367 26367 I Spinner-State-QoE: {"Action":"SpinnerEvent","Type":"start","View":"android.widget.ProgressBar","Parent":"com.facebook.widget.recyclerview.BetterRecyclerView","RootView":"com.android.internal.policy.PhoneWindow$DecorView","AppName":"com.facebook.katana","Pid":26367,"Uid":10085,"Tid":26367,"Id":2131559627,"Token":"deff7fda-9e21-4fe8-9071-9743797b53bb","Activity":"android.view.ContextThemeWrapper","SessionID":"unknown","Time":1480665825070,"UpTime":184555832,"timestamp":1480665825070,"uptimeNanos":209176806052650,"LogFormat":"1.1"}
3a45bd43-82d2-4650-8571-039f48c0fdca 2016-12-02 03:03:45.65999775 454103 [184555.903737] 26367 26367 I Spinner-State-QoE: {"Action":"SpinnerEvent","Type":"start","View":"android.widget.ProgressBar","Parent":"com.facebook.widget.recyclerview.BetterRecyclerView","RootView":"com.android.internal.policy.PhoneWindow$DecorView","AppName":"com.facebook.katana","Pid":26367,"Uid":10085,"Tid":26367,"Id":2131559627,"Token":"deff7fda-9e21-4fe8-9071-9743797b53bb","Activity":"android.view.ContextThemeWrapper","SessionID":"unknown","Time":1480665825070,"UpTime":184555832,"timestamp":1480665825070,"uptimeNanos":209176806350775,"LogFormat":"1.1"}
3a45bd43-82d2-4650-8571-039f48c0fdca 2016-12-02 03:03:45.85999775 454104 [184555.921070]   414   414 D KernelPrintk:  SUBSYSTEM=i2c
3a45bd43-82d2-4650-8571-039f48c0fdca 2016-12-02 03:03:45.85999775 454105 [184555.921091]   414   414 D KernelPrintk:  DEVICE=+i2c:0-001c
3a45bd43-82d2-4650-8571-039f48c0fdca 2016-12-02 03:03:45.85999775 454106 [184555.921124]   414   414 D KernelPrintk: 4,60598,184555914880,-;smb135x-charger 0-001c: Input current Set 0x0
3a45bd43-82d2-4650-8571-039f48c0fdca 2016-12-02 03:03:45.125999775 454107 [184555.965216]   291   291 I SurfaceFlinger: {"fps":18.4, "tot_frames":85669, "prev_frames":85650, "cur_time": 184555894272631, "prev_time": 184554864425340}
3a45bd43-82d2-4650-8571-039f48c0fdca 2016-12-02 03:03:45.145999775 454108 [184555.985559] 26367 26367 I Spinner-State-QoE: {"Action":"SpinnerEvent","Type":"stop","View":"android.widget.ProgressBar","Parent":"com.facebook.widget.recyclerview.BetterRecyclerView","RootView":"com.android.internal.policy.PhoneWindow$DecorView","AppName":"com.facebook.katana","Pid":26367,"Uid":10085,"Tid":26367,"Id":2131559627,"Token":"deff7fda-9e21-4fe8-9071-9743797b53bb","Activity":"android.view.ContextThemeWrapper","SessionID":"unknown","Time":1480665825152,"UpTime":184555914,"timestamp":1480665825152,"uptimeNanos":209176888035463,"LogFormat":"1.1"}
3a45bd43-82d2-4650-8571-039f48c0fdca 2016-12-02 03:03:45.145999775 454109 [184555.985876] 26367 26367 I Spinner-State-QoE: {"Action":"SpinnerEvent","Type":"stop","View":"android.widget.ProgressBar","Parent":"com.facebook.widget.recyclerview.BetterRecyclerView","RootView":"com.android.internal.policy.PhoneWindow$DecorView","AppName":"com.facebook.katana","Pid":26367,"Uid":10085,"Tid":26367,"Id":2131559627,"Token":"deff7fda-9e21-4fe8-9071-9743797b53bb","Activity":"android.view.ContextThemeWrapper","SessionID":"unknown","Time":1480665825153,"UpTime":184555914,"timestamp":1480665825153,"uptimeNanos":209176888492963,"LogFormat":"1.1"}
3a45bd43-82d2-4650-8571-039f48c0fdca 2016-12-02 03:03:45.145999775 454110 [184555.990123]   291   291 I SurfaceFlinger: {"token":1708, "diffs":[[184553856, 0.099521],[184553974, 0.000000],[184554040, 36.848957],[184554276, 0.099521],[184554328, 0.000000],[184554380, 0.000000],[184554436, 0.000000],[184554537, 15.071614],[184554594, 0.346375],[184554654, 0.239733],[184554715, 41.102432],[184554768, 44.357639],[184554820, 41.644966],[184554866, 7.416450],[184554965, 0.000000],[184555015, 0.000509],[184555469, 0.000000],[184555772, 2.079264],[184555858, 4.766168],[184555903, 0.113085]]}
3a45bd43-82d2-4650-8571-039f48c0fdca 2016-12-02 03:03:45.155999775 454111 [184555.993001] 26367 26367 I Spinner-State-QoE: {"Action":"SpinnerEvent","Type":"stop","View":"android.widget.ProgressBar","Parent":"com.facebook.widget.recyclerview.BetterRecyclerView","RootView":"com.android.internal.policy.PhoneWindow$DecorView","AppName":"com.facebook.katana","Pid":26367,"Uid":10085,"Tid":26367,"Id":2131559627,"Token":"deff7fda-9e21-4fe8-9071-9743797b53bb","Activity":"android.view.ContextThemeWrapper","SessionID":"unknown","Time":1480665825160,"UpTime":184555922,"timestamp":1480665825160,"uptimeNanos":209176895641609,"LogFormat":"1.1"}
3a45bd43-82d2-4650-8571-039f48c0fdca 2016-12-02 03:03:45.335999775 454112 [184556.176545] 26367 26367 I Spinner-State-QoE: {"Action":"SpinnerEvent","Type":"start","View":"android.widget.ProgressBar","Parent":"com.facebook.widget.recyclerview.BetterRecyclerView","RootView":"com.android.internal.policy.PhoneWindow$DecorView","AppName":"com.facebook.katana","Pid":26367,"Uid":10085,"Tid":26367,"Id":2131559627,"Token":"deff7fda-9e21-4fe8-9071-9743797b53bb","Activity":"android.view.ContextThemeWrapper","SessionID":"unknown","Time":1480665825343,"UpTime":184556105,"timestamp":1480665825343,"uptimeNanos":209177079082546,"LogFormat":"1.1"}
3a45bd43-82d2-4650-8571-039f48c0fdca 2016-12-02 03:03:45.335999775 454113 [184556.176875] 26367 26367 I Spinner-State-QoE: {"Action":"SpinnerEvent","Type":"start","View":"android.widget.ProgressBar","Parent":"com.facebook.widget.recyclerview.BetterRecyclerView","RootView":"com.android.internal.policy.PhoneWindow$DecorView","AppName":"com.facebook.katana","Pid":26367,"Uid":10085,"Tid":26367,"Id":2131559627,"Token":"deff7fda-9e21-4fe8-9071-9743797b53bb","Activity":"android.view.ContextThemeWrapper","SessionID":"unknown","Time":1480665825343,"UpTime":184556105,"timestamp":1480665825343,"uptimeNanos":209177079390046,"LogFormat":"1.1"}
3a45bd43-82d2-4650-8571-039f48c0fdca 2016-12-02 03:03:45.335999775 454114 [184556.180349] 26367 26367 I Spinner-State-QoE: {"Action":"SpinnerEvent","Type":"stop","View":"android.widget.ProgressBar","Parent":"com.facebook.widget.recyclerview.BetterRecyclerView","RootView":"com.android.internal.policy.PhoneWindow$DecorView","AppName":"com.facebook.katana","Pid":26367,"Uid":10085,"Tid":26367,"Id":2131559627,"Token":"deff7fda-9e21-4fe8-9071-9743797b53bb","Activity":"android.view.ContextThemeWrapper","SessionID":"unknown","Time":1480665825347,"UpTime":184556109,"timestamp":1480665825347,"uptimeNanos":209177082800411,"LogFormat":"1.1"}
3a45bd43-82d2-4650-8571-039f48c0fdca 2016-12-02 03:03:45.355999775 454115 [184556.195739] 26367 26367 I Spinner-State-QoE: {"Action":"SpinnerEvent","Type":"start","View":"android.widget.ProgressBar","Parent":"com.facebook.widget.recyclerview.BetterRecyclerView","RootView":"com.android.internal.policy.PhoneWindow$DecorView","AppName":"com.facebook.katana","Pid":26367,"Uid":10085,"Tid":26367,"Id":2131559627,"Token":"deff7fda-9e21-4fe8-9071-9743797b53bb","Activity":"android.view.ContextThemeWrapper","SessionID":"unknown","Time":1480665825362,"UpTime":184556124,"timestamp":1480665825362,"uptimeNanos":209177098243640,"LogFormat":"1.1"}
3a45bd43-82d2-4650-8571-039f48c0fdca 2016-12-02 03:03:45.355999775 454116 [184556.195972] 26367 26367 I Spinner-State-QoE: {"Action":"SpinnerEvent","Type":"start","View":"android.widget.ProgressBar","Parent":"com.facebook.widget.recyclerview.BetterRecyclerView","RootView":"com.android.internal.policy.PhoneWindow$DecorView","AppName":"com.facebook.katana","Pid":26367,"Uid":10085,"Tid":26367,"Id":2131559627,"Token":"deff7fda-9e21-4fe8-9071-9743797b53bb","Activity":"android.view.ContextThemeWrapper","SessionID":"unknown","Time":1480665825363,"UpTime":184556124,"timestamp":1480665825363,"uptimeNanos":209177098583379,"LogFormat":"1.1"}
3a45bd43-82d2-4650-8571-039f48c0fdca 2016-12-02 03:03:45.365999775 454117 [184556.207683] 26367 26367 I Spinner-State-QoE: {"Action":"SpinnerEvent","Type":"stop","View":"android.widget.ProgressBar","Parent":"com.facebook.widget.recyclerview.BetterRecyclerView","RootView":"com.android.internal.policy.PhoneWindow$DecorView","AppName":"com.facebook.katana","Pid":26367,"Uid":10085,"Tid":26367,"Id":2131559627,"Token":"deff7fda-9e21-4fe8-9071-9743797b53bb","Activity":"android.view.ContextThemeWrapper","SessionID":"unknown","Time":1480665825374,"UpTime":184556136,"timestamp":1480665825374,"uptimeNanos":209177110248379,"LogFormat":"1.1"}
3a45bd43-82d2-4650-8571-039f48c0fdca 2016-12-02 03:03:45.365999775 454118 [184556.207956] 26367 26367 I Spinner-State-QoE: {"Action":"SpinnerEvent","Type":"stop","View":"android.widget.ProgressBar","Parent":"com.facebook.widget.recyclerview.BetterRecyclerView","RootView":"com.android.internal.policy.PhoneWindow$DecorView","AppName":"com.facebook.katana","Pid":26367,"Uid":10085,"Tid":26367,"Id":2131559627,"Token":"deff7fda-9e21-4fe8-9071-9743797b53bb","Activity":"android.view.ContextThemeWrapper","SessionID":"unknown","Time":1480665825375,"UpTime":184556136,"timestamp":1480665825375,"uptimeNanos":209177110534577,"LogFormat":"1.1"}
3a45bd43-82d2-4650-8571-039f48c0fdca 2016-12-02 03:03:45.365999775 454119 [184556.209477] 26367 26367 I Spinner-State-QoE: {"Action":"SpinnerEvent","Type":"stop","View":"android.widget.ProgressBar","Parent":"com.facebook.widget.recyclerview.BetterRecyclerView","RootView":"com.android.internal.policy.PhoneWindow$DecorView","AppName":"com.facebook.katana","Pid":26367,"Uid":10085,"Tid":26367,"Id":2131559627,"Token":"deff7fda-9e21-4fe8-9071-9743797b53bb","Activity":"android.view.ContextThemeWrapper","SessionID":"unknown","Time":1480665825376,"UpTime":184556138,"timestamp":1480665825376,"uptimeNanos":209177112052963,"LogFormat":"1.1"}
3a45bd43-82d2-4650-8571-039f48c0fdca 2016-12-02 03:03:45.555999775 454120 [184556.397644] 26367 26367 I Spinner-State-QoE: {"Action":"SpinnerEvent","Type":"start","View":"android.widget.ProgressBar","Parent":"com.facebook.widget.recyclerview.BetterRecyclerView","RootView":"com.android.internal.policy.PhoneWindow$DecorView","AppName":"com.facebook.katana","Pid":26367,"Uid":10085,"Tid":26367,"Id":2131559627,"Token":"deff7fda-9e21-4fe8-9071-9743797b53bb","Activity":"android.view.ContextThemeWrapper","SessionID":"unknown","Time":1480665825564,"UpTime":184556326,"timestamp":1480665825564,"uptimeNanos":209177300272546,"LogFormat":"1.1"}
3a45bd43-82d2-4650-8571-039f48c0fdca 2016-12-02 03:03:45.555999775 454121 [184556.397825] 26367 26367 I Spinner-State-QoE: {"Action":"SpinnerEvent","Type":"start","View":"android.widget.ProgressBar","Parent":"com.facebook.widget.recyclerview.BetterRecyclerView","RootView":"com.android.internal.policy.PhoneWindow$DecorView","AppName":"com.facebook.katana","Pid":26367,"Uid":10085,"Tid":26367,"Id":2131559627,"Token":"deff7fda-9e21-4fe8-9071-9743797b53bb","Activity":"android.view.ContextThemeWrapper","SessionID":"unknown","Time":1480665825565,"UpTime":184556326,"timestamp":1480665825565,"uptimeNanos":209177300467338,"LogFormat":"1.1"}
3a45bd43-82d2-4650-8571-039f48c0fdca 2016-12-02 03:03:45.565999775 454122 [184556.402790] 26367 26367 I Spinner-State-QoE: {"Action":"SpinnerEvent","Type":"stop","View":"android.widget.ProgressBar","Parent":"com.facebook.widget.recyclerview.BetterRecyclerView","RootView":"com.android.internal.policy.PhoneWindow$DecorView","AppName":"com.facebook.katana","Pid":26367,"Uid":10085,"Tid":26367,"Id":2131559627,"Token":"deff7fda-9e21-4fe8-9071-9743797b53bb","Activity":"android.view.ContextThemeWrapper","SessionID":"unknown","Time":1480665825568,"UpTime":184556330,"timestamp":1480665825568,"uptimeNanos":209177304244421,"LogFormat":"1.1"}
3a45bd43-82d2-4650-8571-039f48c0fdca 2016-12-02 03:03:45.575999775 454123 [184556.418164] 26367 26367 I Spinner-State-QoE: {"Action":"SpinnerEvent","Type":"start","View":"android.widget.ProgressBar","Parent":"com.facebook.widget.recyclerview.BetterRecyclerView","RootView":"com.android.internal.policy.PhoneWindow$DecorView","AppName":"com.facebook.katana","Pid":26367,"Uid":10085,"Tid":26367,"Id":2131559627,"Token":"deff7fda-9e21-4fe8-9071-9743797b53bb","Activity":"android.view.ContextThemeWrapper","SessionID":"unknown","Time":1480665825585,"UpTime":184556347,"timestamp":1480665825585,"uptimeNanos":209177320713379,"LogFormat":"1.1"}
3a45bd43-82d2-4650-8571-039f48c0fdca 2016-12-02 03:03:45.575999775 454124 [184556.418380] 26367 26367 I Spinner-State-QoE: {"Action":"SpinnerEvent","Type":"start","View":"android.widget.ProgressBar","Parent":"com.facebook.widget.recyclerview.BetterRecyclerView","RootView":"com.android.internal.policy.PhoneWindow$DecorView","AppName":"com.facebook.katana","Pid":26367,"Uid":10085,"Tid":26367,"Id":2131559627,"Token":"deff7fda-9e21-4fe8-9071-9743797b53bb","Activity":"android.view.ContextThemeWrapper","SessionID":"unknown","Time":1480665825585,"UpTime":184556347,"timestamp":1480665825585,"uptimeNanos":209177321003015,"LogFormat":"1.1"}
3a45bd43-82d2-4650-8571-039f48c0fdca 2016-12-02 03:03:45.595999775 454125 [184556.431994] 26367 26367 I Spinner-State-QoE: {"Action":"SpinnerEvent","Type":"stop","View":"android.widget.ProgressBar","Parent":"com.facebook.widget.recyclerview.BetterRecyclerView","RootView":"com.android.internal.policy.PhoneWindow$DecorView","AppName":"com.facebook.katana","Pid":26367,"Uid":10085,"Tid":26367,"Id":2131559627,"Token":"deff7fda-9e21-4fe8-9071-9743797b53bb","Activity":"android.view.ContextThemeWrapper","SessionID":"unknown","Time":1480665825599,"UpTime":184556360,"timestamp":1480665825599,"uptimeNanos":209177334541765,"LogFormat":"1.1"}
3a45bd43-82d2-4650-8571-039f48c0fdca 2016-12-02 03:03:45.615999775 454126 [184556.453088] 26367 26367 I Spinner-State-QoE: {"Action":"SpinnerEvent","Type":"start","View":"android.widget.ProgressBar","Parent":"com.facebook.widget.recyclerview.BetterRecyclerView","RootView":"com.android.internal.policy.PhoneWindow$DecorView","AppName":"com.facebook.katana","Pid":26367,"Uid":10085,"Tid":26367,"Id":2131559627,"Token":"deff7fda-9e21-4fe8-9071-9743797b53bb","Activity":"android.view.ContextThemeWrapper","SessionID":"unknown","Time":1480665825620,"UpTime":184556382,"timestamp":1480665825620,"uptimeNanos":209177355628015,"LogFormat":"1.1"}
3a45bd43-82d2-4650-8571-039f48c0fdca 2016-12-02 03:03:45.615999775 454127 [184556.453299] 26367 26367 I Spinner-State-QoE: {"Action":"SpinnerEvent","Type":"start","View":"android.widget.ProgressBar","Parent":"com.facebook.widget.recyclerview.BetterRecyclerView","RootView":"com.android.internal.policy.PhoneWindow$DecorView","AppName":"com.facebook.katana","Pid":26367,"Uid":10085,"Tid":26367,"Id":2131559627,"Token":"deff7fda-9e21-4fe8-9071-9743797b53bb","Activity":"android.view.ContextThemeWrapper","SessionID":"unknown","Time":1480665825620,"UpTime":184556382,"timestamp":1480665825620,"uptimeNanos":209177355920254,"LogFormat":"1.1"}
3a45bd43-82d2-4650-8571-039f48c0fdca 2016-12-02 03:03:45.795999775 454128 [184556.635444] 26367 26367 I Spinner-State-QoE: {"Action":"SpinnerEvent","Type":"stop","View":"android.widget.ProgressBar","Parent":"com.facebook.widget.recyclerview.BetterRecyclerView","RootView":"com.android.internal.policy.PhoneWindow$DecorView","AppName":"com.facebook.katana","Pid":26367,"Uid":10085,"Tid":26367,"Id":2131559627,"Token":"deff7fda-9e21-4fe8-9071-9743797b53bb","Activity":"android.view.ContextThemeWrapper","SessionID":"unknown","Time":1480665825802,"UpTime":184556564,"timestamp":1480665825802,"uptimeNanos":209177538066556,"LogFormat":"1.1"}
3a45bd43-82d2-4650-8571-039f48c0fdca 2016-12-02 03:03:45.795999775 454129 [184556.635633] 26367 26367 I Spinner-State-QoE: {"Action":"SpinnerEvent","Type":"stop","View":"android.widget.ProgressBar","Parent":"com.facebook.widget.recyclerview.BetterRecyclerView","RootView":"com.android.internal.policy.PhoneWindow$DecorView","AppName":"com.facebook.katana","Pid":26367,"Uid":10085,"Tid":26367,"Id":2131559627,"Token":"deff7fda-9e21-4fe8-9071-9743797b53bb","Activity":"android.view.ContextThemeWrapper","SessionID":"unknown","Time":1480665825802,"UpTime":184556564,"timestamp":1480665825802,"uptimeNanos":209177538267233,"LogFormat":"1.1"}
3a45bd43-82d2-4650-8571-039f48c0fdca 2016-12-02 03:03:45.795999775 454130 [184556.637088] 26367 26367 I Spinner-State-QoE: {"Action":"SpinnerEvent","Type":"stop","View":"android.widget.ProgressBar","Parent":"com.facebook.widget.recyclerview.BetterRecyclerView","RootView":"com.android.internal.policy.PhoneWindow$DecorView","AppName":"com.facebook.katana","Pid":26367,"Uid":10085,"Tid":26367,"Id":2131559627,"Token":"deff7fda-9e21-4fe8-9071-9743797b53bb","Activity":"android.view.ContextThemeWrapper","SessionID":"unknown","Time":1480665825804,"UpTime":184556566,"timestamp":1480665825804,"uptimeNanos":209177539720723,"LogFormat":"1.1"}
3a45bd43-82d2-4650-8571-039f48c0fdca 2016-12-02 03:03:45.865999775 454131 [184556.703764] 26367 26367 I Spinner-State-QoE: {"Action":"SpinnerEvent","Type":"start","View":"android.widget.ProgressBar","Parent":"com.facebook.widget.recyclerview.BetterRecyclerView","RootView":"com.android.internal.policy.PhoneWindow$DecorView","AppName":"com.facebook.katana","Pid":26367,"Uid":10085,"Tid":26367,"Id":2131559627,"Token":"deff7fda-9e21-4fe8-9071-9743797b53bb","Activity":"android.view.ContextThemeWrapper","SessionID":"unknown","Time":1480665825869,"UpTime":184556631,"timestamp":1480665825869,"uptimeNanos":209177605138536,"LogFormat":"1.1"}
3a45bd43-82d2-4650-8571-039f48c0fdca 2016-12-02 03:03:45.865999775 454132 [184556.704014] 26367 26367 I Spinner-State-QoE: {"Action":"SpinnerEvent","Type":"start","View":"android.widget.ProgressBar","Parent":"com.facebook.widget.recyclerview.BetterRecyclerView","RootView":"com.android.internal.policy.PhoneWindow$DecorView","AppName":"com.facebook.katana","Pid":26367,"Uid":10085,"Tid":26367,"Id":2131559627,"Token":"deff7fda-9e21-4fe8-9071-9743797b53bb","Activity":"android.view.ContextThemeWrapper","SessionID":"unknown","Time":1480665825871,"UpTime":184556633,"timestamp":1480665825871,"uptimeNanos":209177606628223,"LogFormat":"1.1"}
3a45bd43-82d2-4650-8571-039f48c0fdca 2016-12-02 03:03:45.865999775 454133 [184556.708483] 26367 26367 I Spinner-State-QoE: {"Action":"SpinnerEvent","Type":"stop","View":"android.widget.ProgressBar","Parent":"com.facebook.widget.recyclerview.BetterRecyclerView","RootView":"com.android.internal.policy.PhoneWindow$DecorView","AppName":"com.facebook.katana","Pid":26367,"Uid":10085,"Tid":26367,"Id":2131559627,"Token":"deff7fda-9e21-4fe8-9071-9743797b53bb","Activity":"android.view.ContextThemeWrapper","SessionID":"unknown","Time":1480665825875,"UpTime":184556637,"timestamp":1480665825875,"uptimeNanos":209177611035254,"LogFormat":"1.1"}
3a45bd43-82d2-4650-8571-039f48c0fdca 2016-12-02 03:03:45.875999775 454134 [184556.718679] 26367 26367 I Spinner-State-QoE: {"Action":"SpinnerEvent","Type":"start","View":"android.widget.ProgressBar","Parent":"com.facebook.widget.recyclerview.BetterRecyclerView","RootView":"com.android.internal.policy.PhoneWindow$DecorView","AppName":"com.facebook.katana","Pid":26367,"Uid":10085,"Tid":26367,"Id":2131559627,"Token":"deff7fda-9e21-4fe8-9071-9743797b53bb","Activity":"android.view.ContextThemeWrapper","SessionID":"unknown","Time":1480665825885,"UpTime":184556647,"timestamp":1480665825885,"uptimeNanos":209177621281661,"LogFormat":"1.1"}
3a45bd43-82d2-4650-8571-039f48c0fdca 2016-12-02 03:03:45.875999775 454135 [184556.718836] 26367 26367 I Spinner-State-QoE: {"Action":"SpinnerEvent","Type":"start","View":"android.widget.ProgressBar","Parent":"com.facebook.widget.recyclerview.BetterRecyclerView","RootView":"com.android.internal.policy.PhoneWindow$DecorView","AppName":"com.facebook.katana","Pid":26367,"Uid":10085,"Tid":26367,"Id":2131559627,"Token":"deff7fda-9e21-4fe8-9071-9743797b53bb","Activity":"android.view.ContextThemeWrapper","SessionID":"unknown","Time":1480665825886,"UpTime":184556647,"timestamp":1480665825886,"uptimeNanos":209177621507546,"LogFormat":"1.1"}
3a45bd43-82d2-4650-8571-039f48c0fdca 2016-12-02 03:03:45.885999775 454136 [184556.727918] 26367 26367 I Spinner-State-QoE: {"Action":"SpinnerEvent","Type":"stop","View":"android.widget.ProgressBar","Parent":"com.facebook.widget.recyclerview.BetterRecyclerView","RootView":"com.android.internal.policy.PhoneWindow$DecorView","AppName":"com.facebook.katana","Pid":26367,"Uid":10085,"Tid":26367,"Id":2131559627,"Token":"deff7fda-9e21-4fe8-9071-9743797b53bb","Activity":"android.view.ContextThemeWrapper","SessionID":"unknown","Time":1480665825895,"UpTime":184556656,"timestamp":1480665825895,"uptimeNanos":209177630476765,"LogFormat":"1.1"}
3a45bd43-82d2-4650-8571-039f48c0fdca 2016-12-02 03:03:45.895999775 454137 [184556.739151] 26367 26367 I Spinner-State-QoE: {"Action":"SpinnerEvent","Type":"start","View":"android.widget.ProgressBar","Parent":"com.facebook.widget.recyclerview.BetterRecyclerView","RootView":"com.android.internal.policy.PhoneWindow$DecorView","AppName":"com.facebook.katana","Pid":26367,"Uid":10085,"Tid":26367,"Id":2131559627,"Token":"deff7fda-9e21-4fe8-9071-9743797b53bb","Activity":"android.view.ContextThemeWrapper","SessionID":"unknown","Time":1480665825906,"UpTime":184556668,"timestamp":1480665825906,"uptimeNanos":209177641717233,"LogFormat":"1.1"}
3a45bd43-82d2-4650-8571-039f48c0fdca 2016-12-02 03:03:45.895999775 454138 [184556.739343] 26367 26367 I Spinner-State-QoE: {"Action":"SpinnerEvent","Type":"start","View":"android.widget.ProgressBar","Parent":"com.facebook.widget.recyclerview.BetterRecyclerView","RootView":"com.android.internal.policy.PhoneWindow$DecorView","AppName":"com.facebook.katana","Pid":26367,"Uid":10085,"Tid":26367,"Id":2131559627,"Token":"deff7fda-9e21-4fe8-9071-9743797b53bb","Activity":"android.view.ContextThemeWrapper","SessionID":"unknown","Time":1480665825906,"UpTime":184556668,"timestamp":1480665825906,"uptimeNanos":209177641993275,"LogFormat":"1.1"}
3a45bd43-82d2-4650-8571-039f48c0fdca 2016-12-02 03:03:46.15999775 454139 [184556.857416] 26367 26367 I Spinner-State-QoE: {"Action":"SpinnerEvent","Type":"stop","View":"android.widget.ProgressBar","Parent":"com.facebook.widget.recyclerview.BetterRecyclerView","RootView":"com.android.internal.policy.PhoneWindow$DecorView","AppName":"com.facebook.katana","Pid":26367,"Uid":10085,"Tid":26367,"Id":2131559627,"Token":"deff7fda-9e21-4fe8-9071-9743797b53bb","Activity":"android.view.ContextThemeWrapper","SessionID":"unknown","Time":1480665826024,"UpTime":184556786,"timestamp":1480665826024,"uptimeNanos":209177760014890,"LogFormat":"1.1"}
3a45bd43-82d2-4650-8571-039f48c0fdca 2016-12-02 03:03:46.35999775 454140 [184556.872079] 26367 26367 I Spinner-State-QoE: {"Action":"SpinnerEvent","Type":"start","View":"android.widget.ProgressBar","Parent":"com.facebook.widget.recyclerview.BetterRecyclerView","RootView":"com.android.internal.policy.PhoneWindow$DecorView","AppName":"com.facebook.katana","Pid":26367,"Uid":10085,"Tid":26367,"Id":2131559627,"Token":"deff7fda-9e21-4fe8-9071-9743797b53bb","Activity":"android.view.ContextThemeWrapper","SessionID":"unknown","Time":1480665826039,"UpTime":184556801,"timestamp":1480665826039,"uptimeNanos":209177774642233,"LogFormat":"1.1"}
3a45bd43-82d2-4650-8571-039f48c0fdca 2016-12-02 03:03:46.35999775 454141 [184556.872305] 26367 26367 I Spinner-State-QoE: {"Action":"SpinnerEvent","Type":"start","View":"android.widget.ProgressBar","Parent":"com.facebook.widget.recyclerview.BetterRecyclerView","RootView":"com.android.internal.policy.PhoneWindow$DecorView","AppName":"com.facebook.katana","Pid":26367,"Uid":10085,"Tid":26367,"Id":2131559627,"Token":"deff7fda-9e21-4fe8-9071-9743797b53bb","Activity":"android.view.ContextThemeWrapper","SessionID":"unknown","Time":1480665826039,"UpTime":184556801,"timestamp":1480665826039,"uptimeNanos":209177774913692,"LogFormat":"1.1"}
3a45bd43-82d2-4650-8571-039f48c0fdca 2016-12-02 03:03:46.45999775 454142 [184556.884818] 26367 26367 I Spinner-State-QoE: {"Action":"SpinnerEvent","Type":"stop","View":"android.widget.ProgressBar","Parent":"com.facebook.widget.recyclerview.BetterRecyclerView","RootView":"com.android.internal.policy.PhoneWindow$DecorView","AppName":"com.facebook.katana","Pid":26367,"Uid":10085,"Tid":26367,"Id":2131559627,"Token":"deff7fda-9e21-4fe8-9071-9743797b53bb","Activity":"android.view.ContextThemeWrapper","SessionID":"unknown","Time":1480665826051,"UpTime":184556813,"timestamp":1480665826051,"uptimeNanos":209177787354785,"LogFormat":"1.1"}
3a45bd43-82d2-4650-8571-039f48c0fdca 2016-12-02 03:03:46.55999775 454143 [184556.898758] 26367 26367 I Spinner-State-QoE: {"Action":"SpinnerEvent","Type":"start","View":"android.widget.ProgressBar","Parent":"com.facebook.widget.recyclerview.BetterRecyclerView","RootView":"com.android.internal.policy.PhoneWindow$DecorView","AppName":"com.facebook.katana","Pid":26367,"Uid":10085,"Tid":26367,"Id":2131559627,"Token":"deff7fda-9e21-4fe8-9071-9743797b53bb","Activity":"android.view.ContextThemeWrapper","SessionID":"unknown","Time":1480665826065,"UpTime":184556827,"timestamp":1480665826065,"uptimeNanos":209177801331869,"LogFormat":"1.1"}
3a45bd43-82d2-4650-8571-039f48c0fdca 2016-12-02 03:03:46.55999775 454144 [184556.898994] 26367 26367 I Spinner-State-QoE: {"Action":"SpinnerEvent","Type":"start","View":"android.widget.ProgressBar","Parent":"com.facebook.widget.recyclerview.BetterRecyclerView","RootView":"com.android.internal.policy.PhoneWindow$DecorView","AppName":"com.facebook.katana","Pid":26367,"Uid":10085,"Tid":26367,"Id":2131559627,"Token":"deff7fda-9e21-4fe8-9071-9743797b53bb","Activity":"android.view.ContextThemeWrapper","SessionID":"unknown","Time":1480665826066,"UpTime":184556827,"timestamp":1480665826066,"uptimeNanos":209177801596035,"LogFormat":"1.1"}
3a45bd43-82d2-4650-8571-039f48c0fdca 2016-12-02 03:03:46.105999775 454145 [184556.943938] 26367 26367 I Spinner-State-QoE: {"Action":"SpinnerEvent","Type":"stop","View":"android.widget.ProgressBar","Parent":"com.facebook.widget.recyclerview.BetterRecyclerView","RootView":"com.android.internal.policy.PhoneWindow$DecorView","AppName":"com.facebook.katana","Pid":26367,"Uid":10085,"Tid":26367,"Id":2131559627,"Token":"deff7fda-9e21-4fe8-9071-9743797b53bb","Activity":"android.view.ContextThemeWrapper","SessionID":"unknown","Time":1480665826111,"UpTime":184556872,"timestamp":1480665826111,"uptimeNanos":209177846495098,"LogFormat":"1.1"}
3a45bd43-82d2-4650-8571-039f48c0fdca 2016-12-02 03:03:46.135999775 454146 [184556.979746] 26367 26367 I Spinner-State-QoE: {"Action":"SpinnerEvent","Type":"start","View":"android.widget.ProgressBar","Parent":"com.facebook.widget.recyclerview.BetterRecyclerView","RootView":"com.android.internal.policy.PhoneWindow$DecorView","AppName":"com.facebook.katana","Pid":26367,"Uid":10085,"Tid":26367,"Id":2131559627,"Token":"deff7fda-9e21-4fe8-9071-9743797b53bb","Activity":"android.view.ContextThemeWrapper","SessionID":"unknown","Time":1480665826146,"UpTime":184556908,"timestamp":1480665826146,"uptimeNanos":209177882393744,"LogFormat":"1.1"}
3a45bd43-82d2-4650-8571-039f48c0fdca 2016-12-02 03:03:46.135999775 454147 [184556.979903] 26367 26367 I Spinner-State-QoE: {"Action":"SpinnerEvent","Type":"start","View":"android.widget.ProgressBar","Parent":"com.facebook.widget.recyclerview.BetterRecyclerView","RootView":"com.android.internal.policy.PhoneWindow$DecorView","AppName":"com.facebook.katana","Pid":26367,"Uid":10085,"Tid":26367,"Id":2131559627,"Token":"deff7fda-9e21-4fe8-9071-9743797b53bb","Activity":"android.view.ContextThemeWrapper","SessionID":"unknown","Time":1480665826147,"UpTime":184556908,"timestamp":1480665826147,"uptimeNanos":209177882562233,"LogFormat":"1.1"}
3a45bd43-82d2-4650-8571-039f48c0fdca 2016-12-02 03:03:46.165999775 454148 [184557.001788]   291   291 I SurfaceFlinger: {"fps":99.4, "tot_frames":85772, "prev_frames":85669, "cur_time": 184556930889870, "prev_time": 184555894272631}
3a45bd43-82d2-4650-8571-039f48c0fdca 2016-12-02 03:03:46.285999775 454149 [184557.122965]   291   291 I SurfaceFlinger: {"token":1709, "diffs":[[184555974, 2.195909],[184556036, 1.959907],[184556086, 2.140300],[184556159, 1.940918],[184556211, 1.972114],[184556267, 4.082574],[184556312, 0.214132],[184556361, 1.920573],[184556416, 0.297546],[184556465, 2.126736],[184556514, 0.071377],[184556564, 0.079515],[184556629, 3.021918],[184556681, 1.379395],[184556741, 0.365194],[184556800, 1.596408],[184556849, 0.684272],[184556932, 1.618110],[184556984, 0.001526],[184557036, 0.000000]]}
3a45bd43-82d2-4650-8571-039f48c0fdca 2016-12-02 03:03:46.305999775 454150 [184557.149320] 26367 26367 I Spinner-State-QoE: {"Action":"SpinnerEvent","Type":"stop","View":"android.widget.ProgressBar","Parent":"com.facebook.widget.recyclerview.BetterRecyclerView","RootView":"com.android.internal.policy.PhoneWindow$DecorView","AppName":"com.facebook.katana","Pid":26367,"Uid":10085,"Tid":26367,"Id":2131559627,"Token":"deff7fda-9e21-4fe8-9071-9743797b53bb","Activity":"android.view.ContextThemeWrapper","SessionID":"unknown","Time":1480665826316,"UpTime":184557078,"timestamp":1480665826316,"uptimeNanos":209178051931765,"LogFormat":"1.1"}
3a45bd43-82d2-4650-8571-039f48c0fdca 2016-12-02 03:03:46.305999775 454151 [184557.149485] 26367 26367 I Spinner-State-QoE: {"Action":"SpinnerEvent","Type":"stop","View":"android.widget.ProgressBar","Parent":"com.facebook.widget.recyclerview.BetterRecyclerView","RootView":"com.android.internal.policy.PhoneWindow$DecorView","AppName":"com.facebook.katana","Pid":26367,"Uid":10085,"Tid":26367,"Id":2131559627,"Token":"deff7fda-9e21-4fe8-9071-9743797b53bb","Activity":"android.view.ContextThemeWrapper","SessionID":"unknown","Time":1480665826316,"UpTime":184557078,"timestamp":1480665826316,"uptimeNanos":209178052138744,"LogFormat":"1.1"}
3a45bd43-82d2-4650-8571-039f48c0fdca 2016-12-02 03:03:46.315999775 454152 [184557.154395] 26367 26367 I Spinner-State-QoE: {"Action":"SpinnerEvent","Type":"stop","View":"android.widget.ProgressBar","Parent":"com.facebook.widget.recyclerview.BetterRecyclerView","RootView":"com.android.internal.policy.PhoneWindow$DecorView","AppName":"com.facebook.katana","Pid":26367,"Uid":10085,"Tid":26367,"Id":2131559627,"Token":"deff7fda-9e21-4fe8-9071-9743797b53bb","Activity":"android.view.ContextThemeWrapper","SessionID":"unknown","Time":1480665826321,"UpTime":184557083,"timestamp":1480665826321,"uptimeNanos":209178056889056,"LogFormat":"1.1"}
3a45bd43-82d2-4650-8571-039f48c0fdca 2016-12-02 03:03:46.575999775 454153 [184557.419460] 26367 26367 I Spinner-State-QoE: {"Action":"SpinnerEvent","Type":"start","View":"android.widget.ProgressBar","Parent":"com.facebook.widget.recyclerview.BetterRecyclerView","RootView":"com.android.internal.policy.PhoneWindow$DecorView","AppName":"com.facebook.katana","Pid":26367,"Uid":10085,"Tid":26367,"Id":2131559627,"Token":"deff7fda-9e21-4fe8-9071-9743797b53bb","Activity":"android.view.ContextThemeWrapper","SessionID":"unknown","Time":1480665826586,"UpTime":184557348,"timestamp":1480665826586,"uptimeNanos":209178322063014,"LogFormat":"1.1"}
3a45bd43-82d2-4650-8571-039f48c0fdca 2016-12-02 03:03:46.575999775 454154 [184557.419704] 26367 26367 I Spinner-State-QoE: {"Action":"SpinnerEvent","Type":"start","View":"android.widget.ProgressBar","Parent":"com.facebook.widget.recyclerview.BetterRecyclerView","RootView":"com.android.internal.policy.PhoneWindow$DecorView","AppName":"com.facebook.katana","Pid":26367,"Uid":10085,"Tid":26367,"Id":2131559627,"Token":"deff7fda-9e21-4fe8-9071-9743797b53bb","Activity":"android.view.ContextThemeWrapper","SessionID":"unknown","Time":1480665826586,"UpTime":184557348,"timestamp":1480665826586,"uptimeNanos":209178322313275,"LogFormat":"1.1"}
3a45bd43-82d2-4650-8571-039f48c0fdca 2016-12-02 03:03:46.585999775 454155 [184557.425512] 26367 26367 I Spinner-State-QoE: {"Action":"SpinnerEvent","Type":"stop","View":"android.widget.ProgressBar","Parent":"com.facebook.widget.recyclerview.BetterRecyclerView","RootView":"com.android.internal.policy.PhoneWindow$DecorView","AppName":"com.facebook.katana","Pid":26367,"Uid":10085,"Tid":26367,"Id":2131559627,"Token":"deff7fda-9e21-4fe8-9071-9743797b53bb","Activity":"android.view.ContextThemeWrapper","SessionID":"unknown","Time":1480665826592,"UpTime":184557354,"timestamp":1480665826592,"uptimeNanos":209178328047285,"LogFormat":"1.1"}
3a45bd43-82d2-4650-8571-039f48c0fdca 2016-12-02 03:03:46.625999775 454156 [184557.464356] 26367 26367 I Spinner-State-QoE: {"Action":"SpinnerEvent","Type":"start","View":"android.widget.ProgressBar","Parent":"com.facebook.widget.recyclerview.BetterRecyclerView","RootView":"com.android.internal.policy.PhoneWindow$DecorView","AppName":"com.facebook.katana","Pid":26367,"Uid":10085,"Tid":26367,"Id":2131559627,"Token":"deff7fda-9e21-4fe8-9071-9743797b53bb","Activity":"android.view.ContextThemeWrapper","SessionID":"unknown","Time":1480665826631,"UpTime":184557393,"timestamp":1480665826631,"uptimeNanos":209178366999525,"LogFormat":"1.1"}
3a45bd43-82d2-4650-8571-039f48c0fdca 2016-12-02 03:03:46.625999775 454157 [184557.464508] 26367 26367 I Spinner-State-QoE: {"Action":"SpinnerEvent","Type":"start","View":"android.widget.ProgressBar","Parent":"com.facebook.widget.recyclerview.BetterRecyclerView","RootView":"com.android.internal.policy.PhoneWindow$DecorView","AppName":"com.facebook.katana","Pid":26367,"Uid":10085,"Tid":26367,"Id":2131559627,"Token":"deff7fda-9e21-4fe8-9071-9743797b53bb","Activity":"android.view.ContextThemeWrapper","SessionID":"unknown","Time":1480665826631,"UpTime":184557393,"timestamp":1480665826631,"uptimeNanos":209178367173691,"LogFormat":"1.1"}
3a45bd43-82d2-4650-8571-039f48c0fdca 2016-12-02 03:03:46.635999775 454158 [184557.475113] 26367 26367 I Spinner-State-QoE: {"Action":"SpinnerEvent","Type":"stop","View":"android.widget.ProgressBar","Parent":"com.facebook.widget.recyclerview.BetterRecyclerView","RootView":"com.android.internal.policy.PhoneWindow$DecorView","AppName":"com.facebook.katana","Pid":26367,"Uid":10085,"Tid":26367,"Id":2131559627,"Token":"deff7fda-9e21-4fe8-9071-9743797b53bb","Activity":"android.view.ContextThemeWrapper","SessionID":"unknown","Time":1480665826642,"UpTime":184557404,"timestamp":1480665826642,"uptimeNanos":209178377651296,"LogFormat":"1.1"}
3a45bd43-82d2-4650-8571-039f48c0fdca 2016-12-02 03:03:46.665999775 454159 [184557.510761] 26367 26367 I Spinner-State-QoE: {"Action":"SpinnerEvent","Type":"start","View":"android.widget.ProgressBar","Parent":"com.facebook.widget.recyclerview.BetterRecyclerView","RootView":"com.android.internal.policy.PhoneWindow$DecorView","AppName":"com.facebook.katana","Pid":26367,"Uid":10085,"Tid":26367,"Id":2131559627,"Token":"deff7fda-9e21-4fe8-9071-9743797b53bb","Activity":"android.view.ContextThemeWrapper","SessionID":"unknown","Time":1480665826677,"UpTime":184557439,"timestamp":1480665826677,"uptimeNanos":209178413396712,"LogFormat":"1.1"}
3a45bd43-82d2-4650-8571-039f48c0fdca 2016-12-02 03:03:46.675999775 454160 [184557.510979] 26367 26367 I Spinner-State-QoE: {"Action":"SpinnerEvent","Type":"start","View":"android.widget.ProgressBar","Parent":"com.facebook.widget.recyclerview.BetterRecyclerView","RootView":"com.android.internal.policy.PhoneWindow$DecorView","AppName":"com.facebook.katana","Pid":26367,"Uid":10085,"Tid":26367,"Id":2131559627,"Token":"deff7fda-9e21-4fe8-9071-9743797b53bb","Activity":"android.view.ContextThemeWrapper","SessionID":"unknown","Time":1480665826678,"UpTime":184557439,"timestamp":1480665826678,"uptimeNanos":209178413600671,"LogFormat":"1.1"}
3a45bd43-82d2-4650-8571-039f48c0fdca 2016-12-02 03:03:46.735999775 454161 [184557.579489] 26367 26367 I Spinner-State-QoE: {"Action":"SpinnerEvent","Type":"stop","View":"android.widget.ProgressBar","Parent":"com.facebook.widget.recyclerview.BetterRecyclerView","RootView":"com.android.internal.policy.PhoneWindow$DecorView","AppName":"com.facebook.katana","Pid":26367,"Uid":10085,"Tid":26367,"Id":2131559627,"Token":"deff7fda-9e21-4fe8-9071-9743797b53bb","Activity":"android.view.ContextThemeWrapper","SessionID":"unknown","Time":1480665826746,"UpTime":184557508,"timestamp":1480665826746,"uptimeNanos":209178482089421,"LogFormat":"1.1"}
3a45bd43-82d2-4650-8571-039f48c0fdca 2016-12-02 03:03:46.765999775 454162 [184557.608982] 26367 26367 I Spinner-State-QoE: {"Action":"SpinnerEvent","Type":"start","View":"android.widget.ProgressBar","Parent":"com.facebook.widget.recyclerview.BetterRecyclerView","RootView":"com.android.internal.policy.PhoneWindow$DecorView","AppName":"com.facebook.katana","Pid":26367,"Uid":10085,"Tid":26367,"Id":2131559627,"Token":"deff7fda-9e21-4fe8-9071-9743797b53bb","Activity":"android.view.ContextThemeWrapper","SessionID":"unknown","Time":1480665826776,"UpTime":184557537,"timestamp":1480665826776,"uptimeNanos":209178511585410,"LogFormat":"1.1"}
3a45bd43-82d2-4650-8571-039f48c0fdca 2016-12-02 03:03:46.765999775 454163 [184557.609167] 26367 26367 I Spinner-State-QoE: {"Action":"SpinnerEvent","Type":"start","View":"android.widget.ProgressBar","Parent":"com.facebook.widget.recyclerview.BetterRecyclerView","RootView":"com.android.internal.policy.PhoneWindow$DecorView","AppName":"com.facebook.katana","Pid":26367,"Uid":10085,"Tid":26367,"Id":2131559627,"Token":"deff7fda-9e21-4fe8-9071-9743797b53bb","Activity":"android.view.ContextThemeWrapper","SessionID":"unknown","Time":1480665826776,"UpTime":184557538,"timestamp":1480665826776,"uptimeNanos":209178511813431,"LogFormat":"1.1"}
3a45bd43-82d2-4650-8571-039f48c0fdca 2016-12-02 03:03:46.785999775 454164 [184557.624540] 26367 26367 I Spinner-State-QoE: {"Action":"SpinnerEvent","Type":"stop","View":"android.widget.ProgressBar","Parent":"com.facebook.widget.recyclerview.BetterRecyclerView","RootView":"com.android.internal.policy.PhoneWindow$DecorView","AppName":"com.facebook.katana","Pid":26367,"Uid":10085,"Tid":26367,"Id":2131559627,"Token":"deff7fda-9e21-4fe8-9071-9743797b53bb","Activity":"android.view.ContextThemeWrapper","SessionID":"unknown","Time":1480665826791,"UpTime":184557553,"timestamp":1480665826791,"uptimeNanos":209178527028744,"LogFormat":"1.1"}
3a45bd43-82d2-4650-8571-039f48c0fdca 2016-12-02 03:03:46.825999775 454165 [184557.669878] 26367 26367 I Spinner-State-QoE: {"Action":"SpinnerEvent","Type":"start","View":"android.widget.ProgressBar","Parent":"com.facebook.widget.recyclerview.BetterRecyclerView","RootView":"com.android.internal.policy.PhoneWindow$DecorView","AppName":"com.facebook.katana","Pid":26367,"Uid":10085,"Tid":26367,"Id":2131559627,"Token":"deff7fda-9e21-4fe8-9071-9743797b53bb","Activity":"android.view.ContextThemeWrapper","SessionID":"unknown","Time":1480665826837,"UpTime":184557598,"timestamp":1480665826837,"uptimeNanos":209178572483796,"LogFormat":"1.1"}
3a45bd43-82d2-4650-8571-039f48c0fdca 2016-12-02 03:03:46.825999775 454166 [184557.670039] 26367 26367 I Spinner-State-QoE: {"Action":"SpinnerEvent","Type":"start","View":"android.widget.ProgressBar","Parent":"com.facebook.widget.recyclerview.BetterRecyclerView","RootView":"com.android.internal.policy.PhoneWindow$DecorView","AppName":"com.facebook.katana","Pid":26367,"Uid":10085,"Tid":26367,"Id":2131559627,"Token":"deff7fda-9e21-4fe8-9071-9743797b53bb","Activity":"android.view.ContextThemeWrapper","SessionID":"unknown","Time":1480665826837,"UpTime":184557599,"timestamp":1480665826837,"uptimeNanos":209178572698431,"LogFormat":"1.1"}
3a45bd43-82d2-4650-8571-039f48c0fdca 2016-12-02 03:03:46.855999774 454167 [184557.692269] 26367 26367 I Spinner-State-QoE: {"Action":"SpinnerEvent","Type":"stop","View":"android.widget.ProgressBar","Parent":"com.facebook.widget.recyclerview.BetterRecyclerView","RootView":"com.android.internal.policy.PhoneWindow$DecorView","AppName":"com.facebook.katana","Pid":26367,"Uid":10085,"Tid":26367,"Id":2131559627,"Token":"deff7fda-9e21-4fe8-9071-9743797b53bb","Activity":"android.view.ContextThemeWrapper","SessionID":"unknown","Time":1480665826859,"UpTime":184557621,"timestamp":1480665826859,"uptimeNanos":209178594792546,"LogFormat":"1.1"}
3a45bd43-82d2-4650-8571-039f48c0fdca 2016-12-02 03:03:46.885999774 454168 [184557.728575] 26367 26367 I Spinner-State-QoE: {"Action":"SpinnerEvent","Type":"start","View":"android.widget.ProgressBar","Parent":"com.facebook.widget.recyclerview.BetterRecyclerView","RootView":"com.android.internal.policy.PhoneWindow$DecorView","AppName":"com.facebook.katana","Pid":26367,"Uid":10085,"Tid":26367,"Id":2131559627,"Token":"deff7fda-9e21-4fe8-9071-9743797b53bb","Activity":"android.view.ContextThemeWrapper","SessionID":"unknown","Time":1480665826895,"UpTime":184557657,"timestamp":1480665826895,"uptimeNanos":209178631220150,"LogFormat":"1.1"}
3a45bd43-82d2-4650-8571-039f48c0fdca 2016-12-02 03:03:46.885999774 454169 [184557.728757] 26367 26367 I Spinner-State-QoE: {"Action":"SpinnerEvent","Type":"start","View":"android.widget.ProgressBar","Parent":"com.facebook.widget.recyclerview.BetterRecyclerView","RootView":"com.android.internal.policy.PhoneWindow$DecorView","AppName":"com.facebook.katana","Pid":26367,"Uid":10085,"Tid":26367,"Id":2131559627,"Token":"deff7fda-9e21-4fe8-9071-9743797b53bb","Activity":"android.view.ContextThemeWrapper","SessionID":"unknown","Time":1480665826895,"UpTime":184557657,"timestamp":1480665826895,"uptimeNanos":209178631411608,"LogFormat":"1.1"}
3a45bd43-82d2-4650-8571-039f48c0fdca 2016-12-02 03:03:47.55999774 454170 [184557.899992] 26367 26367 I Spinner-State-QoE: {"Action":"SpinnerEvent","Type":"stop","View":"android.widget.ProgressBar","Parent":"com.facebook.widget.recyclerview.BetterRecyclerView","RootView":"com.android.internal.policy.PhoneWindow$DecorView","AppName":"com.facebook.katana","Pid":26367,"Uid":10085,"Tid":26367,"Id":2131559627,"Token":"deff7fda-9e21-4fe8-9071-9743797b53bb","Activity":"android.view.ContextThemeWrapper","SessionID":"unknown","Time":1480665827067,"UpTime":184557828,"timestamp":1480665827067,"uptimeNanos":209178802611295,"LogFormat":"1.1"}
3a45bd43-82d2-4650-8571-039f48c0fdca 2016-12-02 03:03:47.55999774 454171 [184557.900184] 26367 26367 I Spinner-State-QoE: {"Action":"SpinnerEvent","Type":"stop","View":"android.widget.ProgressBar","Parent":"com.facebook.widget.recyclerview.BetterRecyclerView","RootView":"com.android.internal.policy.PhoneWindow$DecorView","AppName":"com.facebook.katana","Pid":26367,"Uid":10085,"Tid":26367,"Id":2131559627,"Token":"deff7fda-9e21-4fe8-9071-9743797b53bb","Activity":"android.view.ContextThemeWrapper","SessionID":"unknown","Time":1480665827067,"UpTime":184557829,"timestamp":1480665827067,"uptimeNanos":209178802829629,"LogFormat":"1.1"}
3a45bd43-82d2-4650-8571-039f48c0fdca 2016-12-02 03:03:47.75999774 454172 [184557.911149] 26367 26367 I Spinner-State-QoE: {"Action":"SpinnerEvent","Type":"stop","View":"android.widget.ProgressBar","Parent":"com.facebook.widget.recyclerview.BetterRecyclerView","RootView":"com.android.internal.policy.PhoneWindow$DecorView","AppName":"com.facebook.katana","Pid":26367,"Uid":10085,"Tid":26367,"Id":2131559627,"Token":"deff7fda-9e21-4fe8-9071-9743797b53bb","Activity":"android.view.ContextThemeWrapper","SessionID":"unknown","Time":1480665827078,"UpTime":184557839,"timestamp":1480665827078,"uptimeNanos":209178813493795,"LogFormat":"1.1"}
3a45bd43-82d2-4650-8571-039f48c0fdca 2016-12-02 03:03:47.115999774 454173 [184557.959716] 26367 26367 I Spinner-State-QoE: {"Action":"SpinnerEvent","Type":"start","View":"android.widget.ProgressBar","Parent":"com.facebook.widget.recyclerview.BetterRecyclerView","RootView":"com.android.internal.policy.PhoneWindow$DecorView","AppName":"com.facebook.katana","Pid":26367,"Uid":10085,"Tid":26367,"Id":2131559627,"Token":"deff7fda-9e21-4fe8-9071-9743797b53bb","Activity":"android.view.ContextThemeWrapper","SessionID":"unknown","Time":1480665827126,"UpTime":184557888,"timestamp":1480665827126,"uptimeNanos":209178862327077,"LogFormat":"1.1"}
3a45bd43-82d2-4650-8571-039f48c0fdca 2016-12-02 03:03:47.115999774 454174 [184557.959882] 26367 26367 I Spinner-State-QoE: {"Action":"SpinnerEvent","Type":"start","View":"android.widget.ProgressBar","Parent":"com.facebook.widget.recyclerview.BetterRecyclerView","RootView":"com.android.internal.policy.PhoneWindow$DecorView","AppName":"com.facebook.katana","Pid":26367,"Uid":10085,"Tid":26367,"Id":2131559627,"Token":"deff7fda-9e21-4fe8-9071-9743797b53bb","Activity":"android.view.ContextThemeWrapper","SessionID":"unknown","Time":1480665827127,"UpTime":184557888,"timestamp":1480665827127,"uptimeNanos":209178862536660,"LogFormat":"1.1"}
3a45bd43-82d2-4650-8571-039f48c0fdca 2016-12-02 03:03:47.125999774 454175 [184557.963212] 26367 26367 I Spinner-State-QoE: {"Action":"SpinnerEvent","Type":"stop","View":"android.widget.ProgressBar","Parent":"com.facebook.widget.recyclerview.BetterRecyclerView","RootView":"com.android.internal.policy.PhoneWindow$DecorView","AppName":"com.facebook.katana","Pid":26367,"Uid":10085,"Tid":26367,"Id":2131559627,"Token":"deff7fda-9e21-4fe8-9071-9743797b53bb","Activity":"android.view.ContextThemeWrapper","SessionID":"unknown","Time":1480665827130,"UpTime":184557892,"timestamp":1480665827130,"uptimeNanos":209178865822598,"LogFormat":"1.1"}
3a45bd43-82d2-4650-8571-039f48c0fdca 2016-12-02 03:03:47.125999774 454176 [184557.970674] 26367 26367 I Spinner-State-QoE: {"Action":"SpinnerEvent","Type":"start","View":"android.widget.ProgressBar","Parent":"com.facebook.widget.recyclerview.BetterRecyclerView","RootView":"com.android.internal.policy.PhoneWindow$DecorView","AppName":"com.facebook.katana","Pid":26367,"Uid":10085,"Tid":26367,"Id":2131559627,"Token":"deff7fda-9e21-4fe8-9071-9743797b53bb","Activity":"android.view.ContextThemeWrapper","SessionID":"unknown","Time":1480665827137,"UpTime":184557899,"timestamp":1480665827137,"uptimeNanos":209178873284316,"LogFormat":"1.1"}
3a45bd43-82d2-4650-8571-039f48c0fdca 2016-12-02 03:03:47.125999774 454177 [184557.970845] 26367 26367 I Spinner-State-QoE: {"Action":"SpinnerEvent","Type":"start","View":"android.widget.ProgressBar","Parent":"com.facebook.widget.recyclerview.BetterRecyclerView","RootView":"com.android.internal.policy.PhoneWindow$DecorView","AppName":"com.facebook.katana","Pid":26367,"Uid":10085,"Tid":26367,"Id":2131559627,"Token":"deff7fda-9e21-4fe8-9071-9743797b53bb","Activity":"android.view.ContextThemeWrapper","SessionID":"unknown","Time":1480665827138,"UpTime":184557899,"timestamp":1480665827138,"uptimeNanos":209178873502129,"LogFormat":"1.1"}
3a45bd43-82d2-4650-8571-039f48c0fdca 2016-12-02 03:03:47.135999774 454178 [184557.978050] 26367 26367 I Spinner-State-QoE: {"Action":"SpinnerEvent","Type":"stop","View":"android.widget.ProgressBar","Parent":"com.facebook.widget.recyclerview.BetterRecyclerView","RootView":"com.android.internal.policy.PhoneWindow$DecorView","AppName":"com.facebook.katana","Pid":26367,"Uid":10085,"Tid":26367,"Id":2131559627,"Token":"deff7fda-9e21-4fe8-9071-9743797b53bb","Activity":"android.view.ContextThemeWrapper","SessionID":"unknown","Time":1480665827145,"UpTime":184557907,"timestamp":1480665827145,"uptimeNanos":209178880668223,"LogFormat":"1.1"}
3a45bd43-82d2-4650-8571-039f48c0fdca 2016-12-02 03:03:47.145999774 454179 [184557.982937] 26367 26367 I Spinner-State-QoE: {"Action":"SpinnerEvent","Type":"start","View":"android.widget.ProgressBar","Parent":"com.facebook.widget.recyclerview.BetterRecyclerView","RootView":"com.android.internal.policy.PhoneWindow$DecorView","AppName":"com.facebook.katana","Pid":26367,"Uid":10085,"Tid":26367,"Id":2131559627,"Token":"deff7fda-9e21-4fe8-9071-9743797b53bb","Activity":"android.view.ContextThemeWrapper","SessionID":"unknown","Time":1480665827150,"UpTime":184557911,"timestamp":1480665827150,"uptimeNanos":209178885568327,"LogFormat":"1.1"}
3a45bd43-82d2-4650-8571-039f48c0fdca 2016-12-02 03:03:47.145999774 454180 [184557.983098] 26367 26367 I Spinner-State-QoE: {"Action":"SpinnerEvent","Type":"start","View":"android.widget.ProgressBar","Parent":"com.facebook.widget.recyclerview.BetterRecyclerView","RootView":"com.android.internal.policy.PhoneWindow$DecorView","AppName":"com.facebook.katana","Pid":26367,"Uid":10085,"Tid":26367,"Id":2131559627,"Token":"deff7fda-9e21-4fe8-9071-9743797b53bb","Activity":"android.view.ContextThemeWrapper","SessionID":"unknown","Time":1480665827150,"UpTime":184557912,"timestamp":1480665827150,"uptimeNanos":209178885758118,"LogFormat":"1.1"}
3a45bd43-82d2-4650-8571-039f48c0fdca 2016-12-02 03:03:47.165999774 454181 [184558.010834]   291   291 I SurfaceFlinger: {"fps":77.3, "tot_frames":85850, "prev_frames":85772, "cur_time": 184557939927734, "prev_time": 184556930889870}
3a45bd43-82d2-4650-8571-039f48c0fdca 2016-12-02 03:03:47.335999774 454182 [184558.172608] 26367 26367 I Spinner-State-QoE: {"Action":"SpinnerEvent","Type":"stop","View":"android.widget.ProgressBar","Parent":"com.facebook.widget.recyclerview.BetterRecyclerView","RootView":"com.android.internal.policy.PhoneWindow$DecorView","AppName":"com.facebook.katana","Pid":26367,"Uid":10085,"Tid":26367,"Id":2131559627,"Token":"deff7fda-9e21-4fe8-9071-9743797b53bb","Activity":"android.view.ContextThemeWrapper","SessionID":"unknown","Time":1480665827339,"UpTime":184558101,"timestamp":1480665827339,"uptimeNanos":209179075179004,"LogFormat":"1.1"}
3a45bd43-82d2-4650-8571-039f48c0fdca 2016-12-02 03:03:47.335999774 454183 [184558.172847] 26367 26367 I Spinner-State-QoE: {"Action":"SpinnerEvent","Type":"stop","View":"android.widget.ProgressBar","Parent":"com.facebook.widget.recyclerview.BetterRecyclerView","RootView":"com.android.internal.policy.PhoneWindow$DecorView","AppName":"com.facebook.katana","Pid":26367,"Uid":10085,"Tid":26367,"Id":2131559627,"Token":"deff7fda-9e21-4fe8-9071-9743797b53bb","Activity":"android.view.ContextThemeWrapper","SessionID":"unknown","Time":1480665827340,"UpTime":184558101,"timestamp":1480665827340,"uptimeNanos":209179075472389,"LogFormat":"1.1"}
3a45bd43-82d2-4650-8571-039f48c0fdca 2016-12-02 03:03:47.335999774 454184 [184558.178716] 26367 26367 I Spinner-State-QoE: {"Action":"SpinnerEvent","Type":"stop","View":"android.widget.ProgressBar","Parent":"com.facebook.widget.recyclerview.BetterRecyclerView","RootView":"com.android.internal.policy.PhoneWindow$DecorView","AppName":"com.facebook.katana","Pid":26367,"Uid":10085,"Tid":26367,"Id":2131559627,"Token":"deff7fda-9e21-4fe8-9071-9743797b53bb","Activity":"android.view.ContextThemeWrapper","SessionID":"unknown","Time":1480665827345,"UpTime":184558107,"timestamp":1480665827345,"uptimeNanos":209179081237545,"LogFormat":"1.1"}
3a45bd43-82d2-4650-8571-039f48c0fdca 2016-12-02 03:03:47.695999774 454185 [184558.534772]   291   291 I SurfaceFlinger: {"token":1710, "diffs":[[184557085, 0.000000],[184557133, 0.000170],[184557304, 2.053494],[184557361, 0.160895],[184557421, 0.711399],[184557487, 2.075195],[184557534, 1.839193],[184557590, 1.277669],[184557641, 2.170139],[184557689, 0.660536],[184557741, 0.000000],[184557792, 0.000000],[184557842, 2.114529],[184557889, 0.000000],[184557942, 1.889377],[184557993, 2.170139],[184558043, 0.066461],[184558093, 0.065952],[184558159, 2.166070],[184558445, 0.004408]]}
3a45bd43-82d2-4650-8571-039f48c0fdca 2016-12-02 03:03:47.715999774 454186 [184558.553631]   988  1462 D WifiStateMachine: starting scan for "AP4-5"-WPA_PSK with 5200
3a45bd43-82d2-4650-8571-039f48c0fdca 2016-12-02 03:03:48.95999774 454187 [184558.935314] 26367 26367 I Spinner-State-QoE: {"Action":"SpinnerEvent","Type":"stop","View":"android.widget.ProgressBar","Parent":"com.facebook.widget.recyclerview.BetterRecyclerView","RootView":"com.android.internal.policy.PhoneWindow$DecorView","AppName":"com.facebook.katana","Pid":26367,"Uid":10085,"Tid":26367,"Id":2131559627,"Token":"deff7fda-9e21-4fe8-9071-9743797b53bb","Activity":"android.view.ContextThemeWrapper","SessionID":"unknown","Time":1480665828102,"UpTime":184558864,"timestamp":1480665828102,"uptimeNanos":209179837904264,"LogFormat":"1.1"}
3a45bd43-82d2-4650-8571-039f48c0fdca 2016-12-02 03:03:48.185999774 454188 [184559.027400]   291   291 I SurfaceFlinger: {"fps":28.5, "tot_frames":85879, "prev_frames":85850, "cur_time": 184558956478203, "prev_time": 184557939927734}
3a45bd43-82d2-4650-8571-039f48c0fdca 2016-12-02 03:03:48.275999774 11577 [184559.113912]   988  1464 D ConnectivityService: updateNetworkScore for NetworkAgentInfo [WIFI () - 123] to 56
3a45bd43-82d2-4650-8571-039f48c0fdca 2016-12-02 03:03:48.345999774 454189 [184559.189766] 26367 26367 I Spinner-State-QoE: {"Action":"SpinnerEvent","Type":"start","View":"android.widget.ProgressBar","Parent":"com.facebook.widget.recyclerview.BetterRecyclerView","RootView":"com.android.internal.policy.PhoneWindow$DecorView","AppName":"com.facebook.katana","Pid":26367,"Uid":10085,"Tid":26367,"Id":2131559627,"Token":"deff7fda-9e21-4fe8-9071-9743797b53bb","Activity":"android.view.ContextThemeWrapper","SessionID":"unknown","Time":1480665828356,"UpTime":184559118,"timestamp":1480665828356,"uptimeNanos":209180092365566,"LogFormat":"1.1"}
3a45bd43-82d2-4650-8571-039f48c0fdca 2016-12-02 03:03:48.345999774 454190 [184559.189945] 26367 26367 I Spinner-State-QoE: {"Action":"SpinnerEvent","Type":"start","View":"android.widget.ProgressBar","Parent":"com.facebook.widget.recyclerview.BetterRecyclerView","RootView":"com.android.internal.policy.PhoneWindow$DecorView","AppName":"com.facebook.katana","Pid":26367,"Uid":10085,"Tid":26367,"Id":2131559627,"Token":"deff7fda-9e21-4fe8-9071-9743797b53bb","Activity":"android.view.ContextThemeWrapper","SessionID":"unknown","Time":1480665828357,"UpTime":184559118,"timestamp":1480665828357,"uptimeNanos":209180092600670,"LogFormat":"1.1"}
3a45bd43-82d2-4650-8571-039f48c0fdca 2016-12-02 03:03:48.355999774 454191 [184559.194372] 26367 26367 I Spinner-State-QoE: {"Action":"SpinnerEvent","Type":"stop","View":"android.widget.ProgressBar","Parent":"com.facebook.widget.recyclerview.BetterRecyclerView","RootView":"com.android.internal.policy.PhoneWindow$DecorView","AppName":"com.facebook.katana","Pid":26367,"Uid":10085,"Tid":26367,"Id":2131559627,"Token":"deff7fda-9e21-4fe8-9071-9743797b53bb","Activity":"android.view.ContextThemeWrapper","SessionID":"unknown","Time":1480665828361,"UpTime":184559123,"timestamp":1480665828361,"uptimeNanos":209180096969472,"LogFormat":"1.1"}
3a45bd43-82d2-4650-8571-039f48c0fdca 2016-12-02 03:03:48.385999774 454192 [184559.221829] 26367 26367 I Spinner-State-QoE: {"Action":"SpinnerEvent","Type":"start","View":"android.widget.ProgressBar","Parent":"com.facebook.widget.recyclerview.BetterRecyclerView","RootView":"com.android.internal.policy.PhoneWindow$DecorView","AppName":"com.facebook.katana","Pid":26367,"Uid":10085,"Tid":26367,"Id":2131559627,"Token":"deff7fda-9e21-4fe8-9071-9743797b53bb","Activity":"android.view.ContextThemeWrapper","SessionID":"unknown","Time":1480665828388,"UpTime":184559150,"timestamp":1480665828389,"uptimeNanos":209180124445826,"LogFormat":"1.1"}
3a45bd43-82d2-4650-8571-039f48c0fdca 2016-12-02 03:03:48.385999774 454193 [184559.222011] 26367 26367 I Spinner-State-QoE: {"Action":"SpinnerEvent","Type":"start","View":"android.widget.ProgressBar","Parent":"com.facebook.widget.recyclerview.BetterRecyclerView","RootView":"com.android.internal.policy.PhoneWindow$DecorView","AppName":"com.facebook.katana","Pid":26367,"Uid":10085,"Tid":26367,"Id":2131559627,"Token":"deff7fda-9e21-4fe8-9071-9743797b53bb","Activity":"android.view.ContextThemeWrapper","SessionID":"unknown","Time":1480665828389,"UpTime":184559151,"timestamp":1480665828389,"uptimeNanos":209180124657441,"LogFormat":"1.1"}
3a45bd43-82d2-4650-8571-039f48c0fdca 2016-12-02 03:03:48.395999774 454194 [184559.238396] 26367 26367 I Spinner-State-QoE: {"Action":"SpinnerEvent","Type":"stop","View":"android.widget.ProgressBar","Parent":"com.facebook.widget.recyclerview.BetterRecyclerView","RootView":"com.android.internal.policy.PhoneWindow$DecorView","AppName":"com.facebook.katana","Pid":26367,"Uid":10085,"Tid":26367,"Id":2131559627,"Token":"deff7fda-9e21-4fe8-9071-9743797b53bb","Activity":"android.view.ContextThemeWrapper","SessionID":"unknown","Time":1480665828405,"UpTime":184559167,"timestamp":1480665828405,"uptimeNanos":209180141004316,"LogFormat":"1.1"}
3a45bd43-82d2-4650-8571-039f48c0fdca 2016-12-02 03:03:48.435999774 454195 [184559.277886] 26367 26367 I Spinner-State-QoE: {"Action":"SpinnerEvent","Type":"start","View":"android.widget.ProgressBar","Parent":"com.facebook.widget.recyclerview.BetterRecyclerView","RootView":"com.android.internal.policy.PhoneWindow$DecorView","AppName":"com.facebook.katana","Pid":26367,"Uid":10085,"Tid":26367,"Id":2131559627,"Token":"deff7fda-9e21-4fe8-9071-9743797b53bb","Activity":"android.view.ContextThemeWrapper","SessionID":"unknown","Time":1480665828445,"UpTime":184559206,"timestamp":1480665828445,"uptimeNanos":209180180493951,"LogFormat":"1.1"}
3a45bd43-82d2-4650-8571-039f48c0fdca 2016-12-02 03:03:48.435999774 454196 [184559.278043] 26367 26367 I Spinner-State-QoE: {"Action":"SpinnerEvent","Type":"start","View":"android.widget.ProgressBar","Parent":"com.facebook.widget.recyclerview.BetterRecyclerView","RootView":"com.android.internal.policy.PhoneWindow$DecorView","AppName":"com.facebook.katana","Pid":26367,"Uid":10085,"Tid":26367,"Id":2131559627,"Token":"deff7fda-9e21-4fe8-9071-9743797b53bb","Activity":"android.view.ContextThemeWrapper","SessionID":"unknown","Time":1480665828445,"UpTime":184559207,"timestamp":1480665828445,"uptimeNanos":209180180707701,"LogFormat":"1.1"}
3a45bd43-82d2-4650-8571-039f48c0fdca 2016-12-02 03:03:48.545999774 454197 [184559.390064] 26367 26367 I Spinner-State-QoE: {"Action":"SpinnerEvent","Type":"stop","View":"android.widget.ProgressBar","Parent":"com.facebook.widget.recyclerview.BetterRecyclerView","RootView":"com.android.internal.policy.PhoneWindow$DecorView","AppName":"com.facebook.katana","Pid":26367,"Uid":10085,"Tid":26367,"Id":2131559627,"Token":"deff7fda-9e21-4fe8-9071-9743797b53bb","Activity":"android.view.ContextThemeWrapper","SessionID":"unknown","Time":1480665828557,"UpTime":184559319,"timestamp":1480665828557,"uptimeNanos":209180292700201,"LogFormat":"1.1"}
3a45bd43-82d2-4650-8571-039f48c0fdca 2016-12-02 03:03:48.545999774 454198 [184559.390220] 26367 26367 I Spinner-State-QoE: {"Action":"SpinnerEvent","Type":"stop","View":"android.widget.ProgressBar","Parent":"com.facebook.widget.recyclerview.BetterRecyclerView","RootView":"com.android.internal.policy.PhoneWindow$DecorView","AppName":"com.facebook.katana","Pid":26367,"Uid":10085,"Tid":26367,"Id":2131559627,"Token":"deff7fda-9e21-4fe8-9071-9743797b53bb","Activity":"android.view.ContextThemeWrapper","SessionID":"unknown","Time":1480665828557,"UpTime":184559319,"timestamp":1480665828557,"uptimeNanos":209180292892337,"LogFormat":"1.1"}
3a45bd43-82d2-4650-8571-039f48c0fdca 2016-12-02 03:03:48.555999774 454199 [184559.391077] 26367 26367 I Spinner-State-QoE: {"Action":"SpinnerEvent","Type":"stop","View":"android.widget.ProgressBar","Parent":"com.facebook.widget.recyclerview.BetterRecyclerView","RootView":"com.android.internal.policy.PhoneWindow$DecorView","AppName":"com.facebook.katana","Pid":26367,"Uid":10085,"Tid":26367,"Id":2131559627,"Token":"deff7fda-9e21-4fe8-9071-9743797b53bb","Activity":"android.view.ContextThemeWrapper","SessionID":"unknown","Time":1480665828558,"UpTime":184559320,"timestamp":1480665828558,"uptimeNanos":209180293713587,"LogFormat":"1.1"}
3a45bd43-82d2-4650-8571-039f48c0fdca 2016-12-02 03:03:48.605999774 454200 [184559.448117] 26367 26367 I Spinner-State-QoE: {"Action":"SpinnerEvent","Type":"start","View":"android.widget.ProgressBar","Parent":"com.facebook.widget.recyclerview.BetterRecyclerView","RootView":"com.android.internal.policy.PhoneWindow$DecorView","AppName":"com.facebook.katana","Pid":26367,"Uid":10085,"Tid":26367,"Id":2131559627,"Token":"deff7fda-9e21-4fe8-9071-9743797b53bb","Activity":"android.view.ContextThemeWrapper","SessionID":"unknown","Time":1480665828615,"UpTime":184559377,"timestamp":1480665828615,"uptimeNanos":209180350637232,"LogFormat":"1.1"}
3a45bd43-82d2-4650-8571-039f48c0fdca 2016-12-02 03:03:48.605999774 454201 [184559.448311] 26367 26367 I Spinner-State-QoE: {"Action":"SpinnerEvent","Type":"start","View":"android.widget.ProgressBar","Parent":"com.facebook.widget.recyclerview.BetterRecyclerView","RootView":"com.android.internal.policy.PhoneWindow$DecorView","AppName":"com.facebook.katana","Pid":26367,"Uid":10085,"Tid":26367,"Id":2131559627,"Token":"deff7fda-9e21-4fe8-9071-9743797b53bb","Activity":"android.view.ContextThemeWrapper","SessionID":"unknown","Time":1480665828615,"UpTime":184559377,"timestamp":1480665828615,"uptimeNanos":209180350945357,"LogFormat":"1.1"}
3a45bd43-82d2-4650-8571-039f48c0fdca 2016-12-02 03:03:48.615999774 454202 [184559.456335] 26367 26367 I Spinner-State-QoE: {"Action":"SpinnerEvent","Type":"stop","View":"android.widget.ProgressBar","Parent":"com.facebook.widget.recyclerview.BetterRecyclerView","RootView":"com.android.internal.policy.PhoneWindow$DecorView","AppName":"com.facebook.katana","Pid":26367,"Uid":10085,"Tid":26367,"Id":2131559627,"Token":"deff7fda-9e21-4fe8-9071-9743797b53bb","Activity":"android.view.ContextThemeWrapper","SessionID":"unknown","Time":1480665828623,"UpTime":184559385,"timestamp":1480665828623,"uptimeNanos":209180358931139,"LogFormat":"1.1"}
3a45bd43-82d2-4650-8571-039f48c0fdca 2016-12-02 03:03:48.665999774 454203 [184559.509907] 26367 26367 I Spinner-State-QoE: {"Action":"SpinnerEvent","Type":"start","View":"android.widget.ProgressBar","Parent":"com.facebook.widget.recyclerview.BetterRecyclerView","RootView":"com.android.internal.policy.PhoneWindow$DecorView","AppName":"com.facebook.katana","Pid":26367,"Uid":10085,"Tid":26367,"Id":2131559627,"Token":"deff7fda-9e21-4fe8-9071-9743797b53bb","Activity":"android.view.ContextThemeWrapper","SessionID":"unknown","Time":1480665828677,"UpTime":184559438,"timestamp":1480665828677,"uptimeNanos":209180412556972,"LogFormat":"1.1"}
3a45bd43-82d2-4650-8571-039f48c0fdca 2016-12-02 03:03:48.665999774 454204 [184559.510073] 26367 26367 I Spinner-State-QoE: {"Action":"SpinnerEvent","Type":"start","View":"android.widget.ProgressBar","Parent":"com.facebook.widget.recyclerview.BetterRecyclerView","RootView":"com.android.internal.policy.PhoneWindow$DecorView","AppName":"com.facebook.katana","Pid":26367,"Uid":10085,"Tid":26367,"Id":2131559627,"Token":"deff7fda-9e21-4fe8-9071-9743797b53bb","Activity":"android.view.ContextThemeWrapper","SessionID":"unknown","Time":1480665828677,"UpTime":184559439,"timestamp":1480665828677,"uptimeNanos":209180412723691,"LogFormat":"1.1"}
3a45bd43-82d2-4650-8571-039f48c0fdca 2016-12-02 03:03:48.675999774 454205 [184559.511359]   988 26984 D NetlinkSocketObserver: NeighborEvent{elapsedMs=209180413, fde5:bdee:339a::1, [10FEEDE58C95], RTM_NEWNEIGH, NUD_PROBE}
3a45bd43-82d2-4650-8571-039f48c0fdca 2016-12-02 03:03:48.685999774 454206 [184559.523322] 26367 26367 I Spinner-State-QoE: {"Action":"SpinnerEvent","Type":"stop","View":"android.widget.ProgressBar","Parent":"com.facebook.widget.recyclerview.BetterRecyclerView","RootView":"com.android.internal.policy.PhoneWindow$DecorView","AppName":"com.facebook.katana","Pid":26367,"Uid":10085,"Tid":26367,"Id":2131559627,"Token":"deff7fda-9e21-4fe8-9071-9743797b53bb","Activity":"android.view.ContextThemeWrapper","SessionID":"unknown","Time":1480665828690,"UpTime":184559452,"timestamp":1480665828690,"uptimeNanos":209180425873691,"LogFormat":"1.1"}
3a45bd43-82d2-4650-8571-039f48c0fdca 2016-12-02 03:03:48.705999774 454207 [184559.540941]   414   414 D KernelPrintk:  SUBSYSTEM=i2c
3a45bd43-82d2-4650-8571-039f48c0fdca 2016-12-02 03:03:48.705999774 454208 [184559.540955]   414   414 D KernelPrintk:  DEVICE=+i2c:0-001c
3a45bd43-82d2-4650-8571-039f48c0fdca 2016-12-02 03:03:48.705999774 454209 [184559.540977]   414   414 D KernelPrintk: 4,60599,184559533438,-;smb135x-charger 0-001c: Increase Input Rate
3a45bd43-82d2-4650-8571-039f48c0fdca 2016-12-02 03:03:48.715999774 454210 [184559.560041] 26367 26367 I Spinner-State-QoE: {"Action":"SpinnerEvent","Type":"start","View":"android.widget.ProgressBar","Parent":"com.facebook.widget.recyclerview.BetterRecyclerView","RootView":"com.android.internal.policy.PhoneWindow$DecorView","AppName":"com.facebook.katana","Pid":26367,"Uid":10085,"Tid":26367,"Id":2131559627,"Token":"deff7fda-9e21-4fe8-9071-9743797b53bb","Activity":"android.view.ContextThemeWrapper","SessionID":"unknown","Time":1480665828727,"UpTime":184559489,"timestamp":1480665828727,"uptimeNanos":209180462654420,"LogFormat":"1.1"}
3a45bd43-82d2-4650-8571-039f48c0fdca 2016-12-02 03:03:48.715999774 454211 [184559.560226] 26367 26367 I Spinner-State-QoE: {"Action":"SpinnerEvent","Type":"start","View":"android.widget.ProgressBar","Parent":"com.facebook.widget.recyclerview.BetterRecyclerView","RootView":"com.android.internal.policy.PhoneWindow$DecorView","AppName":"com.facebook.katana","Pid":26367,"Uid":10085,"Tid":26367,"Id":2131559627,"Token":"deff7fda-9e21-4fe8-9071-9743797b53bb","Activity":"android.view.ContextThemeWrapper","SessionID":"unknown","Time":1480665828727,"UpTime":184559489,"timestamp":1480665828727,"uptimeNanos":209180462860670,"LogFormat":"1.1"}
3a45bd43-82d2-4650-8571-039f48c0fdca 2016-12-02 03:03:48.815999774 454212 [184559.660247] 26367 26367 I Spinner-State-QoE: {"Action":"SpinnerEvent","Type":"stop","View":"android.widget.ProgressBar","Parent":"com.facebook.widget.recyclerview.BetterRecyclerView","RootView":"com.android.internal.policy.PhoneWindow$DecorView","AppName":"com.facebook.katana","Pid":26367,"Uid":10085,"Tid":26367,"Id":2131559627,"Token":"deff7fda-9e21-4fe8-9071-9743797b53bb","Activity":"android.view.ContextThemeWrapper","SessionID":"unknown","Time":1480665828827,"UpTime":184559589,"timestamp":1480665828827,"uptimeNanos":209180562854524,"LogFormat":"1.1"}
3a45bd43-82d2-4650-8571-039f48c0fdca 2016-12-02 03:03:48.815999774 454213 [184559.660425] 26367 26367 I Spinner-State-QoE: {"Action":"SpinnerEvent","Type":"stop","View":"android.widget.ProgressBar","Parent":"com.facebook.widget.recyclerview.BetterRecyclerView","RootView":"com.android.internal.policy.PhoneWindow$DecorView","AppName":"com.facebook.katana","Pid":26367,"Uid":10085,"Tid":26367,"Id":2131559627,"Token":"deff7fda-9e21-4fe8-9071-9743797b53bb","Activity":"android.view.ContextThemeWrapper","SessionID":"unknown","Time":1480665828827,"UpTime":184559589,"timestamp":1480665828827,"uptimeNanos":209180563069368,"LogFormat":"1.1"}
3a45bd43-82d2-4650-8571-039f48c0fdca 2016-12-02 03:03:48.825999774 454214 [184559.661618] 26367 26367 I Spinner-State-QoE: {"Action":"SpinnerEvent","Type":"stop","View":"android.widget.ProgressBar","Parent":"com.facebook.widget.recyclerview.BetterRecyclerView","RootView":"com.android.internal.policy.PhoneWindow$DecorView","AppName":"com.facebook.katana","Pid":26367,"Uid":10085,"Tid":26367,"Id":2131559627,"Token":"deff7fda-9e21-4fe8-9071-9743797b53bb","Activity":"android.view.ContextThemeWrapper","SessionID":"unknown","Time":1480665828828,"UpTime":184559590,"timestamp":1480665828828,"uptimeNanos":209180564222545,"LogFormat":"1.1"}
3a45bd43-82d2-4650-8571-039f48c0fdca 2016-12-02 03:03:49.225999774 454215 [184560.064202]   291   291 I SurfaceFlinger: {"fps":43.4, "tot_frames":85924, "prev_frames":85879, "cur_time": 184559993280025, "prev_time": 184558956478203}
3a45bd43-82d2-4650-8571-039f48c0fdca 2016-12-02 03:03:49.305999774 454216 [184560.141358] 26367 26367 I Spinner-State-QoE: {"Action":"SpinnerEvent","Type":"start","View":"android.widget.ProgressBar","Parent":"com.facebook.widget.recyclerview.BetterRecyclerView","RootView":"com.android.internal.policy.PhoneWindow$DecorView","AppName":"com.facebook.katana","Pid":26367,"Uid":10085,"Tid":26367,"Id":2131559627,"Token":"deff7fda-9e21-4fe8-9071-9743797b53bb","Activity":"android.view.ContextThemeWrapper","SessionID":"unknown","Time":1480665829308,"UpTime":184560070,"timestamp":1480665829308,"uptimeNanos":209181043931243,"LogFormat":"1.1"}
3a45bd43-82d2-4650-8571-039f48c0fdca 2016-12-02 03:03:49.305999774 454217 [184560.141620] 26367 26367 I Spinner-State-QoE: {"Action":"SpinnerEvent","Type":"start","View":"android.widget.ProgressBar","Parent":"com.facebook.widget.recyclerview.BetterRecyclerView","RootView":"com.android.internal.policy.PhoneWindow$DecorView","AppName":"com.facebook.katana","Pid":26367,"Uid":10085,"Tid":26367,"Id":2131559627,"Token":"deff7fda-9e21-4fe8-9071-9743797b53bb","Activity":"android.view.ContextThemeWrapper","SessionID":"unknown","Time":1480665829308,"UpTime":184560070,"timestamp":1480665829308,"uptimeNanos":209181044216451,"LogFormat":"1.1"}
3a45bd43-82d2-4650-8571-039f48c0fdca 2016-12-02 03:03:49.305999774 454218 [184560.146770] 26367 26367 I Spinner-State-QoE: {"Action":"SpinnerEvent","Type":"stop","View":"android.widget.ProgressBar","Parent":"com.facebook.widget.recyclerview.BetterRecyclerView","RootView":"com.android.internal.policy.PhoneWindow$DecorView","AppName":"com.facebook.katana","Pid":26367,"Uid":10085,"Tid":26367,"Id":2131559627,"Token":"deff7fda-9e21-4fe8-9071-9743797b53bb","Activity":"android.view.ContextThemeWrapper","SessionID":"unknown","Time":1480665829313,"UpTime":184560075,"timestamp":1480665829313,"uptimeNanos":209181049294315,"LogFormat":"1.1"}
3a45bd43-82d2-4650-8571-039f48c0fdca 2016-12-02 03:03:49.325999774 454219 [184560.169629] 26367 26367 I Spinner-State-QoE: {"Action":"SpinnerEvent","Type":"start","View":"android.widget.ProgressBar","Parent":"com.facebook.widget.recyclerview.BetterRecyclerView","RootView":"com.android.internal.policy.PhoneWindow$DecorView","AppName":"com.facebook.katana","Pid":26367,"Uid":10085,"Tid":26367,"Id":2131559627,"Token":"deff7fda-9e21-4fe8-9071-9743797b53bb","Activity":"android.view.ContextThemeWrapper","SessionID":"unknown","Time":1480665829336,"UpTime":184560098,"timestamp":1480665829336,"uptimeNanos":209181072199524,"LogFormat":"1.1"}
3a45bd43-82d2-4650-8571-039f48c0fdca 2016-12-02 03:03:49.325999774 454220 [184560.169849] 26367 26367 I Spinner-State-QoE: {"Action":"SpinnerEvent","Type":"start","View":"android.widget.ProgressBar","Parent":"com.facebook.widget.recyclerview.BetterRecyclerView","RootView":"com.android.internal.policy.PhoneWindow$DecorView","AppName":"com.facebook.katana","Pid":26367,"Uid":10085,"Tid":26367,"Id":2131559627,"Token":"deff7fda-9e21-4fe8-9071-9743797b53bb","Activity":"android.view.ContextThemeWrapper","SessionID":"unknown","Time":1480665829337,"UpTime":184560098,"timestamp":1480665829337,"uptimeNanos":209181072477440,"LogFormat":"1.1"}
3a45bd43-82d2-4650-8571-039f48c0fdca 2016-12-02 03:03:49.345999774 454221 [184560.183294] 26367 26367 I Spinner-State-QoE: {"Action":"SpinnerEvent","Type":"stop","View":"android.widget.ProgressBar","Parent":"com.facebook.widget.recyclerview.BetterRecyclerView","RootView":"com.android.internal.policy.PhoneWindow$DecorView","AppName":"com.facebook.katana","Pid":26367,"Uid":10085,"Tid":26367,"Id":2131559627,"Token":"deff7fda-9e21-4fe8-9071-9743797b53bb","Activity":"android.view.ContextThemeWrapper","SessionID":"unknown","Time":1480665829350,"UpTime":184560112,"timestamp":1480665829350,"uptimeNanos":209181085837909,"LogFormat":"1.1"}
3a45bd43-82d2-4650-8571-039f48c0fdca 2016-12-02 03:03:49.375999774 454222 [184560.211062] 26367 26367 I Spinner-State-QoE: {"Action":"SpinnerEvent","Type":"start","View":"android.widget.ProgressBar","Parent":"com.facebook.widget.recyclerview.BetterRecyclerView","RootView":"com.android.internal.policy.PhoneWindow$DecorView","AppName":"com.facebook.katana","Pid":26367,"Uid":10085,"Tid":26367,"Id":2131559627,"Token":"deff7fda-9e21-4fe8-9071-9743797b53bb","Activity":"android.view.ContextThemeWrapper","SessionID":"unknown","Time":1480665829377,"UpTime":184560139,"timestamp":1480665829377,"uptimeNanos":209181113443013,"LogFormat":"1.1"}
3a45bd43-82d2-4650-8571-039f48c0fdca 2016-12-02 03:03:49.375999774 454223 [184560.211232] 26367 26367 I Spinner-State-QoE: {"Action":"SpinnerEvent","Type":"start","View":"android.widget.ProgressBar","Parent":"com.facebook.widget.recyclerview.BetterRecyclerView","RootView":"com.android.internal.policy.PhoneWindow$DecorView","AppName":"com.facebook.katana","Pid":26367,"Uid":10085,"Tid":26367,"Id":2131559627,"Token":"deff7fda-9e21-4fe8-9071-9743797b53bb","Activity":"android.view.ContextThemeWrapper","SessionID":"unknown","Time":1480665829378,"UpTime":184560140,"timestamp":1480665829378,"uptimeNanos":209181113899472,"LogFormat":"1.1"}
3a45bd43-82d2-4650-8571-039f48c0fdca 2016-12-02 03:03:49.435999774 454224 [184560.278704] 26367 26367 I Spinner-State-QoE: {"Action":"SpinnerEvent","Type":"stop","View":"android.widget.ProgressBar","Parent":"com.facebook.widget.recyclerview.BetterRecyclerView","RootView":"com.android.internal.policy.PhoneWindow$DecorView","AppName":"com.facebook.katana","Pid":26367,"Uid":10085,"Tid":26367,"Id":2131559627,"Token":"deff7fda-9e21-4fe8-9071-9743797b53bb","Activity":"android.view.ContextThemeWrapper","SessionID":"unknown","Time":1480665829445,"UpTime":184560207,"timestamp":1480665829445,"uptimeNanos":209181181211711,"LogFormat":"1.1"}
3a45bd43-82d2-4650-8571-039f48c0fdca 2016-12-02 03:03:49.465999773 454225 [184560.308629] 26367 26367 I Spinner-State-QoE: {"Action":"SpinnerEvent","Type":"start","View":"android.widget.ProgressBar","Parent":"com.facebook.widget.recyclerview.BetterRecyclerView","RootView":"com.android.internal.policy.PhoneWindow$DecorView","AppName":"com.facebook.katana","Pid":26367,"Uid":10085,"Tid":26367,"Id":2131559627,"Token":"deff7fda-9e21-4fe8-9071-9743797b53bb","Activity":"android.view.ContextThemeWrapper","SessionID":"unknown","Time":1480665829475,"UpTime":184560237,"timestamp":1480665829475,"uptimeNanos":209181211174315,"LogFormat":"1.1"}
3a45bd43-82d2-4650-8571-039f48c0fdca 2016-12-02 03:03:49.465999773 454226 [184560.308794] 26367 26367 I Spinner-State-QoE: {"Action":"SpinnerEvent","Type":"start","View":"android.widget.ProgressBar","Parent":"com.facebook.widget.recyclerview.BetterRecyclerView","RootView":"com.android.internal.policy.PhoneWindow$DecorView","AppName":"com.facebook.katana","Pid":26367,"Uid":10085,"Tid":26367,"Id":2131559627,"Token":"deff7fda-9e21-4fe8-9071-9743797b53bb","Activity":"android.view.ContextThemeWrapper","SessionID":"unknown","Time":1480665829476,"UpTime":184560237,"timestamp":1480665829476,"uptimeNanos":209181211459159,"LogFormat":"1.1"}
3a45bd43-82d2-4650-8571-039f48c0fdca 2016-12-02 03:03:49.485999773 454227 [184560.322429] 26367 26367 I Spinner-State-QoE: {"Action":"SpinnerEvent","Type":"stop","View":"android.widget.ProgressBar","Parent":"com.facebook.widget.recyclerview.BetterRecyclerView","RootView":"com.android.internal.policy.PhoneWindow$DecorView","AppName":"com.facebook.katana","Pid":26367,"Uid":10085,"Tid":26367,"Id":2131559627,"Token":"deff7fda-9e21-4fe8-9071-9743797b53bb","Activity":"android.view.ContextThemeWrapper","SessionID":"unknown","Time":1480665829489,"UpTime":184560251,"timestamp":1480665829489,"uptimeNanos":209181225047701,"LogFormat":"1.1"}
3a45bd43-82d2-4650-8571-039f48c0fdca 2016-12-02 03:03:49.505999773 454228 [184560.343764] 26367 26367 I Spinner-State-QoE: {"Action":"SpinnerEvent","Type":"start","View":"android.widget.ProgressBar","Parent":"com.facebook.widget.recyclerview.BetterRecyclerView","RootView":"com.android.internal.policy.PhoneWindow$DecorView","AppName":"com.facebook.katana","Pid":26367,"Uid":10085,"Tid":26367,"Id":2131559627,"Token":"deff7fda-9e21-4fe8-9071-9743797b53bb","Activity":"android.view.ContextThemeWrapper","SessionID":"unknown","Time":1480665829510,"UpTime":184560272,"timestamp":1480665829510,"uptimeNanos":209181246362649,"LogFormat":"1.1"}
3a45bd43-82d2-4650-8571-039f48c0fdca 2016-12-02 03:03:49.505999773 454229 [184560.343938] 26367 26367 I Spinner-State-QoE: {"Action":"SpinnerEvent","Type":"start","View":"android.widget.ProgressBar","Parent":"com.facebook.widget.recyclerview.BetterRecyclerView","RootView":"com.android.internal.policy.PhoneWindow$DecorView","AppName":"com.facebook.katana","Pid":26367,"Uid":10085,"Tid":26367,"Id":2131559627,"Token":"deff7fda-9e21-4fe8-9071-9743797b53bb","Activity":"android.view.ContextThemeWrapper","SessionID":"unknown","Time":1480665829511,"UpTime":184560272,"timestamp":1480665829511,"uptimeNanos":209181246591659,"LogFormat":"1.1"}
3a45bd43-82d2-4650-8571-039f48c0fdca 2016-12-02 03:03:49.515999773 454230 [184560.358691] 26367 26367 I Spinner-State-QoE: {"Action":"SpinnerEvent","Type":"stop","View":"android.widget.ProgressBar","Parent":"com.facebook.widget.recyclerview.BetterRecyclerView","RootView":"com.android.internal.policy.PhoneWindow$DecorView","AppName":"com.facebook.katana","Pid":26367,"Uid":10085,"Tid":26367,"Id":2131559627,"Token":"deff7fda-9e21-4fe8-9071-9743797b53bb","Activity":"android.view.ContextThemeWrapper","SessionID":"unknown","Time":1480665829525,"UpTime":184560287,"timestamp":1480665829525,"uptimeNanos":209181261296451,"LogFormat":"1.1"}
3a45bd43-82d2-4650-8571-039f48c0fdca 2016-12-02 03:03:49.555999773 454231 [184560.394339] 26367 26367 I Spinner-State-QoE: {"Action":"SpinnerEvent","Type":"start","View":"android.widget.ProgressBar","Parent":"com.facebook.widget.recyclerview.BetterRecyclerView","RootView":"com.android.internal.policy.PhoneWindow$DecorView","AppName":"com.facebook.katana","Pid":26367,"Uid":10085,"Tid":26367,"Id":2131559627,"Token":"deff7fda-9e21-4fe8-9071-9743797b53bb","Activity":"android.view.ContextThemeWrapper","SessionID":"unknown","Time":1480665829561,"UpTime":184560323,"timestamp":1480665829561,"uptimeNanos":209181296917649,"LogFormat":"1.1"}
3a45bd43-82d2-4650-8571-039f48c0fdca 2016-12-02 03:03:49.555999773 454232 [184560.394526] 26367 26367 I Spinner-State-QoE: {"Action":"SpinnerEvent","Type":"start","View":"android.widget.ProgressBar","Parent":"com.facebook.widget.recyclerview.BetterRecyclerView","RootView":"com.android.internal.policy.PhoneWindow$DecorView","AppName":"com.facebook.katana","Pid":26367,"Uid":10085,"Tid":26367,"Id":2131559627,"Token":"deff7fda-9e21-4fe8-9071-9743797b53bb","Activity":"android.view.ContextThemeWrapper","SessionID":"unknown","Time":1480665829561,"UpTime":184560323,"timestamp":1480665829561,"uptimeNanos":209181297181503,"LogFormat":"1.1"}
3a45bd43-82d2-4650-8571-039f48c0fdca 2016-12-02 03:03:49.565999773 454233 [184560.404697]   291   291 I SurfaceFlinger: {"token":1711, "diffs":[[184558764, 0.806342],[184558917, 1.694065],[184558973, 0.806342],[184559067, 2.053494],[184559168, 0.564236],[184559232, 0.120036],[184559291, 2.079264],[184559338, 1.553006],[184559384, 1.553006],[184559453, 0.008816],[184559505, 0.000000],[184559571, 0.000000],[184559638, 0.000000],[184559908, 0.004408],[184559995, 2.050781],[184560044, 0.197347],[184560129, 3.643121],[184560193, 0.456407],[184560261, 2.187771],[184560316, 2.298991]]}
3a45bd43-82d2-4650-8571-039f48c0fdca 2016-12-02 03:03:49.595999773 454234 [184560.435718] 26367 26367 I Spinner-State-QoE: {"Action":"SpinnerEvent","Type":"stop","View":"android.widget.ProgressBar","Parent":"com.facebook.widget.recyclerview.BetterRecyclerView","RootView":"com.android.internal.policy.PhoneWindow$DecorView","AppName":"com.facebook.katana","Pid":26367,"Uid":10085,"Tid":26367,"Id":2131559627,"Token":"deff7fda-9e21-4fe8-9071-9743797b53bb","Activity":"android.view.ContextThemeWrapper","SessionID":"unknown","Time":1480665829602,"UpTime":184560364,"timestamp":1480665829602,"uptimeNanos":209181338232649,"LogFormat":"1.1"}
3a45bd43-82d2-4650-8571-039f48c0fdca 2016-12-02 03:03:49.625999773 454235 [184560.464425] 26367 26367 I Spinner-State-QoE: {"Action":"SpinnerEvent","Type":"start","View":"android.widget.ProgressBar","Parent":"com.facebook.widget.recyclerview.BetterRecyclerView","RootView":"com.android.internal.policy.PhoneWindow$DecorView","AppName":"com.facebook.katana","Pid":26367,"Uid":10085,"Tid":26367,"Id":2131559627,"Token":"deff7fda-9e21-4fe8-9071-9743797b53bb","Activity":"android.view.ContextThemeWrapper","SessionID":"unknown","Time":1480665829631,"UpTime":184560393,"timestamp":1480665829631,"uptimeNanos":209181367058690,"LogFormat":"1.1"}
3a45bd43-82d2-4650-8571-039f48c0fdca 2016-12-02 03:03:49.625999773 454236 [184560.464587] 26367 26367 I Spinner-State-QoE: {"Action":"SpinnerEvent","Type":"start","View":"android.widget.ProgressBar","Parent":"com.facebook.widget.recyclerview.BetterRecyclerView","RootView":"com.android.internal.policy.PhoneWindow$DecorView","AppName":"com.facebook.katana","Pid":26367,"Uid":10085,"Tid":26367,"Id":2131559627,"Token":"deff7fda-9e21-4fe8-9071-9743797b53bb","Activity":"android.view.ContextThemeWrapper","SessionID":"unknown","Time":1480665829631,"UpTime":184560393,"timestamp":1480665829631,"uptimeNanos":209181367244784,"LogFormat":"1.1"}
3a45bd43-82d2-4650-8571-039f48c0fdca 2016-12-02 03:03:49.645999773 454237 [184560.481577] 26367 26367 I Spinner-State-QoE: {"Action":"SpinnerEvent","Type":"stop","View":"android.widget.ProgressBar","Parent":"com.facebook.widget.recyclerview.BetterRecyclerView","RootView":"com.android.internal.policy.PhoneWindow$DecorView","AppName":"com.facebook.katana","Pid":26367,"Uid":10085,"Tid":26367,"Id":2131559627,"Token":"deff7fda-9e21-4fe8-9071-9743797b53bb","Activity":"android.view.ContextThemeWrapper","SessionID":"unknown","Time":1480665829648,"UpTime":184560410,"timestamp":1480665829648,"uptimeNanos":209181384188326,"LogFormat":"1.1"}
3a45bd43-82d2-4650-8571-039f48c0fdca 2016-12-02 03:03:49.665999773 454238 [184560.510381] 26367 26367 I Spinner-State-QoE: {"Action":"SpinnerEvent","Type":"start","View":"android.widget.ProgressBar","Parent":"com.facebook.widget.recyclerview.BetterRecyclerView","RootView":"com.android.internal.policy.PhoneWindow$DecorView","AppName":"com.facebook.katana","Pid":26367,"Uid":10085,"Tid":26367,"Id":2131559627,"Token":"deff7fda-9e21-4fe8-9071-9743797b53bb","Activity":"android.view.ContextThemeWrapper","SessionID":"unknown","Time":1480665829677,"UpTime":184560439,"timestamp":1480665829677,"uptimeNanos":209181412975461,"LogFormat":"1.1"}
3a45bd43-82d2-4650-8571-039f48c0fdca 2016-12-02 03:03:49.665999773 454239 [184560.510540] 26367 26367 I Spinner-State-QoE: {"Action":"SpinnerEvent","Type":"start","View":"android.widget.ProgressBar","Parent":"com.facebook.widget.recyclerview.BetterRecyclerView","RootView":"com.android.internal.policy.PhoneWindow$DecorView","AppName":"com.facebook.katana","Pid":26367,"Uid":10085,"Tid":26367,"Id":2131559627,"Token":"deff7fda-9e21-4fe8-9071-9743797b53bb","Activity":"android.view.ContextThemeWrapper","SessionID":"unknown","Time":1480665829677,"UpTime":184560439,"timestamp":1480665829677,"uptimeNanos":209181413204576,"LogFormat":"1.1"}
3a45bd43-82d2-4650-8571-039f48c0fdca 2016-12-02 03:03:49.695999773 454240 [184560.537970] 26367 26367 I Spinner-State-QoE: {"Action":"SpinnerEvent","Type":"stop","View":"android.widget.ProgressBar","Parent":"com.facebook.widget.recyclerview.BetterRecyclerView","RootView":"com.android.internal.policy.PhoneWindow$DecorView","AppName":"com.facebook.katana","Pid":26367,"Uid":10085,"Tid":26367,"Id":2131559627,"Token":"deff7fda-9e21-4fe8-9071-9743797b53bb","Activity":"android.view.ContextThemeWrapper","SessionID":"unknown","Time":1480665829705,"UpTime":184560466,"timestamp":1480665829705,"uptimeNanos":209181440540982,"LogFormat":"1.1"}
3a45bd43-82d2-4650-8571-039f48c0fdca 2016-12-02 03:03:49.715999773 454241 [184560.555641] 26367 26367 I Spinner-State-QoE: {"Action":"SpinnerEvent","Type":"start","View":"android.widget.ProgressBar","Parent":"com.facebook.widget.recyclerview.BetterRecyclerView","RootView":"com.android.internal.policy.PhoneWindow$DecorView","AppName":"com.facebook.katana","Pid":26367,"Uid":10085,"Tid":26367,"Id":2131559627,"Token":"deff7fda-9e21-4fe8-9071-9743797b53bb","Activity":"android.view.ContextThemeWrapper","SessionID":"unknown","Time":1480665829722,"UpTime":184560484,"timestamp":1480665829722,"uptimeNanos":209181458228742,"LogFormat":"1.1"}
3a45bd43-82d2-4650-8571-039f48c0fdca 2016-12-02 03:03:49.715999773 454242 [184560.555849] 26367 26367 I Spinner-State-QoE: {"Action":"SpinnerEvent","Type":"start","View":"android.widget.ProgressBar","Parent":"com.facebook.widget.recyclerview.BetterRecyclerView","RootView":"com.android.internal.policy.PhoneWindow$DecorView","AppName":"com.facebook.katana","Pid":26367,"Uid":10085,"Tid":26367,"Id":2131559627,"Token":"deff7fda-9e21-4fe8-9071-9743797b53bb","Activity":"android.view.ContextThemeWrapper","SessionID":"unknown","Time":1480665829723,"UpTime":184560484,"timestamp":1480665829723,"uptimeNanos":209181458473534,"LogFormat":"1.1"}
3a45bd43-82d2-4650-8571-039f48c0fdca 2016-12-02 03:03:49.745999773 454243 [184560.583857] 26367 26367 I Spinner-State-QoE: {"Action":"SpinnerEvent","Type":"stop","View":"android.widget.ProgressBar","Parent":"com.facebook.widget.recyclerview.BetterRecyclerView","RootView":"com.android.internal.policy.PhoneWindow$DecorView","AppName":"com.facebook.katana","Pid":26367,"Uid":10085,"Tid":26367,"Id":2131559627,"Token":"deff7fda-9e21-4fe8-9071-9743797b53bb","Activity":"android.view.ContextThemeWrapper","SessionID":"unknown","Time":1480665829750,"UpTime":184560512,"timestamp":1480665829750,"uptimeNanos":209181486383117,"LogFormat":"1.1"}
3a45bd43-82d2-4650-8571-039f48c0fdca 2016-12-02 03:03:49.765999773 454244 [184560.601784] 26367 26367 I Spinner-State-QoE: {"Action":"SpinnerEvent","Type":"start","View":"android.widget.ProgressBar","Parent":"com.facebook.widget.recyclerview.BetterRecyclerView","RootView":"com.android.internal.policy.PhoneWindow$DecorView","AppName":"com.facebook.katana","Pid":26367,"Uid":10085,"Tid":26367,"Id":2131559627,"Token":"deff7fda-9e21-4fe8-9071-9743797b53bb","Activity":"android.view.ContextThemeWrapper","SessionID":"unknown","Time":1480665829768,"UpTime":184560530,"timestamp":1480665829768,"uptimeNanos":209181504417440,"LogFormat":"1.1"}
3a45bd43-82d2-4650-8571-039f48c0fdca 2016-12-02 03:03:49.765999773 454245 [184560.601960] 26367 26367 I Spinner-State-QoE: {"Action":"SpinnerEvent","Type":"start","View":"android.widget.ProgressBar","Parent":"com.facebook.widget.recyclerview.BetterRecyclerView","RootView":"com.android.internal.policy.PhoneWindow$DecorView","AppName":"com.facebook.katana","Pid":26367,"Uid":10085,"Tid":26367,"Id":2131559627,"Token":"deff7fda-9e21-4fe8-9071-9743797b53bb","Activity":"android.view.ContextThemeWrapper","SessionID":"unknown","Time":1480665829769,"UpTime":184560530,"timestamp":1480665829769,"uptimeNanos":209181504608013,"LogFormat":"1.1"}
3a45bd43-82d2-4650-8571-039f48c0fdca 2016-12-02 03:03:49.815999773 454246 [184560.655138] 26367 26367 I Spinner-State-QoE: {"Action":"SpinnerEvent","Type":"stop","View":"android.widget.ProgressBar","Parent":"com.facebook.widget.recyclerview.BetterRecyclerView","RootView":"com.android.internal.policy.PhoneWindow$DecorView","AppName":"com.facebook.katana","Pid":26367,"Uid":10085,"Tid":26367,"Id":2131559627,"Token":"deff7fda-9e21-4fe8-9071-9743797b53bb","Activity":"android.view.ContextThemeWrapper","SessionID":"unknown","Time":1480665829822,"UpTime":184560584,"timestamp":1480665829822,"uptimeNanos":209181557729524,"LogFormat":"1.1"}
3a45bd43-82d2-4650-8571-039f48c0fdca 2016-12-02 03:03:49.825999773 454247 [184560.669544] 26367 26377 I art     : Background sticky concurrent mark sweep GC freed 171147(10MB) AllocSpace objects, 51(2MB) LOS objects, 21% free, 46MB/59MB, paused 3.096ms total 106.506ms
3a45bd43-82d2-4650-8571-039f48c0fdca 2016-12-02 03:03:49.835999773 454248 [184560.680304] 26367 26367 I Spinner-State-QoE: {"Action":"SpinnerEvent","Type":"start","View":"android.widget.ProgressBar","Parent":"com.facebook.widget.recyclerview.BetterRecyclerView","RootView":"com.android.internal.policy.PhoneWindow$DecorView","AppName":"com.facebook.katana","Pid":26367,"Uid":10085,"Tid":26367,"Id":2131559627,"Token":"deff7fda-9e21-4fe8-9071-9743797b53bb","Activity":"android.view.ContextThemeWrapper","SessionID":"unknown","Time":1480665829847,"UpTime":184560609,"timestamp":1480665829847,"uptimeNanos":209181582892440,"LogFormat":"1.1"}
3a45bd43-82d2-4650-8571-039f48c0fdca 2016-12-02 03:03:49.835999773 454249 [184560.680491] 26367 26367 I Spinner-State-QoE: {"Action":"SpinnerEvent","Type":"start","View":"android.widget.ProgressBar","Parent":"com.facebook.widget.recyclerview.BetterRecyclerView","RootView":"com.android.internal.policy.PhoneWindow$DecorView","AppName":"com.facebook.katana","Pid":26367,"Uid":10085,"Tid":26367,"Id":2131559627,"Token":"deff7fda-9e21-4fe8-9071-9743797b53bb","Activity":"android.view.ContextThemeWrapper","SessionID":"unknown","Time":1480665829847,"UpTime":184560609,"timestamp":1480665829847,"uptimeNanos":209181583140097,"LogFormat":"1.1"}
3a45bd43-82d2-4650-8571-039f48c0fdca 2016-12-02 03:03:49.855999773 454250 [184560.700240] 26367 26367 I Spinner-State-QoE: {"Action":"SpinnerEvent","Type":"stop","View":"android.widget.ProgressBar","Parent":"com.facebook.widget.recyclerview.BetterRecyclerView","RootView":"com.android.internal.policy.PhoneWindow$DecorView","AppName":"com.facebook.katana","Pid":26367,"Uid":10085,"Tid":26367,"Id":2131559627,"Token":"deff7fda-9e21-4fe8-9071-9743797b53bb","Activity":"android.view.ContextThemeWrapper","SessionID":"unknown","Time":1480665829867,"UpTime":184560629,"timestamp":1480665829867,"uptimeNanos":209181602826919,"LogFormat":"1.1"}
3a45bd43-82d2-4650-8571-039f48c0fdca 2016-12-02 03:03:49.875999773 454251 [184560.715920] 26367 26367 I Spinner-State-QoE: {"Action":"SpinnerEvent","Type":"start","View":"android.widget.ProgressBar","Parent":"com.facebook.widget.recyclerview.BetterRecyclerView","RootView":"com.android.internal.policy.PhoneWindow$DecorView","AppName":"com.facebook.katana","Pid":26367,"Uid":10085,"Tid":26367,"Id":2131559627,"Token":"deff7fda-9e21-4fe8-9071-9743797b53bb","Activity":"android.view.ContextThemeWrapper","SessionID":"unknown","Time":1480665829883,"UpTime":184560644,"timestamp":1480665829883,"uptimeNanos":209181618545722,"LogFormat":"1.1"}
3a45bd43-82d2-4650-8571-039f48c0fdca 2016-12-02 03:03:49.875999773 454252 [184560.716091] 26367 26367 I Spinner-State-QoE: {"Action":"SpinnerEvent","Type":"start","View":"android.widget.ProgressBar","Parent":"com.facebook.widget.recyclerview.BetterRecyclerView","RootView":"com.android.internal.policy.PhoneWindow$DecorView","AppName":"com.facebook.katana","Pid":26367,"Uid":10085,"Tid":26367,"Id":2131559627,"Token":"deff7fda-9e21-4fe8-9071-9743797b53bb","Activity":"android.view.ContextThemeWrapper","SessionID":"unknown","Time":1480665829883,"UpTime":184560645,"timestamp":1480665829883,"uptimeNanos":209181618747284,"LogFormat":"1.1"}
3a45bd43-82d2-4650-8571-039f48c0fdca 2016-12-02 03:03:49.895999773 454253 [184560.734127] 26367 26367 I Spinner-State-QoE: {"Action":"SpinnerEvent","Type":"stop","View":"android.widget.ProgressBar","Parent":"com.facebook.widget.recyclerview.BetterRecyclerView","RootView":"com.android.internal.policy.PhoneWindow$DecorView","AppName":"com.facebook.katana","Pid":26367,"Uid":10085,"Tid":26367,"Id":2131559627,"Token":"deff7fda-9e21-4fe8-9071-9743797b53bb","Activity":"android.view.ContextThemeWrapper","SessionID":"unknown","Time":1480665829900,"UpTime":184560662,"timestamp":1480665829900,"uptimeNanos":209181636124003,"LogFormat":"1.1"}
3a45bd43-82d2-4650-8571-039f48c0fdca 2016-12-02 03:03:49.915999773 454254 [184560.752800] 26367 26367 I Spinner-State-QoE: {"Action":"SpinnerEvent","Type":"start","View":"android.widget.ProgressBar","Parent":"com.facebook.widget.recyclerview.BetterRecyclerView","RootView":"com.android.internal.policy.PhoneWindow$DecorView","AppName":"com.facebook.katana","Pid":26367,"Uid":10085,"Tid":26367,"Id":2131559627,"Token":"deff7fda-9e21-4fe8-9071-9743797b53bb","Activity":"android.view.ContextThemeWrapper","SessionID":"unknown","Time":1480665829919,"UpTime":184560681,"timestamp":1480665829919,"uptimeNanos":209181655384003,"LogFormat":"1.1"}
3a45bd43-82d2-4650-8571-039f48c0fdca 2016-12-02 03:03:49.915999773 454255 [184560.752978] 26367 26367 I Spinner-State-QoE: {"Action":"SpinnerEvent","Type":"start","View":"android.widget.ProgressBar","Parent":"com.facebook.widget.recyclerview.BetterRecyclerView","RootView":"com.android.internal.policy.PhoneWindow$DecorView","AppName":"com.facebook.katana","Pid":26367,"Uid":10085,"Tid":26367,"Id":2131559627,"Token":"deff7fda-9e21-4fe8-9071-9743797b53bb","Activity":"android.view.ContextThemeWrapper","SessionID":"unknown","Time":1480665829920,"UpTime":184560682,"timestamp":1480665829920,"uptimeNanos":209181655631607,"LogFormat":"1.1"}
3a45bd43-82d2-4650-8571-039f48c0fdca 2016-12-02 03:03:49.955999773 454256 [184560.793195] 26367 26367 I Spinner-State-QoE: {"Action":"SpinnerEvent","Type":"stop","View":"android.widget.ProgressBar","Parent":"com.facebook.widget.recyclerview.BetterRecyclerView","RootView":"com.android.internal.policy.PhoneWindow$DecorView","AppName":"com.facebook.katana","Pid":26367,"Uid":10085,"Tid":26367,"Id":2131559627,"Token":"deff7fda-9e21-4fe8-9071-9743797b53bb","Activity":"android.view.ContextThemeWrapper","SessionID":"unknown","Time":1480665829960,"UpTime":184560722,"timestamp":1480665829960,"uptimeNanos":209181695826034,"LogFormat":"1.1"}
3a45bd43-82d2-4650-8571-039f48c0fdca 2016-12-02 03:03:49.965999773 454257 [184560.805346] 26367 26367 I Spinner-State-QoE: {"Action":"SpinnerEvent","Type":"start","View":"android.widget.ProgressBar","Parent":"com.facebook.widget.recyclerview.BetterRecyclerView","RootView":"com.android.internal.policy.PhoneWindow$DecorView","AppName":"com.facebook.katana","Pid":26367,"Uid":10085,"Tid":26367,"Id":2131559627,"Token":"deff7fda-9e21-4fe8-9071-9743797b53bb","Activity":"android.view.ContextThemeWrapper","SessionID":"unknown","Time":1480665829972,"UpTime":184560734,"timestamp":1480665829972,"uptimeNanos":209181707968534,"LogFormat":"1.1"}
3a45bd43-82d2-4650-8571-039f48c0fdca 2016-12-02 03:03:49.965999773 454258 [184560.805486] 26367 26367 I Spinner-State-QoE: {"Action":"SpinnerEvent","Type":"start","View":"android.widget.ProgressBar","Parent":"com.facebook.widget.recyclerview.BetterRecyclerView","RootView":"com.android.internal.policy.PhoneWindow$DecorView","AppName":"com.facebook.katana","Pid":26367,"Uid":10085,"Tid":26367,"Id":2131559627,"Token":"deff7fda-9e21-4fe8-9071-9743797b53bb","Activity":"android.view.ContextThemeWrapper","SessionID":"unknown","Time":1480665829972,"UpTime":184560734,"timestamp":1480665829972,"uptimeNanos":209181708161242,"LogFormat":"1.1"}
3a45bd43-82d2-4650-8571-039f48c0fdca 2016-12-02 03:03:49.975999773 454259 [184560.817779] 26367 26367 I Spinner-State-QoE: {"Action":"SpinnerEvent","Type":"stop","View":"android.widget.ProgressBar","Parent":"com.facebook.widget.recyclerview.BetterRecyclerView","RootView":"com.android.internal.policy.PhoneWindow$DecorView","AppName":"com.facebook.katana","Pid":26367,"Uid":10085,"Tid":26367,"Id":2131559627,"Token":"deff7fda-9e21-4fe8-9071-9743797b53bb","Activity":"android.view.ContextThemeWrapper","SessionID":"unknown","Time":1480665829984,"UpTime":184560746,"timestamp":1480665829984,"uptimeNanos":209181720314784,"LogFormat":"1.1"}
3a45bd43-82d2-4650-8571-039f48c0fdca 2016-12-02 03:03:49.995999773 454260 [184560.833780] 26367 26367 I Spinner-State-QoE: {"Action":"SpinnerEvent","Type":"start","View":"android.widget.ProgressBar","Parent":"com.facebook.widget.recyclerview.BetterRecyclerView","RootView":"com.android.internal.policy.PhoneWindow$DecorView","AppName":"com.facebook.katana","Pid":26367,"Uid":10085,"Tid":26367,"Id":2131559627,"Token":"deff7fda-9e21-4fe8-9071-9743797b53bb","Activity":"android.view.ContextThemeWrapper","SessionID":"unknown","Time":1480665830000,"UpTime":184560762,"timestamp":1480665830000,"uptimeNanos":209181736369784,"LogFormat":"1.1"}
3a45bd43-82d2-4650-8571-039f48c0fdca 2016-12-02 03:03:49.995999773 454261 [184560.833961] 26367 26367 I Spinner-State-QoE: {"Action":"SpinnerEvent","Type":"start","View":"android.widget.ProgressBar","Parent":"com.facebook.widget.recyclerview.BetterRecyclerView","RootView":"com.android.internal.policy.PhoneWindow$DecorView","AppName":"com.facebook.katana","Pid":26367,"Uid":10085,"Tid":26367,"Id":2131559627,"Token":"deff7fda-9e21-4fe8-9071-9743797b53bb","Activity":"android.view.ContextThemeWrapper","SessionID":"unknown","Time":1480665830001,"UpTime":184560762,"timestamp":1480665830001,"uptimeNanos":209181736610409,"LogFormat":"1.1"}
3a45bd43-82d2-4650-8571-039f48c0fdca 2016-12-02 03:03:50.75999773 454262 [184560.918583] 26367 26367 I Spinner-State-QoE: {"Action":"SpinnerEvent","Type":"stop","View":"android.widget.ProgressBar","Parent":"com.facebook.widget.recyclerview.BetterRecyclerView","RootView":"com.android.internal.policy.PhoneWindow$DecorView","AppName":"com.facebook.katana","Pid":26367,"Uid":10085,"Tid":26367,"Id":2131559627,"Token":"deff7fda-9e21-4fe8-9071-9743797b53bb","Activity":"android.view.ContextThemeWrapper","SessionID":"unknown","Time":1480665830085,"UpTime":184560847,"timestamp":1480665830085,"uptimeNanos":209181821154836,"LogFormat":"1.1"}
3a45bd43-82d2-4650-8571-039f48c0fdca 2016-12-02 03:03:50.95999773 454263 [184560.939754] 26367 26367 I Spinner-State-QoE: {"Action":"SpinnerEvent","Type":"start","View":"android.widget.ProgressBar","Parent":"com.facebook.widget.recyclerview.BetterRecyclerView","RootView":"com.android.internal.policy.PhoneWindow$DecorView","AppName":"com.facebook.katana","Pid":26367,"Uid":10085,"Tid":26367,"Id":2131559627,"Token":"deff7fda-9e21-4fe8-9071-9743797b53bb","Activity":"android.view.ContextThemeWrapper","SessionID":"unknown","Time":1480665830106,"UpTime":184560868,"timestamp":1480665830106,"uptimeNanos":209181842371659,"LogFormat":"1.1"}
3a45bd43-82d2-4650-8571-039f48c0fdca 2016-12-02 03:03:50.95999773 454264 [184560.939915] 26367 26367 I Spinner-State-QoE: {"Action":"SpinnerEvent","Type":"start","View":"android.widget.ProgressBar","Parent":"com.facebook.widget.recyclerview.BetterRecyclerView","RootView":"com.android.internal.policy.PhoneWindow$DecorView","AppName":"com.facebook.katana","Pid":26367,"Uid":10085,"Tid":26367,"Id":2131559627,"Token":"deff7fda-9e21-4fe8-9071-9743797b53bb","Activity":"android.view.ContextThemeWrapper","SessionID":"unknown","Time":1480665830107,"UpTime":184560868,"timestamp":1480665830107,"uptimeNanos":209181842577128,"LogFormat":"1.1"}
3a45bd43-82d2-4650-8571-039f48c0fdca 2016-12-02 03:03:50.115999773 454265 [184560.952488] 26367 26367 I Spinner-State-QoE: {"Action":"SpinnerEvent","Type":"stop","View":"android.widget.ProgressBar","Parent":"com.facebook.widget.recyclerview.BetterRecyclerView","RootView":"com.android.internal.policy.PhoneWindow$DecorView","AppName":"com.facebook.katana","Pid":26367,"Uid":10085,"Tid":26367,"Id":2131559627,"Token":"deff7fda-9e21-4fe8-9071-9743797b53bb","Activity":"android.view.ContextThemeWrapper","SessionID":"unknown","Time":1480665830119,"UpTime":184560881,"timestamp":1480665830119,"uptimeNanos":209181855066815,"LogFormat":"1.1"}
3a45bd43-82d2-4650-8571-039f48c0fdca 2016-12-02 03:03:50.115999773 454266 [184560.959341] 26367 26367 I Spinner-State-QoE: {"Action":"SpinnerEvent","Type":"start","View":"android.widget.ProgressBar","Parent":"com.facebook.widget.recyclerview.BetterRecyclerView","RootView":"com.android.internal.policy.PhoneWindow$DecorView","AppName":"com.facebook.katana","Pid":26367,"Uid":10085,"Tid":26367,"Id":2131559627,"Token":"deff7fda-9e21-4fe8-9071-9743797b53bb","Activity":"android.view.ContextThemeWrapper","SessionID":"unknown","Time":1480665830126,"UpTime":184560888,"timestamp":1480665830126,"uptimeNanos":209181861904888,"LogFormat":"1.1"}
3a45bd43-82d2-4650-8571-039f48c0fdca 2016-12-02 03:03:50.115999773 454267 [184560.959521] 26367 26367 I Spinner-State-QoE: {"Action":"SpinnerEvent","Type":"start","View":"android.widget.ProgressBar","Parent":"com.facebook.widget.recyclerview.BetterRecyclerView","RootView":"com.android.internal.policy.PhoneWindow$DecorView","AppName":"com.facebook.katana","Pid":26367,"Uid":10085,"Tid":26367,"Id":2131559627,"Token":"deff7fda-9e21-4fe8-9071-9743797b53bb","Activity":"android.view.ContextThemeWrapper","SessionID":"unknown","Time":1480665830126,"UpTime":184560888,"timestamp":1480665830126,"uptimeNanos":209181862177180,"LogFormat":"1.1"}
3a45bd43-82d2-4650-8571-039f48c0fdca 2016-12-02 03:03:50.125999773 454268 [184560.968758] 26367 26367 I Spinner-State-QoE: {"Action":"SpinnerEvent","Type":"stop","View":"android.widget.ProgressBar","Parent":"com.facebook.widget.recyclerview.BetterRecyclerView","RootView":"com.android.internal.policy.PhoneWindow$DecorView","AppName":"com.facebook.katana","Pid":26367,"Uid":10085,"Tid":26367,"Id":2131559627,"Token":"deff7fda-9e21-4fe8-9071-9743797b53bb","Activity":"android.view.ContextThemeWrapper","SessionID":"unknown","Time":1480665830135,"UpTime":184560897,"timestamp":1480665830135,"uptimeNanos":209181871384523,"LogFormat":"1.1"}
3a45bd43-82d2-4650-8571-039f48c0fdca 2016-12-02 03:03:50.135999773 454269 [184560.973878] 26367 26367 I Spinner-State-QoE: {"Action":"SpinnerEvent","Type":"start","View":"android.widget.ProgressBar","Parent":"com.facebook.widget.recyclerview.BetterRecyclerView","RootView":"com.android.internal.policy.PhoneWindow$DecorView","AppName":"com.facebook.katana","Pid":26367,"Uid":10085,"Tid":26367,"Id":2131559627,"Token":"deff7fda-9e21-4fe8-9071-9743797b53bb","Activity":"android.view.ContextThemeWrapper","SessionID":"unknown","Time":1480665830141,"UpTime":184560902,"timestamp":1480665830141,"uptimeNanos":209181876508482,"LogFormat":"1.1"}
3a45bd43-82d2-4650-8571-039f48c0fdca 2016-12-02 03:03:50.135999773 454270 [184560.974053] 26367 26367 I Spinner-State-QoE: {"Action":"SpinnerEvent","Type":"start","View":"android.widget.ProgressBar","Parent":"com.facebook.widget.recyclerview.BetterRecyclerView","RootView":"com.android.internal.policy.PhoneWindow$DecorView","AppName":"com.facebook.katana","Pid":26367,"Uid":10085,"Tid":26367,"Id":2131559627,"Token":"deff7fda-9e21-4fe8-9071-9743797b53bb","Activity":"android.view.ContextThemeWrapper","SessionID":"unknown","Time":1480665830141,"UpTime":184560903,"timestamp":1480665830141,"uptimeNanos":209181876707023,"LogFormat":"1.1"}
3a45bd43-82d2-4650-8571-039f48c0fdca 2016-12-02 03:03:50.225999773 454271 [184561.064380]   291   291 I SurfaceFlinger: {"fps":82.0, "tot_frames":86006, "prev_frames":85924, "cur_time": 184560993493410, "prev_time": 184559993280025}
3a45bd43-82d2-4650-8571-039f48c0fdca 2016-12-02 03:03:50.345999773 454272 [184561.189372] 26367 26367 I Spinner-State-QoE: {"Action":"SpinnerEvent","Type":"stop","View":"android.widget.ProgressBar","Parent":"com.facebook.widget.recyclerview.BetterRecyclerView","RootView":"com.android.internal.policy.PhoneWindow$DecorView","AppName":"com.facebook.katana","Pid":26367,"Uid":10085,"Tid":26367,"Id":2131559627,"Token":"deff7fda-9e21-4fe8-9071-9743797b53bb","Activity":"android.view.ContextThemeWrapper","SessionID":"unknown","Time":1480665830356,"UpTime":184561118,"timestamp":1480665830356,"uptimeNanos":209182091909367,"LogFormat":"1.1"}
3a45bd43-82d2-4650-8571-039f48c0fdca 2016-12-02 03:03:50.355999773 454273 [184561.194989] 26367 26367 I Spinner-State-QoE: {"Action":"SpinnerEvent","Type":"start","View":"android.widget.ProgressBar","Parent":"com.facebook.widget.recyclerview.BetterRecyclerView","RootView":"com.android.internal.policy.PhoneWindow$DecorView","AppName":"com.facebook.katana","Pid":26367,"Uid":10085,"Tid":26367,"Id":2131559627,"Token":"deff7fda-9e21-4fe8-9071-9743797b53bb","Activity":"android.view.ContextThemeWrapper","SessionID":"unknown","Time":1480665830362,"UpTime":184561124,"timestamp":1480665830362,"uptimeNanos":209182097625825,"LogFormat":"1.1"}
3a45bd43-82d2-4650-8571-039f48c0fdca 2016-12-02 03:03:50.355999773 454274 [184561.195142] 26367 26367 I Spinner-State-QoE: {"Action":"SpinnerEvent","Type":"start","View":"android.widget.ProgressBar","Parent":"com.facebook.widget.recyclerview.BetterRecyclerView","RootView":"com.android.internal.policy.PhoneWindow$DecorView","AppName":"com.facebook.katana","Pid":26367,"Uid":10085,"Tid":26367,"Id":2131559627,"Token":"deff7fda-9e21-4fe8-9071-9743797b53bb","Activity":"android.view.ContextThemeWrapper","SessionID":"unknown","Time":1480665830362,"UpTime":184561124,"timestamp":1480665830362,"uptimeNanos":209182097805617,"LogFormat":"1.1"}
3a45bd43-82d2-4650-8571-039f48c0fdca 2016-12-02 03:03:50.535999773 454275 [184561.373721] 26367 26367 I Spinner-State-QoE: {"Action":"SpinnerEvent","Type":"stop","View":"android.widget.ProgressBar","Parent":"com.facebook.widget.recyclerview.BetterRecyclerView","RootView":"com.android.internal.policy.PhoneWindow$DecorView","AppName":"com.facebook.katana","Pid":26367,"Uid":10085,"Tid":26367,"Id":2131559627,"Token":"deff7fda-9e21-4fe8-9071-9743797b53bb","Activity":"android.view.ContextThemeWrapper","SessionID":"unknown","Time":1480665830540,"UpTime":184561302,"timestamp":1480665830540,"uptimeNanos":209182276283534,"LogFormat":"1.1"}
3a45bd43-82d2-4650-8571-039f48c0fdca 2016-12-02 03:03:50.535999773 454276 [184561.373961] 26367 26367 I Spinner-State-QoE: {"Action":"SpinnerEvent","Type":"stop","View":"android.widget.ProgressBar","Parent":"com.facebook.widget.recyclerview.BetterRecyclerView","RootView":"com.android.internal.policy.PhoneWindow$DecorView","AppName":"com.facebook.katana","Pid":26367,"Uid":10085,"Tid":26367,"Id":2131559627,"Token":"deff7fda-9e21-4fe8-9071-9743797b53bb","Activity":"android.view.ContextThemeWrapper","SessionID":"unknown","Time":1480665830541,"UpTime":184561302,"timestamp":1480665830541,"uptimeNanos":209182276570253,"LogFormat":"1.1"}
3a45bd43-82d2-4650-8571-039f48c0fdca 2016-12-02 03:03:50.535999773 454277 [184561.375275] 26367 26367 I Spinner-State-QoE: {"Action":"SpinnerEvent","Type":"stop","View":"android.widget.ProgressBar","Parent":"com.facebook.widget.recyclerview.BetterRecyclerView","RootView":"com.android.internal.policy.PhoneWindow$DecorView","AppName":"com.facebook.katana","Pid":26367,"Uid":10085,"Tid":26367,"Id":2131559627,"Token":"deff7fda-9e21-4fe8-9071-9743797b53bb","Activity":"android.view.ContextThemeWrapper","SessionID":"unknown","Time":1480665830542,"UpTime":184561304,"timestamp":1480665830542,"uptimeNanos":209182277739263,"LogFormat":"1.1"}
3a45bd43-82d2-4650-8571-039f48c0fdca 2016-12-02 03:03:50.655999773 454278 [184561.500408]   291   291 I SurfaceFlinger: {"token":1712, "diffs":[[184560367, 3.043620],[184560414, 0.872125],[184560464, 2.343750],[184560513, 3.350152],[184560562, 0.053914],[184560629, 1.630317],[184560681, 2.701823],[184560748, 0.268894],[184560805, 2.355957],[184560855, 2.319336],[184560915, 1.277669],[184560968, 0.394355],[184561018, 2.039931],[184561069, 0.066630],[184561119, 0.067308],[184561170, 0.071377],[184561221, 0.066630],[184561272, 0.066969],[184561352, 1.433648],[184561419, 0.008816]]}
3a45bd43-82d2-4650-8571-039f48c0fdca 2016-12-02 03:03:51.285999773 11578 [184562.130672]   988  1464 D ConnectivityService: updateNetworkScore for NetworkAgentInfo [WIFI () - 123] to 60
3a45bd43-82d2-4650-8571-039f48c0fdca 2016-12-02 03:03:51.655999773 454279 [184562.494626]   291   291 I SurfaceFlinger: {"fps":32.2, "tot_frames":86052, "prev_frames":86006, "cur_time": 184562423728462, "prev_time": 184560993493410}
3a45bd43-82d2-4650-8571-039f48c0fdca 2016-12-02 03:03:51.805999773 454280 [184562.641008]   414   414 D KernelPrintk:  SUBSYSTEM=i2c
3a45bd43-82d2-4650-8571-039f48c0fdca 2016-12-02 03:03:51.805999773 454281 [184562.641021]   414   414 D KernelPrintk:  DEVICE=+i2c:0-001c
3a45bd43-82d2-4650-8571-039f48c0fdca 2016-12-02 03:03:51.805999773 454282 [184562.641041]   414   414 D KernelPrintk: 36,60600,184562633998,-;type=1400 audit(1480665831.795:3859): avc: denied { ioctl } for pid=2197 comm="Binder_B" path="socket:[802670]" dev="sockfs" ino=802670 ioctlcmd=7704 scontext=u:r:system_server:s0 tcontext=u:r:system_server:s0 tclass=unix_stream_socket permissive=0
3a45bd43-82d2-4650-8571-039f48c0fdca 2016-12-02 03:03:51.805999773 454283 [184562.641059]   414   414 D KernelPrintk: 36,60601,184562634154,-;type=1400 audit(1480665831.795:3860): avc: denied { ioctl } for pid=2197 comm="Binder_B" path="socket:[802670]" dev="sockfs" ino=802670 ioctlcmd=7704 scontext=u:r:system_server:s0 tcontext=u:r:system_server:s0 tclass=unix_stream_socket permissive=0
3a45bd43-82d2-4650-8571-039f48c0fdca 2016-12-02 03:03:52.155999772 454284 [184562.997310] 26367 26367 I Spinner-State-QoE: {"Action":"SpinnerEvent","Type":"stop","View":"android.widget.ProgressBar","Parent":"com.facebook.widget.recyclerview.BetterRecyclerView","RootView":"com.android.internal.policy.PhoneWindow$DecorView","AppName":"com.facebook.katana","Pid":26367,"Uid":10085,"Tid":26367,"Id":2131559627,"Token":"deff7fda-9e21-4fe8-9071-9743797b53bb","Activity":"android.view.ContextThemeWrapper","SessionID":"unknown","Time":1480665832164,"UpTime":184562926,"timestamp":1480665832164,"uptimeNanos":209183899824783,"LogFormat":"1.1"}
3a45bd43-82d2-4650-8571-039f48c0fdca 2016-12-02 03:03:52.155999772 454285 [184562.997676] 26367 26367 I Spinner-State-QoE: {"Action":"SpinnerEvent","Type":"stop","View":"android.widget.ProgressBar","Parent":"com.facebook.widget.recyclerview.BetterRecyclerView","RootView":"com.android.internal.policy.PhoneWindow$DecorView","AppName":"com.facebook.katana","Pid":26367,"Uid":10085,"Tid":26367,"Id":2131559627,"Token":"deff7fda-9e21-4fe8-9071-9743797b53bb","Activity":"android.view.ContextThemeWrapper","SessionID":"unknown","Time":1480665832164,"UpTime":184562926,"timestamp":1480665832164,"uptimeNanos":209183900342856,"LogFormat":"1.1"}
3a45bd43-82d2-4650-8571-039f48c0fdca 2016-12-02 03:03:52.185999772 454286 [184563.029175] 26367 26367 E fb4a(:<default>):ContextualResolverImpl: Error analyzing configuration: conduit: mobile_config , conduit_info: contextual_config_validation
3a45bd43-82d2-4650-8571-039f48c0fdca 2016-12-02 03:03:52.195999772 454287 [184563.034893] 26367 26367 E fb4a(:<default>):ContextualResolverImpl: Error analyzing configuration: conduit: mobile_config , conduit_info: contextual_config_validation
3a45bd43-82d2-4650-8571-039f48c0fdca 2016-12-02 03:03:52.195999772 454288 [184563.035412] 26367 26367 E fb4a(:<default>):Contextual: Validating alpha: alpha_hard_coded , beta: high , gamma: gamma_hard_coded
3a45bd43-82d2-4650-8571-039f48c0fdca 2016-12-02 03:03:52.205999772 454289 [184563.049724] 26367 26367 I Spinner-State-QoE: {"Action":"SpinnerEvent","Type":"start","View":"android.widget.ProgressBar","Parent":"NULL","RootView":"android.widget.ProgressBar","AppName":"com.facebook.katana","Pid":26367,"Uid":10085,"Tid":26367,"Id":2131559485,"Token":"","Activity":"android.view.ContextThemeWrapper","SessionID":"unknown","Time":1480665832216,"UpTime":184562978,"timestamp":1480665832216,"uptimeNanos":209183952375877,"LogFormat":"1.1"}
3a45bd43-82d2-4650-8571-039f48c0fdca 2016-12-02 03:03:52.205999772 454290 [184563.050240] 26367 26367 I Spinner-State-QoE: {"Action":"SpinnerEvent","Type":"stop","View":"android.widget.ProgressBar","Parent":"com.facebook.widget.loadingindicator.LoadingIndicatorView","RootView":"com.facebook.widget.loadingindicator.LoadingIndicatorView","AppName":"com.facebook.katana","Pid":26367,"Uid":10085,"Tid":26367,"Id":2131559485,"Token":"6d390c34-bc81-4e8c-86d0-857479378d41","Activity":"android.view.ContextThemeWrapper","SessionID":"unknown","Time":1480665832217,"UpTime":184562979,"timestamp":1480665832217,"uptimeNanos":209183952916241,"LogFormat":"1.1"}
3a45bd43-82d2-4650-8571-039f48c0fdca 2016-12-02 03:03:52.215999772 454291 [184563.052141] 26367 26367 I Spinner-State-QoE: {"Action":"SpinnerEvent","Type":"start","View":"android.widget.ProgressBar","Parent":"NULL","RootView":"android.widget.ProgressBar","AppName":"com.facebook.katana","Pid":26367,"Uid":10085,"Tid":26367,"Id":2131559485,"Token":"","Activity":"android.view.ContextThemeWrapper","SessionID":"unknown","Time":1480665832219,"UpTime":184562981,"timestamp":1480665832219,"uptimeNanos":209183954808846,"LogFormat":"1.1"}
3a45bd43-82d2-4650-8571-039f48c0fdca 2016-12-02 03:03:52.215999772 454292 [184563.052574] 26367 26367 I Spinner-State-QoE: {"Action":"SpinnerEvent","Type":"stop","View":"android.widget.ProgressBar","Parent":"com.facebook.widget.loadingindicator.LoadingIndicatorView","RootView":"com.facebook.widget.loadingindicator.LoadingIndicatorView","AppName":"com.facebook.katana","Pid":26367,"Uid":10085,"Tid":26367,"Id":2131559485,"Token":"fc15506f-654b-40ca-81d6-60d2d633b4cf","Activity":"android.view.ContextThemeWrapper","SessionID":"unknown","Time":1480665832219,"UpTime":184562981,"timestamp":1480665832219,"uptimeNanos":209183955251085,"LogFormat":"1.1"}
3a45bd43-82d2-4650-8571-039f48c0fdca 2016-12-02 03:03:52.215999772 454293 [184563.054453] 26367 26367 I Spinner-State-QoE: {"Action":"SpinnerEvent","Type":"start","View":"android.widget.ProgressBar","Parent":"com.facebook.widget.loadingindicator.LoadingIndicatorView","RootView":"X.F1Q","AppName":"com.facebook.katana","Pid":26367,"Uid":10085,"Tid":26367,"Id":2131559485,"Token":"6d390c34-bc81-4e8c-86d0-857479378d41","Activity":"android.view.ContextThemeWrapper","SessionID":"unknown","Time":1480665832221,"UpTime":184562983,"timestamp":1480665832221,"uptimeNanos":209183957119471,"LogFormat":"1.1"}
3a45bd43-82d2-4650-8571-039f48c0fdca 2016-12-02 03:03:52.235999772 454294 [184563.079017] 26367 26367 I Spinner-State-QoE: {"Action":"SpinnerEvent","Type":"start","View":"android.widget.ProgressBar","Parent":"com.facebook.widget.loadingindicator.LoadingIndicatorView","RootView":"com.android.internal.policy.PhoneWindow$DecorView","AppName":"com.facebook.katana","Pid":26367,"Uid":10085,"Tid":26367,"Id":2131559485,"Token":"6d390c34-bc81-4e8c-86d0-857479378d41","Activity":"android.view.ContextThemeWrapper","SessionID":"unknown","Time":1480665832246,"UpTime":184563008,"timestamp":1480665832246,"uptimeNanos":209183981667335,"LogFormat":"1.1"}
3a45bd43-82d2-4650-8571-039f48c0fdca 2016-12-02 03:03:52.235999772 454295 [184563.079160] 26367 26367 I Spinner-State-QoE: {"Action":"SpinnerEvent","Type":"start","View":"android.widget.ProgressBar","Parent":"com.facebook.widget.loadingindicator.LoadingIndicatorView","RootView":"com.android.internal.policy.PhoneWindow$DecorView","AppName":"com.facebook.katana","Pid":26367,"Uid":10085,"Tid":26367,"Id":2131559485,"Token":"6d390c34-bc81-4e8c-86d0-857479378d41","Activity":"android.view.ContextThemeWrapper","SessionID":"unknown","Time":1480665832246,"UpTime":184563008,"timestamp":1480665832246,"uptimeNanos":209183981835669,"LogFormat":"1.1"}
3a45bd43-82d2-4650-8571-039f48c0fdca 2016-12-02 03:03:52.245999772 454296 [184563.084026] 26367 26367 E fb4a(:<default>):Contextual: Validating alpha: alpha_hard_coded , beta: high , gamma: gamma_hard_coded
3a45bd43-82d2-4650-8571-039f48c0fdca 2016-12-02 03:03:52.255999772 454297 [184563.091899] 26367 26367 I Spinner-State-QoE: {"Action":"SpinnerEvent","Type":"stop","View":"android.widget.ProgressBar","Parent":"com.facebook.widget.loadingindicator.LoadingIndicatorView","RootView":"com.android.internal.policy.PhoneWindow$DecorView","AppName":"com.facebook.katana","Pid":26367,"Uid":10085,"Tid":26367,"Id":2131559485,"Token":"fc15506f-654b-40ca-81d6-60d2d633b4cf","Activity":"android.view.ContextThemeWrapper","SessionID":"unknown","Time":1480665832259,"UpTime":184563020,"timestamp":1480665832259,"uptimeNanos":209183994533429,"LogFormat":"1.1"}
3a45bd43-82d2-4650-8571-039f48c0fdca 2016-12-02 03:03:52.505999772 454298 [184563.348809] 26367 26367 I Spinner-State-QoE: {"Action":"SpinnerEvent","Type":"stop","View":"android.widget.ProgressBar","Parent":"com.facebook.widget.loadingindicator.LoadingIndicatorView","RootView":"com.android.internal.policy.PhoneWindow$DecorView","AppName":"com.facebook.katana","Pid":26367,"Uid":10085,"Tid":26367,"Id":2131559485,"Token":"6d390c34-bc81-4e8c-86d0-857479378d41","Activity":"android.view.ContextThemeWrapper","SessionID":"unknown","Time":1480665832516,"UpTime":184563277,"timestamp":1480665832516,"uptimeNanos":209184251448898,"LogFormat":"1.1"}
3a45bd43-82d2-4650-8571-039f48c0fdca 2016-12-02 03:03:52.505999772 454299 [184563.348952] 26367 26367 I Spinner-State-QoE: {"Action":"SpinnerEvent","Type":"stop","View":"android.widget.ProgressBar","Parent":"com.facebook.widget.loadingindicator.LoadingIndicatorView","RootView":"com.android.internal.policy.PhoneWindow$DecorView","AppName":"com.facebook.katana","Pid":26367,"Uid":10085,"Tid":26367,"Id":2131559485,"Token":"6d390c34-bc81-4e8c-86d0-857479378d41","Activity":"android.view.ContextThemeWrapper","SessionID":"unknown","Time":1480665832516,"UpTime":184563278,"timestamp":1480665832516,"uptimeNanos":209184251629158,"LogFormat":"1.1"}
3a45bd43-82d2-4650-8571-039f48c0fdca 2016-12-02 03:03:52.505999772 454300 [184563.350176] 26367 26367 I Spinner-State-QoE: {"Action":"SpinnerEvent","Type":"start","View":"android.widget.ProgressBar","Parent":"com.facebook.widget.loadingindicator.LoadingIndicatorView","RootView":"com.android.internal.policy.PhoneWindow$DecorView","AppName":"com.facebook.katana","Pid":26367,"Uid":10085,"Tid":26367,"Id":2131559485,"Token":"fc15506f-654b-40ca-81d6-60d2d633b4cf","Activity":"android.view.ContextThemeWrapper","SessionID":"unknown","Time":1480665832517,"UpTime":184563279,"timestamp":1480665832517,"uptimeNanos":209184252798741,"LogFormat":"1.1"}
3a45bd43-82d2-4650-8571-039f48c0fdca 2016-12-02 03:03:52.505999772 454301 [184563.350340] 26367 26367 I Spinner-State-QoE: {"Action":"SpinnerEvent","Type":"start","View":"android.widget.ProgressBar","Parent":"com.facebook.widget.loadingindicator.LoadingIndicatorView","RootView":"com.android.internal.policy.PhoneWindow$DecorView","AppName":"com.facebook.katana","Pid":26367,"Uid":10085,"Tid":26367,"Id":2131559485,"Token":"fc15506f-654b-40ca-81d6-60d2d633b4cf","Activity":"android.view.ContextThemeWrapper","SessionID":"unknown","Time":1480665832517,"UpTime":184563279,"timestamp":1480665832517,"uptimeNanos":209184253014575,"LogFormat":"1.1"}
3a45bd43-82d2-4650-8571-039f48c0fdca 2016-12-02 03:03:52.565999772 454302 [184563.405999] 26367 26367 I Spinner-State-QoE: {"Action":"SpinnerEvent","Type":"stop","View":"android.widget.ProgressBar","Parent":"com.facebook.widget.loadingindicator.LoadingIndicatorView","RootView":"com.android.internal.policy.PhoneWindow$DecorView","AppName":"com.facebook.katana","Pid":26367,"Uid":10085,"Tid":26367,"Id":2131559485,"Token":"fc15506f-654b-40ca-81d6-60d2d633b4cf","Activity":"android.view.ContextThemeWrapper","SessionID":"unknown","Time":1480665832573,"UpTime":184563335,"timestamp":1480665832573,"uptimeNanos":209184308657335,"LogFormat":"1.1"}
3a45bd43-82d2-4650-8571-039f48c0fdca 2016-12-02 03:03:52.595999772 454303 [184563.430935]   414   414 D KernelPrintk: 4,60602,184563423205,-;smb135x-charger 0-001c: Input current Set 0x0
3a45bd43-82d2-4650-8571-039f48c0fdca 2016-12-02 03:03:52.605999772 454304 [184563.442540] 26367 26367 I Spinner-State-QoE: {"Action":"SpinnerEvent","Type":"start","View":"android.widget.ProgressBar","Parent":"com.facebook.widget.loadingindicator.LoadingIndicatorView","RootView":"com.android.internal.policy.PhoneWindow$DecorView","AppName":"com.facebook.katana","Pid":26367,"Uid":10085,"Tid":26367,"Id":2131559485,"Token":"fc15506f-654b-40ca-81d6-60d2d633b4cf","Activity":"android.view.ContextThemeWrapper","SessionID":"unknown","Time":1480665832609,"UpTime":184563371,"timestamp":1480665832609,"uptimeNanos":209184345189627,"LogFormat":"1.1"}
3a45bd43-82d2-4650-8571-039f48c0fdca 2016-12-02 03:03:52.605999772 454305 [184563.442677] 26367 26367 I Spinner-State-QoE: {"Action":"SpinnerEvent","Type":"start","View":"android.widget.ProgressBar","Parent":"com.facebook.widget.loadingindicator.LoadingIndicatorView","RootView":"com.android.internal.policy.PhoneWindow$DecorView","AppName":"com.facebook.katana","Pid":26367,"Uid":10085,"Tid":26367,"Id":2131559485,"Token":"fc15506f-654b-40ca-81d6-60d2d633b4cf","Activity":"android.view.ContextThemeWrapper","SessionID":"unknown","Time":1480665832609,"UpTime":184563371,"timestamp":1480665832609,"uptimeNanos":209184345357648,"LogFormat":"1.1"}
3a45bd43-82d2-4650-8571-039f48c0fdca 2016-12-02 03:03:52.665999772 454306 [184563.501314]   291   291 I SurfaceFlinger: {"fps":61.6, "tot_frames":86114, "prev_frames":86052, "cur_time": 184563430414712, "prev_time": 184562423728462}
3a45bd43-82d2-4650-8571-039f48c0fdca 2016-12-02 03:03:52.725999772 454307 [184563.562541] 26367 26367 I Spinner-State-QoE: {"Action":"SpinnerEvent","Type":"stop","View":"android.widget.ProgressBar","Parent":"com.facebook.widget.loadingindicator.LoadingIndicatorView","RootView":"com.android.internal.policy.PhoneWindow$DecorView","AppName":"com.facebook.katana","Pid":26367,"Uid":10085,"Tid":26367,"Id":2131559485,"Token":"fc15506f-654b-40ca-81d6-60d2d633b4cf","Activity":"android.view.ContextThemeWrapper","SessionID":"unknown","Time":1480665832729,"UpTime":184563491,"timestamp":1480665832729,"uptimeNanos":209184465178272,"LogFormat":"1.1"}
3a45bd43-82d2-4650-8571-039f48c0fdca 2016-12-02 03:03:52.725999772 454308 [184563.562781] 26367 26367 I Spinner-State-QoE: {"Action":"SpinnerEvent","Type":"stop","View":"android.widget.ProgressBar","Parent":"com.facebook.widget.loadingindicator.LoadingIndicatorView","RootView":"com.android.internal.policy.PhoneWindow$DecorView","AppName":"com.facebook.katana","Pid":26367,"Uid":10085,"Tid":26367,"Id":2131559485,"Token":"fc15506f-654b-40ca-81d6-60d2d633b4cf","Activity":"android.view.ContextThemeWrapper","SessionID":"unknown","Time":1480665832729,"UpTime":184563491,"timestamp":1480665832730,"uptimeNanos":209184465434627,"LogFormat":"1.1"}
3a45bd43-82d2-4650-8571-039f48c0fdca 2016-12-02 03:03:52.745999772 454309 [184563.586635] 26367 26367 I Spinner-State-QoE: {"Action":"SpinnerEvent","Type":"stop","View":"android.widget.ProgressBar","Parent":"com.facebook.widget.loadingindicator.LoadingIndicatorView","RootView":"com.android.internal.policy.PhoneWindow$DecorView","AppName":"com.facebook.katana","Pid":26367,"Uid":10085,"Tid":26367,"Id":2131559485,"Token":"fc15506f-654b-40ca-81d6-60d2d633b4cf","Activity":"android.view.ContextThemeWrapper","SessionID":"unknown","Time":1480665832753,"UpTime":184563515,"timestamp":1480665832753,"uptimeNanos":209184489291658,"LogFormat":"1.1"}
3a45bd43-82d2-4650-8571-039f48c0fdca 2016-12-02 03:03:52.955999772 454310 [184563.796073] 26367 26377 I art     : Background partial concurrent mark sweep GC freed 84877(5MB) AllocSpace objects, 24(7MB) LOS objects, 27% free, 42MB/58MB, paused 6.499ms total 115.708ms
3a45bd43-82d2-4650-8571-039f48c0fdca 2016-12-02 03:03:53.25999772 454311 [184563.865229]   291   291 I SurfaceFlinger: {"token":1713, "diffs":[[184561922, 0.008816],[184562425, 0.008816],[184562581, 0.000000],[184562638, 0.043403],[184562697, 1.228841],[184562752, 40.776909],[184562804, 43.207466],[184562856, 40.885418],[184562933, 0.006951],[184563051, 77.734375],[184563096, 0.045946],[184563153, 0.048150],[184563205, 0.047641],[184563254, 0.046455],[184563405, 0.042725],[184563459, 46.223957],[184563622, 73.828125],[184563670, 73.828125],[184563728, 73.828125],[184563775, 73.524307]]}
3a45bd43-82d2-4650-8571-039f48c0fdca 2016-12-02 03:03:53.75999772 454312 [184563.912617] 26367 26367 I Spinner-State-QoE: {"Action":"SpinnerEvent","Type":"stop","View":"android.widget.ProgressBar","Parent":"com.facebook.widget.loadingindicator.LoadingIndicatorView","RootView":"com.android.internal.policy.PhoneWindow$DecorView","AppName":"com.facebook.katana","Pid":26367,"Uid":10085,"Tid":26367,"Id":2131559485,"Token":"6d390c34-bc81-4e8c-86d0-857479378d41","Activity":"android.view.ContextThemeWrapper","SessionID":"unknown","Time":1480665833079,"UpTime":184563841,"timestamp":1480665833079,"uptimeNanos":209184815168272,"LogFormat":"1.1"}
3a45bd43-82d2-4650-8571-039f48c0fdca 2016-12-02 03:03:53.705999772 454313 [184564.540969]   414   414 D KernelPrintk:  SUBSYSTEM=i2c
3a45bd43-82d2-4650-8571-039f48c0fdca 2016-12-02 03:03:53.705999772 454314 [184564.540986]   414   414 D KernelPrintk:  DEVICE=+i2c:0-001c
3a45bd43-82d2-4650-8571-039f48c0fdca 2016-12-02 03:03:53.705999772 454315 [184564.541007]   414   414 D KernelPrintk: 4,60603,184564540252,-;smb135x-charger 0-001c: Increase Input Rate
3a45bd43-82d2-4650-8571-039f48c0fdca 2016-12-02 03:03:53.775999772 454316 [184564.616840]   291   291 I SurfaceFlinger: {"fps":37.7, "tot_frames":86156, "prev_frames":86114, "cur_time": 184564545941482, "prev_time": 184563430414712}
3a45bd43-82d2-4650-8571-039f48c0fdca 2016-12-02 03:03:53.935999772 454317 [184564.772146]   409  1041 D audio_hw_primary: out_set_parameters: enter: usecase(1: low-latency-playback) kvpairs: routing=2
3a45bd43-82d2-4650-8571-039f48c0fdca 2016-12-02 03:03:53.945999772 454318 [184564.782500]   409  1041 D audio_hw_primary: select_devices: out_snd_device(2: speaker) in_snd_device(0: none)
3a45bd43-82d2-4650-8571-039f48c0fdca 2016-12-02 03:03:53.945999772 454319 [184564.782520]   409  1041 W msm8974_platform: Codec backend bitwidth 16, samplerate 48000
3a45bd43-82d2-4650-8571-039f48c0fdca 2016-12-02 03:03:53.945999772 454320 [184564.782540]   409  1041 D msm8974_platform: platform_send_audio_calibration: sending audio calibration for snd_device(2) acdb_id(15)
3a45bd43-82d2-4650-8571-039f48c0fdca 2016-12-02 03:03:53.945999772 454321 [184564.782626]   409  1041 D audio_hw_primary: enable_snd_device: snd_device(2: speaker)
3a45bd43-82d2-4650-8571-039f48c0fdca 2016-12-02 03:03:53.955999772 454322 [184564.791407]   409  1041 D audio_hw_primary: enable_audio_route: apply and update mixer path: low-latency-playback speaker
3a45bd43-82d2-4650-8571-039f48c0fdca 2016-12-02 03:03:54.85999772 11579 [184564.922808]   988  1683 I ActivityManager: START u0 {cmp=com.facebook.katana/.activity.ImmersiveActivity (has extras)} from uid 10085 on display 0
3a45bd43-82d2-4650-8571-039f48c0fdca 2016-12-02 03:03:54.95999772 454323 [184564.936802] 26367 26367 I Activity-LifeCycle-QoE: {"Action":"onPause","AppName":"com.facebook.katana","Pid":26367,"Uid":10085,"Tid":26367,"ParentActivity":"NULL","ActivityName":"com.facebook.katana\/com.facebook.katana.activity.ImmersiveActivity","Time":1480665834103,"UpTime":184564865,"SessionID":"7f1f940e-907c-45d5-8f85-e0559879b135","timestamp":1480665834104,"uptimeNanos":209185839447647,"LogFormat":"1.1"}
3a45bd43-82d2-4650-8571-039f48c0fdca 2016-12-02 03:03:54.155999772 454324 [184564.998138] 26367 26367 I Activity-LifeCycle-QoE: {"Action":"onStart","AppName":"com.facebook.katana","Pid":26367,"Uid":10085,"Tid":26367,"ParentActivity":"NULL","ActivityName":"com.facebook.katana\/com.facebook.katana.activity.ImmersiveActivity","Time":1480665834165,"UpTime":184564927,"SessionID":"948197d2-647c-453b-ad43-bc634919a97f","timestamp":1480665834165,"uptimeNanos":209185900751449,"LogFormat":"1.1"}
3a45bd43-82d2-4650-8571-039f48c0fdca 2016-12-02 03:03:54.165999772 454325 [184565.001239] 26367 26367 I Activity-LifeCycle-QoE: {"Action":"onResume","AppName":"com.facebook.katana","Pid":26367,"Uid":10085,"Tid":26367,"ParentActivity":"NULL","ActivityName":"com.facebook.katana\/com.facebook.katana.activity.ImmersiveActivity","Time":1480665834168,"UpTime":184564930,"SessionID":"948197d2-647c-453b-ad43-bc634919a97f","timestamp":1480665834168,"uptimeNanos":209185903852959,"LogFormat":"1.1"}
3a45bd43-82d2-4650-8571-039f48c0fdca 2016-12-02 03:03:54.185999772 454326 [184565.020927]   414   414 D KernelPrintk:  SUBSYSTEM=i2c
3a45bd43-82d2-4650-8571-039f48c0fdca 2016-12-02 03:03:54.185999772 454327 [184565.020939]   414   414 D KernelPrintk:  DEVICE=+i2c:0-001c
3a45bd43-82d2-4650-8571-039f48c0fdca 2016-12-02 03:03:54.185999772 454328 [184565.020957]   414   414 D KernelPrintk: 36,60604,184565011035,-;type=1400 audit(1480665834.165:3861): avc: denied { ioctl } for pid=1570 comm="Binder_4" path="socket:[803143]" dev="sockfs" ino=803143 ioctlcmd=7704 scontext=u:r:system_server:s0 tcontext=u:r:system_server:s0 tclass=unix_stream_socket permissive=0
3a45bd43-82d2-4650-8571-039f48c0fdca 2016-12-02 03:03:54.185999772 454329 [184565.020972]   414   414 D KernelPrintk: 36,60605,184565011186,-;type=1400 audit(1480665834.165:3862): avc: denied { ioctl } for pid=1570 comm="Binder_4" path="socket:[803143]" dev="sockfs" ino=803143 ioctlcmd=7704 scontext=u:r:system_server:s0 tcontext=u:r:system_server:s0 tclass=unix_stream_socket permissive=0
3a45bd43-82d2-4650-8571-039f48c0fdca 2016-12-02 03:03:54.205999772 454330 [184565.040990]   414   414 D KernelPrintk: 36,60606,184565032191,-;type=1400 audit(1480665834.195:3863): avc: denied { ioctl } for pid=999 comm="Binder_1" path="socket:[802670]" dev="sockfs" ino=802670 ioctlcmd=7704 scontext=u:r:system_server:s0 tcontext=u:r:system_server:s0 tclass=unix_stream_socket permissive=0
3a45bd43-82d2-4650-8571-039f48c0fdca 2016-12-02 03:03:54.205999772 454331 [184565.041011]   414   414 D KernelPrintk: 36,60607,184565032294,-;type=1400 audit(1480665834.195:3864): avc: denied { ioctl } for pid=999 comm="Binder_1" path="socket:[802670]" dev="sockfs" ino=802670 ioctlcmd=7704 scontext=u:r:system_server:s0 tcontext=u:r:system_server:s0 tclass=unix_stream_socket permissive=0
3a45bd43-82d2-4650-8571-039f48c0fdca 2016-12-02 03:03:54.205999772 454332 [184565.049680]   988  1007 I ActivityManager: Displayed com.facebook.katana/.activity.ImmersiveActivity: +87ms
3a45bd43-82d2-4650-8571-039f48c0fdca 2016-12-02 03:03:54.345999772 454333 [184565.185833] 26367 26367 I Spinner-State-QoE: {"Action":"SpinnerEvent","Type":"start","View":"android.widget.ProgressBar","Parent":"NULL","RootView":"android.widget.ProgressBar","AppName":"com.facebook.katana","Pid":26367,"Uid":10085,"Tid":26367,"Id":2131561792,"Token":"","Activity":"com.facebook.katana.activity.ImmersiveActivity","SessionID":"948197d2-647c-453b-ad43-bc634919a97f","Time":1480665834352,"UpTime":184565114,"timestamp":1480665834353,"uptimeNanos":209186088451918,"LogFormat":"1.1"}
3a45bd43-82d2-4650-8571-039f48c0fdca 2016-12-02 03:03:54.345999772 454334 [184565.188794] 26367 26367 I Spinner-State-QoE: {"Action":"SpinnerEvent","Type":"start","View":"android.widget.ProgressBar","Parent":"android.widget.LinearLayout","RootView":"com.android.internal.policy.PhoneWindow$DecorView","AppName":"com.facebook.katana","Pid":26367,"Uid":10085,"Tid":26367,"Id":2131561792,"Token":"a1dc0929-cb45-4a8d-acdf-55c42478b2d5","Activity":"com.facebook.katana.activity.ImmersiveActivity","SessionID":"948197d2-647c-453b-ad43-bc634919a97f","Time":1480665834355,"UpTime":184565117,"timestamp":1480665834355,"uptimeNanos":209186091372439,"LogFormat":"1.1"}
3a45bd43-82d2-4650-8571-039f48c0fdca 2016-12-02 03:03:54.345999772 454335 [184565.188979] 26367 26367 I Spinner-State-QoE: {"Action":"SpinnerEvent","Type":"start","View":"android.widget.ProgressBar","Parent":"android.widget.LinearLayout","RootView":"com.android.internal.policy.PhoneWindow$DecorView","AppName":"com.facebook.katana","Pid":26367,"Uid":10085,"Tid":26367,"Id":2131561792,"Token":"a1dc0929-cb45-4a8d-acdf-55c42478b2d5","Activity":"com.facebook.katana.activity.ImmersiveActivity","SessionID":"948197d2-647c-453b-ad43-bc634919a97f","Time":1480665834356,"UpTime":184565118,"timestamp":1480665834356,"uptimeNanos":209186091643897,"LogFormat":"1.1"}
3a45bd43-82d2-4650-8571-039f48c0fdca 2016-12-02 03:03:54.475999772 454336 [184565.319051] 26367 26367 I Spinner-State-QoE: {"Action":"SpinnerEvent","Type":"stop","View":"android.widget.ProgressBar","Parent":"android.widget.LinearLayout","RootView":"com.android.internal.policy.PhoneWindow$DecorView","AppName":"com.facebook.katana","Pid":26367,"Uid":10085,"Tid":26367,"Id":2131561792,"Token":"a1dc0929-cb45-4a8d-acdf-55c42478b2d5","Activity":"com.facebook.katana.activity.ImmersiveActivity","SessionID":"948197d2-647c-453b-ad43-bc634919a97f","Time":1480665834486,"UpTime":184565247,"timestamp":1480665834486,"uptimeNanos":209186221615616,"LogFormat":"1.1"}
3a45bd43-82d2-4650-8571-039f48c0fdca 2016-12-02 03:03:54.495999772 454337 [184565.331149]   414   414 D KernelPrintk: 36,60608,184565321181,-;type=1400 audit(1480665834.475:3865): avc: denied { ioctl } for pid=999 comm="Binder_1" path="socket:[802670]" dev="sockfs" ino=802670 ioctlcmd=7704 scontext=u:r:system_server:s0 tcontext=u:r:system_server:s0 tclass=unix_stream_socket permissive=0
3a45bd43-82d2-4650-8571-039f48c0fdca 2016-12-02 03:03:54.495999772 454338 [184565.331164]   414   414 D KernelPrintk: 36,60609,184565321341,-;type=1400 audit(1480665834.475:3866): avc: denied { ioctl } for pid=999 comm="Binder_1" path="socket:[802670]" dev="sockfs" ino=802670 ioctlcmd=7704 scontext=u:r:system_server:s0 tcontext=u:r:system_server:s0 tclass=unix_stream_socket permissive=0
3a45bd43-82d2-4650-8571-039f48c0fdca 2016-12-02 03:03:54.915999771 454339 [184565.759880]   291   291 I SurfaceFlinger: {"fps":29.7, "tot_frames":86190, "prev_frames":86156, "cur_time": 184565688989190, "prev_time": 184564545941482}
3a45bd43-82d2-4650-8571-039f48c0fdca 2016-12-02 03:03:55.245999771 454340 [184566.087457] 26367 26367 I Activity-LifeCycle-QoE: {"Action":"onStop","AppName":"com.facebook.katana","Pid":26367,"Uid":10085,"Tid":26367,"ParentActivity":"NULL","ActivityName":"com.facebook.katana\/com.facebook.katana.activity.ImmersiveActivity","Time":1480665835254,"UpTime":184566016,"SessionID":"7f1f940e-907c-45d5-8f85-e0559879b135","timestamp":1480665835254,"uptimeNanos":209186990066501,"LogFormat":"1.1"}
3a45bd43-82d2-4650-8571-039f48c0fdca 2016-12-02 03:03:55.245999771 454341 [184566.088934] 26367 26367 I Spinner-State-QoE: {"Action":"SpinnerEvent","Type":"stop","View":"android.widget.ProgressBar","Parent":"com.facebook.widget.recyclerview.BetterRecyclerView","RootView":"com.android.internal.policy.PhoneWindow$DecorView","AppName":"com.facebook.katana","Pid":26367,"Uid":10085,"Tid":26367,"Id":2131559627,"Token":"deff7fda-9e21-4fe8-9071-9743797b53bb","Activity":"android.view.ContextThemeWrapper","SessionID":"unknown","Time":1480665835256,"UpTime":184566017,"timestamp":1480665835256,"uptimeNanos":209186991566449,"LogFormat":"1.1"}
3a45bd43-82d2-4650-8571-039f48c0fdca 2016-12-02 03:03:55.245999771 454342 [184566.090126] 26367 26367 I Spinner-State-QoE: {"Action":"SpinnerEvent","Type":"stop","View":"android.widget.ProgressBar","Parent":"com.facebook.widget.loadingindicator.LoadingIndicatorView","RootView":"com.android.internal.policy.PhoneWindow$DecorView","AppName":"com.facebook.katana","Pid":26367,"Uid":10085,"Tid":26367,"Id":2131559485,"Token":"6d390c34-bc81-4e8c-86d0-857479378d41","Activity":"android.view.ContextThemeWrapper","SessionID":"unknown","Time":1480665835257,"UpTime":184566019,"timestamp":1480665835257,"uptimeNanos":209186992749522,"LogFormat":"1.1"}
3a45bd43-82d2-4650-8571-039f48c0fdca 2016-12-02 03:03:55.335999771 454343 [184566.170934]   414   414 D KernelPrintk: 4,60610,184566167576,-;smb135x-charger 0-001c: Input current Set 0x0
3a45bd43-82d2-4650-8571-039f48c0fdca 2016-12-02 03:03:55.475999771 454344 [184566.312048] 26367 26483 W fb4a(:<default>):1qn: DedupKey not found for cache ID: 5469PHOTOS
3a45bd43-82d2-4650-8571-039f48c0fdca 2016-12-02 03:03:55.475999771 454345 [184566.313175] 26367 26483 W fb4a(:<default>):1qn: DedupKey not found for cache ID: 5469PHOTOS
3a45bd43-82d2-4650-8571-039f48c0fdca 2016-12-02 03:03:55.475999771 454346 [184566.320799] 26367 26483 W fb4a(:<default>):1qn: DedupKey not found for cache ID: 5469PHOTOS
3a45bd43-82d2-4650-8571-039f48c0fdca 2016-12-02 03:03:55.485999771 454347 [184566.322845] 26367 26483 W fb4a(:<default>):1qn: DedupKey not found for cache ID: 5469PHOTOS
3a45bd43-82d2-4650-8571-039f48c0fdca 2016-12-02 03:03:55.485999771 454348 [184566.324006] 26367 26483 W fb4a(:<default>):1qn: DedupKey not found for cache ID: 5469PHOTOS
3a45bd43-82d2-4650-8571-039f48c0fdca 2016-12-02 03:03:55.485999771 454349 [184566.328995] 26367 26483 W fb4a(:<default>):1qn: DedupKey not found for cache ID: NTQ2OTotMTEwOTQ1MjY4NzU1NDgyODYz
3a45bd43-82d2-4650-8571-039f48c0fdca 2016-12-02 03:03:55.495999771 454350 [184566.338449] 26367 26483 W fb4a(:<default>):1qn: DedupKey not found for cache ID: 5469FRIENDS
3a45bd43-82d2-4650-8571-039f48c0fdca 2016-12-02 03:03:55.505999771 454351 [184566.341116] 26367 26483 W fb4a(:<default>):1qn: DedupKey not found for cache ID: 5469FRIENDS
3a45bd43-82d2-4650-8571-039f48c0fdca 2016-12-02 03:03:55.505999771 454352 [184566.342186] 26367 26483 W fb4a(:<default>):1qn: DedupKey not found for cache ID: 5469FRIENDS
3a45bd43-82d2-4650-8571-039f48c0fdca 2016-12-02 03:03:55.515999771 454353 [184566.351951] 26367 26483 W fb4a(:<default>):1qn: DedupKey not found for cache ID: 5469FRIENDS
3a45bd43-82d2-4650-8571-039f48c0fdca 2016-12-02 03:03:55.515999771 454354 [184566.356215] 26367 26483 W fb4a(:<default>):1qn: DedupKey not found for cache ID: 5469FRIENDS
3a45bd43-82d2-4650-8571-039f48c0fdca 2016-12-02 03:03:55.525999771 454355 [184566.362055] 26367 26483 W fb4a(:<default>):1qn: DedupKey not found for cache ID: 5469FRIENDS
3a45bd43-82d2-4650-8571-039f48c0fdca 2016-12-02 03:03:55.565999771 454356 [184566.400979] 26367 27246 W fb4a(:<default>):RequestLoggingListener: time 184566329: onRequestFailure: {requestId: 63, elapsedTime: -1 ms, throwable: java.lang.NullPointerException: Encoded image is not valid.}
3a45bd43-82d2-4650-8571-039f48c0fdca 2016-12-02 03:03:55.565999771 454357 [184566.402737] 26367 27246 W fb4a(:<default>):RequestLoggingListener: time 184566331: onRequestFailure: {requestId: 64, elapsedTime: -1 ms, throwable: java.lang.NullPointerException: Encoded image is not valid.}
3a45bd43-82d2-4650-8571-039f48c0fdca 2016-12-02 03:03:55.565999771 454358 [184566.404931] 26367 27246 W fb4a(:<default>):RequestLoggingListener: time 184566334: onRequestFailure: {requestId: 65, elapsedTime: -1 ms, throwable: java.lang.NullPointerException: Encoded image is not valid.}
3a45bd43-82d2-4650-8571-039f48c0fdca 2016-12-02 03:03:55.565999771 454359 [184566.407497] 26367 27162 W fb4a(:<default>):RequestLoggingListener: time 184566336: onRequestFailure: {requestId: 67, elapsedTime: -1 ms, throwable: java.lang.NullPointerException: Encoded image is not valid.}
3a45bd43-82d2-4650-8571-039f48c0fdca 2016-12-02 03:03:55.565999771 454360 [184566.409833] 26367 27246 W fb4a(:<default>):RequestLoggingListener: time 184566338: onRequestFailure: {requestId: 66, elapsedTime: -1 ms, throwable: java.lang.NullPointerException: Encoded image is not valid.}
3a45bd43-82d2-4650-8571-039f48c0fdca 2016-12-02 03:03:55.575999771 454361 [184566.412617] 26367 27162 W fb4a(:<default>):RequestLoggingListener: time 184566341: onRequestFailure: {requestId: 69, elapsedTime: -1 ms, throwable: java.lang.NullPointerException: Encoded image is not valid.}
3a45bd43-82d2-4650-8571-039f48c0fdca 2016-12-02 03:03:55.575999771 454362 [184566.413220] 26367 27174 W fb4a(:<default>):RequestLoggingListener: time 184566342: onRequestFailure: {requestId: 68, elapsedTime: -1 ms, throwable: java.lang.NullPointerException: Encoded image is not valid.}
3a45bd43-82d2-4650-8571-039f48c0fdca 2016-12-02 03:03:55.575999771 454363 [184566.415409] 26367 27174 W fb4a(:<default>):RequestLoggingListener: time 184566344: onRequestFailure: {requestId: 70, elapsedTime: -1 ms, throwable: java.lang.NullPointerException: Encoded image is not valid.}
3a45bd43-82d2-4650-8571-039f48c0fdca 2016-12-02 03:03:55.575999771 454364 [184566.416634] 26367 27174 W fb4a(:<default>):RequestLoggingListener: time 184566345: onRequestFailure: {requestId: 71, elapsedTime: -1 ms, throwable: java.lang.NullPointerException: Encoded image is not valid.}
3a45bd43-82d2-4650-8571-039f48c0fdca 2016-12-02 03:03:55.585999771 454365 [184566.422404] 26367 27174 W fb4a(:<default>):RequestLoggingListener: time 184566351: onRequestFailure: {requestId: 72, elapsedTime: -1 ms, throwable: java.lang.NullPointerException: Encoded image is not valid.}
3a45bd43-82d2-4650-8571-039f48c0fdca 2016-12-02 03:03:55.585999771 454366 [184566.423871] 26367 27174 W fb4a(:<default>):RequestLoggingListener: time 184566352: onRequestFailure: {requestId: 73, elapsedTime: -1 ms, throwable: java.lang.NullPointerException: Encoded image is not valid.}
3a45bd43-82d2-4650-8571-039f48c0fdca 2016-12-02 03:03:55.585999771 454367 [184566.424701] 26367 27162 W fb4a(:<default>):RequestLoggingListener: time 184566353: onRequestFailure: {requestId: 74, elapsedTime: -1 ms, throwable: java.lang.NullPointerException: Encoded image is not valid.}
3a45bd43-82d2-4650-8571-039f48c0fdca 2016-12-02 03:03:55.585999771 454368 [184566.426839] 26367 27246 W fb4a(:<default>):RequestLoggingListener: time 184566355: onRequestFailure: {requestId: 75, elapsedTime: -1 ms, throwable: java.lang.NullPointerException: Encoded image is not valid.}
3a45bd43-82d2-4650-8571-039f48c0fdca 2016-12-02 03:03:55.585999771 454369 [184566.427577] 26367 27162 W fb4a(:<default>):RequestLoggingListener: time 184566356: onRequestFailure: {requestId: 76, elapsedTime: -1 ms, throwable: java.lang.NullPointerException: Encoded image is not valid.}
3a45bd43-82d2-4650-8571-039f48c0fdca 2016-12-02 03:03:55.585999771 454370 [184566.428611] 26367 27162 W fb4a(:<default>):RequestLoggingListener: time 184566357: onRequestFailure: {requestId: 77, elapsedTime: -1 ms, throwable: java.lang.NullPointerException: Encoded image is not valid.}
3a45bd43-82d2-4650-8571-039f48c0fdca 2016-12-02 03:03:55.585999771 454371 [184566.430223] 26367 27162 W fb4a(:<default>):RequestLoggingListener: time 184566359: onRequestFailure: {requestId: 78, elapsedTime: -1 ms, throwable: java.lang.NullPointerException: Encoded image is not valid.}
3a45bd43-82d2-4650-8571-039f48c0fdca 2016-12-02 03:03:55.585999771 454372 [184566.430545] 26367 27246 W fb4a(:<default>):RequestLoggingListener: time 184566359: onRequestFailure: {requestId: 79, elapsedTime: -1 ms, throwable: java.lang.NullPointerException: Encoded image is not valid.}
3a45bd43-82d2-4650-8571-039f48c0fdca 2016-12-02 03:03:55.595999771 454373 [184566.436810] 26367 27246 W fb4a(:<default>):RequestLoggingListener: time 184566365: onRequestFailure: {requestId: 81, elapsedTime: -1 ms, throwable: java.lang.NullPointerException: Encoded image is not valid.}
3a45bd43-82d2-4650-8571-039f48c0fdca 2016-12-02 03:03:55.595999771 454374 [184566.438812] 26367 27246 W fb4a(:<default>):RequestLoggingListener: time 184566367: onRequestFailure: {requestId: 82, elapsedTime: -1 ms, throwable: java.lang.NullPointerException: Encoded image is not valid.}
3a45bd43-82d2-4650-8571-039f48c0fdca 2016-12-02 03:03:55.615999771 454375 [184566.455784] 26367 27162 W fb4a(:<default>):RequestLoggingListener: time 184566384: onRequestFailure: {requestId: 93, elapsedTime: -1 ms, throwable: java.lang.NullPointerException: Encoded image is not valid.}
3a45bd43-82d2-4650-8571-039f48c0fdca 2016-12-02 03:03:55.615999771 454376 [184566.457537] 26367 27162 W fb4a(:<default>):RequestLoggingListener: time 184566386: onRequestFailure: {requestId: 95, elapsedTime: -1 ms, throwable: java.lang.NullPointerException: Encoded image is not valid.}
3a45bd43-82d2-4650-8571-039f48c0fdca 2016-12-02 03:03:55.625999771 454377 [184566.461831] 26367 27162 W fb4a(:<default>):RequestLoggingListener: time 184566390: onRequestFailure: {requestId: 99, elapsedTime: -1 ms, throwable: java.lang.NullPointerException: Encoded image is not valid.}
3a45bd43-82d2-4650-8571-039f48c0fdca 2016-12-02 03:03:55.625999771 454378 [184566.464947] 26367 27246 W fb4a(:<default>):RequestLoggingListener: time 184566394: onRequestFailure: {requestId: 101, elapsedTime: -1 ms, throwable: java.lang.NullPointerException: Encoded image is not valid.}
3a45bd43-82d2-4650-8571-039f48c0fdca 2016-12-02 03:03:55.625999771 454379 [184566.466868] 26367 27246 W fb4a(:<default>):RequestLoggingListener: time 184566395: onRequestFailure: {requestId: 103, elapsedTime: -1 ms, throwable: java.lang.NullPointerException: Encoded image is not valid.}
3a45bd43-82d2-4650-8571-039f48c0fdca 2016-12-02 03:03:55.625999771 454380 [184566.470722] 26367 27246 W fb4a(:<default>):RequestLoggingListener: time 184566399: onRequestFailure: {requestId: 105, elapsedTime: -1 ms, throwable: java.lang.NullPointerException: Encoded image is not valid.}
3a45bd43-82d2-4650-8571-039f48c0fdca 2016-12-02 03:03:55.635999771 454381 [184566.474236] 26367 27162 W fb4a(:<default>):RequestLoggingListener: time 184566403: onRequestFailure: {requestId: 107, elapsedTime: -1 ms, throwable: java.lang.NullPointerException: Encoded image is not valid.}
3a45bd43-82d2-4650-8571-039f48c0fdca 2016-12-02 03:03:55.665999771 454382 [184566.508152] 26367 26483 W fb4a(:<default>):1qn: DedupKey not found for cache ID: NTQ2OTotNDc2MTE0ODMwNzIyNTgyNTQw
3a45bd43-82d2-4650-8571-039f48c0fdca 2016-12-02 03:03:55.795999771 454383 [184566.631057]   414   414 D KernelPrintk:  SUBSYSTEM=i2c
3a45bd43-82d2-4650-8571-039f48c0fdca 2016-12-02 03:03:55.795999771 454384 [184566.631078]   414   414 D KernelPrintk:  DEVICE=+i2c:0-001c
3a45bd43-82d2-4650-8571-039f48c0fdca 2016-12-02 03:03:55.795999771 454385 [184566.631098]   414   414 D KernelPrintk: 6,60611,184566626502,-;max17042 0-0036: SOC threshold INTR
3a45bd43-82d2-4650-8571-039f48c0fdca 2016-12-02 03:03:55.805999771 454386 [184566.640976]   414   414 D KernelPrintk:  SUBSYSTEM=i2c
3a45bd43-82d2-4650-8571-039f48c0fdca 2016-12-02 03:03:55.805999771 454387 [184566.640986]   414   414 D KernelPrintk:  DEVICE=+i2c:0-0036
3a45bd43-82d2-4650-8571-039f48c0fdca 2016-12-02 03:03:55.805999771 454388 [184566.641005]   414   414 D KernelPrintk: 4,60612,184566634975,-;smb135x-charger 0-001c: Increase Input Rate
3a45bd43-82d2-4650-8571-039f48c0fdca 2016-12-02 03:03:55.845999771 454389 [184566.684081] 26367 27162 W fb4a(:<default>):RequestLoggingListener: time 184566613: onRequestFailure: {requestId: 109, elapsedTime: -1 ms, throwable: java.lang.NullPointerException: Encoded image is not valid.}
3a45bd43-82d2-4650-8571-039f48c0fdca 2016-12-02 03:03:55.845999771 454390 [184566.685395] 26367 27246 W fb4a(:<default>):RequestLoggingListener: time 184566614: onRequestFailure: {requestId: 110, elapsedTime: -1 ms, throwable: java.lang.NullPointerException: Encoded image is not valid.}
3a45bd43-82d2-4650-8571-039f48c0fdca 2016-12-02 03:03:55.845999771 454391 [184566.686992] 26367 27162 W fb4a(:<default>):RequestLoggingListener: time 184566616: onRequestFailure: {requestId: 111, elapsedTime: -1 ms, throwable: java.lang.NullPointerException: Encoded image is not valid.}
3a45bd43-82d2-4650-8571-039f48c0fdca 2016-12-02 03:03:55.845999771 454392 [184566.688053] 26367 27174 W fb4a(:<default>):RequestLoggingListener: time 184566617: onRequestFailure: {requestId: 112, elapsedTime: -1 ms, throwable: java.lang.NullPointerException: Encoded image is not valid.}
3a45bd43-82d2-4650-8571-039f48c0fdca 2016-12-02 03:03:55.845999771 454393 [184566.689026] 26367 27162 W fb4a(:<default>):RequestLoggingListener: time 184566618: onRequestFailure: {requestId: 113, elapsedTime: -1 ms, throwable: java.lang.NullPointerException: Encoded image is not valid.}
3a45bd43-82d2-4650-8571-039f48c0fdca 2016-12-02 03:03:55.855999771 454394 [184566.692538] 26367 27162 W fb4a(:<default>):RequestLoggingListener: time 184566621: onRequestFailure: {requestId: 114, elapsedTime: -1 ms, throwable: java.lang.NullPointerException: Encoded image is not valid.}
3a45bd43-82d2-4650-8571-039f48c0fdca 2016-12-02 03:03:55.855999771 454395 [184566.693572] 26367 27174 W fb4a(:<default>):RequestLoggingListener: time 184566622: onRequestFailure: {requestId: 115, elapsedTime: -1 ms, throwable: java.lang.NullPointerException: Encoded image is not valid.}
3a45bd43-82d2-4650-8571-039f48c0fdca 2016-12-02 03:03:55.855999771 454396 [184566.694401] 26367 27246 W fb4a(:<default>):RequestLoggingListener: time 184566623: onRequestFailure: {requestId: 116, elapsedTime: -1 ms, throwable: java.lang.NullPointerException: Encoded image is not valid.}
3a45bd43-82d2-4650-8571-039f48c0fdca 2016-12-02 03:03:55.855999771 454397 [184566.695265] 26367 27174 W fb4a(:<default>):RequestLoggingListener: time 184566624: onRequestFailure: {requestId: 117, elapsedTime: -1 ms, throwable: java.lang.NullPointerException: Encoded image is not valid.}
3a45bd43-82d2-4650-8571-039f48c0fdca 2016-12-02 03:03:55.855999771 454398 [184566.696941] 26367 27174 W fb4a(:<default>):RequestLoggingListener: time 184566626: onRequestFailure: {requestId: 118, elapsedTime: -1 ms, throwable: java.lang.NullPointerException: Encoded image is not valid.}
3a45bd43-82d2-4650-8571-039f48c0fdca 2016-12-02 03:03:55.855999771 454399 [184566.698106] 26367 27174 W fb4a(:<default>):RequestLoggingListener: time 184566627: onRequestFailure: {requestId: 119, elapsedTime: -1 ms, throwable: java.lang.NullPointerException: Encoded image is not valid.}
3a45bd43-82d2-4650-8571-039f48c0fdca 2016-12-02 03:03:55.865999771 454400 [184566.701121] 26367 27174 W fb4a(:<default>):RequestLoggingListener: time 184566630: onRequestFailure: {requestId: 120, elapsedTime: -1 ms, throwable: java.lang.NullPointerException: Encoded image is not valid.}
3a45bd43-82d2-4650-8571-039f48c0fdca 2016-12-02 03:03:55.865999771 454401 [184566.702202] 26367 27246 W fb4a(:<default>):RequestLoggingListener: time 184566631: onRequestFailure: {requestId: 121, elapsedTime: -1 ms, throwable: java.lang.NullPointerException: Encoded image is not valid.}
3a45bd43-82d2-4650-8571-039f48c0fdca 2016-12-02 03:03:55.865999771 454402 [184566.706281] 26367 27246 W fb4a(:<default>):RequestLoggingListener: time 184566635: onRequestFailure: {requestId: 122, elapsedTime: -1 ms, throwable: java.lang.NullPointerException: Encoded image is not valid.}
3a45bd43-82d2-4650-8571-039f48c0fdca 2016-12-02 03:03:55.875999771 454403 [184566.711261] 26367 27246 W fb4a(:<default>):RequestLoggingListener: time 184566640: onRequestFailure: {requestId: 123, elapsedTime: -1 ms, throwable: java.lang.NullPointerException: Encoded image is not valid.}
3a45bd43-82d2-4650-8571-039f48c0fdca 2016-12-02 03:03:55.875999771 454404 [184566.713366] 26367 27246 W fb4a(:<default>):RequestLoggingListener: time 184566642: onRequestFailure: {requestId: 124, elapsedTime: -1 ms, throwable: java.lang.NullPointerException: Encoded image is not valid.}
3a45bd43-82d2-4650-8571-039f48c0fdca 2016-12-02 03:03:55.875999771 454405 [184566.714704] 26367 27174 W fb4a(:<default>):RequestLoggingListener: time 184566643: onRequestFailure: {requestId: 125, elapsedTime: -1 ms, throwable: java.lang.NullPointerException: Encoded image is not valid.}
3a45bd43-82d2-4650-8571-039f48c0fdca 2016-12-02 03:03:55.875999771 454406 [184566.716203] 26367 27174 W fb4a(:<default>):RequestLoggingListener: time 184566645: onRequestFailure: {requestId: 126, elapsedTime: -1 ms, throwable: java.lang.NullPointerException: Encoded image is not valid.}
3a45bd43-82d2-4650-8571-039f48c0fdca 2016-12-02 03:03:55.875999771 454407 [184566.717971] 26367 27162 W fb4a(:<default>):RequestLoggingListener: time 184566646: onRequestFailure: {requestId: 127, elapsedTime: -1 ms, throwable: java.lang.NullPointerException: Encoded image is not valid.}
3a45bd43-82d2-4650-8571-039f48c0fdca 2016-12-02 03:03:55.875999771 454408 [184566.718952] 26367 27246 W fb4a(:<default>):RequestLoggingListener: time 184566648: onRequestFailure: {requestId: 128, elapsedTime: -1 ms, throwable: java.lang.NullPointerException: Encoded image is not valid.}
3a45bd43-82d2-4650-8571-039f48c0fdca 2016-12-02 03:03:55.885999771 454409 [184566.721144] 26367 27246 W fb4a(:<default>):RequestLoggingListener: time 184566650: onRequestFailure: {requestId: 129, elapsedTime: -1 ms, throwable: java.lang.NullPointerException: Encoded image is not valid.}
3a45bd43-82d2-4650-8571-039f48c0fdca 2016-12-02 03:03:55.885999771 454410 [184566.723012] 26367 27246 W fb4a(:<default>):RequestLoggingListener: time 184566652: onRequestFailure: {requestId: 130, elapsedTime: -1 ms, throwable: java.lang.NullPointerException: Encoded image is not valid.}
3a45bd43-82d2-4650-8571-039f48c0fdca 2016-12-02 03:03:56.595999771 454411 [184567.439599]   291   291 I SurfaceFlinger: {"fps":25.0, "tot_frames":86232, "prev_frames":86190, "cur_time": 184567368702575, "prev_time": 184565688989190}
3a45bd43-82d2-4650-8571-039f48c0fdca 2016-12-02 03:03:56.615999771 454412 [184567.455823]   291   291 I SurfaceFlinger: {"token":1714, "diffs":[[184563825, 73.480904],[184563879, 5.853950],[184564547, 0.001695],[184564871, 0.000000],[184564969, 0.000000],[184565022, 96.701385],[184565069, 76.345490],[184565116, 41.796875],[184565175, 22.113716],[184565223, 2.940538],[184565690, 93.315971],[184565759, 0.211419],[184565817, 0.210910],[184565863, 0.211928],[184565911, 0.212267],[184565962, 0.212097],[184566013, 0.211928],[184566210, 0.198873],[184566632, 0.000000],[184567370, 0.000000]]}
3a45bd43-82d2-4650-8571-039f48c0fdca 2016-12-02 03:03:56.875999771 454413 [184567.714923] 26367 27246 W fb4a(:<default>):RequestLoggingListener: time 184567643: onRequestFailure: {requestId: 134, elapsedTime: -1 ms, throwable: java.lang.NullPointerException: Encoded image is not valid.}
3a45bd43-82d2-4650-8571-039f48c0fdca 2016-12-02 03:03:56.875999771 454414 [184567.716717] 26367 27246 W fb4a(:<default>):RequestLoggingListener: time 184567645: onRequestFailure: {requestId: 138, elapsedTime: -1 ms, throwable: java.lang.NullPointerException: Encoded image is not valid.}
3a45bd43-82d2-4650-8571-039f48c0fdca 2016-12-02 03:03:57.225999771 454415 [184568.069986]   409  1041 D audio_hw_primary: disable_audio_route: reset and update mixer path: low-latency-playback speaker
3a45bd43-82d2-4650-8571-039f48c0fdca 2016-12-02 03:03:57.235999771 454416 [184568.071241]   409  1041 D audio_hw_primary: disable_snd_device: snd_device(2: speaker)
3a45bd43-82d2-4650-8571-039f48c0fdca 2016-12-02 03:03:57.395999770 454417 [184568.240477] 26367 27246 W fb4a(:<default>):RequestLoggingListener: time 184568169: onRequestFailure: {requestId: 151, elapsedTime: -1 ms, throwable: java.lang.NullPointerException: Encoded image is not valid.}
3a45bd43-82d2-4650-8571-039f48c0fdca 2016-12-02 03:03:57.405999770 454418 [184568.241588] 26367 27246 W fb4a(:<default>):RequestLoggingListener: time 184568170: onRequestFailure: {requestId: 152, elapsedTime: -1 ms, throwable: java.lang.NullPointerException: Encoded image is not valid.}
3a45bd43-82d2-4650-8571-039f48c0fdca 2016-12-02 03:03:57.405999770 454419 [184568.243380] 26367 27246 W fb4a(:<default>):RequestLoggingListener: time 184568172: onRequestFailure: {requestId: 153, elapsedTime: -1 ms, throwable: java.lang.NullPointerException: Encoded image is not valid.}
3a45bd43-82d2-4650-8571-039f48c0fdca 2016-12-02 03:03:57.405999770 454420 [184568.244417] 26367 27246 W fb4a(:<default>):RequestLoggingListener: time 184568173: onRequestFailure: {requestId: 154, elapsedTime: -1 ms, throwable: java.lang.NullPointerException: Encoded image is not valid.}
3a45bd43-82d2-4650-8571-039f48c0fdca 2016-12-02 03:03:57.405999770 454421 [184568.246036] 26367 27246 W fb4a(:<default>):RequestLoggingListener: time 184568175: onRequestFailure: {requestId: 155, elapsedTime: -1 ms, throwable: java.lang.NullPointerException: Encoded image is not valid.}
3a45bd43-82d2-4650-8571-039f48c0fdca 2016-12-02 03:03:57.415999770 454422 [184568.252091] 26367 27246 W fb4a(:<default>):RequestLoggingListener: time 184568181: onRequestFailure: {requestId: 156, elapsedTime: -1 ms, throwable: java.lang.NullPointerException: Encoded image is not valid.}
3a45bd43-82d2-4650-8571-039f48c0fdca 2016-12-02 03:03:57.415999770 454423 [184568.252383] 26367 27162 W fb4a(:<default>):RequestLoggingListener: time 184568181: onRequestFailure: {requestId: 157, elapsedTime: -1 ms, throwable: java.lang.NullPointerException: Encoded image is not valid.}
3a45bd43-82d2-4650-8571-039f48c0fdca 2016-12-02 03:03:57.415999770 454424 [184568.253681] 26367 27162 W fb4a(:<default>):RequestLoggingListener: time 184568182: onRequestFailure: {requestId: 158, elapsedTime: -1 ms, throwable: java.lang.NullPointerException: Encoded image is not valid.}
3a45bd43-82d2-4650-8571-039f48c0fdca 2016-12-02 03:03:57.415999770 454425 [184568.255006] 26367 27162 W fb4a(:<default>):RequestLoggingListener: time 184568184: onRequestFailure: {requestId: 159, elapsedTime: -1 ms, throwable: java.lang.NullPointerException: Encoded image is not valid.}
3a45bd43-82d2-4650-8571-039f48c0fdca 2016-12-02 03:03:57.415999770 454426 [184568.255945] 26367 27246 W fb4a(:<default>):RequestLoggingListener: time 184568185: onRequestFailure: {requestId: 160, elapsedTime: -1 ms, throwable: java.lang.NullPointerException: Encoded image is not valid.}
3a45bd43-82d2-4650-8571-039f48c0fdca 2016-12-02 03:03:57.415999770 454427 [184568.256776] 26367 27174 W fb4a(:<default>):RequestLoggingListener: time 184568185: onRequestFailure: {requestId: 161, elapsedTime: -1 ms, throwable: java.lang.NullPointerException: Encoded image is not valid.}
3a45bd43-82d2-4650-8571-039f48c0fdca 2016-12-02 03:03:57.415999770 454428 [184568.257685] 26367 27246 W fb4a(:<default>):RequestLoggingListener: time 184568186: onRequestFailure: {requestId: 162, elapsedTime: -1 ms, throwable: java.lang.NullPointerException: Encoded image is not valid.}
3a45bd43-82d2-4650-8571-039f48c0fdca 2016-12-02 03:03:57.415999770 454429 [184568.259167] 26367 27174 W fb4a(:<default>):RequestLoggingListener: time 184568188: onRequestFailure: {requestId: 163, elapsedTime: -1 ms, throwable: java.lang.NullPointerException: Encoded image is not valid.}
3a45bd43-82d2-4650-8571-039f48c0fdca 2016-12-02 03:03:57.415999770 454430 [184568.260225] 26367 27162 W fb4a(:<default>):RequestLoggingListener: time 184568189: onRequestFailure: {requestId: 164, elapsedTime: -1 ms, throwable: java.lang.NullPointerException: Encoded image is not valid.}
3a45bd43-82d2-4650-8571-039f48c0fdca 2016-12-02 03:03:57.415999770 454431 [184568.260669] 26367 27246 W fb4a(:<default>):RequestLoggingListener: time 184568189: onRequestFailure: {requestId: 165, elapsedTime: -1 ms, throwable: java.lang.NullPointerException: Encoded image is not valid.}
3a45bd43-82d2-4650-8571-039f48c0fdca 2016-12-02 03:03:57.615999770 454432 [184568.453036]   291   291 I SurfaceFlinger: {"fps":78.0, "tot_frames":86311, "prev_frames":86232, "cur_time": 184568382052835, "prev_time": 184567368702575}
3a45bd43-82d2-4650-8571-039f48c0fdca 2016-12-02 03:03:57.725999770 454433 [184568.561601] 26367 27246 W fb4a(:<default>):RequestLoggingListener: time 184568490: onRequestFailure: {requestId: 167, elapsedTime: -1 ms, throwable: java.lang.NullPointerException: Encoded image is not valid.}
3a45bd43-82d2-4650-8571-039f48c0fdca 2016-12-02 03:03:57.725999770 454434 [184568.563538] 26367 27246 W fb4a(:<default>):RequestLoggingListener: time 184568492: onRequestFailure: {requestId: 169, elapsedTime: -1 ms, throwable: java.lang.NullPointerException: Encoded image is not valid.}
3a45bd43-82d2-4650-8571-039f48c0fdca 2016-12-02 03:03:57.805999770 454435 [184568.648977] 26367 27246 W fb4a(:<default>):RequestLoggingListener: time 184568577: onRequestFailure: {requestId: 171, elapsedTime: -1 ms, throwable: java.lang.NullPointerException: Encoded image is not valid.}
3a45bd43-82d2-4650-8571-039f48c0fdca 2016-12-02 03:03:57.815999770 454436 [184568.654413] 26367 27246 W fb4a(:<default>):RequestLoggingListener: time 184568583: onRequestFailure: {requestId: 173, elapsedTime: -1 ms, throwable: java.lang.NullPointerException: Encoded image is not valid.}
3a45bd43-82d2-4650-8571-039f48c0fdca 2016-12-02 03:03:57.815999770 454437 [184568.654860] 26367 27162 W fb4a(:<default>):RequestLoggingListener: time 184568583: onRequestFailure: {requestId: 175, elapsedTime: -1 ms, throwable: java.lang.NullPointerException: Encoded image is not valid.}
3a45bd43-82d2-4650-8571-039f48c0fdca 2016-12-02 03:03:57.875999770 454438 [184568.711539]   291   291 I SurfaceFlinger: {"token":1715, "diffs":[[184567456, 42.100693],[184567521, 39.756943],[184567590, 41.536457],[184567649, 38.020832],[184567699, 29.926216],[184567761, 26.931423],[184567813, 19.379341],[184567861, 17.805990],[184567911, 15.798611],[184567961, 13.563368],[184568011, 11.208767],[184568065, 9.049479],[184568121, 7.069227],[184568178, 5.455187],[184568365, 22.395834],[184568410, 28.841146],[184568455, 29.188368],[184568514, 41.406250],[184568567, 46.310764],[184568619, 37.630207]]}
3a45bd43-82d2-4650-8571-039f48c0fdca 2016-12-02 03:03:58.35999770 454439 [184568.875658] 26367 27162 W fb4a(:<default>):RequestLoggingListener: time 184568804: onRequestFailure: {requestId: 179, elapsedTime: -1 ms, throwable: java.lang.NullPointerException: Encoded image is not valid.}
3a45bd43-82d2-4650-8571-039f48c0fdca 2016-12-02 03:03:58.35999770 454440 [184568.878702] 26367 27162 W fb4a(:<default>):RequestLoggingListener: time 184568807: onRequestFailure: {requestId: 183, elapsedTime: -1 ms, throwable: java.lang.NullPointerException: Encoded image is not valid.}
3a45bd43-82d2-4650-8571-039f48c0fdca 2016-12-02 03:03:58.45999770 454441 [184568.880922]   414   414 D KernelPrintk:  SUBSYSTEM=i2c
3a45bd43-82d2-4650-8571-039f48c0fdca 2016-12-02 03:03:58.45999770 454442 [184568.880936]   414   414 D KernelPrintk:  DEVICE=+i2c:0-001c
3a45bd43-82d2-4650-8571-039f48c0fdca 2016-12-02 03:03:58.45999770 454443 [184568.880958]   414   414 D KernelPrintk: 4,60613,184568874251,-;smb135x-charger 0-001c: Input current Set 0x0
3a45bd43-82d2-4650-8571-039f48c0fdca 2016-12-02 03:03:58.45999770 454444 [184568.887159] 26367 27162 W fb4a(:<default>):RequestLoggingListener: time 184568816: onRequestFailure: {requestId: 197, elapsedTime: -1 ms, throwable: java.lang.NullPointerException: Encoded image is not valid.}
3a45bd43-82d2-4650-8571-039f48c0fdca 2016-12-02 03:03:58.55999770 454445 [184568.891377] 26367 27162 W fb4a(:<default>):RequestLoggingListener: time 184568820: onRequestFailure: {requestId: 199, elapsedTime: -1 ms, throwable: java.lang.NullPointerException: Encoded image is not valid.}
3a45bd43-82d2-4650-8571-039f48c0fdca 2016-12-02 03:03:58.55999770 454446 [184568.894357] 26367 27162 W fb4a(:<default>):RequestLoggingListener: time 184568823: onRequestFailure: {requestId: 201, elapsedTime: -1 ms, throwable: java.lang.NullPointerException: Encoded image is not valid.}
3a45bd43-82d2-4650-8571-039f48c0fdca 2016-12-02 03:03:58.55999770 454447 [184568.898566] 26367 27162 W fb4a(:<default>):RequestLoggingListener: time 184568827: onRequestFailure: {requestId: 203, elapsedTime: -1 ms, throwable: java.lang.NullPointerException: Encoded image is not valid.}
3a45bd43-82d2-4650-8571-039f48c0fdca 2016-12-02 03:03:58.65999770 454448 [184568.902660] 26367 27162 W fb4a(:<default>):RequestLoggingListener: time 184568831: onRequestFailure: {requestId: 205, elapsedTime: -1 ms, throwable: java.lang.NullPointerException: Encoded image is not valid.}
3a45bd43-82d2-4650-8571-039f48c0fdca 2016-12-02 03:03:58.175999770 454449 [184569.018895] 26367 27162 W fb4a(:<default>):RequestLoggingListener: time 184568947: onRequestFailure: {requestId: 210, elapsedTime: -1 ms, throwable: java.lang.NullPointerException: Encoded image is not valid.}
3a45bd43-82d2-4650-8571-039f48c0fdca 2016-12-02 03:03:58.635999770 454450 [184569.471238] 26367 27162 W fb4a(:<default>):RequestLoggingListener: time 184569400: onRequestFailure: {requestId: 212, elapsedTime: -1 ms, throwable: java.lang.NullPointerException: Encoded image is not valid.}
3a45bd43-82d2-4650-8571-039f48c0fdca 2016-12-02 03:03:58.635999770 454451 [184569.473487] 26367 27162 W fb4a(:<default>):RequestLoggingListener: time 184569402: onRequestFailure: {requestId: 214, elapsedTime: -1 ms, throwable: java.lang.NullPointerException: Encoded image is not valid.}
3a45bd43-82d2-4650-8571-039f48c0fdca 2016-12-02 03:03:58.635999770 454452 [184569.475136] 26367 27162 W fb4a(:<default>):RequestLoggingListener: time 184569404: onRequestFailure: {requestId: 216, elapsedTime: -1 ms, throwable: java.lang.NullPointerException: Encoded image is not valid.}
3a45bd43-82d2-4650-8571-039f48c0fdca 2016-12-02 03:03:58.635999770 454453 [184569.476920] 26367 27162 W fb4a(:<default>):RequestLoggingListener: time 184569406: onRequestFailure: {requestId: 218, elapsedTime: -1 ms, throwable: java.lang.NullPointerException: Encoded image is not valid.}
3a45bd43-82d2-4650-8571-039f48c0fdca 2016-12-02 03:03:58.635999770 454454 [184569.478502] 26367 27162 W fb4a(:<default>):RequestLoggingListener: time 184569407: onRequestFailure: {requestId: 220, elapsedTime: -1 ms, throwable: java.lang.NullPointerException: Encoded image is not valid.}
3a45bd43-82d2-4650-8571-039f48c0fdca 2016-12-02 03:03:58.645999770 454455 [184569.483465] 26367 27162 W fb4a(:<default>):RequestLoggingListener: time 184569412: onRequestFailure: {requestId: 225, elapsedTime: -1 ms, throwable: java.lang.NullPointerException: Encoded image is not valid.}
3a45bd43-82d2-4650-8571-039f48c0fdca 2016-12-02 03:03:58.655999770 454456 [184569.493313] 26367 27162 W fb4a(:<default>):RequestLoggingListener: time 184569422: onRequestFailure: {requestId: 226, elapsedTime: -1 ms, throwable: java.lang.NullPointerException: Encoded image is not valid.}
3a45bd43-82d2-4650-8571-039f48c0fdca 2016-12-02 03:03:58.655999770 454457 [184569.499430] 26367 27162 W fb4a(:<default>):RequestLoggingListener: time 184569428: onRequestFailure: {requestId: 227, elapsedTime: -1 ms, throwable: java.lang.NullPointerException: Encoded image is not valid.}
3a45bd43-82d2-4650-8571-039f48c0fdca 2016-12-02 03:03:58.665999770 454458 [184569.502947] 26367 27162 W fb4a(:<default>):RequestLoggingListener: time 184569431: onRequestFailure: {requestId: 228, elapsedTime: -1 ms, throwable: java.lang.NullPointerException: Encoded image is not valid.}
3a45bd43-82d2-4650-8571-039f48c0fdca 2016-12-02 03:03:58.665999770 454459 [184569.503734] 26367 27246 W fb4a(:<default>):RequestLoggingListener: time 184569432: onRequestFailure: {requestId: 229, elapsedTime: -1 ms, throwable: java.lang.NullPointerException: Encoded image is not valid.}
3a45bd43-82d2-4650-8571-039f48c0fdca 2016-12-02 03:03:58.665999770 454460 [184569.507329] 26367 27162 W fb4a(:<default>):RequestLoggingListener: time 184569436: onRequestFailure: {requestId: 230, elapsedTime: -1 ms, throwable: java.lang.NullPointerException: Encoded image is not valid.}
3a45bd43-82d2-4650-8571-039f48c0fdca 2016-12-02 03:03:58.665999770 454461 [184569.507981] 26367 27246 W fb4a(:<default>):RequestLoggingListener: time 184569437: onRequestFailure: {requestId: 231, elapsedTime: -1 ms, throwable: java.lang.NullPointerException: Encoded image is not valid.}
3a45bd43-82d2-4650-8571-039f48c0fdca 2016-12-02 03:03:58.665999770 454462 [184569.508219]   291   291 I SurfaceFlinger: {"fps":95.7, "tot_frames":86412, "prev_frames":86311, "cur_time": 184569437317209, "prev_time": 184568382052835}
3a45bd43-82d2-4650-8571-039f48c0fdca 2016-12-02 03:03:58.675999770 454463 [184569.511649] 26367 27246 W fb4a(:<default>):RequestLoggingListener: time 184569440: onRequestFailure: {requestId: 232, elapsedTime: -1 ms, throwable: java.lang.NullPointerException: Encoded image is not valid.}
3a45bd43-82d2-4650-8571-039f48c0fdca 2016-12-02 03:03:58.675999770 454464 [184569.513714] 26367 27162 W fb4a(:<default>):RequestLoggingListener: time 184569442: onRequestFailure: {requestId: 233, elapsedTime: -1 ms, throwable: java.lang.NullPointerException: Encoded image is not valid.}
3a45bd43-82d2-4650-8571-039f48c0fdca 2016-12-02 03:03:58.675999770 454465 [184569.515163] 26367 27246 W fb4a(:<default>):RequestLoggingListener: time 184569444: onRequestFailure: {requestId: 234, elapsedTime: -1 ms, throwable: java.lang.NullPointerException: Encoded image is not valid.}
3a45bd43-82d2-4650-8571-039f48c0fdca 2016-12-02 03:03:58.675999770 454466 [184569.519561] 26367 27174 W fb4a(:<default>):RequestLoggingListener: time 184569448: onRequestFailure: {requestId: 235, elapsedTime: -1 ms, throwable: java.lang.NullPointerException: Encoded image is not valid.}
3a45bd43-82d2-4650-8571-039f48c0fdca 2016-12-02 03:03:58.675999770 454467 [184569.520003] 26367 27246 W fb4a(:<default>):RequestLoggingListener: time 184569449: onRequestFailure: {requestId: 236, elapsedTime: -1 ms, throwable: java.lang.NullPointerException: Encoded image is not valid.}
3a45bd43-82d2-4650-8571-039f48c0fdca 2016-12-02 03:03:58.705999770 454468 [184569.545630] 26367 26483 W fb4a(:<default>):1qn: DedupKey not found for cache ID: NTQ2OTo3ODkxMzMwNDQ5MzAyMTU1MDM2
3a45bd43-82d2-4650-8571-039f48c0fdca 2016-12-02 03:03:58.735999770 454469 [184569.571121]   414   414 D KernelPrintk:  SUBSYSTEM=i2c
3a45bd43-82d2-4650-8571-039f48c0fdca 2016-12-02 03:03:58.735999770 454470 [184569.571141]   414   414 D KernelPrintk:  DEVICE=+i2c:0-001c
3a45bd43-82d2-4650-8571-039f48c0fdca 2016-12-02 03:03:58.735999770 454471 [184569.571163]   414   414 D KernelPrintk: 4,60614,184569561760,-;smb135x-charger 0-001c: Increase Input Rate
3a45bd43-82d2-4650-8571-039f48c0fdca 2016-12-02 03:03:58.785999770 454472 [184569.628304] 26367 26483 W fb4a(:<default>):1qn: DedupKey not found for cache ID: NTQ2OTo1NDAyMjM0NzQ1NDc2Nzc5NDk1
3a45bd43-82d2-4650-8571-039f48c0fdca 2016-12-02 03:03:58.925999770 454473 [184569.767614] 26367 27246 W fb4a(:<default>):RequestLoggingListener: time 184569696: onRequestFailure: {requestId: 237, elapsedTime: -1 ms, throwable: java.lang.NullPointerException: Encoded image is not valid.}
3a45bd43-82d2-4650-8571-039f48c0fdca 2016-12-02 03:03:58.925999770 454474 [184569.768359] 26367 27162 W fb4a(:<default>):RequestLoggingListener: time 184569697: onRequestFailure: {requestId: 238, elapsedTime: -1 ms, throwable: java.lang.NullPointerException: Encoded image is not valid.}
3a45bd43-82d2-4650-8571-039f48c0fdca 2016-12-02 03:03:58.925999770 454475 [184569.768941] 26367 27174 W fb4a(:<default>):RequestLoggingListener: time 184569698: onRequestFailure: {requestId: 239, elapsedTime: -1 ms, throwable: java.lang.NullPointerException: Encoded image is not valid.}
3a45bd43-82d2-4650-8571-039f48c0fdca 2016-12-02 03:03:58.925999770 454476 [184569.769815] 26367 27174 W fb4a(:<default>):RequestLoggingListener: time 184569698: onRequestFailure: {requestId: 240, elapsedTime: -1 ms, throwable: java.lang.NullPointerException: Encoded image is not valid.}
3a45bd43-82d2-4650-8571-039f48c0fdca 2016-12-02 03:03:58.935999770 454477 [184569.770970] 26367 27174 W fb4a(:<default>):RequestLoggingListener: time 184569700: onRequestFailure: {requestId: 241, elapsedTime: -1 ms, throwable: java.lang.NullPointerException: Encoded image is not valid.}
3a45bd43-82d2-4650-8571-039f48c0fdca 2016-12-02 03:03:58.935999770 454478 [184569.771538] 26367 27162 W fb4a(:<default>):RequestLoggingListener: time 184569700: onRequestFailure: {requestId: 242, elapsedTime: -1 ms, throwable: java.lang.NullPointerException: Encoded image is not valid.}
3a45bd43-82d2-4650-8571-039f48c0fdca 2016-12-02 03:03:58.935999770 454479 [184569.772521] 26367 27162 W fb4a(:<default>):RequestLoggingListener: time 184569701: onRequestFailure: {requestId: 243, elapsedTime: -1 ms, throwable: java.lang.NullPointerException: Encoded image is not valid.}
3a45bd43-82d2-4650-8571-039f48c0fdca 2016-12-02 03:03:58.935999770 454480 [184569.773943] 26367 27162 W fb4a(:<default>):RequestLoggingListener: time 184569702: onRequestFailure: {requestId: 244, elapsedTime: -1 ms, throwable: java.lang.NullPointerException: Encoded image is not valid.}
3a45bd43-82d2-4650-8571-039f48c0fdca 2016-12-02 03:03:58.935999770 454481 [184569.774678] 26367 27162 W fb4a(:<default>):RequestLoggingListener: time 184569703: onRequestFailure: {requestId: 245, elapsedTime: -1 ms, throwable: java.lang.NullPointerException: Encoded image is not valid.}
3a45bd43-82d2-4650-8571-039f48c0fdca 2016-12-02 03:03:58.935999770 454482 [184569.776026] 26367 27162 W fb4a(:<default>):RequestLoggingListener: time 184569705: onRequestFailure: {requestId: 246, elapsedTime: -1 ms, throwable: java.lang.NullPointerException: Encoded image is not valid.}
3a45bd43-82d2-4650-8571-039f48c0fdca 2016-12-02 03:03:58.935999770 454483 [184569.776966] 26367 27162 W fb4a(:<default>):RequestLoggingListener: time 184569706: onRequestFailure: {requestId: 247, elapsedTime: -1 ms, throwable: java.lang.NullPointerException: Encoded image is not valid.}
3a45bd43-82d2-4650-8571-039f48c0fdca 2016-12-02 03:03:58.935999770 454484 [184569.778402] 26367 27174 W fb4a(:<default>):RequestLoggingListener: time 184569707: onRequestFailure: {requestId: 248, elapsedTime: -1 ms, throwable: java.lang.NullPointerException: Encoded image is not valid.}
3a45bd43-82d2-4650-8571-039f48c0fdca 2016-12-02 03:03:58.935999770 454485 [184569.779866] 26367 27174 W fb4a(:<default>):RequestLoggingListener: time 184569708: onRequestFailure: {requestId: 249, elapsedTime: -1 ms, throwable: java.lang.NullPointerException: Encoded image is not valid.}
3a45bd43-82d2-4650-8571-039f48c0fdca 2016-12-02 03:03:58.935999770 454486 [184569.780769] 26367 27174 W fb4a(:<default>):RequestLoggingListener: time 184569709: onRequestFailure: {requestId: 250, elapsedTime: -1 ms, throwable: java.lang.NullPointerException: Encoded image is not valid.}
3a45bd43-82d2-4650-8571-039f48c0fdca 2016-12-02 03:03:58.945999770 454487 [184569.781754] 26367 27174 W fb4a(:<default>):RequestLoggingListener: time 184569710: onRequestFailure: {requestId: 251, elapsedTime: -1 ms, throwable: java.lang.NullPointerException: Encoded image is not valid.}
3a45bd43-82d2-4650-8571-039f48c0fdca 2016-12-02 03:03:59.45999770 454488 [184569.885006]   291   291 I SurfaceFlinger: {"token":1716, "diffs":[[184568682, 37.630207],[184568734, 39.040798],[184568850, 39.713543],[184568903, 57.986111],[184568954, 32.291668],[184569005, 29.622396],[184569054, 31.032986],[184569104, 21.202257],[184569155, 18.077257],[184569205, 15.364583],[184569259, 12.565104],[184569306, 9.847005],[184569439, 8.045790],[184569489, 0.000000],[184569536, 0.000000],[184569593, 0.000000],[184569642, 0.000000],[184569692, 0.000000],[184569743, 0.000000],[184569794, 0.000000]]}
3a45bd43-82d2-4650-8571-039f48c0fdca 2016-12-02 03:03:59.375999770 454489 [184570.211237]   414   414 D KernelPrintk:  SUBSYSTEM=i2c
3a45bd43-82d2-4650-8571-039f48c0fdca 2016-12-02 03:03:59.375999770 454490 [184570.211251]   414   414 D KernelPrintk:  DEVICE=+i2c:0-001c
3a45bd43-82d2-4650-8571-039f48c0fdca 2016-12-02 03:03:59.375999770 454491 [184570.211271]   414   414 D KernelPrintk: 4,60615,184570205218,-;smb135x-charger 0-001c: Input current Set 0x0
3a45bd43-82d2-4650-8571-039f48c0fdca 2016-12-02 03:03:59.385999770 454492 [184570.222860] 26367 27174 W fb4a(:<default>):RequestLoggingListener: time 184570151: onRequestFailure: {requestId: 253, elapsedTime: -1 ms, throwable: java.lang.NullPointerException: Encoded image is not valid.}
3a45bd43-82d2-4650-8571-039f48c0fdca 2016-12-02 03:03:59.385999770 454493 [184570.224773] 26367 27174 W fb4a(:<default>):RequestLoggingListener: time 184570153: onRequestFailure: {requestId: 255, elapsedTime: -1 ms, throwable: java.lang.NullPointerException: Encoded image is not valid.}
3a45bd43-82d2-4650-8571-039f48c0fdca 2016-12-02 03:03:59.385999770 454494 [184570.226749] 26367 27174 W fb4a(:<default>):RequestLoggingListener: time 184570155: onRequestFailure: {requestId: 257, elapsedTime: -1 ms, throwable: java.lang.NullPointerException: Encoded image is not valid.}
3a45bd43-82d2-4650-8571-039f48c0fdca 2016-12-02 03:03:59.385999770 454495 [184570.228677] 26367 27174 W fb4a(:<default>):RequestLoggingListener: time 184570157: onRequestFailure: {requestId: 259, elapsedTime: -1 ms, throwable: java.lang.NullPointerException: Encoded image is not valid.}
3a45bd43-82d2-4650-8571-039f48c0fdca 2016-12-02 03:03:59.385999770 454496 [184570.230710] 26367 27174 W fb4a(:<default>):RequestLoggingListener: time 184570159: onRequestFailure: {requestId: 261, elapsedTime: -1 ms, throwable: java.lang.NullPointerException: Encoded image is not valid.}
3a45bd43-82d2-4650-8571-039f48c0fdca 2016-12-02 03:03:59.395999770 454497 [184570.234582] 26367 27174 W fb4a(:<default>):RequestLoggingListener: time 184570163: onRequestFailure: {requestId: 266, elapsedTime: -1 ms, throwable: java.lang.NullPointerException: Encoded image is not valid.}
3a45bd43-82d2-4650-8571-039f48c0fdca 2016-12-02 03:03:59.745999770 454498 [184570.586431] 26367 27174 W fb4a(:<default>):RequestLoggingListener: time 184570515: onRequestFailure: {requestId: 268, elapsedTime: -1 ms, throwable: java.lang.NullPointerException: Encoded image is not valid.}
3a45bd43-82d2-4650-8571-039f48c0fdca 2016-12-02 03:03:59.745999770 454499 [184570.590084] 26367 27174 W fb4a(:<default>):RequestLoggingListener: time 184570519: onRequestFailure: {requestId: 270, elapsedTime: -1 ms, throwable: java.lang.NullPointerException: Encoded image is not valid.}
3a45bd43-82d2-4650-8571-039f48c0fdca 2016-12-02 03:03:59.755999770 454500 [184570.593379] 26367 27174 W fb4a(:<default>):RequestLoggingListener: time 184570522: onRequestFailure: {requestId: 272, elapsedTime: -1 ms, throwable: java.lang.NullPointerException: Encoded image is not valid.}
3a45bd43-82d2-4650-8571-039f48c0fdca 2016-12-02 03:03:59.755999770 454501 [184570.596796] 26367 27174 W fb4a(:<default>):RequestLoggingListener: time 184570525: onRequestFailure: {requestId: 274, elapsedTime: -1 ms, throwable: java.lang.NullPointerException: Encoded image is not valid.}
3a45bd43-82d2-4650-8571-039f48c0fdca 2016-12-02 03:03:59.755999770 454502 [184570.600130] 26367 27174 W fb4a(:<default>):RequestLoggingListener: time 184570529: onRequestFailure: {requestId: 276, elapsedTime: -1 ms, throwable: java.lang.NullPointerException: Encoded image is not valid.}
3a45bd43-82d2-4650-8571-039f48c0fdca 2016-12-02 03:03:59.765999770 454503 [184570.602780] 26367 27174 W fb4a(:<default>):RequestLoggingListener: time 184570531: onRequestFailure: {requestId: 281, elapsedTime: -1 ms, throwable: java.lang.NullPointerException: Encoded image is not valid.}
3a45bd43-82d2-4650-8571-039f48c0fdca 2016-12-02 03:03:59.815999770 454504 [184570.651350]   291   291 I SurfaceFlinger: {"fps":64.7, "tot_frames":86486, "prev_frames":86412, "cur_time": 184570580457938, "prev_time": 184569437317209}
3a45bd43-82d2-4650-8571-039f48c0fdca 2016-12-02 03:04:00.525999769 454505 [184571.367913]   291   291 I SurfaceFlinger: {"token":1717, "diffs":[[184569845, 0.000000],[184569895, 0.000000],[184569945, 0.000000],[184569996, 0.000000],[184570060, 16.579861],[184570194, 53.211807],[184570582, 76.822914],[184570652, 0.083245],[184570716, 10.568577],[184570762, 5.517578],[184570824, 6.287977],[184570884, 9.130859],[184570934, 12.727864],[184570984, 13.552517],[184571037, 11.436632],[184571089, 6.803385],[184571138, 6.412760],[184571187, 15.690104],[184571236, 17.415365],[184571288, 21.777344]]}
3a45bd43-82d2-4650-8571-039f48c0fdca 2016-12-02 03:04:00.605999769 454506 [184571.448830] 26367 27174 W fb4a(:<default>):RequestLoggingListener: time 184571377: onRequestFailure: {requestId: 284, elapsedTime: -1 ms, throwable: java.lang.NullPointerException: Encoded image is not valid.}
3a45bd43-82d2-4650-8571-039f48c0fdca 2016-12-02 03:04:00.615999769 454507 [184571.453247] 26367 27174 W fb4a(:<default>):RequestLoggingListener: time 184571382: onRequestFailure: {requestId: 286, elapsedTime: -1 ms, throwable: java.lang.NullPointerException: Encoded image is not valid.}
3a45bd43-82d2-4650-8571-039f48c0fdca 2016-12-02 03:04:00.625999769 454508 [184571.461944] 26367 27174 W fb4a(:<default>):RequestLoggingListener: time 184571390: onRequestFailure: {requestId: 288, elapsedTime: -1 ms, throwable: java.lang.NullPointerException: Encoded image is not valid.}
3a45bd43-82d2-4650-8571-039f48c0fdca 2016-12-02 03:04:00.825999769 454509 [184571.661192]   291   291 I SurfaceFlinger: {"fps":106.9, "tot_frames":86594, "prev_frames":86486, "cur_time": 184571590302208, "prev_time": 184570580457938}
3a45bd43-82d2-4650-8571-039f48c0fdca 2016-12-02 03:04:00.935999769 454510 [184571.772974] 26367 27174 W fb4a(:<default>):RequestLoggingListener: time 184571701: onRequestFailure: {requestId: 289, elapsedTime: -1 ms, throwable: java.lang.NullPointerException: Encoded image is not valid.}
3a45bd43-82d2-4650-8571-039f48c0fdca 2016-12-02 03:04:00.935999769 454511 [184571.776209] 26367 27174 W fb4a(:<default>):RequestLoggingListener: time 184571705: onRequestFailure: {requestId: 290, elapsedTime: -1 ms, throwable: java.lang.NullPointerException: Encoded image is not valid.}
3a45bd43-82d2-4650-8571-039f48c0fdca 2016-12-02 03:04:00.945999769 454512 [184571.782986] 26367 27245 W fb4a(:<default>):RequestLoggingListener: time 184571711: onRequestFailure: {requestId: 291, elapsedTime: -1 ms, throwable: java.lang.NullPointerException: Encoded image is not valid.}
3a45bd43-82d2-4650-8571-039f48c0fdca 2016-12-02 03:04:00.945999769 454513 [184571.786330] 26367 27174 W fb4a(:<default>):RequestLoggingListener: time 184571715: onRequestFailure: {requestId: 292, elapsedTime: -1 ms, throwable: java.lang.NullPointerException: Encoded image is not valid.}
3a45bd43-82d2-4650-8571-039f48c0fdca 2016-12-02 03:04:00.945999769 454514 [184571.789518] 26367 27174 W fb4a(:<default>):RequestLoggingListener: time 184571718: onRequestFailure: {requestId: 293, elapsedTime: -1 ms, throwable: java.lang.NullPointerException: Encoded image is not valid.}
3a45bd43-82d2-4650-8571-039f48c0fdca 2016-12-02 03:04:00.955999769 454515 [184571.794228] 26367 27174 W fb4a(:<default>):RequestLoggingListener: time 184571723: onRequestFailure: {requestId: 294, elapsedTime: -1 ms, throwable: java.lang.NullPointerException: Encoded image is not valid.}
3a45bd43-82d2-4650-8571-039f48c0fdca 2016-12-02 03:04:00.955999769 454516 [184571.797477] 26367 27162 W fb4a(:<default>):RequestLoggingListener: time 184571726: onRequestFailure: {requestId: 295, elapsedTime: -1 ms, throwable: java.lang.NullPointerException: Encoded image is not valid.}
3a45bd43-82d2-4650-8571-039f48c0fdca 2016-12-02 03:04:00.965999769 454517 [184571.800983] 26367 27162 W fb4a(:<default>):RequestLoggingListener: time 184571729: onRequestFailure: {requestId: 297, elapsedTime: -1 ms, throwable: java.lang.NullPointerException: Encoded image is not valid.}
3a45bd43-82d2-4650-8571-039f48c0fdca 2016-12-02 03:04:00.965999769 454518 [184571.801801] 26367 27246 W fb4a(:<default>):RequestLoggingListener: time 184571730: onRequestFailure: {requestId: 296, elapsedTime: -1 ms, throwable: java.lang.NullPointerException: Encoded image is not valid.}
3a45bd43-82d2-4650-8571-039f48c0fdca 2016-12-02 03:04:00.965999769 454519 [184571.802914] 26367 27174 W fb4a(:<default>):RequestLoggingListener: time 184571731: onRequestFailure: {requestId: 298, elapsedTime: -1 ms, throwable: java.lang.NullPointerException: Encoded image is not valid.}
3a45bd43-82d2-4650-8571-039f48c0fdca 2016-12-02 03:04:00.965999769 454520 [184571.805216] 26367 27174 W fb4a(:<default>):RequestLoggingListener: time 184571734: onRequestFailure: {requestId: 299, elapsedTime: -1 ms, throwable: java.lang.NullPointerException: Encoded image is not valid.}
3a45bd43-82d2-4650-8571-039f48c0fdca 2016-12-02 03:04:00.965999769 454521 [184571.806668] 26367 27246 W fb4a(:<default>):RequestLoggingListener: time 184571735: onRequestFailure: {requestId: 300, elapsedTime: -1 ms, throwable: java.lang.NullPointerException: Encoded image is not valid.}
3a45bd43-82d2-4650-8571-039f48c0fdca 2016-12-02 03:04:00.965999769 454522 [184571.808683] 26367 27246 W fb4a(:<default>):RequestLoggingListener: time 184571737: onRequestFailure: {requestId: 301, elapsedTime: -1 ms, throwable: java.lang.NullPointerException: Encoded image is not valid.}
3a45bd43-82d2-4650-8571-039f48c0fdca 2016-12-02 03:04:00.975999769 454523 [184571.810967] 26367 27246 W fb4a(:<default>):RequestLoggingListener: time 184571739: onRequestFailure: {requestId: 302, elapsedTime: -1 ms, throwable: java.lang.NullPointerException: Encoded image is not valid.}
3a45bd43-82d2-4650-8571-039f48c0fdca 2016-12-02 03:04:00.975999769 454524 [184571.812251] 26367 27174 W fb4a(:<default>):RequestLoggingListener: time 184571741: onRequestFailure: {requestId: 303, elapsedTime: -1 ms, throwable: java.lang.NullPointerException: Encoded image is not valid.}
3a45bd43-82d2-4650-8571-039f48c0fdca 2016-12-02 03:04:00.975999769 454525 [184571.813034] 26367 27162 W fb4a(:<default>):RequestLoggingListener: time 184571742: onRequestFailure: {requestId: 304, elapsedTime: -1 ms, throwable: java.lang.NullPointerException: Encoded image is not valid.}
3a45bd43-82d2-4650-8571-039f48c0fdca 2016-12-02 03:04:00.975999769 454526 [184571.814189] 26367 27174 W fb4a(:<default>):RequestLoggingListener: time 184571743: onRequestFailure: {requestId: 305, elapsedTime: -1 ms, throwable: java.lang.NullPointerException: Encoded image is not valid.}
3a45bd43-82d2-4650-8571-039f48c0fdca 2016-12-02 03:04:00.975999769 454527 [184571.815940] 26367 27246 W fb4a(:<default>):RequestLoggingListener: time 184571744: onRequestFailure: {requestId: 306, elapsedTime: -1 ms, throwable: java.lang.NullPointerException: Encoded image is not valid.}
3a45bd43-82d2-4650-8571-039f48c0fdca 2016-12-02 03:04:01.25999769 454528 [184571.868325] 26367 26483 W fb4a(:<default>):1qn: DedupKey not found for cache ID: NTQ2OTo1OTY5NDI3NzUyNzI0MjgzNzky
3a45bd43-82d2-4650-8571-039f48c0fdca 2016-12-02 03:04:01.135999769 454529 [184571.976876] 26367 26483 W fb4a(:<default>):1qn: DedupKey not found for cache ID: NTQ2OTotMjk1OTk1MDE4ODc0NDA5MTYwOQ==
3a45bd43-82d2-4650-8571-039f48c0fdca 2016-12-02 03:04:01.215999769 454530 [184572.058623] 26367 27246 W fb4a(:<default>):RequestLoggingListener: time 184571987: onRequestFailure: {requestId: 307, elapsedTime: -1 ms, throwable: java.lang.NullPointerException: Encoded image is not valid.}
3a45bd43-82d2-4650-8571-039f48c0fdca 2016-12-02 03:04:01.225999769 454531 [184572.062326] 26367 27162 W fb4a(:<default>):RequestLoggingListener: time 184571991: onRequestFailure: {requestId: 308, elapsedTime: -1 ms, throwable: java.lang.NullPointerException: Encoded image is not valid.}
3a45bd43-82d2-4650-8571-039f48c0fdca 2016-12-02 03:04:01.225999769 454532 [184572.068898] 26367 27174 W fb4a(:<default>):RequestLoggingListener: time 184571997: onRequestFailure: {requestId: 310, elapsedTime: -1 ms, throwable: java.lang.NullPointerException: Encoded image is not valid.}
3a45bd43-82d2-4650-8571-039f48c0fdca 2016-12-02 03:04:01.225999769 454533 [184572.070425] 26367 27162 W fb4a(:<default>):RequestLoggingListener: time 184571998: onRequestFailure: {requestId: 309, elapsedTime: -1 ms, throwable: java.lang.NullPointerException: Encoded image is not valid.}
3a45bd43-82d2-4650-8571-039f48c0fdca 2016-12-02 03:04:01.235999769 454534 [184572.071207] 26367 27246 W fb4a(:<default>):RequestLoggingListener: time 184572000: onRequestFailure: {requestId: 311, elapsedTime: -1 ms, throwable: java.lang.NullPointerException: Encoded image is not valid.}
3a45bd43-82d2-4650-8571-039f48c0fdca 2016-12-02 03:04:01.235999769 454535 [184572.075077] 26367 27246 W fb4a(:<default>):RequestLoggingListener: time 184572004: onRequestFailure: {requestId: 312, elapsedTime: -1 ms, throwable: java.lang.NullPointerException: Encoded image is not valid.}
3a45bd43-82d2-4650-8571-039f48c0fdca 2016-12-02 03:04:01.235999769 454536 [184572.075974] 26367 27162 W fb4a(:<default>):RequestLoggingListener: time 184572004: onRequestFailure: {requestId: 313, elapsedTime: -1 ms, throwable: java.lang.NullPointerException: Encoded image is not valid.}
3a45bd43-82d2-4650-8571-039f48c0fdca 2016-12-02 03:04:01.235999769 454537 [184572.079798] 26367 27246 W fb4a(:<default>):RequestLoggingListener: time 184572008: onRequestFailure: {requestId: 314, elapsedTime: -1 ms, throwable: java.lang.NullPointerException: Encoded image is not valid.}
3a45bd43-82d2-4650-8571-039f48c0fdca 2016-12-02 03:04:01.245999769 454538 [184572.082861] 26367 27246 W fb4a(:<default>):RequestLoggingListener: time 184572011: onRequestFailure: {requestId: 316, elapsedTime: -1 ms, throwable: java.lang.NullPointerException: Encoded image is not valid.}
3a45bd43-82d2-4650-8571-039f48c0fdca 2016-12-02 03:04:01.245999769 454539 [184572.084345] 26367 27162 W fb4a(:<default>):RequestLoggingListener: time 184572013: onRequestFailure: {requestId: 317, elapsedTime: -1 ms, throwable: java.lang.NullPointerException: Encoded image is not valid.}
3a45bd43-82d2-4650-8571-039f48c0fdca 2016-12-02 03:04:01.245999769 454540 [184572.088388] 26367 27174 W fb4a(:<default>):RequestLoggingListener: time 184572017: onRequestFailure: {requestId: 315, elapsedTime: -1 ms, throwable: java.lang.NullPointerException: Encoded image is not valid.}
3a45bd43-82d2-4650-8571-039f48c0fdca 2016-12-02 03:04:01.255999769 454541 [184572.092384] 26367 27246 W fb4a(:<default>):RequestLoggingListener: time 184572021: onRequestFailure: {requestId: 319, elapsedTime: -1 ms, throwable: java.lang.NullPointerException: Encoded image is not valid.}
3a45bd43-82d2-4650-8571-039f48c0fdca 2016-12-02 03:04:01.255999769 454542 [184572.095297] 26367 27162 W fb4a(:<default>):RequestLoggingListener: time 184572024: onRequestFailure: {requestId: 318, elapsedTime: -1 ms, throwable: java.lang.NullPointerException: Encoded image is not valid.}
3a45bd43-82d2-4650-8571-039f48c0fdca 2016-12-02 03:04:01.255999769 454543 [184572.095944] 26367 27174 W fb4a(:<default>):RequestLoggingListener: time 184572025: onRequestFailure: {requestId: 320, elapsedTime: -1 ms, throwable: java.lang.NullPointerException: Encoded image is not valid.}
3a45bd43-82d2-4650-8571-039f48c0fdca 2016-12-02 03:04:01.265999769 454544 [184572.102531] 26367 27162 W fb4a(:<default>):RequestLoggingListener: time 184572031: onRequestFailure: {requestId: 321, elapsedTime: -1 ms, throwable: java.lang.NullPointerException: Encoded image is not valid.}
3a45bd43-82d2-4650-8571-039f48c0fdca 2016-12-02 03:04:01.265999769 454545 [184572.106717] 26367 27246 W fb4a(:<default>):RequestLoggingListener: time 184572035: onRequestFailure: {requestId: 323, elapsedTime: -1 ms, throwable: java.lang.NullPointerException: Encoded image is not valid.}
3a45bd43-82d2-4650-8571-039f48c0fdca 2016-12-02 03:04:01.265999769 454546 [184572.107579] 26367 27174 W fb4a(:<default>):RequestLoggingListener: time 184572036: onRequestFailure: {requestId: 322, elapsedTime: -1 ms, throwable: java.lang.NullPointerException: Encoded image is not valid.}
3a45bd43-82d2-4650-8571-039f48c0fdca 2016-12-02 03:04:01.275999769 454547 [184572.112363] 26367 27246 W fb4a(:<default>):RequestLoggingListener: time 184572041: onRequestFailure: {requestId: 324, elapsedTime: -1 ms, throwable: java.lang.NullPointerException: Encoded image is not valid.}
3a45bd43-82d2-4650-8571-039f48c0fdca 2016-12-02 03:04:01.275999769 454548 [184572.113477] 26367 27174 W fb4a(:<default>):RequestLoggingListener: time 184572042: onRequestFailure: {requestId: 326, elapsedTime: -1 ms, throwable: java.lang.NullPointerException: Encoded image is not valid.}
3a45bd43-82d2-4650-8571-039f48c0fdca 2016-12-02 03:04:01.275999769 454549 [184572.113903] 26367 27162 W fb4a(:<default>):RequestLoggingListener: time 184572042: onRequestFailure: {requestId: 325, elapsedTime: -1 ms, throwable: java.lang.NullPointerException: Encoded image is not valid.}
3a45bd43-82d2-4650-8571-039f48c0fdca 2016-12-02 03:04:01.275999769 454550 [184572.114018] 26367 27162 W fb4a(:<default>):RequestLoggingListener: time 184572043: onRequestFailure: {requestId: 327, elapsedTime: -1 ms, throwable: java.lang.NullPointerException: Encoded image is not valid.}
3a45bd43-82d2-4650-8571-039f48c0fdca 2016-12-02 03:04:01.275999769 454551 [184572.117340] 26367 27162 W fb4a(:<default>):RequestLoggingListener: time 184572046: onRequestFailure: {requestId: 328, elapsedTime: -1 ms, throwable: java.lang.NullPointerException: Encoded image is not valid.}
3a45bd43-82d2-4650-8571-039f48c0fdca 2016-12-02 03:04:01.275999769 454552 [184572.119402] 26367 27162 W fb4a(:<default>):RequestLoggingListener: time 184572048: onRequestFailure: {requestId: 329, elapsedTime: -1 ms, throwable: java.lang.NullPointerException: Encoded image is not valid.}
3a45bd43-82d2-4650-8571-039f48c0fdca 2016-12-02 03:04:01.505999769 454553 [184572.344038] 26367 27162 W fb4a(:<default>):RequestLoggingListener: time 184572273: onRequestFailure: {requestId: 330, elapsedTime: -1 ms, throwable: java.lang.NullPointerException: Encoded image is not valid.}
3a45bd43-82d2-4650-8571-039f48c0fdca 2016-12-02 03:04:01.505999769 454554 [184572.344967] 26367 27174 W fb4a(:<default>):RequestLoggingListener: time 184572273: onRequestFailure: {requestId: 331, elapsedTime: -1 ms, throwable: java.lang.NullPointerException: Encoded image is not valid.}
3a45bd43-82d2-4650-8571-039f48c0fdca 2016-12-02 03:04:01.515999769 454555 [184572.352071] 26367 27174 W fb4a(:<default>):RequestLoggingListener: time 184572281: onRequestFailure: {requestId: 332, elapsedTime: -1 ms, throwable: java.lang.NullPointerException: Encoded image is not valid.}
3a45bd43-82d2-4650-8571-039f48c0fdca 2016-12-02 03:04:01.515999769 454556 [184572.352922] 26367 27162 W fb4a(:<default>):RequestLoggingListener: time 184572281: onRequestFailure: {requestId: 333, elapsedTime: -1 ms, throwable: java.lang.NullPointerException: Encoded image is not valid.}
3a45bd43-82d2-4650-8571-039f48c0fdca 2016-12-02 03:04:01.515999769 454557 [184572.354393] 26367 27162 W fb4a(:<default>):RequestLoggingListener: time 184572283: onRequestFailure: {requestId: 334, elapsedTime: -1 ms, throwable: java.lang.NullPointerException: Encoded image is not valid.}
3a45bd43-82d2-4650-8571-039f48c0fdca 2016-12-02 03:04:01.515999769 454558 [184572.355340] 26367 27174 W fb4a(:<default>):RequestLoggingListener: time 184572284: onRequestFailure: {requestId: 335, elapsedTime: -1 ms, throwable: java.lang.NullPointerException: Encoded image is not valid.}
3a45bd43-82d2-4650-8571-039f48c0fdca 2016-12-02 03:04:01.515999769 454559 [184572.358193] 26367 27246 W fb4a(:<default>):RequestLoggingListener: time 184572287: onRequestFailure: {requestId: 336, elapsedTime: -1 ms, throwable: java.lang.NullPointerException: Encoded image is not valid.}
3a45bd43-82d2-4650-8571-039f48c0fdca 2016-12-02 03:04:01.525999769 454560 [184572.362032] 26367 27246 W fb4a(:<default>):RequestLoggingListener: time 184572291: onRequestFailure: {requestId: 337, elapsedTime: -1 ms, throwable: java.lang.NullPointerException: Encoded image is not valid.}
3a45bd43-82d2-4650-8571-039f48c0fdca 2016-12-02 03:04:01.525999769 454561 [184572.363509] 26367 27162 W fb4a(:<default>):RequestLoggingListener: time 184572292: onRequestFailure: {requestId: 338, elapsedTime: -1 ms, throwable: java.lang.NullPointerException: Encoded image is not valid.}
3a45bd43-82d2-4650-8571-039f48c0fdca 2016-12-02 03:04:01.525999769 454562 [184572.368855] 26367 27162 W fb4a(:<default>):RequestLoggingListener: time 184572297: onRequestFailure: {requestId: 339, elapsedTime: -1 ms, throwable: java.lang.NullPointerException: Encoded image is not valid.}
3a45bd43-82d2-4650-8571-039f48c0fdca 2016-12-02 03:04:01.525999769 454563 [184572.369600] 26367 27174 W fb4a(:<default>):RequestLoggingListener: time 184572298: onRequestFailure: {requestId: 340, elapsedTime: -1 ms, throwable: java.lang.NullPointerException: Encoded image is not valid.}
3a45bd43-82d2-4650-8571-039f48c0fdca 2016-12-02 03:04:01.525999769 454564 [184572.370747] 26367 27162 W fb4a(:<default>):RequestLoggingListener: time 184572299: onRequestFailure: {requestId: 341, elapsedTime: -1 ms, throwable: java.lang.NullPointerException: Encoded image is not valid.}
3a45bd43-82d2-4650-8571-039f48c0fdca 2016-12-02 03:04:01.535999769 454565 [184572.372298] 26367 27246 W fb4a(:<default>):RequestLoggingListener: time 184572301: onRequestFailure: {requestId: 342, elapsedTime: -1 ms, throwable: java.lang.NullPointerException: Encoded image is not valid.}
3a45bd43-82d2-4650-8571-039f48c0fdca 2016-12-02 03:04:01.535999769 454566 [184572.373027] 26367 27174 W fb4a(:<default>):RequestLoggingListener: time 184572302: onRequestFailure: {requestId: 343, elapsedTime: -1 ms, throwable: java.lang.NullPointerException: Encoded image is not valid.}
3a45bd43-82d2-4650-8571-039f48c0fdca 2016-12-02 03:04:01.535999769 454567 [184572.374475] 26367 27174 W fb4a(:<default>):RequestLoggingListener: time 184572303: onRequestFailure: {requestId: 344, elapsedTime: -1 ms, throwable: java.lang.NullPointerException: Encoded image is not valid.}
3a45bd43-82d2-4650-8571-039f48c0fdca 2016-12-02 03:04:01.535999769 454568 [184572.376683] 26367 27246 W fb4a(:<default>):RequestLoggingListener: time 184572305: onRequestFailure: {requestId: 345, elapsedTime: -1 ms, throwable: java.lang.NullPointerException: Encoded image is not valid.}
3a45bd43-82d2-4650-8571-039f48c0fdca 2016-12-02 03:04:01.535999769 454569 [184572.379484] 26367 27246 W fb4a(:<default>):RequestLoggingListener: time 184572308: onRequestFailure: {requestId: 346, elapsedTime: -1 ms, throwable: java.lang.NullPointerException: Encoded image is not valid.}
3a45bd43-82d2-4650-8571-039f48c0fdca 2016-12-02 03:04:01.535999769 454570 [184572.380229] 26367 27162 W fb4a(:<default>):RequestLoggingListener: time 184572309: onRequestFailure: {requestId: 347, elapsedTime: -1 ms, throwable: java.lang.NullPointerException: Encoded image is not valid.}
3a45bd43-82d2-4650-8571-039f48c0fdca 2016-12-02 03:04:01.545999769 454571 [184572.382671] 26367 27162 W fb4a(:<default>):RequestLoggingListener: time 184572311: onRequestFailure: {requestId: 348, elapsedTime: -1 ms, throwable: java.lang.NullPointerException: Encoded image is not valid.}
3a45bd43-82d2-4650-8571-039f48c0fdca 2016-12-02 03:04:01.545999769 454572 [184572.388899] 26367 27246 W fb4a(:<default>):RequestLoggingListener: time 184572317: onRequestFailure: {requestId: 349, elapsedTime: -1 ms, throwable: java.lang.NullPointerException: Encoded image is not valid.}
3a45bd43-82d2-4650-8571-039f48c0fdca 2016-12-02 03:04:01.545999769 454573 [184572.389961] 26367 27162 W fb4a(:<default>):RequestLoggingListener: time 184572319: onRequestFailure: {requestId: 350, elapsedTime: -1 ms, throwable: java.lang.NullPointerException: Encoded image is not valid.}
3a45bd43-82d2-4650-8571-039f48c0fdca 2016-12-02 03:04:01.545999769 454574 [184572.390095] 26367 27162 W fb4a(:<default>):RequestLoggingListener: time 184572319: onRequestFailure: {requestId: 351, elapsedTime: -1 ms, throwable: java.lang.NullPointerException: Encoded image is not valid.}
3a45bd43-82d2-4650-8571-039f48c0fdca 2016-12-02 03:04:01.555999769 454575 [184572.391502] 26367 27174 W fb4a(:<default>):RequestLoggingListener: time 184572320: onRequestFailure: {requestId: 352, elapsedTime: -1 ms, throwable: java.lang.NullPointerException: Encoded image is not valid.}
3a45bd43-82d2-4650-8571-039f48c0fdca 2016-12-02 03:04:01.615999769 454576 [184572.455649]   291   291 I SurfaceFlinger: {"token":1718, "diffs":[[184571338, 20.030382],[184571389, 18.695747],[184571441, 14.149305],[184571491, 12.912327],[184571541, 9.038629],[184571592, 7.736545],[184571641, 4.296875],[184571692, 3.011068],[184571757, 2.680121],[184571807, 0.082906],[184571858, 0.082567],[184571908, 0.083415],[184571959, 0.084771],[184572010, 0.084093],[184572077, 0.083584],[184572145, 0.078498],[184572203, 0.083923],[184572264, 0.083415],[184572315, 0.085110],[184572366, 0.083584]]}
3a45bd43-82d2-4650-8571-039f48c0fdca 2016-12-02 03:04:01.825999769 454577 [184572.663609]   291   291 I SurfaceFlinger: {"fps":107.7, "tot_frames":86702, "prev_frames":86594, "cur_time": 184572592708979, "prev_time": 184571590302208}
3a45bd43-82d2-4650-8571-039f48c0fdca 2016-12-02 03:04:02.625999768 454578 [184573.462878]   291   291 I SurfaceFlinger: {"token":1719, "diffs":[[184572416, 0.082567],[184572466, 0.083415],[184572516, 0.083415],[184572567, 0.084093],[184572617, 0.085110],[184572668, 0.084262],[184572719, 0.084262],[184572768, 0.084941],[184572819, 0.085958],[184572870, 0.083584],[184572919, 0.084093],[184572971, 0.084093],[184573021, 0.083923],[184573071, 0.083584],[184573122, 0.085280],[184573172, 0.083245],[184573222, 0.085280],[184573273, 0.084093],[184573324, 0.083245],[184573373, 0.082397]]}
3a45bd43-82d2-4650-8571-039f48c0fdca 2016-12-02 03:04:02.825999768 454579 [184573.664444]   291   291 I SurfaceFlinger: {"fps":118.9, "tot_frames":86821, "prev_frames":86702, "cur_time": 184573593540645, "prev_time": 184572592708979}
3a45bd43-82d2-4650-8571-039f48c0fdca 2016-12-02 03:04:03.305999768 454580 [184574.144145] 26367 26377 I art     : Background sticky concurrent mark sweep GC freed 179805(9MB) AllocSpace objects, 30(1760KB) LOS objects, 0% free, 58MB/58MB, paused 5.479ms total 118.050ms
3a45bd43-82d2-4650-8571-039f48c0fdca 2016-12-02 03:04:03.645999768 454581 [184574.488178]   291   291 I SurfaceFlinger: {"token":1720, "diffs":[[184573424, 0.084262],[184573474, 0.084771],[184573525, 0.083415],[184573575, 0.084941],[184573626, 0.083754],[184573676, 0.083245],[184573726, 0.084432],[184573779, 0.083245],[184573827, 0.084432],[184573877, 0.083415],[184573928, 0.085110],[184573995, 0.083076],[184574045, 0.081719],[184574096, 0.083754],[184574147, 0.083415],[184574197, 0.084093],[184574248, 0.082906],[184574297, 0.084602],[184574348, 0.087314],[184574399, 0.081719]]}
3a45bd43-82d2-4650-8571-039f48c0fdca 2016-12-02 03:04:03.735999768 454582 [184574.571374]   414   414 D KernelPrintk:  SUBSYSTEM=i2c
3a45bd43-82d2-4650-8571-039f48c0fdca 2016-12-02 03:04:03.735999768 454583 [184574.571390]   414   414 D KernelPrintk:  DEVICE=+i2c:0-001c
3a45bd43-82d2-4650-8571-039f48c0fdca 2016-12-02 03:04:03.735999768 454584 [184574.571415]   414   414 D KernelPrintk: 4,60616,184574563562,-;smb135x-charger 0-001c: Increase Input Rate
3a45bd43-82d2-4650-8571-039f48c0fdca 2016-12-02 03:04:03.825999768 454585 [184574.669720]   291   291 I SurfaceFlinger: {"fps":118.4, "tot_frames":86940, "prev_frames":86821, "cur_time": 184574598795489, "prev_time": 184573593540645}
3a45bd43-82d2-4650-8571-039f48c0fdca 2016-12-02 03:04:04.675999768 454586 [184575.513576]   291   291 I SurfaceFlinger: {"token":1721, "diffs":[[184574451, 0.085110],[184574499, 0.083923],[184574552, 0.081719],[184574601, 0.082397],[184574651, 0.086297],[184574702, 0.083415],[184574753, 0.083923],[184574805, 0.083584],[184574857, 0.082058],[184574911, 0.081380],[184574957, 0.082906],[184575012, 0.082906],[184575073, 0.085958],[184575124, 0.085280],[184575171, 0.079854],[184575223, 0.084432],[184575274, 0.085958],[184575324, 0.083754],[184575374, 0.082397],[184575424, 0.082058]]}
3a45bd43-82d2-4650-8571-039f48c0fdca 2016-12-02 03:04:04.835999768 454587 [184575.672339]   291   291 I SurfaceFlinger: {"fps":113.7, "tot_frames":87054, "prev_frames":86940, "cur_time": 184575601439967, "prev_time": 184574598795489}
3a45bd43-82d2-4650-8571-039f48c0fdca 2016-12-02 03:04:04.945999768 454588 [184575.785681] 26367 27174 W fb4a(:<default>):RequestLoggingListener: time 184575714: onRequestFailure: {requestId: 357, elapsedTime: -1 ms, throwable: java.lang.NullPointerException: Encoded image is not valid.}
3a45bd43-82d2-4650-8571-039f48c0fdca 2016-12-02 03:04:04.945999768 454589 [184575.789281] 26367 27174 W fb4a(:<default>):RequestLoggingListener: time 184575718: onRequestFailure: {requestId: 358, elapsedTime: -1 ms, throwable: java.lang.NullPointerException: Encoded image is not valid.}
3a45bd43-82d2-4650-8571-039f48c0fdca 2016-12-02 03:04:04.955999768 454590 [184575.791259] 26367 27174 W fb4a(:<default>):RequestLoggingListener: time 184575720: onRequestFailure: {requestId: 359, elapsedTime: -1 ms, throwable: java.lang.NullPointerException: Encoded image is not valid.}
3a45bd43-82d2-4650-8571-039f48c0fdca 2016-12-02 03:04:04.955999768 454591 [184575.793522] 26367 27174 W fb4a(:<default>):RequestLoggingListener: time 184575722: onRequestFailure: {requestId: 360, elapsedTime: -1 ms, throwable: java.lang.NullPointerException: Encoded image is not valid.}
3a45bd43-82d2-4650-8571-039f48c0fdca 2016-12-02 03:04:04.955999768 454592 [184575.794910] 26367 27162 W fb4a(:<default>):RequestLoggingListener: time 184575723: onRequestFailure: {requestId: 361, elapsedTime: -1 ms, throwable: java.lang.NullPointerException: Encoded image is not valid.}
3a45bd43-82d2-4650-8571-039f48c0fdca 2016-12-02 03:04:04.955999768 454593 [184575.795950] 26367 27174 W fb4a(:<default>):RequestLoggingListener: time 184575724: onRequestFailure: {requestId: 362, elapsedTime: -1 ms, throwable: java.lang.NullPointerException: Encoded image is not valid.}
3a45bd43-82d2-4650-8571-039f48c0fdca 2016-12-02 03:04:04.955999768 454594 [184575.798855] 26367 27174 W fb4a(:<default>):RequestLoggingListener: time 184575727: onRequestFailure: {requestId: 363, elapsedTime: -1 ms, throwable: java.lang.NullPointerException: Encoded image is not valid.}
3a45bd43-82d2-4650-8571-039f48c0fdca 2016-12-02 03:04:04.965999768 454595 [184575.802441] 26367 27162 W fb4a(:<default>):RequestLoggingListener: time 184575731: onRequestFailure: {requestId: 364, elapsedTime: -1 ms, throwable: java.lang.NullPointerException: Encoded image is not valid.}
3a45bd43-82d2-4650-8571-039f48c0fdca 2016-12-02 03:04:04.965999768 454596 [184575.803629] 26367 27246 W fb4a(:<default>):RequestLoggingListener: time 184575732: onRequestFailure: {requestId: 365, elapsedTime: -1 ms, throwable: java.lang.NullPointerException: Encoded image is not valid.}
3a45bd43-82d2-4650-8571-039f48c0fdca 2016-12-02 03:04:04.965999768 454597 [184575.805656] 26367 27246 W fb4a(:<default>):RequestLoggingListener: time 184575734: onRequestFailure: {requestId: 366, elapsedTime: -1 ms, throwable: java.lang.NullPointerException: Encoded image is not valid.}
3a45bd43-82d2-4650-8571-039f48c0fdca 2016-12-02 03:04:04.975999768 454598 [184575.811656] 26367 27246 W fb4a(:<default>):RequestLoggingListener: time 184575740: onRequestFailure: {requestId: 367, elapsedTime: -1 ms, throwable: java.lang.NullPointerException: Encoded image is not valid.}
3a45bd43-82d2-4650-8571-039f48c0fdca 2016-12-02 03:04:04.975999768 454599 [184575.812803] 26367 27162 W fb4a(:<default>):RequestLoggingListener: time 184575741: onRequestFailure: {requestId: 368, elapsedTime: -1 ms, throwable: java.lang.NullPointerException: Encoded image is not valid.}
3a45bd43-82d2-4650-8571-039f48c0fdca 2016-12-02 03:04:04.975999768 454600 [184575.814831] 26367 27174 W fb4a(:<default>):RequestLoggingListener: time 184575743: onRequestFailure: {requestId: 369, elapsedTime: -1 ms, throwable: java.lang.NullPointerException: Encoded image is not valid.}
3a45bd43-82d2-4650-8571-039f48c0fdca 2016-12-02 03:04:04.975999768 454601 [184575.817677] 26367 27162 W fb4a(:<default>):RequestLoggingListener: time 184575746: onRequestFailure: {requestId: 370, elapsedTime: -1 ms, throwable: java.lang.NullPointerException: Encoded image is not valid.}
3a45bd43-82d2-4650-8571-039f48c0fdca 2016-12-02 03:04:04.975999768 454602 [184575.819042] 26367 27246 W fb4a(:<default>):RequestLoggingListener: time 184575748: onRequestFailure: {requestId: 371, elapsedTime: -1 ms, throwable: java.lang.NullPointerException: Encoded image is not valid.}
3a45bd43-82d2-4650-8571-039f48c0fdca 2016-12-02 03:04:04.975999768 454603 [184575.819916] 26367 27246 W fb4a(:<default>):RequestLoggingListener: time 184575748: onRequestFailure: {requestId: 372, elapsedTime: -1 ms, throwable: java.lang.NullPointerException: Encoded image is not valid.}
3a45bd43-82d2-4650-8571-039f48c0fdca 2016-12-02 03:04:04.985999768 454604 [184575.821482] 26367 27174 W fb4a(:<default>):RequestLoggingListener: time 184575750: onRequestFailure: {requestId: 373, elapsedTime: -1 ms, throwable: java.lang.NullPointerException: Encoded image is not valid.}
3a45bd43-82d2-4650-8571-039f48c0fdca 2016-12-02 03:04:04.985999768 454605 [184575.824042] 26367 27174 W fb4a(:<default>):RequestLoggingListener: time 184575753: onRequestFailure: {requestId: 374, elapsedTime: -1 ms, throwable: java.lang.NullPointerException: Encoded image is not valid.}
3a45bd43-82d2-4650-8571-039f48c0fdca 2016-12-02 03:04:04.985999768 454606 [184575.825091] 26367 27162 W fb4a(:<default>):RequestLoggingListener: time 184575754: onRequestFailure: {requestId: 375, elapsedTime: -1 ms, throwable: java.lang.NullPointerException: Encoded image is not valid.}
3a45bd43-82d2-4650-8571-039f48c0fdca 2016-12-02 03:04:04.985999768 454607 [184575.826243] 26367 27174 W fb4a(:<default>):RequestLoggingListener: time 184575755: onRequestFailure: {requestId: 376, elapsedTime: -1 ms, throwable: java.lang.NullPointerException: Encoded image is not valid.}
3a45bd43-82d2-4650-8571-039f48c0fdca 2016-12-02 03:04:04.985999768 454608 [184575.829253] 26367 27174 W fb4a(:<default>):RequestLoggingListener: time 184575758: onRequestFailure: {requestId: 377, elapsedTime: -1 ms, throwable: java.lang.NullPointerException: Encoded image is not valid.}
3a45bd43-82d2-4650-8571-039f48c0fdca 2016-12-02 03:04:04.985999768 454609 [184575.830126] 26367 27162 W fb4a(:<default>):RequestLoggingListener: time 184575759: onRequestFailure: {requestId: 378, elapsedTime: -1 ms, throwable: java.lang.NullPointerException: Encoded image is not valid.}
3a45bd43-82d2-4650-8571-039f48c0fdca 2016-12-02 03:04:04.995999768 454610 [184575.831604] 26367 27246 W fb4a(:<default>):RequestLoggingListener: time 184575760: onRequestFailure: {requestId: 379, elapsedTime: -1 ms, throwable: java.lang.NullPointerException: Encoded image is not valid.}
3a45bd43-82d2-4650-8571-039f48c0fdca 2016-12-02 03:04:04.995999768 454611 [184575.834127] 26367 27174 W fb4a(:<default>):RequestLoggingListener: time 184575763: onRequestFailure: {requestId: 380, elapsedTime: -1 ms, throwable: java.lang.NullPointerException: Encoded image is not valid.}
3a45bd43-82d2-4650-8571-039f48c0fdca 2016-12-02 03:04:04.995999768 454612 [184575.838302] 26367 27174 W fb4a(:<default>):RequestLoggingListener: time 184575767: onRequestFailure: {requestId: 381, elapsedTime: -1 ms, throwable: java.lang.NullPointerException: Encoded image is not valid.}
3a45bd43-82d2-4650-8571-039f48c0fdca 2016-12-02 03:04:04.995999768 454613 [184575.838421] 26367 27174 W fb4a(:<default>):RequestLoggingListener: time 184575767: onRequestFailure: {requestId: 382, elapsedTime: -1 ms, throwable: java.lang.NullPointerException: Encoded image is not valid.}
3a45bd43-82d2-4650-8571-039f48c0fdca 2016-12-02 03:04:05.5999768 454614 [184575.841942] 26367 27174 W fb4a(:<default>):RequestLoggingListener: time 184575771: onRequestFailure: {requestId: 383, elapsedTime: -1 ms, throwable: java.lang.NullPointerException: Encoded image is not valid.}
3a45bd43-82d2-4650-8571-039f48c0fdca 2016-12-02 03:04:05.245999767 454615 [184576.089640]   409  1041 D audio_hw_primary: out_set_parameters: enter: usecase(1: low-latency-playback) kvpairs: routing=2
3a45bd43-82d2-4650-8571-039f48c0fdca 2016-12-02 03:04:05.255999767 454616 [184576.099978]   409  1041 D audio_hw_primary: select_devices: out_snd_device(2: speaker) in_snd_device(0: none)
3a45bd43-82d2-4650-8571-039f48c0fdca 2016-12-02 03:04:05.255999767 454617 [184576.099999]   409  1041 W msm8974_platform: Codec backend bitwidth 16, samplerate 48000
3a45bd43-82d2-4650-8571-039f48c0fdca 2016-12-02 03:04:05.255999767 454618 [184576.100018]   409  1041 D msm8974_platform: platform_send_audio_calibration: sending audio calibration for snd_device(2) acdb_id(15)
3a45bd43-82d2-4650-8571-039f48c0fdca 2016-12-02 03:04:05.255999767 454619 [184576.100098]   409  1041 D audio_hw_primary: enable_snd_device: snd_device(2: speaker)
3a45bd43-82d2-4650-8571-039f48c0fdca 2016-12-02 03:04:05.265999767 454620 [184576.103122]   409  1041 D audio_hw_primary: enable_audio_route: apply and update mixer path: low-latency-playback speaker
3a45bd43-82d2-4650-8571-039f48c0fdca 2016-12-02 03:04:05.285999767 454621 [184576.122720] 26367 26367 W fb4a(:<default>):1hp: View does not have a tracking node set, when it should. Perhaps view is not the view you were expecting. View is of type class com.facebook.attachments.photos.ui.PhotoAttachmentView
3a45bd43-82d2-4650-8571-039f48c0fdca 2016-12-02 03:04:05.345999767 454622 [184576.184818] 26367 26367 E fb4a(:<default>):GRAPHQL_QUERY_STRING: Trying to set unknown parameter 'enable_comment_reactions' on query 'MediaFetchByIds'
3a45bd43-82d2-4650-8571-039f48c0fdca 2016-12-02 03:04:05.345999767 454623 [184576.184897] 26367 26367 E fb4a(:<default>):GRAPHQL_QUERY_STRING: Trying to set unknown parameter 'enable_comment_reactions_icons' on query 'MediaFetchByIds'
3a45bd43-82d2-4650-8571-039f48c0fdca 2016-12-02 03:04:05.345999767 454624 [184576.184956] 26367 26367 E fb4a(:<default>):GRAPHQL_QUERY_STRING: Trying to set unknown parameter 'max_reactors' on query 'MediaFetchByIds'
3a45bd43-82d2-4650-8571-039f48c0fdca 2016-12-02 03:04:05.345999767 454625 [184576.185038] 26367 26367 E fb4a(:<default>):GRAPHQL_QUERY_STRING: Trying to set unknown parameter 'enable_real_time_activity_info' on query 'MediaFetchByIds'
3a45bd43-82d2-4650-8571-039f48c0fdca 2016-12-02 03:04:05.345999767 454626 [184576.185116] 26367 26367 E fb4a(:<default>):GRAPHQL_QUERY_STRING: Trying to set unknown parameter 'threshold_duration_for_feed_discovery' on query 'MediaFetchByIds'
3a45bd43-82d2-4650-8571-039f48c0fdca 2016-12-02 03:04:05.345999767 454627 [184576.185270] 26367 26367 E fb4a(:<default>):GRAPHQL_QUERY_STRING: Trying to set unknown parameter 'profile_pic_media_type' on query 'MediaFetchByIds'
3a45bd43-82d2-4650-8571-039f48c0fdca 2016-12-02 03:04:05.385999767 454628 [184576.221462]   988 26984 D NetlinkSocketObserver: NeighborEvent{elapsedMs=209197124, fde5:bdee:339a::1, [10FEEDE58C95], RTM_NEWNEIGH, NUD_STALE}
3a45bd43-82d2-4650-8571-039f48c0fdca 2016-12-02 03:04:05.405999767 454629 [184576.240968]   414   414 D KernelPrintk:  SUBSYSTEM=i2c
3a45bd43-82d2-4650-8571-039f48c0fdca 2016-12-02 03:04:05.405999767 454630 [184576.240983]   414   414 D KernelPrintk:  DEVICE=+i2c:0-001c
3a45bd43-82d2-4650-8571-039f48c0fdca 2016-12-02 03:04:05.405999767 454631 [184576.241007]   414   414 D KernelPrintk: 36,60617,184576234674,-;type=1400 audit(1480665845.395:3867): avc: denied { ioctl } for pid=2309 comm="Binder_C" path="socket:[805014]" dev="sockfs" ino=805014 ioctlcmd=7704 scontext=u:r:system_server:s0 tcontext=u:r:system_server:s0 tclass=unix_stream_socket permissive=0
3a45bd43-82d2-4650-8571-039f48c0fdca 2016-12-02 03:04:05.405999767 454632 [184576.241026]   414   414 D KernelPrintk: 36,60618,184576234849,-;type=1400 audit(1480665845.395:3868): avc: denied { ioctl } for pid=2309 comm="Binder_C" path="socket:[805014]" dev="sockfs" ino=805014 ioctlcmd=7704 scontext=u:r:system_server:s0 tcontext=u:r:system_server:s0 tclass=unix_stream_socket permissive=0
3a45bd43-82d2-4650-8571-039f48c0fdca 2016-12-02 03:04:05.415999767 454633 [184576.251003]   414   414 D KernelPrintk: 4,60619,184576246175,-;smb135x-charger 0-001c: Input current Set 0x0
3a45bd43-82d2-4650-8571-039f48c0fdca 2016-12-02 03:04:05.535999767 454634 [184576.377123] 26367 26367 W fb4a(:<default>):8Xk: fetchMore() called while loading
3a45bd43-82d2-4650-8571-039f48c0fdca 2016-12-02 03:04:05.565999767 454635 [184576.401002]   414   414 D KernelPrintk:  SUBSYSTEM=i2c
3a45bd43-82d2-4650-8571-039f48c0fdca 2016-12-02 03:04:05.565999767 454636 [184576.401015]   414   414 D KernelPrintk:  DEVICE=+i2c:0-001c
3a45bd43-82d2-4650-8571-039f48c0fdca 2016-12-02 03:04:05.565999767 454637 [184576.401034]   414   414 D KernelPrintk: 36,60620,184576399120,-;type=1400 audit(1480665845.555:3869): avc: denied { ioctl } for pid=1688 comm="Binder_9" path="socket:[802670]" dev="sockfs" ino=802670 ioctlcmd=7704 scontext=u:r:system_server:s0 tcontext=u:r:system_server:s0 tclass=unix_stream_socket permissive=0
3a45bd43-82d2-4650-8571-039f48c0fdca 2016-12-02 03:04:05.565999767 454638 [184576.401047]   414   414 D KernelPrintk: 36,60621,184576399344,-;type=1400 audit(1480665845.555:3870): avc: denied { ioctl } for pid=1688 comm="Binder_9" path="socket:[802670]" dev="sockfs" ino=802670 ioctlcmd=7704 scontext=u:r:system_server:s0 tcontext=u:r:system_server:s0 tclass=unix_stream_socket permissive=0
3a45bd43-82d2-4650-8571-039f48c0fdca 2016-12-02 03:04:05.605999767 454639 [184576.447396] 26367 27174 W fb4a(:<default>):RequestLoggingListener: time 184576376: onRequestFailure: {requestId: 386, elapsedTime: -1 ms, throwable: java.lang.NullPointerException: Encoded image is not valid.}
3a45bd43-82d2-4650-8571-039f48c0fdca 2016-12-02 03:04:05.675999767 454640 [184576.514909] 26367 27174 W fb4a(:<default>):RequestLoggingListener: time 184576443: onRequestFailure: {requestId: 388, elapsedTime: -1 ms, throwable: java.lang.NullPointerException: Encoded image is not valid.}
3a45bd43-82d2-4650-8571-039f48c0fdca 2016-12-02 03:04:05.795999767 454641 [184576.639335]   291   291 I SurfaceFlinger: {"token":1722, "diffs":[[184575475, 9.125434],[184575523, 12.912327],[184575575, 15.831163],[184575626, 11.805555],[184575676, 7.779948],[184575729, 4.340278],[184575777, 0.083415],[184575828, 0.082228],[184575878, 0.084093],[184575929, 0.083923],[184575979, 0.083584],[184576033, 0.084771],[184576185, 9.754774],[184576233, 55.685764],[184576283, 9.863281],[184576336, 9.863281],[184576392, 9.863281],[184576452, 9.863281],[184576504, 90.364586],[184576551, 90.190971]]}
3a45bd43-82d2-4650-8571-039f48c0fdca 2016-12-02 03:04:05.835999767 454642 [184576.672175] 26367 26579 W fb4a(:<default>):17a: Making fallback request for 'encryptChannelRequestMethod'
3a45bd43-82d2-4650-8571-039f48c0fdca 2016-12-02 03:04:05.835999767 454642 [184576.672175] 26367 26579 W fb4a(:<default>):17a: X.3A3: [code] 100 [message]: (#100) Invalid parameter [extra]: 
3a45bd43-82d2-4650-8571-039f48c0fdca 2016-12-02 03:04:05.835999767 454642 [184576.672175] 26367 26579 W fb4a(:<default>):17a: 	at X.0ya.a(:154406)
3a45bd43-82d2-4650-8571-039f48c0fdca 2016-12-02 03:04:05.835999767 454642 [184576.672175] 26367 26579 W fb4a(:<default>):17a: 	at X.0ya.a(:154329)
3a45bd43-82d2-4650-8571-039f48c0fdca 2016-12-02 03:04:05.835999767 454642 [184576.672175] 26367 26579 W fb4a(:<default>):17a: 	at X.0ya.a(:154313)
3a45bd43-82d2-4650-8571-039f48c0fdca 2016-12-02 03:04:05.835999767 454642 [184576.672175] 26367 26579 W fb4a(:<default>):17a: 	at X.0ya.a(:154325)
3a45bd43-82d2-4650-8571-039f48c0fdca 2016-12-02 03:04:05.835999767 454642 [184576.672175] 26367 26579 W fb4a(:<default>):17a: 	at X.29a.a(:376907)
3a45bd43-82d2-4650-8571-039f48c0fdca 2016-12-02 03:04:05.835999767 454642 [184576.672175] 26367 26579 W fb4a(:<default>):17a: 	at X.11P.b(:163594)
3a45bd43-82d2-4650-8571-039f48c0fdca 2016-12-02 03:04:05.835999767 454642 [184576.672175] 26367 26579 W fb4a(:<default>):17a: 	at X.11P.handleResponse(:163601)
3a45bd43-82d2-4650-8571-039f48c0fdca 2016-12-02 03:04:05.835999767 454642 [184576.672175] 26367 26579 W fb4a(:<default>):17a: 	at com.facebook.tigon.httpclientadapter.TigonHttpClientAdapterImpl$ClientCallbacks$1.run(:207173)
3a45bd43-82d2-4650-8571-039f48c0fdca 2016-12-02 03:04:05.835999767 454642 [184576.672175] 26367 26579 W fb4a(:<default>):17a: 	at java.util.concurrent.Executors$RunnableAdapter.call(Executors.java:423)
3a45bd43-82d2-4650-8571-039f48c0fdca 2016-12-02 03:04:05.835999767 454642 [184576.672175] 26367 26579 W fb4a(:<default>):17a: 	at com.facebook.common.executors.WrappingExecutorService$1.run(:76422)
3a45bd43-82d2-4650-8571-039f48c0fdca 2016-12-02 03:04:05.835999767 454642 [184576.672175] 26367 26579 W fb4a(:<default>):17a: 	at com.facebook.common.executors.DefaultConstrainedListeningExecutorService$Worker.run(:62913)
3a45bd43-82d2-4650-8571-039f48c0fdca 2016-12-02 03:04:05.835999767 454642 [184576.672175] 26367 26579 W fb4a(:<default>):17a: 	at java.util.concurrent.ThreadPoolExecutor.runWorker(ThreadPoolExecutor.java:1113)
3a45bd43-82d2-4650-8571-039f48c0fdca 2016-12-02 03:04:05.835999767 454642 [184576.672175] 26367 26579 W fb4a(:<default>):17a: 	at java.util.concurrent.ThreadPoolExecutor$Worker.run(ThreadPoolExecutor.java:588)
3a45bd43-82d2-4650-8571-039f48c0fdca 2016-12-02 03:04:05.835999767 454642 [184576.672175] 26367 26579 W fb4a(:<default>):17a: 	at com.facebook.common.executors.NamedThreadFactory$1.run(:76786)
3a45bd43-82d2-4650-8571-039f48c0fdca 2016-12-02 03:04:05.835999767 454642 [184576.672175] 26367 26579 W fb4a(:<default>):17a: 	at java.lang.Thread.run(Thread.java:818)
3a45bd43-82d2-4650-8571-039f48c0fdca 2016-12-02 03:04:05.845999767 454643 [184576.690109]   291   291 I SurfaceFlinger: {"fps":103.2, "tot_frames":87159, "prev_frames":87054, "cur_time": 184576619209029, "prev_time": 184575601439967}
3a45bd43-82d2-4650-8571-039f48c0fdca 2016-12-02 03:04:05.935999767 454644 [184576.775224] 26367 26463 E fb4a(:<default>):UDPPrimingServiceHandler: Fallback stack exception
3a45bd43-82d2-4650-8571-039f48c0fdca 2016-12-02 03:04:05.935999767 454644 [184576.775224] 26367 26463 E fb4a(:<default>):UDPPrimingServiceHandler: java.io.IOException: Fallback stack exception
3a45bd43-82d2-4650-8571-039f48c0fdca 2016-12-02 03:04:05.935999767 454644 [184576.775224] 26367 26463 E fb4a(:<default>):UDPPrimingServiceHandler: 	at X.4gy.onFailure(:824913)
3a45bd43-82d2-4650-8571-039f48c0fdca 2016-12-02 03:04:05.935999767 454644 [184576.775224] 26367 26463 E fb4a(:<default>):UDPPrimingServiceHandler: 	at com.google.common.util.concurrent.Futures$6.run(:67624)
3a45bd43-82d2-4650-8571-039f48c0fdca 2016-12-02 03:04:05.935999767 454644 [184576.775224] 26367 26463 E fb4a(:<default>):UDPPrimingServiceHandler: 	at X.1DO.execute(:197270)
3a45bd43-82d2-4650-8571-039f48c0fdca 2016-12-02 03:04:05.935999767 454644 [184576.775224] 26367 26463 E fb4a(:<default>):UDPPrimingServiceHandler: 	at X.02C.a(:7088)
3a45bd43-82d2-4650-8571-039f48c0fdca 2016-12-02 03:04:05.935999767 454644 [184576.775224] 26367 26463 E fb4a(:<default>):UDPPrimingServiceHandler: 	at X.0Sl.b(:62026)
3a45bd43-82d2-4650-8571-039f48c0fdca 2016-12-02 03:04:05.935999767 454644 [184576.775224] 26367 26463 E fb4a(:<default>):UDPPrimingServiceHandler: 	at X.0Sl.a(:62044)
3a45bd43-82d2-4650-8571-039f48c0fdca 2016-12-02 03:04:05.935999767 454644 [184576.775224] 26367 26463 E fb4a(:<default>):UDPPrimingServiceHandler: 	at X.0VL.done(:67530)
3a45bd43-82d2-4650-8571-039f48c0fdca 2016-12-02 03:04:05.935999767 454644 [184576.775224] 26367 26463 E fb4a(:<default>):UDPPrimingServiceHandler: 	at java.util.concurrent.FutureTask.finishCompletion(FutureTask.java:354)
3a45bd43-82d2-4650-8571-039f48c0fdca 2016-12-02 03:04:05.935999767 454644 [184576.775224] 26367 26463 E fb4a(:<default>):UDPPrimingServiceHandler: 	at java.util.concurrent.FutureTask.setException(FutureTask.java:223)
3a45bd43-82d2-4650-8571-039f48c0fdca 2016-12-02 03:04:05.935999767 454644 [184576.775224] 26367 26463 E fb4a(:<default>):UDPPrimingServiceHandler: 	at java.util.concurrent.FutureTask.run(FutureTask.java:242)
3a45bd43-82d2-4650-8571-039f48c0fdca 2016-12-02 03:04:05.935999767 454644 [184576.775224] 26367 26463 E fb4a(:<default>):UDPPrimingServiceHandler: 	at com.facebook.common.executors.DefaultConstrainedListeningExecutorService$Worker.run(:62913)
3a45bd43-82d2-4650-8571-039f48c0fdca 2016-12-02 03:04:05.935999767 454644 [184576.775224] 26367 26463 E fb4a(:<default>):UDPPrimingServiceHandler: 	at java.util.concurrent.ThreadPoolExecutor.runWorker(ThreadPoolExecutor.java:1113)
3a45bd43-82d2-4650-8571-039f48c0fdca 2016-12-02 03:04:05.935999767 454644 [184576.775224] 26367 26463 E fb4a(:<default>):UDPPrimingServiceHandler: 	at java.util.concurrent.ThreadPoolExecutor$Worker.run(ThreadPoolExecutor.java:588)
3a45bd43-82d2-4650-8571-039f48c0fdca 2016-12-02 03:04:05.935999767 454644 [184576.775224] 26367 26463 E fb4a(:<default>):UDPPrimingServiceHandler: 	at com.facebook.common.executors.NamedThreadFactory$1.run(:76786)
3a45bd43-82d2-4650-8571-039f48c0fdca 2016-12-02 03:04:05.935999767 454644 [184576.775224] 26367 26463 E fb4a(:<default>):UDPPrimingServiceHandler: 	at java.lang.Thread.run(Thread.java:818)
3a45bd43-82d2-4650-8571-039f48c0fdca 2016-12-02 03:04:05.935999767 454644 [184576.775224] 26367 26463 E fb4a(:<default>):UDPPrimingServiceHandler: Caused by: X.3A3: [code] 100 [message]: (#100) Invalid parameter [extra]: 
3a45bd43-82d2-4650-8571-039f48c0fdca 2016-12-02 03:04:05.935999767 454644 [184576.775224] 26367 26463 E fb4a(:<default>):UDPPrimingServiceHandler: 	at X.0ya.a(:154406)
3a45bd43-82d2-4650-8571-039f48c0fdca 2016-12-02 03:04:05.935999767 454644 [184576.775224] 26367 26463 E fb4a(:<default>):UDPPrimingServiceHandler: 	at X.0ya.a(:154329)
3a45bd43-82d2-4650-8571-039f48c0fdca 2016-12-02 03:04:05.935999767 454644 [184576.775224] 26367 26463 E fb4a(:<default>):UDPPrimingServiceHandler: 	at X.0ya.a(:154313)
3a45bd43-82d2-4650-8571-039f48c0fdca 2016-12-02 03:04:05.935999767 454644 [184576.775224] 26367 26463 E fb4a(:<default>):UDPPrimingServiceHandler: 	at X.0ya.a(:154325)
3a45bd43-82d2-4650-8571-039f48c0fdca 2016-12-02 03:04:05.935999767 454644 [184576.775224] 26367 26463 E fb4a(:<default>):UDPPrimingServiceHandler: 	at X.29a.a(:376907)
3a45bd43-82d2-4650-8571-039f48c0fdca 2016-12-02 03:04:05.935999767 454644 [184576.775224] 26367 26463 E fb4a(:<default>):UDPPrimingServiceHandler: 	at X.11P.b(:163594)
3a45bd43-82d2-4650-8571-039f48c0fdca 2016-12-02 03:04:05.935999767 454644 [184576.775224] 26367 26463 E fb4a(:<default>):UDPPrimingServiceHandler: 	at X.11P.handleResponse(:163601)
3a45bd43-82d2-4650-8571-039f48c0fdca 2016-12-02 03:04:05.935999767 454644 [184576.775224] 26367 26463 E fb4a(:<default>):UDPPrimingServiceHandler: 	at X.17d.a(:188163)
3a45bd43-82d2-4650-8571-039f48c0fdca 2016-12-02 03:04:05.935999767 454644 [184576.775224] 26367 26463 E fb4a(:<default>):UDPPrimingServiceHandler: 	at X.17d.a(:188072)
3a45bd43-82d2-4650-8571-039f48c0fdca 2016-12-02 03:04:05.935999767 454644 [184576.775224] 26367 26463 E fb4a(:<default>):UDPPrimingServiceHandler: 	at X.4gp.call(:824835)
3a45bd43-82d2-4650-8571-039f48c0fdca 2016-12-02 03:04:05.935999767 454644 [184576.775224] 26367 26463 E fb4a(:<default>):UDPPrimingServiceHandler: 	at java.util.concurrent.FutureTask.run(FutureTask.java:237)
3a45bd43-82d2-4650-8571-039f48c0fdca 2016-12-02 03:04:05.935999767 454644 [184576.775224] 26367 26463 E fb4a(:<default>):UDPPrimingServiceHandler: 	... 5 more
3a45bd43-82d2-4650-8571-039f48c0fdca 2016-12-02 03:04:07.145999767 454645 [184577.984603] 20533 20533 W MessageQueue: Handler (alhb) {f672091} sending message to a Handler on a dead thread
3a45bd43-82d2-4650-8571-039f48c0fdca 2016-12-02 03:04:07.145999767 454645 [184577.984603] 20533 20533 W MessageQueue: java.lang.IllegalStateException: Handler (alhb) {f672091} sending message to a Handler on a dead thread
3a45bd43-82d2-4650-8571-039f48c0fdca 2016-12-02 03:04:07.145999767 454645 [184577.984603] 20533 20533 W MessageQueue: 	at android.os.MessageQueue.enqueueMessage(MessageQueue.java:543)
3a45bd43-82d2-4650-8571-039f48c0fdca 2016-12-02 03:04:07.145999767 454645 [184577.984603] 20533 20533 W MessageQueue: 	at android.os.Handler.enqueueMessage(Handler.java:631)
3a45bd43-82d2-4650-8571-039f48c0fdca 2016-12-02 03:04:07.145999767 454645 [184577.984603] 20533 20533 W MessageQueue: 	at android.os.Handler.sendMessageAtTime(Handler.java:600)
3a45bd43-82d2-4650-8571-039f48c0fdca 2016-12-02 03:04:07.145999767 454645 [184577.984603] 20533 20533 W MessageQueue: 	at android.os.Handler.sendMessageDelayed(Handler.java:570)
3a45bd43-82d2-4650-8571-039f48c0fdca 2016-12-02 03:04:07.145999767 454645 [184577.984603] 20533 20533 W MessageQueue: 	at android.os.Handler.post(Handler.java:326)
3a45bd43-82d2-4650-8571-039f48c0fdca 2016-12-02 03:04:07.145999767 454645 [184577.984603] 20533 20533 W MessageQueue: 	at alhb.a(:com.google.android.gms:29)
3a45bd43-82d2-4650-8571-039f48c0fdca 2016-12-02 03:04:07.145999767 454645 [184577.984603] 20533 20533 W MessageQueue: 	at algt.a(:com.google.android.gms:3625)
3a45bd43-82d2-4650-8571-039f48c0fdca 2016-12-02 03:04:07.145999767 454645 [184577.984603] 20533 20533 W MessageQueue: 	at kbh.handleMessage(:com.google.android.gms:1540)
3a45bd43-82d2-4650-8571-039f48c0fdca 2016-12-02 03:04:07.145999767 454645 [184577.984603] 20533 20533 W MessageQueue: 	at android.os.Handler.dispatchMessage(Handler.java:102)
3a45bd43-82d2-4650-8571-039f48c0fdca 2016-12-02 03:04:07.145999767 454645 [184577.984603] 20533 20533 W MessageQueue: 	at android.os.Looper.loop(Looper.java:148)
3a45bd43-82d2-4650-8571-039f48c0fdca 2016-12-02 03:04:07.145999767 454645 [184577.984603] 20533 20533 W MessageQueue: 	at android.app.ActivityThread.main(ActivityThread.java:5461)
3a45bd43-82d2-4650-8571-039f48c0fdca 2016-12-02 03:04:07.145999767 454645 [184577.984603] 20533 20533 W MessageQueue: 	at java.lang.reflect.Method.invoke(Native Method)
3a45bd43-82d2-4650-8571-039f48c0fdca 2016-12-02 03:04:07.145999767 454645 [184577.984603] 20533 20533 W MessageQueue: 	at com.android.internal.os.ZygoteInit$MethodAndArgsCaller.run(ZygoteInit.java:726)
3a45bd43-82d2-4650-8571-039f48c0fdca 2016-12-02 03:04:07.145999767 454645 [184577.984603] 20533 20533 W MessageQueue: 	at com.android.internal.os.ZygoteInit.main(ZygoteInit.java:616)
3a45bd43-82d2-4650-8571-039f48c0fdca 2016-12-02 03:04:07.855999766 454646 [184578.695892]  1692  1692 I KeyEvent-UserAction-QoE: {"Action":"HardwareTouchEvent","Method":"KeyEvent","Pid":1692,"Uid":10029,"Tid":1692,"MAction":0,"ActionString":"ACTION_DOWN","MKeyCode":4,"KeyCodeString":"KEYCODE_BACK","RepeatCount":0,"DeviceId":-1,"Time":1480665847863,"UpTime":184578624,"DownTime":184578623,"EventTime":184578623,"timestamp":1480665847863,"uptimeNanos":209199598502329,"LogFormat":"1.1"}
3a45bd43-82d2-4650-8571-039f48c0fdca 2016-12-02 03:04:07.885999766 454647 [184578.721935]   291   291 I SurfaceFlinger: {"fps":13.3, "tot_frames":87186, "prev_frames":87159, "cur_time": 184578651032831, "prev_time": 184576619209029}
3a45bd43-82d2-4650-8571-039f48c0fdca 2016-12-02 03:04:07.955999766 454648 [184578.791808]  1692  1692 I KeyEvent-UserAction-QoE: {"Action":"HardwareTouchEvent","Method":"KeyEvent","Pid":1692,"Uid":10029,"Tid":1692,"MAction":1,"ActionString":"ACTION_UP","MKeyCode":4,"KeyCodeString":"KEYCODE_BACK","RepeatCount":0,"DeviceId":-1,"Time":1480665847958,"UpTime":184578720,"DownTime":184578623,"EventTime":184578720,"timestamp":1480665847958,"uptimeNanos":209199694405090,"LogFormat":"1.1"}
3a45bd43-82d2-4650-8571-039f48c0fdca 2016-12-02 03:04:07.955999766 454649 [184578.793857]  2012  2012 D EmojiAltPhysicalKeyDetector: onKeyUp() : KeyEvent { action=ACTION_UP, keyCode=KEYCODE_BACK, scanCode=0, metaState=0, flags=0x48, repeatCount=0, eventTime=184578720, downTime=184578623, deviceId=-1, source=0x101 }
3a45bd43-82d2-4650-8571-039f48c0fdca 2016-12-02 03:04:07.955999766 454650 [184578.793940]  2012  2012 D EmojiAltPhysicalKeyDetector: onKeyUp() : Not Mapped: 4
3a45bd43-82d2-4650-8571-039f48c0fdca 2016-12-02 03:04:07.965999766 454651 [184578.803945]   409  1041 D audio_hw_primary: out_set_parameters: enter: usecase(1: low-latency-playback) kvpairs: routing=2
3a45bd43-82d2-4650-8571-039f48c0fdca 2016-12-02 03:04:07.995999766 454652 [184578.837275]   409  1041 D AudioFlinger: mixer(0xb3d80000) throttle end: throttle time(8)
3a45bd43-82d2-4650-8571-039f48c0fdca 2016-12-02 03:04:08.225999766 454653 [184579.065791] 26367 27174 W fb4a(:<default>):RequestLoggingListener: time 184578994: onRequestFailure: {requestId: 394, elapsedTime: -1 ms, throwable: java.lang.NullPointerException: Encoded image is not valid.}
3a45bd43-82d2-4650-8571-039f48c0fdca 2016-12-02 03:04:08.265999766 454654 [184579.101405]   414   414 D KernelPrintk: 36,60622,184579091034,-;type=1400 audit(1480665848.245:3871): avc: denied { ioctl } for pid=1685 comm="Binder_7" path="socket:[802670]" dev="sockfs" ino=802670 ioctlcmd=7704 scontext=u:r:system_server:s0 tcontext=u:r:system_server:s0 tclass=unix_stream_socket permissive=0
3a45bd43-82d2-4650-8571-039f48c0fdca 2016-12-02 03:04:08.265999766 454655 [184579.101422]   414   414 D KernelPrintk: 36,60623,184579098717,-;type=1400 audit(1480665848.245:3872): avc: denied { ioctl } for pid=1685 comm="Binder_7" path="socket:[802670]" dev="sockfs" ino=802670 ioctlcmd=7704 scontext=u:r:system_server:s0 tcontext=u:r:system_server:s0 tclass=unix_stream_socket permissive=0
3a45bd43-82d2-4650-8571-039f48c0fdca 2016-12-02 03:04:08.385999766 454656 [184579.229094] 26367 27174 W fb4a(:<default>):RequestLoggingListener: time 184579158: onRequestFailure: {requestId: 403, elapsedTime: -1 ms, throwable: java.lang.NullPointerException: Encoded image is not valid.}
3a45bd43-82d2-4650-8571-039f48c0fdca 2016-12-02 03:04:08.605999766 454657 [184579.445876]   291   291 I SurfaceFlinger: {"token":1723, "diffs":[[184576600, 90.190971],[184576665, 90.190971],[184577308, 89.930557],[184577369, 0.000000],[184577427, 0.000000],[184578652, 0.000000],[184578711, 1.068793],[184578758, 0.368245],[184578803, 90.972221],[184578858, 91.753471],[184578909, 91.753471],[184578958, 91.579865],[184579008, 91.753471],[184579055, 95.052086],[184579105, 4.855686],[184579156, 4.880100],[184579207, 4.923502],[184579258, 3.404405],[184579307, 0.285509],[184579358, 0.204129]]}
3a45bd43-82d2-4650-8571-039f48c0fdca 2016-12-02 03:04:08.625999766 454658 [184579.461669] 26367 27174 W fb4a(:<default>):RequestLoggingListener: time 184579390: onRequestFailure: {requestId: 404, elapsedTime: -1 ms, throwable: java.lang.NullPointerException: Encoded image is not valid.}
3a45bd43-82d2-4650-8571-039f48c0fdca 2016-12-02 03:04:08.625999766 454659 [184579.464418] 26367 27162 W fb4a(:<default>):RequestLoggingListener: time 184579393: onRequestFailure: {requestId: 405, elapsedTime: -1 ms, throwable: java.lang.NullPointerException: Encoded image is not valid.}
3a45bd43-82d2-4650-8571-039f48c0fdca 2016-12-02 03:04:08.625999766 454660 [184579.466906] 26367 27162 W fb4a(:<default>):RequestLoggingListener: time 184579395: onRequestFailure: {requestId: 406, elapsedTime: -1 ms, throwable: java.lang.NullPointerException: Encoded image is not valid.}
3a45bd43-82d2-4650-8571-039f48c0fdca 2016-12-02 03:04:08.625999766 454661 [184579.468275] 26367 27162 W fb4a(:<default>):RequestLoggingListener: time 184579397: onRequestFailure: {requestId: 407, elapsedTime: -1 ms, throwable: java.lang.NullPointerException: Encoded image is not valid.}
3a45bd43-82d2-4650-8571-039f48c0fdca 2016-12-02 03:04:08.625999766 454662 [184579.469571] 26367 27162 W fb4a(:<default>):RequestLoggingListener: time 184579398: onRequestFailure: {requestId: 408, elapsedTime: -1 ms, throwable: java.lang.NullPointerException: Encoded image is not valid.}
3a45bd43-82d2-4650-8571-039f48c0fdca 2016-12-02 03:04:08.635999766 454663 [184579.471447] 26367 27162 W fb4a(:<default>):RequestLoggingListener: time 184579400: onRequestFailure: {requestId: 409, elapsedTime: -1 ms, throwable: java.lang.NullPointerException: Encoded image is not valid.}
3a45bd43-82d2-4650-8571-039f48c0fdca 2016-12-02 03:04:08.635999766 454664 [184579.472435] 26367 27174 W fb4a(:<default>):RequestLoggingListener: time 184579401: onRequestFailure: {requestId: 410, elapsedTime: -1 ms, throwable: java.lang.NullPointerException: Encoded image is not valid.}
3a45bd43-82d2-4650-8571-039f48c0fdca 2016-12-02 03:04:08.635999766 454665 [184579.476185] 26367 27174 W fb4a(:<default>):RequestLoggingListener: time 184579405: onRequestFailure: {requestId: 411, elapsedTime: -1 ms, throwable: java.lang.NullPointerException: Encoded image is not valid.}
3a45bd43-82d2-4650-8571-039f48c0fdca 2016-12-02 03:04:08.635999766 454666 [184579.478225] 26367 27174 W fb4a(:<default>):RequestLoggingListener: time 184579407: onRequestFailure: {requestId: 413, elapsedTime: -1 ms, throwable: java.lang.NullPointerException: Encoded image is not valid.}
3a45bd43-82d2-4650-8571-039f48c0fdca 2016-12-02 03:04:08.635999766 454667 [184579.480639] 26367 27162 W fb4a(:<default>):RequestLoggingListener: time 184579409: onRequestFailure: {requestId: 412, elapsedTime: -1 ms, throwable: java.lang.NullPointerException: Encoded image is not valid.}
3a45bd43-82d2-4650-8571-039f48c0fdca 2016-12-02 03:04:08.645999766 454668 [184579.482215] 26367 27174 W fb4a(:<default>):RequestLoggingListener: time 184579411: onRequestFailure: {requestId: 414, elapsedTime: -1 ms, throwable: java.lang.NullPointerException: Encoded image is not valid.}
3a45bd43-82d2-4650-8571-039f48c0fdca 2016-12-02 03:04:08.645999766 454669 [184579.484368] 26367 27174 W fb4a(:<default>):RequestLoggingListener: time 184579413: onRequestFailure: {requestId: 415, elapsedTime: -1 ms, throwable: java.lang.NullPointerException: Encoded image is not valid.}
3a45bd43-82d2-4650-8571-039f48c0fdca 2016-12-02 03:04:08.645999766 454670 [184579.485119] 26367 27246 W fb4a(:<default>):RequestLoggingListener: time 184579414: onRequestFailure: {requestId: 416, elapsedTime: -1 ms, throwable: java.lang.NullPointerException: Encoded image is not valid.}
3a45bd43-82d2-4650-8571-039f48c0fdca 2016-12-02 03:04:08.645999766 454671 [184579.487891] 26367 27246 W fb4a(:<default>):RequestLoggingListener: time 184579416: onRequestFailure: {requestId: 417, elapsedTime: -1 ms, throwable: java.lang.NullPointerException: Encoded image is not valid.}
3a45bd43-82d2-4650-8571-039f48c0fdca 2016-12-02 03:04:08.645999766 454672 [184579.488719] 26367 27174 W fb4a(:<default>):RequestLoggingListener: time 184579417: onRequestFailure: {requestId: 418, elapsedTime: -1 ms, throwable: java.lang.NullPointerException: Encoded image is not valid.}
3a45bd43-82d2-4650-8571-039f48c0fdca 2016-12-02 03:04:08.655999766 454673 [184579.491629] 26367 27174 W fb4a(:<default>):RequestLoggingListener: time 184579419: onRequestFailure: {requestId: 419, elapsedTime: -1 ms, throwable: java.lang.NullPointerException: Encoded image is not valid.}
3a45bd43-82d2-4650-8571-039f48c0fdca 2016-12-02 03:04:08.655999766 454674 [184579.496164] 26367 27174 W fb4a(:<default>):RequestLoggingListener: time 184579424: onRequestFailure: {requestId: 420, elapsedTime: -1 ms, throwable: java.lang.NullPointerException: Encoded image is not valid.}
3a45bd43-82d2-4650-8571-039f48c0fdca 2016-12-02 03:04:08.655999766 454675 [184579.497987] 26367 27174 W fb4a(:<default>):RequestLoggingListener: time 184579427: onRequestFailure: {requestId: 421, elapsedTime: -1 ms, throwable: java.lang.NullPointerException: Encoded image is not valid.}
3a45bd43-82d2-4650-8571-039f48c0fdca 2016-12-02 03:04:08.655999766 454676 [184579.500530] 26367 27162 W fb4a(:<default>):RequestLoggingListener: time 184579429: onRequestFailure: {requestId: 422, elapsedTime: -1 ms, throwable: java.lang.NullPointerException: Encoded image is not valid.}
3a45bd43-82d2-4650-8571-039f48c0fdca 2016-12-02 03:04:08.655999766 454677 [184579.500818] 26367 27174 W fb4a(:<default>):RequestLoggingListener: time 184579429: onRequestFailure: {requestId: 423, elapsedTime: -1 ms, throwable: java.lang.NullPointerException: Encoded image is not valid.}
3a45bd43-82d2-4650-8571-039f48c0fdca 2016-12-02 03:04:08.665999766 454678 [184579.501971] 26367 27246 W fb4a(:<default>):RequestLoggingListener: time 184579431: onRequestFailure: {requestId: 424, elapsedTime: -1 ms, throwable: java.lang.NullPointerException: Encoded image is not valid.}
3a45bd43-82d2-4650-8571-039f48c0fdca 2016-12-02 03:04:08.665999766 454679 [184579.502645] 26367 27174 W fb4a(:<default>):RequestLoggingListener: time 184579431: onRequestFailure: {requestId: 425, elapsedTime: -1 ms, throwable: java.lang.NullPointerException: Encoded image is not valid.}
3a45bd43-82d2-4650-8571-039f48c0fdca 2016-12-02 03:04:08.665999766 454680 [184579.506981] 26367 27174 W fb4a(:<default>):RequestLoggingListener: time 184579435: onRequestFailure: {requestId: 426, elapsedTime: -1 ms, throwable: java.lang.NullPointerException: Encoded image is not valid.}
3a45bd43-82d2-4650-8571-039f48c0fdca 2016-12-02 03:04:08.665999766 454681 [184579.507411] 26367 27246 W fb4a(:<default>):RequestLoggingListener: time 184579436: onRequestFailure: {requestId: 427, elapsedTime: -1 ms, throwable: java.lang.NullPointerException: Encoded image is not valid.}
3a45bd43-82d2-4650-8571-039f48c0fdca 2016-12-02 03:04:08.665999766 454682 [184579.507544] 26367 27246 W fb4a(:<default>):RequestLoggingListener: time 184579436: onRequestFailure: {requestId: 428, elapsedTime: -1 ms, throwable: java.lang.NullPointerException: Encoded image is not valid.}
3a45bd43-82d2-4650-8571-039f48c0fdca 2016-12-02 03:04:08.665999766 454683 [184579.508333] 26367 27162 W fb4a(:<default>):RequestLoggingListener: time 184579437: onRequestFailure: {requestId: 429, elapsedTime: -1 ms, throwable: java.lang.NullPointerException: Encoded image is not valid.}
3a45bd43-82d2-4650-8571-039f48c0fdca 2016-12-02 03:04:08.745999766 454684 [184579.580970]   414   414 D KernelPrintk: 4,60624,184579572369,-;smb135x-charger 0-001c: Increase Input Rate
3a45bd43-82d2-4650-8571-039f48c0fdca 2016-12-02 03:04:08.885999766 454685 [184579.729340]   291   291 I SurfaceFlinger: {"fps":111.2, "tot_frames":87298, "prev_frames":87186, "cur_time": 184579658426737, "prev_time": 184578651032831}
3a45bd43-82d2-4650-8571-039f48c0fdca 2016-12-02 03:04:09.655999766 454686 [184580.499986]   291   291 I SurfaceFlinger: {"token":1724, "diffs":[[184579408, 5.493164],[184579459, 0.103421],[184579525, 25.043404],[184579576, 26.106771],[184579627, 16.731771],[184579677, 22.124565],[184579732, 21.668837],[184579794, 24.761284],[184579844, 23.546007],[184579895, 23.828125],[184579945, 23.242188],[184579996, 23.090279],[184580062, 24.066841],[184580114, 17.122396],[184580165, 12.532552],[184580216, 0.531684],[184580264, 36.393230],[184580315, 40.625000],[184580365, 37.738716],[184580416, 38.519966]]}
3a45bd43-82d2-4650-8571-039f48c0fdca 2016-12-02 03:04:09.895999766 454687 [184580.738098]   291   291 I SurfaceFlinger: {"fps":111.0, "tot_frames":87410, "prev_frames":87298, "cur_time": 184580667218767, "prev_time": 184579658426737}
3a45bd43-82d2-4650-8571-039f48c0fdca 2016-12-02 03:04:10.705999765 454688 [184581.546337]   291   291 I SurfaceFlinger: {"token":1725, "diffs":[[184580468, 38.216145],[184580517, 36.848957],[184580567, 35.026043],[184580618, 34.635418],[184580668, 32.769096],[184580718, 30.143229],[184580769, 28.667534],[184580819, 27.256945],[184580871, 24.891493],[184580921, 21.191406],[184580986, 14.898004],[184581037, 27.517361],[184581105, 29.058159],[184581154, 30.642361],[184581205, 32.183159],[184581255, 36.154514],[184581306, 40.559895],[184581356, 41.536457],[184581406, 38.585068],[184581460, 35.308159]]}
3a45bd43-82d2-4650-8571-039f48c0fdca 2016-12-02 03:04:10.915999765 454689 [184581.752254]   291   291 I SurfaceFlinger: {"fps":109.5, "tot_frames":87521, "prev_frames":87410, "cur_time": 184581681364809, "prev_time": 184580667218767}
3a45bd43-82d2-4650-8571-039f48c0fdca 2016-12-02 03:04:11.165999765 454690 [184582.004602] 26367 27162 W fb4a(:<default>):RequestLoggingListener: time 184581933: onRequestFailure: {requestId: 453, elapsedTime: -1 ms, throwable: java.lang.NullPointerException: Encoded image is not valid.}
3a45bd43-82d2-4650-8571-039f48c0fdca 2016-12-02 03:04:11.175999765 454691 [184582.019467]   409  1041 D audio_hw_primary: disable_audio_route: reset and update mixer path: low-latency-playback speaker
3a45bd43-82d2-4650-8571-039f48c0fdca 2016-12-02 03:04:11.175999765 454692 [184582.020660]   409  1041 D audio_hw_primary: disable_snd_device: snd_device(2: speaker)
3a45bd43-82d2-4650-8571-039f48c0fdca 2016-12-02 03:04:11.525999765 454693 [184582.369684] 20533 20623 W ctxmgr  : [ContextSpecificAclFactory]LocationConsent failed, ULR opt-in status is: false, account#1324449222#
3a45bd43-82d2-4650-8571-039f48c0fdca 2016-12-02 03:04:11.525999765 454694 [184582.369810] 20533 20623 W ctxmgr  : [AclManager]No 2 for (accnt=account#1324449222#, com.google.android.gms(10014):UserLocationProducer, vrsn=10084000, 0, 3pPkg = null ,  3pMdlId = null). Was: 2 for 1, account#1324449222#
3a45bd43-82d2-4650-8571-039f48c0fdca 2016-12-02 03:04:11.765999765 454695 [184582.605457]   291   291 I SurfaceFlinger: {"token":1726, "diffs":[[184581510, 11.729601],[184581559, 12.868923],[184581609, 14.084202],[184581662, 14.040798],[184581713, 13.715278],[184581762, 9.695095],[184581813, 8.409288],[184581894, 3.743490],[184581944, 16.460503],[184581997, 21.809896],[184582046, 24.826389],[184582113, 21.180555],[184582163, 25.434029],[184582214, 30.447048],[184582263, 29.535591],[184582314, 29.079861],[184582364, 30.555555],[184582416, 30.512154],[184582467, 31.684029],[184582517, 32.899307]]}
3a45bd43-82d2-4650-8571-039f48c0fdca 2016-12-02 03:04:11.915999765 454696 [184582.754845]   291   291 I SurfaceFlinger: {"fps":108.7, "tot_frames":87630, "prev_frames":87521, "cur_time": 184582683940642, "prev_time": 184581681364809}
3a45bd43-82d2-4650-8571-039f48c0fdca 2016-12-02 03:04:12.795999765 454697 [184583.637936]   291   291 I SurfaceFlinger: {"token":1727, "diffs":[[184582567, 0.083245],[184582615, 43.598091],[184582666, 43.402779],[184582717, 29.665798],[184582767, 35.525173],[184582818, 34.375000],[184582870, 38.606770],[184582922, 43.967014],[184582971, 40.711807],[184583021, 20.290798],[184583072, 18.359375],[184583122, 16.232639],[184583172, 15.603298],[184583239, 15.820312],[184583306, 14.550781],[184583355, 13.747829],[184583406, 14.973958],[184583456, 17.567274],[184583506, 19.021267],[184583556, 23.111979]]}
3a45bd43-82d2-4650-8571-039f48c0fdca 2016-12-02 03:04:12.925999765 454698 [184583.761238]   291   291 I SurfaceFlinger: {"fps":111.3, "tot_frames":87742, "prev_frames":87630, "cur_time": 184583690336995, "prev_time": 184582683940642}
3a45bd43-82d2-4650-8571-039f48c0fdca 2016-12-02 03:04:13.265999764 454699 [184584.104793] 26367 27246 W fb4a(:<default>):RequestLoggingListener: time 184584033: onRequestFailure: {requestId: 462, elapsedTime: -1 ms, throwable: java.lang.NullPointerException: Encoded image is not valid.}
3a45bd43-82d2-4650-8571-039f48c0fdca 2016-12-02 03:04:13.755999764 454700 [184584.591008]   414   414 D KernelPrintk:  SUBSYSTEM=i2c
3a45bd43-82d2-4650-8571-039f48c0fdca 2016-12-02 03:04:13.755999764 454701 [184584.591027]   414   414 D KernelPrintk:  DEVICE=+i2c:0-001c
3a45bd43-82d2-4650-8571-039f48c0fdca 2016-12-02 03:04:13.755999764 454702 [184584.591050]   414   414 D KernelPrintk: 4,60625,184584582441,-;smb135x-charger 0-001c: Increase Input Rate
3a45bd43-82d2-4650-8571-039f48c0fdca 2016-12-02 03:04:13.775999764 454703 [184584.611150] 26367 27246 W fb4a(:<default>):RequestLoggingListener: time 184584540: onRequestFailure: {requestId: 464, elapsedTime: -1 ms, throwable: java.lang.NullPointerException: Encoded image is not valid.}
3a45bd43-82d2-4650-8571-039f48c0fdca 2016-12-02 03:04:13.785999764 454704 [184584.628135] 26367 27246 W fb4a(:<default>):RequestLoggingListener: time 184584557: onRequestFailure: {requestId: 466, elapsedTime: -1 ms, throwable: java.lang.NullPointerException: Encoded image is not valid.}
3a45bd43-82d2-4650-8571-039f48c0fdca 2016-12-02 03:04:13.845999764 454705 [184584.690358]   291   291 I SurfaceFlinger: {"token":1728, "diffs":[[184583606, 27.387154],[184583658, 29.600695],[184583708, 27.756077],[184583759, 27.300346],[184583826, 30.577257],[184583876, 37.456596],[184583927, 37.065971],[184583980, 37.847221],[184584030, 37.087673],[184584079, 37.673611],[184584130, 35.633682],[184584180, 38.129341],[184584233, 35.915798],[184584281, 29.361979],[184584331, 24.609375],[184584398, 23.567709],[184584449, 35.438370],[184584498, 23.741320],[184584551, 32.682293],[184584601, 38.259548]]}
3a45bd43-82d2-4650-8571-039f48c0fdca 2016-12-02 03:04:13.855999764 454706 [184584.694487] 26367 27246 W fb4a(:<default>):RequestLoggingListener: time 184584623: onRequestFailure: {requestId: 468, elapsedTime: -1 ms, throwable: java.lang.NullPointerException: Encoded image is not valid.}
3a45bd43-82d2-4650-8571-039f48c0fdca 2016-12-02 03:04:13.855999764 454707 [184584.699008] 26367 27246 W fb4a(:<default>):RequestLoggingListener: time 184584628: onRequestFailure: {requestId: 470, elapsedTime: -1 ms, throwable: java.lang.NullPointerException: Encoded image is not valid.}
3a45bd43-82d2-4650-8571-039f48c0fdca 2016-12-02 03:04:13.925999764 454708 [184584.768163]   291   291 I SurfaceFlinger: {"fps":113.2, "tot_frames":87856, "prev_frames":87742, "cur_time": 184584697274078, "prev_time": 184583690336995}
3a45bd43-82d2-4650-8571-039f48c0fdca 2016-12-02 03:04:14.365999764 454709 [184585.201653]   988 26984 D NetlinkSocketObserver: NeighborEvent{elapsedMs=209206104, fde5:bdee:339a::1, [10FEEDE58C95], RTM_NEWNEIGH, NUD_PROBE}
3a45bd43-82d2-4650-8571-039f48c0fdca 2016-12-02 03:04:14.885999764 454710 [184585.721225]   291   291 I SurfaceFlinger: {"token":1729, "diffs":[[184584654, 47.309029],[184584715, 46.180557],[184584766, 51.041668],[184584817, 49.001736],[184584884, 50.477432],[184584934, 53.819443],[184584984, 41.427952],[184585034, 40.234375],[184585085, 35.655380],[184585135, 38.107639],[184585185, 63.802082],[184585237, 60.807293],[184585286, 59.809029],[184585337, 71.788193],[184585387, 67.361115],[184585438, 61.892361],[184585489, 57.291668],[184585539, 51.215279],[184585591, 47.135418],[184585640, 38.585068]]}
3a45bd43-82d2-4650-8571-039f48c0fdca 2016-12-02 03:04:14.885999764 454711 [184585.726275] 25963 26629 I Babel_ConcService: Acquired partial wake lock to keep ConcurrentService alive
3a45bd43-82d2-4650-8571-039f48c0fdca 2016-12-02 03:04:14.885999764 454712 [184585.727130] 25963 26629 I Babel_ConcService: Released partial wake lock as ConcurrentService became idle
3a45bd43-82d2-4650-8571-039f48c0fdca 2016-12-02 03:04:14.935999764 454713 [184585.771204]   291   291 I SurfaceFlinger: {"fps":112.7, "tot_frames":87969, "prev_frames":87856, "cur_time": 184585700311422, "prev_time": 184584697274078}
3a45bd43-82d2-4650-8571-039f48c0fdca 2016-12-02 03:04:15.405999764 454714 [184586.246509] 26367 27246 W fb4a(:<default>):RequestLoggingListener: time 184586175: onRequestFailure: {requestId: 485, elapsedTime: -1 ms, throwable: java.lang.NullPointerException: Encoded image is not valid.}
3a45bd43-82d2-4650-8571-039f48c0fdca 2016-12-02 03:04:15.405999764 454715 [184586.248201] 26367 27246 W fb4a(:<default>):RequestLoggingListener: time 184586177: onRequestFailure: {requestId: 486, elapsedTime: -1 ms, throwable: java.lang.NullPointerException: Encoded image is not valid.}
3a45bd43-82d2-4650-8571-039f48c0fdca 2016-12-02 03:04:15.405999764 454716 [184586.249812] 26367 27246 W fb4a(:<default>):RequestLoggingListener: time 184586178: onRequestFailure: {requestId: 487, elapsedTime: -1 ms, throwable: java.lang.NullPointerException: Encoded image is not valid.}
3a45bd43-82d2-4650-8571-039f48c0fdca 2016-12-02 03:04:15.415999764 454717 [184586.253902] 26367 27162 W fb4a(:<default>):RequestLoggingListener: time 184586182: onRequestFailure: {requestId: 488, elapsedTime: -1 ms, throwable: java.lang.NullPointerException: Encoded image is not valid.}
3a45bd43-82d2-4650-8571-039f48c0fdca 2016-12-02 03:04:15.415999764 454718 [184586.255624] 26367 27246 W fb4a(:<default>):RequestLoggingListener: time 184586184: onRequestFailure: {requestId: 489, elapsedTime: -1 ms, throwable: java.lang.NullPointerException: Encoded image is not valid.}
3a45bd43-82d2-4650-8571-039f48c0fdca 2016-12-02 03:04:15.415999764 454719 [184586.257082] 26367 27174 W fb4a(:<default>):RequestLoggingListener: time 184586186: onRequestFailure: {requestId: 490, elapsedTime: -1 ms, throwable: java.lang.NullPointerException: Encoded image is not valid.}
3a45bd43-82d2-4650-8571-039f48c0fdca 2016-12-02 03:04:15.415999764 454720 [184586.260549] 26367 27162 W fb4a(:<default>):RequestLoggingListener: time 184586189: onRequestFailure: {requestId: 491, elapsedTime: -1 ms, throwable: java.lang.NullPointerException: Encoded image is not valid.}
3a45bd43-82d2-4650-8571-039f48c0fdca 2016-12-02 03:04:15.425999764 454721 [184586.264037] 26367 27174 W fb4a(:<default>):RequestLoggingListener: time 184586193: onRequestFailure: {requestId: 492, elapsedTime: -1 ms, throwable: java.lang.NullPointerException: Encoded image is not valid.}
3a45bd43-82d2-4650-8571-039f48c0fdca 2016-12-02 03:04:15.425999764 454722 [184586.264314] 26367 27162 W fb4a(:<default>):RequestLoggingListener: time 184586193: onRequestFailure: {requestId: 493, elapsedTime: -1 ms, throwable: java.lang.NullPointerException: Encoded image is not valid.}
3a45bd43-82d2-4650-8571-039f48c0fdca 2016-12-02 03:04:15.425999764 454723 [184586.268531] 26367 27162 W fb4a(:<default>):RequestLoggingListener: time 184586197: onRequestFailure: {requestId: 494, elapsedTime: -1 ms, throwable: java.lang.NullPointerException: Encoded image is not valid.}
3a45bd43-82d2-4650-8571-039f48c0fdca 2016-12-02 03:04:15.425999764 454724 [184586.269882] 26367 27246 W fb4a(:<default>):RequestLoggingListener: time 184586198: onRequestFailure: {requestId: 495, elapsedTime: -1 ms, throwable: java.lang.NullPointerException: Encoded image is not valid.}
3a45bd43-82d2-4650-8571-039f48c0fdca 2016-12-02 03:04:15.435999764 454725 [184586.271181] 26367 27174 W fb4a(:<default>):RequestLoggingListener: time 184586200: onRequestFailure: {requestId: 496, elapsedTime: -1 ms, throwable: java.lang.NullPointerException: Encoded image is not valid.}
3a45bd43-82d2-4650-8571-039f48c0fdca 2016-12-02 03:04:15.435999764 454726 [184586.276077] 26367 27174 W fb4a(:<default>):RequestLoggingListener: time 184586205: onRequestFailure: {requestId: 499, elapsedTime: -1 ms, throwable: java.lang.NullPointerException: Encoded image is not valid.}
3a45bd43-82d2-4650-8571-039f48c0fdca 2016-12-02 03:04:15.435999764 454727 [184586.277211] 26367 27174 W fb4a(:<default>):RequestLoggingListener: time 184586206: onRequestFailure: {requestId: 500, elapsedTime: -1 ms, throwable: java.lang.NullPointerException: Encoded image is not valid.}
3a45bd43-82d2-4650-8571-039f48c0fdca 2016-12-02 03:04:16.65999763 454728 [184586.903191]   291   291 I SurfaceFlinger: {"fps":48.6, "tot_frames":88024, "prev_frames":87969, "cur_time": 184586832296630, "prev_time": 184585700311422}
3a45bd43-82d2-4650-8571-039f48c0fdca 2016-12-02 03:04:16.525999763 454729 [184587.367797]   291   291 I SurfaceFlinger: {"token":1730, "diffs":[[184585691, 35.177952],[184585741, 29.644096],[184585792, 27.300346],[184585841, 25.043404],[184585891, 22.547743],[184585942, 20.019531],[184585992, 18.066406],[184586042, 22.873264],[184586093, 39.496529],[184586144, 42.860245],[184586194, 42.209202],[184586833, 0.000000],[184586886, 0.566271],[184586939, 1.127116],[184586996, 0.478787],[184587045, 0.409614],[184587105, 0.215149],[184587186, 0.126817],[184587237, 0.043403],[184587287, 0.014581]]}
3a45bd43-82d2-4650-8571-039f48c0fdca 2016-12-02 03:04:17.425999763 454730 [184588.268851] 26367 26578 W fb4a(:<default>):17a: Making fallback request for 'encryptChannelRequestMethod'
3a45bd43-82d2-4650-8571-039f48c0fdca 2016-12-02 03:04:17.425999763 454730 [184588.268851] 26367 26578 W fb4a(:<default>):17a: X.3A3: [code] 100 [message]: (#100) Invalid parameter [extra]: 
3a45bd43-82d2-4650-8571-039f48c0fdca 2016-12-02 03:04:17.425999763 454730 [184588.268851] 26367 26578 W fb4a(:<default>):17a: 	at X.0ya.a(:154406)
3a45bd43-82d2-4650-8571-039f48c0fdca 2016-12-02 03:04:17.425999763 454730 [184588.268851] 26367 26578 W fb4a(:<default>):17a: 	at X.0ya.a(:154329)
3a45bd43-82d2-4650-8571-039f48c0fdca 2016-12-02 03:04:17.425999763 454730 [184588.268851] 26367 26578 W fb4a(:<default>):17a: 	at X.0ya.a(:154313)
3a45bd43-82d2-4650-8571-039f48c0fdca 2016-12-02 03:04:17.425999763 454730 [184588.268851] 26367 26578 W fb4a(:<default>):17a: 	at X.0ya.a(:154325)
3a45bd43-82d2-4650-8571-039f48c0fdca 2016-12-02 03:04:17.425999763 454730 [184588.268851] 26367 26578 W fb4a(:<default>):17a: 	at X.29a.a(:376907)
3a45bd43-82d2-4650-8571-039f48c0fdca 2016-12-02 03:04:17.425999763 454730 [184588.268851] 26367 26578 W fb4a(:<default>):17a: 	at X.11P.b(:163594)
3a45bd43-82d2-4650-8571-039f48c0fdca 2016-12-02 03:04:17.425999763 454730 [184588.268851] 26367 26578 W fb4a(:<default>):17a: 	at X.11P.handleResponse(:163601)
3a45bd43-82d2-4650-8571-039f48c0fdca 2016-12-02 03:04:17.425999763 454730 [184588.268851] 26367 26578 W fb4a(:<default>):17a: 	at com.facebook.tigon.httpclientadapter.TigonHttpClientAdapterImpl$ClientCallbacks$1.run(:207173)
3a45bd43-82d2-4650-8571-039f48c0fdca 2016-12-02 03:04:17.425999763 454730 [184588.268851] 26367 26578 W fb4a(:<default>):17a: 	at java.util.concurrent.Executors$RunnableAdapter.call(Executors.java:423)
3a45bd43-82d2-4650-8571-039f48c0fdca 2016-12-02 03:04:17.425999763 454730 [184588.268851] 26367 26578 W fb4a(:<default>):17a: 	at com.facebook.common.executors.WrappingExecutorService$1.run(:76422)
3a45bd43-82d2-4650-8571-039f48c0fdca 2016-12-02 03:04:17.425999763 454730 [184588.268851] 26367 26578 W fb4a(:<default>):17a: 	at com.facebook.common.executors.DefaultConstrainedListeningExecutorService$Worker.run(:62913)
3a45bd43-82d2-4650-8571-039f48c0fdca 2016-12-02 03:04:17.425999763 454730 [184588.268851] 26367 26578 W fb4a(:<default>):17a: 	at java.util.concurrent.ThreadPoolExecutor.runWorker(ThreadPoolExecutor.java:1113)
3a45bd43-82d2-4650-8571-039f48c0fdca 2016-12-02 03:04:17.425999763 454730 [184588.268851] 26367 26578 W fb4a(:<default>):17a: 	at java.util.concurrent.ThreadPoolExecutor$Worker.run(ThreadPoolExecutor.java:588)
3a45bd43-82d2-4650-8571-039f48c0fdca 2016-12-02 03:04:17.425999763 454730 [184588.268851] 26367 26578 W fb4a(:<default>):17a: 	at com.facebook.common.executors.NamedThreadFactory$1.run(:76786)
3a45bd43-82d2-4650-8571-039f48c0fdca 2016-12-02 03:04:17.425999763 454730 [184588.268851] 26367 26578 W fb4a(:<default>):17a: 	at java.lang.Thread.run(Thread.java:818)
3a45bd43-82d2-4650-8571-039f48c0fdca 2016-12-02 03:04:17.505999763 454731 [184588.342834] 26367 26463 E fb4a(:<default>):UDPPrimingServiceHandler: Fallback stack exception
3a45bd43-82d2-4650-8571-039f48c0fdca 2016-12-02 03:04:17.505999763 454731 [184588.342834] 26367 26463 E fb4a(:<default>):UDPPrimingServiceHandler: java.io.IOException: Fallback stack exception
3a45bd43-82d2-4650-8571-039f48c0fdca 2016-12-02 03:04:17.505999763 454731 [184588.342834] 26367 26463 E fb4a(:<default>):UDPPrimingServiceHandler: 	at X.4gy.onFailure(:824913)
3a45bd43-82d2-4650-8571-039f48c0fdca 2016-12-02 03:04:17.505999763 454731 [184588.342834] 26367 26463 E fb4a(:<default>):UDPPrimingServiceHandler: 	at com.google.common.util.concurrent.Futures$6.run(:67624)
3a45bd43-82d2-4650-8571-039f48c0fdca 2016-12-02 03:04:17.505999763 454731 [184588.342834] 26367 26463 E fb4a(:<default>):UDPPrimingServiceHandler: 	at X.1DO.execute(:197270)
3a45bd43-82d2-4650-8571-039f48c0fdca 2016-12-02 03:04:17.505999763 454731 [184588.342834] 26367 26463 E fb4a(:<default>):UDPPrimingServiceHandler: 	at X.02C.a(:7088)
3a45bd43-82d2-4650-8571-039f48c0fdca 2016-12-02 03:04:17.505999763 454731 [184588.342834] 26367 26463 E fb4a(:<default>):UDPPrimingServiceHandler: 	at X.0Sl.b(:62026)
3a45bd43-82d2-4650-8571-039f48c0fdca 2016-12-02 03:04:17.505999763 454731 [184588.342834] 26367 26463 E fb4a(:<default>):UDPPrimingServiceHandler: 	at X.0Sl.a(:62044)
3a45bd43-82d2-4650-8571-039f48c0fdca 2016-12-02 03:04:17.505999763 454731 [184588.342834] 26367 26463 E fb4a(:<default>):UDPPrimingServiceHandler: 	at X.0VL.done(:67530)
3a45bd43-82d2-4650-8571-039f48c0fdca 2016-12-02 03:04:17.505999763 454731 [184588.342834] 26367 26463 E fb4a(:<default>):UDPPrimingServiceHandler: 	at java.util.concurrent.FutureTask.finishCompletion(FutureTask.java:354)
3a45bd43-82d2-4650-8571-039f48c0fdca 2016-12-02 03:04:17.505999763 454731 [184588.342834] 26367 26463 E fb4a(:<default>):UDPPrimingServiceHandler: 	at java.util.concurrent.FutureTask.setException(FutureTask.java:223)
3a45bd43-82d2-4650-8571-039f48c0fdca 2016-12-02 03:04:17.505999763 454731 [184588.342834] 26367 26463 E fb4a(:<default>):UDPPrimingServiceHandler: 	at java.util.concurrent.FutureTask.run(FutureTask.java:242)
3a45bd43-82d2-4650-8571-039f48c0fdca 2016-12-02 03:04:17.505999763 454731 [184588.342834] 26367 26463 E fb4a(:<default>):UDPPrimingServiceHandler: 	at com.facebook.common.executors.DefaultConstrainedListeningExecutorService$Worker.run(:62913)
3a45bd43-82d2-4650-8571-039f48c0fdca 2016-12-02 03:04:17.505999763 454731 [184588.342834] 26367 26463 E fb4a(:<default>):UDPPrimingServiceHandler: 	at java.util.concurrent.ThreadPoolExecutor.runWorker(ThreadPoolExecutor.java:1113)
3a45bd43-82d2-4650-8571-039f48c0fdca 2016-12-02 03:04:17.505999763 454731 [184588.342834] 26367 26463 E fb4a(:<default>):UDPPrimingServiceHandler: 	at java.util.concurrent.ThreadPoolExecutor$Worker.run(ThreadPoolExecutor.java:588)
3a45bd43-82d2-4650-8571-039f48c0fdca 2016-12-02 03:04:17.505999763 454731 [184588.342834] 26367 26463 E fb4a(:<default>):UDPPrimingServiceHandler: 	at com.facebook.common.executors.NamedThreadFactory$1.run(:76786)
3a45bd43-82d2-4650-8571-039f48c0fdca 2016-12-02 03:04:17.505999763 454731 [184588.342834] 26367 26463 E fb4a(:<default>):UDPPrimingServiceHandler: 	at java.lang.Thread.run(Thread.java:818)
3a45bd43-82d2-4650-8571-039f48c0fdca 2016-12-02 03:04:17.505999763 454731 [184588.342834] 26367 26463 E fb4a(:<default>):UDPPrimingServiceHandler: Caused by: X.3A3: [code] 100 [message]: (#100) Invalid parameter [extra]: 
3a45bd43-82d2-4650-8571-039f48c0fdca 2016-12-02 03:04:17.505999763 454731 [184588.342834] 26367 26463 E fb4a(:<default>):UDPPrimingServiceHandler: 	at X.0ya.a(:154406)
3a45bd43-82d2-4650-8571-039f48c0fdca 2016-12-02 03:04:17.505999763 454731 [184588.342834] 26367 26463 E fb4a(:<default>):UDPPrimingServiceHandler: 	at X.0ya.a(:154329)
3a45bd43-82d2-4650-8571-039f48c0fdca 2016-12-02 03:04:17.505999763 454731 [184588.342834] 26367 26463 E fb4a(:<default>):UDPPrimingServiceHandler: 	at X.0ya.a(:154313)
3a45bd43-82d2-4650-8571-039f48c0fdca 2016-12-02 03:04:17.505999763 454731 [184588.342834] 26367 26463 E fb4a(:<default>):UDPPrimingServiceHandler: 	at X.0ya.a(:154325)
3a45bd43-82d2-4650-8571-039f48c0fdca 2016-12-02 03:04:17.505999763 454731 [184588.342834] 26367 26463 E fb4a(:<default>):UDPPrimingServiceHandler: 	at X.29a.a(:376907)
3a45bd43-82d2-4650-8571-039f48c0fdca 2016-12-02 03:04:17.505999763 454731 [184588.342834] 26367 26463 E fb4a(:<default>):UDPPrimingServiceHandler: 	at X.11P.b(:163594)
3a45bd43-82d2-4650-8571-039f48c0fdca 2016-12-02 03:04:17.505999763 454731 [184588.342834] 26367 26463 E fb4a(:<default>):UDPPrimingServiceHandler: 	at X.11P.handleResponse(:163601)
3a45bd43-82d2-4650-8571-039f48c0fdca 2016-12-02 03:04:17.505999763 454731 [184588.342834] 26367 26463 E fb4a(:<default>):UDPPrimingServiceHandler: 	at X.17d.a(:188163)
3a45bd43-82d2-4650-8571-039f48c0fdca 2016-12-02 03:04:17.505999763 454731 [184588.342834] 26367 26463 E fb4a(:<default>):UDPPrimingServiceHandler: 	at X.17d.a(:188072)
3a45bd43-82d2-4650-8571-039f48c0fdca 2016-12-02 03:04:17.505999763 454731 [184588.342834] 26367 26463 E fb4a(:<default>):UDPPrimingServiceHandler: 	at X.4gp.call(:824835)
3a45bd43-82d2-4650-8571-039f48c0fdca 2016-12-02 03:04:17.505999763 454731 [184588.342834] 26367 26463 E fb4a(:<default>):UDPPrimingServiceHandler: 	at java.util.concurrent.FutureTask.run(FutureTask.java:237)
3a45bd43-82d2-4650-8571-039f48c0fdca 2016-12-02 03:04:17.505999763 454731 [184588.342834] 26367 26463 E fb4a(:<default>):UDPPrimingServiceHandler: 	... 5 more
3a45bd43-82d2-4650-8571-039f48c0fdca 2016-12-02 03:04:17.595999763 454732 [184588.432242]   291   291 I SurfaceFlinger: {"fps":52.3, "tot_frames":88104, "prev_frames":88024, "cur_time": 184588361320483, "prev_time": 184586832296630}
3a45bd43-82d2-4650-8571-039f48c0fdca 2016-12-02 03:04:17.625999763 454733 [184588.463902] 26367 26483 W fb4a(:<default>):1qn: DedupKey not found for cache ID: 5469PHOTOS
3a45bd43-82d2-4650-8571-039f48c0fdca 2016-12-02 03:04:17.625999763 454734 [184588.465199] 26367 26483 W fb4a(:<default>):1qn: DedupKey not found for cache ID: 5469PHOTOS
3a45bd43-82d2-4650-8571-039f48c0fdca 2016-12-02 03:04:17.625999763 454735 [184588.466623] 26367 26483 W fb4a(:<default>):1qn: DedupKey not found for cache ID: 5469PHOTOS
3a45bd43-82d2-4650-8571-039f48c0fdca 2016-12-02 03:04:17.625999763 454736 [184588.467914] 26367 26483 W fb4a(:<default>):1qn: DedupKey not found for cache ID: 5469PHOTOS
3a45bd43-82d2-4650-8571-039f48c0fdca 2016-12-02 03:04:17.625999763 454737 [184588.468880] 26367 26483 W fb4a(:<default>):1qn: DedupKey not found for cache ID: 5469PHOTOS
3a45bd43-82d2-4650-8571-039f48c0fdca 2016-12-02 03:04:17.645999763 454738 [184588.484494] 26367 26483 W fb4a(:<default>):1qn: DedupKey not found for cache ID: 5469FRIENDS
3a45bd43-82d2-4650-8571-039f48c0fdca 2016-12-02 03:04:17.645999763 454739 [184588.485784] 26367 26483 W fb4a(:<default>):1qn: DedupKey not found for cache ID: 5469FRIENDS
3a45bd43-82d2-4650-8571-039f48c0fdca 2016-12-02 03:04:17.645999763 454740 [184588.487522] 26367 26483 W fb4a(:<default>):1qn: DedupKey not found for cache ID: 5469FRIENDS
3a45bd43-82d2-4650-8571-039f48c0fdca 2016-12-02 03:04:17.655999763 454741 [184588.491998] 26367 26483 W fb4a(:<default>):1qn: DedupKey not found for cache ID: 5469FRIENDS
3a45bd43-82d2-4650-8571-039f48c0fdca 2016-12-02 03:04:17.655999763 454742 [184588.493679] 26367 26483 W fb4a(:<default>):1qn: DedupKey not found for cache ID: 5469FRIENDS
3a45bd43-82d2-4650-8571-039f48c0fdca 2016-12-02 03:04:17.655999763 454743 [184588.494832] 26367 26483 W fb4a(:<default>):1qn: DedupKey not found for cache ID: 5469FRIENDS
3a45bd43-82d2-4650-8571-039f48c0fdca 2016-12-02 03:04:17.865999763 454744 [184588.709073] 26367 27174 W fb4a(:<default>):RequestLoggingListener: time 184588638: onRequestFailure: {requestId: 508, elapsedTime: -1 ms, throwable: java.lang.NullPointerException: Encoded image is not valid.}
3a45bd43-82d2-4650-8571-039f48c0fdca 2016-12-02 03:04:17.875999763 454745 [184588.713479] 26367 27174 W fb4a(:<default>):RequestLoggingListener: time 184588642: onRequestFailure: {requestId: 509, elapsedTime: -1 ms, throwable: java.lang.NullPointerException: Encoded image is not valid.}
3a45bd43-82d2-4650-8571-039f48c0fdca 2016-12-02 03:04:17.875999763 454746 [184588.714672] 26367 27246 W fb4a(:<default>):RequestLoggingListener: time 184588643: onRequestFailure: {requestId: 510, elapsedTime: -1 ms, throwable: java.lang.NullPointerException: Encoded image is not valid.}
3a45bd43-82d2-4650-8571-039f48c0fdca 2016-12-02 03:04:17.885999763 454747 [184588.724735] 26367 27162 W fb4a(:<default>):RequestLoggingListener: time 184588653: onRequestFailure: {requestId: 511, elapsedTime: -1 ms, throwable: java.lang.NullPointerException: Encoded image is not valid.}
3a45bd43-82d2-4650-8571-039f48c0fdca 2016-12-02 03:04:17.885999763 454748 [184588.726561] 26367 27174 W fb4a(:<default>):RequestLoggingListener: time 184588655: onRequestFailure: {requestId: 512, elapsedTime: -1 ms, throwable: java.lang.NullPointerException: Encoded image is not valid.}
3a45bd43-82d2-4650-8571-039f48c0fdca 2016-12-02 03:04:17.885999763 454749 [184588.730483] 26367 27174 W fb4a(:<default>):RequestLoggingListener: time 184588659: onRequestFailure: {requestId: 513, elapsedTime: -1 ms, throwable: java.lang.NullPointerException: Encoded image is not valid.}
3a45bd43-82d2-4650-8571-039f48c0fdca 2016-12-02 03:04:17.905999763 454750 [184588.741333] 26367 27246 W fb4a(:<default>):RequestLoggingListener: time 184588670: onRequestFailure: {requestId: 514, elapsedTime: -1 ms, throwable: java.lang.NullPointerException: Encoded image is not valid.}
3a45bd43-82d2-4650-8571-039f48c0fdca 2016-12-02 03:04:17.905999763 454751 [184588.743252] 26367 27162 W fb4a(:<default>):RequestLoggingListener: time 184588672: onRequestFailure: {requestId: 516, elapsedTime: -1 ms, throwable: java.lang.NullPointerException: Encoded image is not valid.}
3a45bd43-82d2-4650-8571-039f48c0fdca 2016-12-02 03:04:17.905999763 454752 [184588.744882] 26367 27246 W fb4a(:<default>):RequestLoggingListener: time 184588673: onRequestFailure: {requestId: 519, elapsedTime: -1 ms, throwable: java.lang.NullPointerException: Encoded image is not valid.}
3a45bd43-82d2-4650-8571-039f48c0fdca 2016-12-02 03:04:17.915999763 454753 [184588.751810] 26367 27162 W fb4a(:<default>):RequestLoggingListener: time 184588680: onRequestFailure: {requestId: 518, elapsedTime: -1 ms, throwable: java.lang.NullPointerException: Encoded image is not valid.}
3a45bd43-82d2-4650-8571-039f48c0fdca 2016-12-02 03:04:17.915999763 454754 [184588.752918] 26367 27174 W fb4a(:<default>):RequestLoggingListener: time 184588681: onRequestFailure: {requestId: 517, elapsedTime: -1 ms, throwable: java.lang.NullPointerException: Encoded image is not valid.}
3a45bd43-82d2-4650-8571-039f48c0fdca 2016-12-02 03:04:17.935999763 454755 [184588.780130] 26367 27162 W fb4a(:<default>):RequestLoggingListener: time 184588709: onRequestFailure: {requestId: 535, elapsedTime: -1 ms, throwable: java.lang.NullPointerException: Encoded image is not valid.}
3a45bd43-82d2-4650-8571-039f48c0fdca 2016-12-02 03:04:17.955999763 454756 [184588.798694] 26367 27162 W fb4a(:<default>):RequestLoggingListener: time 184588727: onRequestFailure: {requestId: 537, elapsedTime: -1 ms, throwable: java.lang.NullPointerException: Encoded image is not valid.}
3a45bd43-82d2-4650-8571-039f48c0fdca 2016-12-02 03:04:18.85999763 454757 [184588.929166] 26367 27174 W fb4a(:<default>):RequestLoggingListener: time 184588858: onRequestFailure: {requestId: 540, elapsedTime: -1 ms, throwable: java.lang.NullPointerException: Encoded image is not valid.}
3a45bd43-82d2-4650-8571-039f48c0fdca 2016-12-02 03:04:18.95999763 454758 [184588.932453] 26367 27174 W fb4a(:<default>):RequestLoggingListener: time 184588861: onRequestFailure: {requestId: 542, elapsedTime: -1 ms, throwable: java.lang.NullPointerException: Encoded image is not valid.}
3a45bd43-82d2-4650-8571-039f48c0fdca 2016-12-02 03:04:18.175999763 454759 [184589.015520] 26367 27174 W fb4a(:<default>):RequestLoggingListener: time 184588944: onRequestFailure: {requestId: 544, elapsedTime: -1 ms, throwable: java.lang.NullPointerException: Encoded image is not valid.}
3a45bd43-82d2-4650-8571-039f48c0fdca 2016-12-02 03:04:18.175999763 454760 [184589.017522] 26367 27174 W fb4a(:<default>):RequestLoggingListener: time 184588946: onRequestFailure: {requestId: 546, elapsedTime: -1 ms, throwable: java.lang.NullPointerException: Encoded image is not valid.}
3a45bd43-82d2-4650-8571-039f48c0fdca 2016-12-02 03:04:18.355999762 454761 [184589.194405] 26367 27174 W fb4a(:<default>):RequestLoggingListener: time 184589123: onRequestFailure: {requestId: 556, elapsedTime: -1 ms, throwable: java.lang.NullPointerException: Encoded image is not valid.}
3a45bd43-82d2-4650-8571-039f48c0fdca 2016-12-02 03:04:18.355999762 454762 [184589.196631] 26367 27174 W fb4a(:<default>):RequestLoggingListener: time 184589125: onRequestFailure: {requestId: 558, elapsedTime: -1 ms, throwable: java.lang.NullPointerException: Encoded image is not valid.}
3a45bd43-82d2-4650-8571-039f48c0fdca 2016-12-02 03:04:18.355999762 454763 [184589.198793] 26367 27174 W fb4a(:<default>):RequestLoggingListener: time 184589127: onRequestFailure: {requestId: 560, elapsedTime: -1 ms, throwable: java.lang.NullPointerException: Encoded image is not valid.}
3a45bd43-82d2-4650-8571-039f48c0fdca 2016-12-02 03:04:18.365999762 454764 [184589.201248] 26367 27174 W fb4a(:<default>):RequestLoggingListener: time 184589130: onRequestFailure: {requestId: 562, elapsedTime: -1 ms, throwable: java.lang.NullPointerException: Encoded image is not valid.}
3a45bd43-82d2-4650-8571-039f48c0fdca 2016-12-02 03:04:18.505999762 454765 [184589.345806]   291   291 I SurfaceFlinger: {"token":1731, "diffs":[[184587338, 0.014581],[184587389, 0.013902],[184587522, 0.013394],[184587573, 0.601874],[184587627, 0.044081],[184588363, 0.000000],[184588565, 0.000000],[184588631, 42.057293],[184588683, 42.664932],[184588740, 43.098957],[184588786, 46.875000],[184588836, 60.026043],[184588884, 63.758682],[184588934, 69.097221],[184588985, 65.581596],[184589035, 58.854168],[184589085, 57.942707],[184589152, 38.368057],[184589203, 64.322914],[184589256, 50.868057]]}
3a45bd43-82d2-4650-8571-039f48c0fdca 2016-12-02 03:04:18.605999762 454766 [184589.444281]   291   291 I SurfaceFlinger: {"fps":80.0, "tot_frames":88185, "prev_frames":88104, "cur_time": 184589373389806, "prev_time": 184588361320483}
3a45bd43-82d2-4650-8571-039f48c0fdca 2016-12-02 03:04:18.765999762 454767 [184589.600948]   414   414 D KernelPrintk:  SUBSYSTEM=i2c
3a45bd43-82d2-4650-8571-039f48c0fdca 2016-12-02 03:04:18.765999762 454768 [184589.600963]   414   414 D KernelPrintk:  DEVICE=+i2c:0-001c
3a45bd43-82d2-4650-8571-039f48c0fdca 2016-12-02 03:04:18.765999762 454769 [184589.600982]   414   414 D KernelPrintk: 4,60626,184589592771,-;smb135x-charger 0-001c: Increase Input Rate
3a45bd43-82d2-4650-8571-039f48c0fdca 2016-12-02 03:04:18.935999762 454770 [184589.774705] 26367 27174 W fb4a(:<default>):RequestLoggingListener: time 184589703: onRequestFailure: {requestId: 567, elapsedTime: -1 ms, throwable: java.lang.NullPointerException: Encoded image is not valid.}
3a45bd43-82d2-4650-8571-039f48c0fdca 2016-12-02 03:04:18.935999762 454771 [184589.775014] 26367 27162 W fb4a(:<default>):RequestLoggingListener: time 184589704: onRequestFailure: {requestId: 565, elapsedTime: -1 ms, throwable: java.lang.NullPointerException: Encoded image is not valid.}
3a45bd43-82d2-4650-8571-039f48c0fdca 2016-12-02 03:04:18.935999762 454772 [184589.776334] 26367 27162 W fb4a(:<default>):RequestLoggingListener: time 184589705: onRequestFailure: {requestId: 569, elapsedTime: -1 ms, throwable: java.lang.NullPointerException: Encoded image is not valid.}
3a45bd43-82d2-4650-8571-039f48c0fdca 2016-12-02 03:04:18.935999762 454773 [184589.778167] 26367 27162 W fb4a(:<default>):RequestLoggingListener: time 184589707: onRequestFailure: {requestId: 571, elapsedTime: -1 ms, throwable: java.lang.NullPointerException: Encoded image is not valid.}
3a45bd43-82d2-4650-8571-039f48c0fdca 2016-12-02 03:04:19.155999762 454774 [184589.993309] 26367 27162 W fb4a(:<default>):RequestLoggingListener: time 184589922: onRequestFailure: {requestId: 573, elapsedTime: -1 ms, throwable: java.lang.NullPointerException: Encoded image is not valid.}
3a45bd43-82d2-4650-8571-039f48c0fdca 2016-12-02 03:04:19.155999762 454775 [184590.000218] 26367 27162 W fb4a(:<default>):RequestLoggingListener: time 184589929: onRequestFailure: {requestId: 574, elapsedTime: -1 ms, throwable: java.lang.NullPointerException: Encoded image is not valid.}
3a45bd43-82d2-4650-8571-039f48c0fdca 2016-12-02 03:04:19.165999762 454776 [184590.001884] 26367 27246 W fb4a(:<default>):RequestLoggingListener: time 184589930: onRequestFailure: {requestId: 575, elapsedTime: -1 ms, throwable: java.lang.NullPointerException: Encoded image is not valid.}
3a45bd43-82d2-4650-8571-039f48c0fdca 2016-12-02 03:04:19.435999762 454777 [184590.270935] 26367 27174 W fb4a(:<default>):RequestLoggingListener: time 184590193: onRequestFailure: {requestId: 578, elapsedTime: -1 ms, throwable: java.lang.NullPointerException: Encoded image is not valid.}
3a45bd43-82d2-4650-8571-039f48c0fdca 2016-12-02 03:04:19.435999762 454778 [184590.271412] 26367 27246 W fb4a(:<default>):RequestLoggingListener: time 184590200: onRequestFailure: {requestId: 577, elapsedTime: -1 ms, throwable: java.lang.NullPointerException: Encoded image is not valid.}
3a45bd43-82d2-4650-8571-039f48c0fdca 2016-12-02 03:04:19.435999762 454779 [184590.272415] 26367 27174 W fb4a(:<default>):RequestLoggingListener: time 184590201: onRequestFailure: {requestId: 579, elapsedTime: -1 ms, throwable: java.lang.NullPointerException: Encoded image is not valid.}
3a45bd43-82d2-4650-8571-039f48c0fdca 2016-12-02 03:04:19.625999762 454780 [184590.463310] 26367 27174 W fb4a(:<default>):RequestLoggingListener: time 184590392: onRequestFailure: {requestId: 583, elapsedTime: -1 ms, throwable: java.lang.NullPointerException: Encoded image is not valid.}
3a45bd43-82d2-4650-8571-039f48c0fdca 2016-12-02 03:04:19.625999762 454781 [184590.465503] 26367 27174 W fb4a(:<default>):RequestLoggingListener: time 184590394: onRequestFailure: {requestId: 585, elapsedTime: -1 ms, throwable: java.lang.NullPointerException: Encoded image is not valid.}
3a45bd43-82d2-4650-8571-039f48c0fdca 2016-12-02 03:04:19.825999762 454782 [184590.666339] 26367 27174 W fb4a(:<default>):RequestLoggingListener: time 184590595: onRequestFailure: {requestId: 588, elapsedTime: -1 ms, throwable: java.lang.NullPointerException: Encoded image is not valid.}
3a45bd43-82d2-4650-8571-039f48c0fdca 2016-12-02 03:04:19.825999762 454783 [184590.669892] 26367 27174 W fb4a(:<default>):RequestLoggingListener: time 184590598: onRequestFailure: {requestId: 590, elapsedTime: -1 ms, throwable: java.lang.NullPointerException: Encoded image is not valid.}
3a45bd43-82d2-4650-8571-039f48c0fdca 2016-12-02 03:04:19.865999762 454784 [184590.701371]   291   291 I SurfaceFlinger: {"fps":51.7, "tot_frames":88250, "prev_frames":88185, "cur_time": 184590630479857, "prev_time": 184589373389806}
3a45bd43-82d2-4650-8571-039f48c0fdca 2016-12-02 03:04:20.215999762 454785 [184591.052867] 26367 27174 W fb4a(:<default>):RequestLoggingListener: time 184590981: onRequestFailure: {requestId: 593, elapsedTime: -1 ms, throwable: java.lang.NullPointerException: Encoded image is not valid.}
3a45bd43-82d2-4650-8571-039f48c0fdca 2016-12-02 03:04:20.215999762 454786 [184591.054295]   414   414 D KernelPrintk:  SUBSYSTEM=i2c
3a45bd43-82d2-4650-8571-039f48c0fdca 2016-12-02 03:04:20.215999762 454787 [184591.054307]   414   414 D KernelPrintk:  DEVICE=+i2c:0-001c
3a45bd43-82d2-4650-8571-039f48c0fdca 2016-12-02 03:04:20.215999762 454788 [184591.054339]   414   414 D KernelPrintk: 4,60627,184591048435,-;wl_bss_connect_done succeeded with 10:fe:ed:e5:8c:97
3a45bd43-82d2-4650-8571-039f48c0fdca 2016-12-02 03:04:20.215999762 454789 [184591.060632] 26367 27174 W fb4a(:<default>):RequestLoggingListener: time 184590989: onRequestFailure: {requestId: 594, elapsedTime: -1 ms, throwable: java.lang.NullPointerException: Encoded image is not valid.}
3a45bd43-82d2-4650-8571-039f48c0fdca 2016-12-02 03:04:20.215999762 11580 [184591.054095]   404   980 D NetlinkEvent: Unknown ND option type 31
3a45bd43-82d2-4650-8571-039f48c0fdca 2016-12-02 03:04:20.225999762 454790 [184591.062113] 26367 27246 W fb4a(:<default>):RequestLoggingListener: time 184590991: onRequestFailure: {requestId: 595, elapsedTime: -1 ms, throwable: java.lang.NullPointerException: Encoded image is not valid.}
3a45bd43-82d2-4650-8571-039f48c0fdca 2016-12-02 03:04:20.225999762 454791 [184591.063333] 26367 27174 W fb4a(:<default>):RequestLoggingListener: time 184590992: onRequestFailure: {requestId: 596, elapsedTime: -1 ms, throwable: java.lang.NullPointerException: Encoded image is not valid.}
3a45bd43-82d2-4650-8571-039f48c0fdca 2016-12-02 03:04:20.225999762 454792 [184591.069028] 26367 27162 W fb4a(:<default>):RequestLoggingListener: time 184590998: onRequestFailure: {requestId: 597, elapsedTime: -1 ms, throwable: java.lang.NullPointerException: Encoded image is not valid.}
3a45bd43-82d2-4650-8571-039f48c0fdca 2016-12-02 03:04:20.235999762 454793 [184591.071604] 26367 27162 W fb4a(:<default>):RequestLoggingListener: time 184591000: onRequestFailure: {requestId: 598, elapsedTime: -1 ms, throwable: java.lang.NullPointerException: Encoded image is not valid.}
3a45bd43-82d2-4650-8571-039f48c0fdca 2016-12-02 03:04:20.235999762 454794 [184591.074717] 26367 27162 W fb4a(:<default>):RequestLoggingListener: time 184591003: onRequestFailure: {requestId: 599, elapsedTime: -1 ms, throwable: java.lang.NullPointerException: Encoded image is not valid.}
3a45bd43-82d2-4650-8571-039f48c0fdca 2016-12-02 03:04:20.235999762 454795 [184591.077620] 26367 27174 W fb4a(:<default>):RequestLoggingListener: time 184591006: onRequestFailure: {requestId: 600, elapsedTime: -1 ms, throwable: java.lang.NullPointerException: Encoded image is not valid.}
3a45bd43-82d2-4650-8571-039f48c0fdca 2016-12-02 03:04:20.235999762 454796 [184591.078693] 26367 27246 W fb4a(:<default>):RequestLoggingListener: time 184591007: onRequestFailure: {requestId: 601, elapsedTime: -1 ms, throwable: java.lang.NullPointerException: Encoded image is not valid.}
3a45bd43-82d2-4650-8571-039f48c0fdca 2016-12-02 03:04:20.245999762 454797 [184591.083015] 26367 27162 W fb4a(:<default>):RequestLoggingListener: time 184591012: onRequestFailure: {requestId: 602, elapsedTime: -1 ms, throwable: java.lang.NullPointerException: Encoded image is not valid.}
3a45bd43-82d2-4650-8571-039f48c0fdca 2016-12-02 03:04:20.245999762 454798 [184591.083863] 26367 27246 W fb4a(:<default>):RequestLoggingListener: time 184591012: onRequestFailure: {requestId: 603, elapsedTime: -1 ms, throwable: java.lang.NullPointerException: Encoded image is not valid.}
3a45bd43-82d2-4650-8571-039f48c0fdca 2016-12-02 03:04:20.505999762 454799 [184591.343151] 26367 27246 W fb4a(:<default>):RequestLoggingListener: time 184591272: onRequestFailure: {requestId: 605, elapsedTime: -1 ms, throwable: java.lang.NullPointerException: Encoded image is not valid.}
3a45bd43-82d2-4650-8571-039f48c0fdca 2016-12-02 03:04:20.505999762 454800 [184591.348473] 26367 27162 W fb4a(:<default>):RequestLoggingListener: time 184591277: onRequestFailure: {requestId: 606, elapsedTime: -1 ms, throwable: java.lang.NullPointerException: Encoded image is not valid.}
3a45bd43-82d2-4650-8571-039f48c0fdca 2016-12-02 03:04:20.505999762 454801 [184591.350834] 26367 27246 W fb4a(:<default>):RequestLoggingListener: time 184591279: onRequestFailure: {requestId: 607, elapsedTime: -1 ms, throwable: java.lang.NullPointerException: Encoded image is not valid.}
3a45bd43-82d2-4650-8571-039f48c0fdca 2016-12-02 03:04:20.515999762 454802 [184591.352755] 26367 27162 W fb4a(:<default>):RequestLoggingListener: time 184591281: onRequestFailure: {requestId: 608, elapsedTime: -1 ms, throwable: java.lang.NullPointerException: Encoded image is not valid.}
3a45bd43-82d2-4650-8571-039f48c0fdca 2016-12-02 03:04:20.515999762 454803 [184591.353235] 26367 27174 W fb4a(:<default>):RequestLoggingListener: time 184591282: onRequestFailure: {requestId: 609, elapsedTime: -1 ms, throwable: java.lang.NullPointerException: Encoded image is not valid.}
3a45bd43-82d2-4650-8571-039f48c0fdca 2016-12-02 03:04:20.515999762 454804 [184591.354089] 26367 27246 W fb4a(:<default>):RequestLoggingListener: time 184591283: onRequestFailure: {requestId: 610, elapsedTime: -1 ms, throwable: java.lang.NullPointerException: Encoded image is not valid.}
3a45bd43-82d2-4650-8571-039f48c0fdca 2016-12-02 03:04:20.515999762 454805 [184591.355337] 26367 27162 W fb4a(:<default>):RequestLoggingListener: time 184591284: onRequestFailure: {requestId: 611, elapsedTime: -1 ms, throwable: java.lang.NullPointerException: Encoded image is not valid.}
3a45bd43-82d2-4650-8571-039f48c0fdca 2016-12-02 03:04:20.515999762 454806 [184591.355936] 26367 27174 W fb4a(:<default>):RequestLoggingListener: time 184591284: onRequestFailure: {requestId: 612, elapsedTime: -1 ms, throwable: java.lang.NullPointerException: Encoded image is not valid.}
3a45bd43-82d2-4650-8571-039f48c0fdca 2016-12-02 03:04:20.515999762 454807 [184591.356575] 26367 27246 W fb4a(:<default>):RequestLoggingListener: time 184591285: onRequestFailure: {requestId: 613, elapsedTime: -1 ms, throwable: java.lang.NullPointerException: Encoded image is not valid.}
3a45bd43-82d2-4650-8571-039f48c0fdca 2016-12-02 03:04:20.515999762 454808 [184591.357508] 26367 27174 W fb4a(:<default>):RequestLoggingListener: time 184591286: onRequestFailure: {requestId: 614, elapsedTime: -1 ms, throwable: java.lang.NullPointerException: Encoded image is not valid.}
3a45bd43-82d2-4650-8571-039f48c0fdca 2016-12-02 03:04:20.515999762 454809 [184591.358491] 26367 27174 W fb4a(:<default>):RequestLoggingListener: time 184591287: onRequestFailure: {requestId: 615, elapsedTime: -1 ms, throwable: java.lang.NullPointerException: Encoded image is not valid.}
3a45bd43-82d2-4650-8571-039f48c0fdca 2016-12-02 03:04:20.525999762 454810 [184591.365609] 26367 27174 W fb4a(:<default>):RequestLoggingListener: time 184591294: onRequestFailure: {requestId: 618, elapsedTime: -1 ms, throwable: java.lang.NullPointerException: Encoded image is not valid.}
3a45bd43-82d2-4650-8571-039f48c0fdca 2016-12-02 03:04:20.585999762 454811 [184591.421443]   414   414 D KernelPrintk: 4,60628,184591417793,-;smb135x-charger 0-001c: Input current Set 0x0
3a45bd43-82d2-4650-8571-039f48c0fdca 2016-12-02 03:04:20.765999762 454812 [184591.605620] 26367 27162 W fb4a(:<default>):RequestLoggingListener: time 184591534: onRequestFailure: {requestId: 621, elapsedTime: -1 ms, throwable: java.lang.NullPointerException: Encoded image is not valid.}
3a45bd43-82d2-4650-8571-039f48c0fdca 2016-12-02 03:04:20.765999762 454813 [184591.606756] 26367 27246 W fb4a(:<default>):RequestLoggingListener: time 184591535: onRequestFailure: {requestId: 622, elapsedTime: -1 ms, throwable: java.lang.NullPointerException: Encoded image is not valid.}
3a45bd43-82d2-4650-8571-039f48c0fdca 2016-12-02 03:04:20.765999762 454814 [184591.609463] 26367 27174 W fb4a(:<default>):RequestLoggingListener: time 184591538: onRequestFailure: {requestId: 623, elapsedTime: -1 ms, throwable: java.lang.NullPointerException: Encoded image is not valid.}
3a45bd43-82d2-4650-8571-039f48c0fdca 2016-12-02 03:04:20.765999762 454815 [184591.609942] 26367 27246 W fb4a(:<default>):RequestLoggingListener: time 184591539: onRequestFailure: {requestId: 624, elapsedTime: -1 ms, throwable: java.lang.NullPointerException: Encoded image is not valid.}
3a45bd43-82d2-4650-8571-039f48c0fdca 2016-12-02 03:04:20.775999762 454816 [184591.610945] 26367 27174 W fb4a(:<default>):RequestLoggingListener: time 184591539: onRequestFailure: {requestId: 625, elapsedTime: -1 ms, throwable: java.lang.NullPointerException: Encoded image is not valid.}
3a45bd43-82d2-4650-8571-039f48c0fdca 2016-12-02 03:04:20.775999762 454817 [184591.612463] 26367 27174 W fb4a(:<default>):RequestLoggingListener: time 184591541: onRequestFailure: {requestId: 626, elapsedTime: -1 ms, throwable: java.lang.NullPointerException: Encoded image is not valid.}
3a45bd43-82d2-4650-8571-039f48c0fdca 2016-12-02 03:04:20.775999762 454818 [184591.613427] 26367 27174 W fb4a(:<default>):RequestLoggingListener: time 184591542: onRequestFailure: {requestId: 627, elapsedTime: -1 ms, throwable: java.lang.NullPointerException: Encoded image is not valid.}
3a45bd43-82d2-4650-8571-039f48c0fdca 2016-12-02 03:04:20.775999762 454819 [184591.614840] 26367 27174 W fb4a(:<default>):RequestLoggingListener: time 184591543: onRequestFailure: {requestId: 628, elapsedTime: -1 ms, throwable: java.lang.NullPointerException: Encoded image is not valid.}
3a45bd43-82d2-4650-8571-039f48c0fdca 2016-12-02 03:04:20.775999762 454820 [184591.615687] 26367 27246 W fb4a(:<default>):RequestLoggingListener: time 184591544: onRequestFailure: {requestId: 629, elapsedTime: -1 ms, throwable: java.lang.NullPointerException: Encoded image is not valid.}
3a45bd43-82d2-4650-8571-039f48c0fdca 2016-12-02 03:04:20.775999762 454821 [184591.616715] 26367 27174 W fb4a(:<default>):RequestLoggingListener: time 184591545: onRequestFailure: {requestId: 630, elapsedTime: -1 ms, throwable: java.lang.NullPointerException: Encoded image is not valid.}
3a45bd43-82d2-4650-8571-039f48c0fdca 2016-12-02 03:04:20.785999762 454822 [184591.623380] 26367 27174 W fb4a(:<default>):RequestLoggingListener: time 184591552: onRequestFailure: {requestId: 633, elapsedTime: -1 ms, throwable: java.lang.NullPointerException: Encoded image is not valid.}
3a45bd43-82d2-4650-8571-039f48c0fdca 2016-12-02 03:04:20.985999761 454823 [184591.830080]   291   291 I SurfaceFlinger: {"fps":21.3, "tot_frames":88274, "prev_frames":88250, "cur_time": 184591759175274, "prev_time": 184590630479857}
3a45bd43-82d2-4650-8571-039f48c0fdca 2016-12-02 03:04:21.5999761 454824 [184591.849615]   291   291 I SurfaceFlinger: {"token":1732, "diffs":[[184589307, 50.130207],[184589358, 47.135418],[184589407, 47.265625],[184589458, 52.560764],[184589509, 47.222221],[184589558, 45.920139],[184589609, 44.661457],[184589741, 53.298611],[184589805, 39.843750],[184589860, 39.366318],[184589912, 33.637154],[184590249, 48.046875],[184590305, 63.107639],[184590632, 78.081596],[184590799, 63.411457],[184590848, 44.791668],[184590894, 44.835068],[184590953, 42.534721],[184591004, 36.132812],[184591761, 58.637154]]}
3a45bd43-82d2-4650-8571-039f48c0fdca 2016-12-02 03:04:21.455999761 454825 [184592.296578] 26367 27174 W fb4a(:<default>):RequestLoggingListener: time 184592225: onRequestFailure: {requestId: 636, elapsedTime: -1 ms, throwable: java.lang.NullPointerException: Encoded image is not valid.}
3a45bd43-82d2-4650-8571-039f48c0fdca 2016-12-02 03:04:21.455999761 454826 [184592.297149] 26367 27162 W fb4a(:<default>):RequestLoggingListener: time 184592226: onRequestFailure: {requestId: 637, elapsedTime: -1 ms, throwable: java.lang.NullPointerException: Encoded image is not valid.}
3a45bd43-82d2-4650-8571-039f48c0fdca 2016-12-02 03:04:21.455999761 454827 [184592.299300] 26367 27162 W fb4a(:<default>):RequestLoggingListener: time 184592228: onRequestFailure: {requestId: 638, elapsedTime: -1 ms, throwable: java.lang.NullPointerException: Encoded image is not valid.}
3a45bd43-82d2-4650-8571-039f48c0fdca 2016-12-02 03:04:21.465999761 454828 [184592.302493] 26367 27162 W fb4a(:<default>):RequestLoggingListener: time 184592231: onRequestFailure: {requestId: 639, elapsedTime: -1 ms, throwable: java.lang.NullPointerException: Encoded image is not valid.}
3a45bd43-82d2-4650-8571-039f48c0fdca 2016-12-02 03:04:21.465999761 454829 [184592.303543] 26367 27174 W fb4a(:<default>):RequestLoggingListener: time 184592232: onRequestFailure: {requestId: 640, elapsedTime: -1 ms, throwable: java.lang.NullPointerException: Encoded image is not valid.}
3a45bd43-82d2-4650-8571-039f48c0fdca 2016-12-02 03:04:21.465999761 454830 [184592.305444] 26367 27174 W fb4a(:<default>):RequestLoggingListener: time 184592234: onRequestFailure: {requestId: 641, elapsedTime: -1 ms, throwable: java.lang.NullPointerException: Encoded image is not valid.}
3a45bd43-82d2-4650-8571-039f48c0fdca 2016-12-02 03:04:21.465999761 454831 [184592.306494] 26367 27174 W fb4a(:<default>):RequestLoggingListener: time 184592235: onRequestFailure: {requestId: 642, elapsedTime: -1 ms, throwable: java.lang.NullPointerException: Encoded image is not valid.}
3a45bd43-82d2-4650-8571-039f48c0fdca 2016-12-02 03:04:21.465999761 454832 [184592.309886] 26367 27174 W fb4a(:<default>):RequestLoggingListener: time 184592238: onRequestFailure: {requestId: 643, elapsedTime: -1 ms, throwable: java.lang.NullPointerException: Encoded image is not valid.}
3a45bd43-82d2-4650-8571-039f48c0fdca 2016-12-02 03:04:21.475999761 454833 [184592.312338] 26367 27174 W fb4a(:<default>):RequestLoggingListener: time 184592241: onRequestFailure: {requestId: 644, elapsedTime: -1 ms, throwable: java.lang.NullPointerException: Encoded image is not valid.}
3a45bd43-82d2-4650-8571-039f48c0fdca 2016-12-02 03:04:21.485999761 454834 [184592.324345] 26367 27174 W fb4a(:<default>):RequestLoggingListener: time 184592253: onRequestFailure: {requestId: 647, elapsedTime: -1 ms, throwable: java.lang.NullPointerException: Encoded image is not valid.}
3a45bd43-82d2-4650-8571-039f48c0fdca 2016-12-02 03:04:21.485999761 454835 [184592.326259] 26367 27174 W fb4a(:<default>):RequestLoggingListener: time 184592255: onRequestFailure: {requestId: 648, elapsedTime: -1 ms, throwable: java.lang.NullPointerException: Encoded image is not valid.}
3a45bd43-82d2-4650-8571-039f48c0fdca 2016-12-02 03:04:21.995999761 454836 [184592.837974]   291   291 I SurfaceFlinger: {"fps":91.3, "tot_frames":88366, "prev_frames":88274, "cur_time": 184592767065690, "prev_time": 184591759175274}
3a45bd43-82d2-4650-8571-039f48c0fdca 2016-12-02 03:04:22.215999761 454837 [184593.057908]   291   291 I SurfaceFlinger: {"token":1733, "diffs":[[184591806, 58.940971],[184591852, 54.947918],[184591903, 54.296875],[184591959, 48.741318],[184592011, 46.484375],[184592061, 43.858505],[184592111, 40.668404],[184592164, 37.369793],[184592213, 35.069443],[184592449, 43.294270],[184592508, 49.739582],[184592568, 48.177082],[184592618, 39.626736],[184592668, 38.519966],[184592717, 37.152779],[184592768, 37.087673],[184592818, 36.979168],[184592869, 31.510416],[184592919, 30.902779],[184592970, 31.358507]]}
3a45bd43-82d2-4650-8571-039f48c0fdca 2016-12-02 03:04:22.545999761 454838 [184593.387641] 26367 27174 W fb4a(:<default>):RequestLoggingListener: time 184593316: onRequestFailure: {requestId: 652, elapsedTime: -1 ms, throwable: java.lang.NullPointerException: Encoded image is not valid.}
3a45bd43-82d2-4650-8571-039f48c0fdca 2016-12-02 03:04:22.545999761 454839 [184593.388143] 26367 27162 W fb4a(:<default>):RequestLoggingListener: time 184593317: onRequestFailure: {requestId: 653, elapsedTime: -1 ms, throwable: java.lang.NullPointerException: Encoded image is not valid.}
3a45bd43-82d2-4650-8571-039f48c0fdca 2016-12-02 03:04:22.545999761 454840 [184593.389923] 26367 27162 W fb4a(:<default>):RequestLoggingListener: time 184593318: onRequestFailure: {requestId: 654, elapsedTime: -1 ms, throwable: java.lang.NullPointerException: Encoded image is not valid.}
3a45bd43-82d2-4650-8571-039f48c0fdca 2016-12-02 03:04:23.775999760 454841 [184594.611029]   414   414 D KernelPrintk:  SUBSYSTEM=i2c
3a45bd43-82d2-4650-8571-039f48c0fdca 2016-12-02 03:04:23.775999760 454842 [184594.611045]   414   414 D KernelPrintk:  DEVICE=+i2c:0-001c
3a45bd43-82d2-4650-8571-039f48c0fdca 2016-12-02 03:04:23.775999760 454843 [184594.611068]   414   414 D KernelPrintk: 4,60629,184594605858,-;smb135x-charger 0-001c: Increase Input Rate
3a45bd43-82d2-4650-8571-039f48c0fdca 2016-12-02 03:04:23.825999760 454844 [184594.668381]   291   291 I SurfaceFlinger: {"fps":36.1, "tot_frames":88432, "prev_frames":88366, "cur_time": 184594597470585, "prev_time": 184592767065690}
3a45bd43-82d2-4650-8571-039f48c0fdca 2016-12-02 03:04:24.35999760 454845 [184594.874993]   409  1041 D audio_hw_primary: out_set_parameters: enter: usecase(1: low-latency-playback) kvpairs: routing=2
3a45bd43-82d2-4650-8571-039f48c0fdca 2016-12-02 03:04:24.45999760 454846 [184594.885473]   409  1041 D audio_hw_primary: select_devices: out_snd_device(2: speaker) in_snd_device(0: none)
3a45bd43-82d2-4650-8571-039f48c0fdca 2016-12-02 03:04:24.45999760 454847 [184594.885503]   409  1041 W msm8974_platform: Codec backend bitwidth 16, samplerate 48000
3a45bd43-82d2-4650-8571-039f48c0fdca 2016-12-02 03:04:24.45999760 454848 [184594.885521]   409  1041 D msm8974_platform: platform_send_audio_calibration: sending audio calibration for snd_device(2) acdb_id(15)
3a45bd43-82d2-4650-8571-039f48c0fdca 2016-12-02 03:04:24.45999760 454849 [184594.885658]   409  1041 D audio_hw_primary: enable_snd_device: snd_device(2: speaker)
3a45bd43-82d2-4650-8571-039f48c0fdca 2016-12-02 03:04:24.55999760 454850 [184594.894764]   409  1041 D audio_hw_primary: enable_audio_route: apply and update mixer path: low-latency-playback speaker
3a45bd43-82d2-4650-8571-039f48c0fdca 2016-12-02 03:04:24.55999760 11581 [184594.891493]   988  1000 I ActivityManager: START u0 {act=com.android.systemui.recents.SHOW_RECENTS flg=0x10804000 cmp=com.android.systemui/.recents.RecentsActivity} from uid 10029 on display 0
3a45bd43-82d2-4650-8571-039f48c0fdca 2016-12-02 03:04:24.115999760 454851 [184594.953270] 26367 26367 I Activity-LifeCycle-QoE: {"Action":"onPause","AppName":"com.facebook.katana","Pid":26367,"Uid":10085,"Tid":26367,"ParentActivity":"NULL","ActivityName":"com.facebook.katana\/com.facebook.katana.activity.ImmersiveActivity","Time":1480665864120,"UpTime":184594882,"SessionID":"948197d2-647c-453b-ad43-bc634919a97f","timestamp":1480665864120,"uptimeNanos":209215855905865,"LogFormat":"1.1"}
3a45bd43-82d2-4650-8571-039f48c0fdca 2016-12-02 03:04:24.145999760 11582 [184594.983239]   988  2197 I ActivityManager: Start proc 27270:com.facebook.katana:browser/u0a85 for service com.facebook.katana/com.facebook.browser.lite.BrowserLiteIntentService
3a45bd43-82d2-4650-8571-039f48c0fdca 2016-12-02 03:04:24.195999760 454852 [184595.035791]   988   998 I art     : Background partial concurrent mark sweep GC freed 88487(6MB) AllocSpace objects, 22(656KB) LOS objects, 30% free, 36MB/52MB, paused 1.152ms total 151.408ms
3a45bd43-82d2-4650-8571-039f48c0fdca 2016-12-02 03:04:24.235999760 454853 [184595.079062]  1692  1692 I Activity-LifeCycle-QoE: {"Action":"onStart","AppName":"com.android.systemui","Pid":1692,"Uid":10029,"Tid":1692,"ParentActivity":"NULL","ActivityName":"com.android.systemui\/com.android.systemui.recents.RecentsActivity","Time":1480665864246,"UpTime":184595007,"SessionID":"8d966e97-7286-4146-9438-021612dae4d3","timestamp":1480665864246,"uptimeNanos":209215981635135,"LogFormat":"1.1"}
3a45bd43-82d2-4650-8571-039f48c0fdca 2016-12-02 03:04:24.255999760 454854 [184595.093826]  1692  1692 I Activity-LifeCycle-QoE: {"Action":"onResume","AppName":"com.android.systemui","Pid":1692,"Uid":10029,"Tid":1692,"ParentActivity":"NULL","ActivityName":"com.android.systemui\/com.android.systemui.recents.RecentsActivity","Time":1480665864261,"UpTime":184595022,"SessionID":"8d966e97-7286-4146-9438-021612dae4d3","timestamp":1480665864261,"uptimeNanos":209215996469042,"LogFormat":"1.1"}
3a45bd43-82d2-4650-8571-039f48c0fdca 2016-12-02 03:04:24.255999760 454855 [184595.095236]  1692  1692 I Activity-LifeCycle-QoE: {"Action":"onPause","AppName":"com.android.systemui","Pid":1692,"Uid":10029,"Tid":1692,"ParentActivity":"NULL","ActivityName":"com.android.systemui\/com.android.systemui.recents.RecentsActivity","Time":1480665864262,"UpTime":184595024,"SessionID":"8d966e97-7286-4146-9438-021612dae4d3","timestamp":1480665864262,"uptimeNanos":209215997890031,"LogFormat":"1.1"}
3a45bd43-82d2-4650-8571-039f48c0fdca 2016-12-02 03:04:24.255999760 454856 [184595.095615]  1692  1692 I Activity-LifeCycle-QoE: {"Action":"onResume","AppName":"com.android.systemui","Pid":1692,"Uid":10029,"Tid":1692,"ParentActivity":"NULL","ActivityName":"com.android.systemui\/com.android.systemui.recents.RecentsActivity","Time":1480665864262,"UpTime":184595024,"SessionID":"8d966e97-7286-4146-9438-021612dae4d3","timestamp":1480665864262,"uptimeNanos":209215998295656,"LogFormat":"1.1"}
3a45bd43-82d2-4650-8571-039f48c0fdca 2016-12-02 03:04:24.295999760 454857 [184595.139830] 26367 26367 I Activity-LifeCycle-QoE: {"Action":"onStop","AppName":"com.facebook.katana","Pid":26367,"Uid":10085,"Tid":26367,"ParentActivity":"NULL","ActivityName":"com.facebook.katana\/com.facebook.katana.activity.ImmersiveActivity","Time":1480665864306,"UpTime":184595068,"SessionID":"948197d2-647c-453b-ad43-bc634919a97f","timestamp":1480665864306,"uptimeNanos":209216042298156,"LogFormat":"1.1"}
3a45bd43-82d2-4650-8571-039f48c0fdca 2016-12-02 03:04:24.305999760 454858 [184595.144086] 26367 26367 I Spinner-State-QoE: {"Action":"SpinnerEvent","Type":"stop","View":"android.widget.ProgressBar","Parent":"android.widget.LinearLayout","RootView":"com.android.internal.policy.PhoneWindow$DecorView","AppName":"com.facebook.katana","Pid":26367,"Uid":10085,"Tid":26367,"Id":2131561792,"Token":"a1dc0929-cb45-4a8d-acdf-55c42478b2d5","Activity":"com.facebook.katana.activity.ImmersiveActivity","SessionID":"","Time":1480665864311,"UpTime":184595073,"timestamp":1480665864311,"uptimeNanos":209216046692740,"LogFormat":"1.1"}
3a45bd43-82d2-4650-8571-039f48c0fdca 2016-12-02 03:04:24.385999760 454859 [184595.220910]   414   414 D KernelPrintk:  SUBSYSTEM=i2c
3a45bd43-82d2-4650-8571-039f48c0fdca 2016-12-02 03:04:24.385999760 454860 [184595.220920]   414   414 D KernelPrintk:  DEVICE=+i2c:0-001c
3a45bd43-82d2-4650-8571-039f48c0fdca 2016-12-02 03:04:24.385999760 454861 [184595.220936]   414   414 D KernelPrintk: 36,60630,184595211739,-;type=1400 audit(1480665864.375:3873): avc: denied { ioctl } for pid=2309 comm="Binder_C" path="socket:[227864]" dev="sockfs" ino=227864 ioctlcmd=7704 scontext=u:r:system_server:s0 tcontext=u:r:system_server:s0 tclass=unix_stream_socket permissive=0
3a45bd43-82d2-4650-8571-039f48c0fdca 2016-12-02 03:04:24.385999760 454862 [184595.220951]   414   414 D KernelPrintk: 36,60631,184595212646,-;type=1400 audit(1480665864.375:3874): avc: denied { ioctl } for pid=2309 comm="Binder_C" path="socket:[227864]" dev="sockfs" ino=227864 ioctlcmd=7704 scontext=u:r:system_server:s0 tcontext=u:r:system_server:s0 tclass=unix_stream_socket permissive=0
3a45bd43-82d2-4650-8571-039f48c0fdca 2016-12-02 03:04:24.415999760 454863 [184595.260105] 27270 27270 I art     : Thread[1,tid=27270,Native,Thread*=0xb4d36500,peer=0x74c1a2a0,"main"] recursive attempt to load library "/data/user/0/com.facebook.katana/lib-xzs/libfb.so"
3a45bd43-82d2-4650-8571-039f48c0fdca 2016-12-02 03:04:24.465999760 454864 [184595.307564] 27270 27270 V appstatelogger: Registered App State Logger stream with Breakpad
3a45bd43-82d2-4650-8571-039f48c0fdca 2016-12-02 03:04:24.465999760 454865 [184595.308204] 27270 27270 V dalvik-internals: Hooking function _ZN3art12FaultManager35EnsureArtActionInFrontOfSignalChainEv
3a45bd43-82d2-4650-8571-039f48c0fdca 2016-12-02 03:04:24.465999760 454866 [184595.308255] 27270 27270 V dalvik-internals: hooked _ZN3art12FaultManager35EnsureArtActionInFrontOfSignalChainEv using trap ()
3a45bd43-82d2-4650-8571-039f48c0fdca 2016-12-02 03:04:24.465999760 454867 [184595.308317] 27270 27270 V dalvik-internals: hooked signal using trap ()
3a45bd43-82d2-4650-8571-039f48c0fdca 2016-12-02 03:04:24.465999760 454868 [184595.308373] 27270 27270 V dalvik-internals: hooked sysv_signal using trap ()
3a45bd43-82d2-4650-8571-039f48c0fdca 2016-12-02 03:04:24.465999760 454869 [184595.308401] 27270 27270 V dalvik-internals: hooked bsd_signal using trap ()
3a45bd43-82d2-4650-8571-039f48c0fdca 2016-12-02 03:04:24.465999760 454870 [184595.309634] 27270 27270 E linker  : "/system/bin/app_process32": ignoring 2-entry DT_PREINIT_ARRAY in shared library!
3a45bd43-82d2-4650-8571-039f48c0fdca 2016-12-02 03:04:24.465999760 454871 [184595.309751] 27270 27270 V dalvik-internals: hooked sigaction using trap ()
3a45bd43-82d2-4650-8571-039f48c0fdca 2016-12-02 03:04:24.465999760 454872 [184595.309849] 27270 27270 I dalvik-internals: installed sigmux crash handler for crash log
3a45bd43-82d2-4650-8571-039f48c0fdca 2016-12-02 03:04:24.545999760 11583 [184595.387362]   988  1689 I ActivityManager: Killing 26806:com.android.deskclock/u0a49 (adj 15): empty #17
3a45bd43-82d2-4650-8571-039f48c0fdca 2016-12-02 03:04:24.655999760 454873 [184595.495151]   988  1003 W art     : Long monitor contention event with owner method=void com.android.server.am.ActivityManagerService.serviceDoneExecuting(android.os.IBinder, int, int, int) from ActivityManagerService.java:16384 waiters=0 for 110ms
3a45bd43-82d2-4650-8571-039f48c0fdca 2016-12-02 03:04:24.675999760 454874 [184595.519573]   291   291 I SurfaceFlinger: {"token":1734, "diffs":[[184593020, 32.118057],[184593071, 33.007812],[184593122, 33.355034],[184593172, 32.921005],[184593237, 30.273438],[184593287, 18.446180],[184594599, 11.035156],[184594716, 0.000000],[184594761, 0.807020],[184594809, 0.442166],[184594862, 0.247192],[184594910, 0.077481],[184595005, 1.517741],[184595056, 1.561144],[184595110, 1.559787],[184595157, 14.854601],[184595215, 50.217014],[184595319, 36.024307],[184595367, 45.703125],[184595428, 19.889322]]}
3a45bd43-82d2-4650-8571-039f48c0fdca 2016-12-02 03:04:24.845999760 454875 [184595.681363]   291   291 I SurfaceFlinger: {"fps":70.1, "tot_frames":88503, "prev_frames":88432, "cur_time": 184595610472928, "prev_time": 184594597470585}
3a45bd43-82d2-4650-8571-039f48c0fdca 2016-12-02 03:04:25.175999760 11584 [184596.016709]   988  2865 I ActivityManager: START u0 {act=android.intent.action.MAIN cat=[android.intent.category.HOME] flg=0x10200000 cmp=com.google.android.googlequicksearchbox/com.google.android.launcher.GEL} from uid 10029 on display 0
3a45bd43-82d2-4650-8571-039f48c0fdca 2016-12-02 03:04:25.205999760 11585 [184596.050064]   988  3083 I ActivityManager: Killing 27270:com.facebook.katana:browser/u0a85 (adj 9): remove task
3a45bd43-82d2-4650-8571-039f48c0fdca 2016-12-02 03:04:25.285999760 454876 [184596.128171]  1692  1692 I Activity-LifeCycle-QoE: {"Action":"onPause","AppName":"com.android.systemui","Pid":1692,"Uid":10029,"Tid":1692,"ParentActivity":"NULL","ActivityName":"com.android.systemui\/com.android.systemui.recents.RecentsActivity","Time":1480665865295,"UpTime":184596057,"SessionID":"8d966e97-7286-4146-9438-021612dae4d3","timestamp":1480665865295,"uptimeNanos":209217030828156,"LogFormat":"1.1"}
3a45bd43-82d2-4650-8571-039f48c0fdca 2016-12-02 03:04:25.295999760 454877 [184596.131954]  1692  1692 I Activity-LifeCycle-QoE: {"Action":"onStop","AppName":"com.android.systemui","Pid":1692,"Uid":10029,"Tid":1692,"ParentActivity":"NULL","ActivityName":"com.android.systemui\/com.android.systemui.recents.RecentsActivity","Time":1480665865299,"UpTime":184596060,"SessionID":"8d966e97-7286-4146-9438-021612dae4d3","timestamp":1480665865299,"uptimeNanos":209217034590291,"LogFormat":"1.1"}
3a45bd43-82d2-4650-8571-039f48c0fdca 2016-12-02 03:04:25.295999760 454878 [184596.132204] 19114 19114 I Activity-LifeCycle-QoE: {"Action":"onStart","AppName":"com.google.android.googlequicksearchbox","Pid":19114,"Uid":10035,"Tid":19114,"ParentActivity":"NULL","ActivityName":"com.google.android.googlequicksearchbox\/com.google.android.launcher.GEL","Time":1480665865299,"UpTime":184596061,"SessionID":"d19b04d1-f347-43b0-ad77-173c95cd71e6","timestamp":1480665865299,"uptimeNanos":209217034823052,"LogFormat":"1.1"}
3a45bd43-82d2-4650-8571-039f48c0fdca 2016-12-02 03:04:25.295999760 11586 [184596.132834]   988  2197 I ActivityManager: Killing 27138:com.facebook.katana:videoplayer/u0a85 (adj 0): remove task
3a45bd43-82d2-4650-8571-039f48c0fdca 2016-12-02 03:04:25.355999760 454879 [184596.198171] 19114 19114 I Activity-LifeCycle-QoE: {"Action":"onResume","AppName":"com.google.android.googlequicksearchbox","Pid":19114,"Uid":10035,"Tid":19114,"ParentActivity":"NULL","ActivityName":"com.google.android.googlequicksearchbox\/com.google.android.launcher.GEL","Time":1480665865365,"UpTime":184596127,"SessionID":"d19b04d1-f347-43b0-ad77-173c95cd71e6","timestamp":1480665865365,"uptimeNanos":209217100820448,"LogFormat":"1.1"}
3a45bd43-82d2-4650-8571-039f48c0fdca 2016-12-02 03:04:25.355999760 11587 [184596.197333]   988  2197 W ActivityManager: Exception when destroying service com.facebook.katana/com.facebook.video.vps.VideoPlayerService
3a45bd43-82d2-4650-8571-039f48c0fdca 2016-12-02 03:04:25.355999760 11587 [184596.197333]   988  2197 W ActivityManager: android.os.DeadObjectException
3a45bd43-82d2-4650-8571-039f48c0fdca 2016-12-02 03:04:25.355999760 11587 [184596.197333]   988  2197 W ActivityManager: 	at android.os.BinderProxy.transactNative(Native Method)
3a45bd43-82d2-4650-8571-039f48c0fdca 2016-12-02 03:04:25.355999760 11587 [184596.197333]   988  2197 W ActivityManager: 	at android.os.BinderProxy.transact(Binder.java:503)
3a45bd43-82d2-4650-8571-039f48c0fdca 2016-12-02 03:04:25.355999760 11587 [184596.197333]   988  2197 W ActivityManager: 	at android.app.ApplicationThreadProxy.scheduleStopService(ApplicationThreadNative.java:985)
3a45bd43-82d2-4650-8571-039f48c0fdca 2016-12-02 03:04:25.355999760 11587 [184596.197333]   988  2197 W ActivityManager: 	at com.android.server.am.ActiveServices.bringDownServiceLocked(ActiveServices.java:1842)
3a45bd43-82d2-4650-8571-039f48c0fdca 2016-12-02 03:04:25.355999760 11587 [184596.197333]   988  2197 W ActivityManager: 	at com.android.server.am.ActiveServices.bringDownServiceIfNeededLocked(ActiveServices.java:1752)
3a45bd43-82d2-4650-8571-039f48c0fdca 2016-12-02 03:04:25.355999760 11587 [184596.197333]   988  2197 W ActivityManager: 	at com.android.server.am.ActiveServices.stopServiceLocked(ActiveServices.java:481)
3a45bd43-82d2-4650-8571-039f48c0fdca 2016-12-02 03:04:25.355999760 11587 [184596.197333]   988  2197 W ActivityManager: 	at com.android.server.am.ActiveServices.stopServiceLocked(ActiveServices.java:504)
3a45bd43-82d2-4650-8571-039f48c0fdca 2016-12-02 03:04:25.355999760 11587 [184596.197333]   988  2197 W ActivityManager: 	at com.android.server.am.ActivityManagerService.stopService(ActivityManagerService.java:16146)
3a45bd43-82d2-4650-8571-039f48c0fdca 2016-12-02 03:04:25.355999760 11587 [184596.197333]   988  2197 W ActivityManager: 	at android.app.ActivityManagerNative.onTransact(ActivityManagerNative.java:959)
3a45bd43-82d2-4650-8571-039f48c0fdca 2016-12-02 03:04:25.355999760 11587 [184596.197333]   988  2197 W ActivityManager: 	at com.android.server.am.ActivityManagerService.onTransact(ActivityManagerService.java:2674)
3a45bd43-82d2-4650-8571-039f48c0fdca 2016-12-02 03:04:25.355999760 11587 [184596.197333]   988  2197 W ActivityManager: 	at android.os.Binder.execTransact(Binder.java:453)
3a45bd43-82d2-4650-8571-039f48c0fdca 2016-12-02 03:04:25.365999760 454880 [184596.204730] 26367 26367 I Spinner-State-QoE: {"Action":"SpinnerEvent","Type":"stop","View":"android.widget.ProgressBar","Parent":"android.widget.FrameLayout","RootView":"com.android.internal.policy.PhoneWindow$DecorView","AppName":"com.facebook.katana","Pid":26367,"Uid":10085,"Tid":26367,"Id":2131564802,"Token":"53b07246-c22b-4f58-ac28-27ed5fa45155","Activity":"com.facebook.katana.activity.FbMainTabActivity","SessionID":"","Time":1480665865371,"UpTime":184596133,"timestamp":1480665865371,"uptimeNanos":209217107358885,"LogFormat":"1.1"}
3a45bd43-82d2-4650-8571-039f48c0fdca 2016-12-02 03:04:25.375999760 454881 [184596.211138] 19114 19114 I Activity-LifeCycle-QoE: {"Action":"onPause","AppName":"com.google.android.googlequicksearchbox","Pid":19114,"Uid":10035,"Tid":19114,"ParentActivity":"NULL","ActivityName":"com.google.android.googlequicksearchbox\/com.google.android.launcher.GEL","Time":1480665865378,"UpTime":184596140,"SessionID":"d19b04d1-f347-43b0-ad77-173c95cd71e6","timestamp":1480665865378,"uptimeNanos":209217113755812,"LogFormat":"1.1"}
3a45bd43-82d2-4650-8571-039f48c0fdca 2016-12-02 03:04:25.375999760 454882 [184596.217098] 19114 19114 I GEL     : handleIntent(Intent { act=android.intent.action.MAIN cat=[android.intent.category.HOME] flg=0x10600000 cmp=com.google.android.googlequicksearchbox/com.google.android.launcher.GEL })
3a45bd43-82d2-4650-8571-039f48c0fdca 2016-12-02 03:04:25.375999760 454883 [184596.217895] 26367 26367 I Spinner-State-QoE: {"Action":"SpinnerEvent","Type":"stop","View":"android.widget.ProgressBar","Parent":"com.facebook.widget.recyclerview.BetterRecyclerView","RootView":"com.android.internal.policy.PhoneWindow$DecorView","AppName":"com.facebook.katana","Pid":26367,"Uid":10085,"Tid":26367,"Id":2131559627,"Token":"deff7fda-9e21-4fe8-9071-9743797b53bb","Activity":"android.view.ContextThemeWrapper","SessionID":"unknown","Time":1480665865385,"UpTime":184596146,"timestamp":1480665865385,"uptimeNanos":209217120543416,"LogFormat":"1.1"}
3a45bd43-82d2-4650-8571-039f48c0fdca 2016-12-02 03:04:25.375999760 454884 [184596.218684] 19114 19114 I Activity-LifeCycle-QoE: {"Action":"onResume","AppName":"com.google.android.googlequicksearchbox","Pid":19114,"Uid":10035,"Tid":19114,"ParentActivity":"NULL","ActivityName":"com.google.android.googlequicksearchbox\/com.google.android.launcher.GEL","Time":1480665865385,"UpTime":184596147,"SessionID":"d19b04d1-f347-43b0-ad77-173c95cd71e6","timestamp":1480665865385,"uptimeNanos":209217121345343,"LogFormat":"1.1"}
3a45bd43-82d2-4650-8571-039f48c0fdca 2016-12-02 03:04:25.375999760 454885 [184596.220547] 26367 26367 I Spinner-State-QoE: {"Action":"SpinnerEvent","Type":"stop","View":"android.widget.ProgressBar","Parent":"com.facebook.widget.loadingindicator.LoadingIndicatorView","RootView":"com.android.internal.policy.PhoneWindow$DecorView","AppName":"com.facebook.katana","Pid":26367,"Uid":10085,"Tid":26367,"Id":2131559485,"Token":"6d390c34-bc81-4e8c-86d0-857479378d41","Activity":"android.view.ContextThemeWrapper","SessionID":"unknown","Time":1480665865387,"UpTime":184596149,"timestamp":1480665865387,"uptimeNanos":209217123203000,"LogFormat":"1.1"}
3a45bd43-82d2-4650-8571-039f48c0fdca 2016-12-02 03:04:25.415999760 454886 [184596.251019]   414   414 D KernelPrintk: 36,60632,184596247575,-;type=1400 audit(1480665865.405:3875): avc: denied { ioctl } for pid=2309 comm="Binder_C" path="socket:[763056]" dev="sockfs" ino=763056 ioctlcmd=7704 scontext=u:r:system_server:s0 tcontext=u:r:system_server:s0 tclass=unix_stream_socket permissive=0
3a45bd43-82d2-4650-8571-039f48c0fdca 2016-12-02 03:04:25.415999760 454887 [184596.251039]   414   414 D KernelPrintk: 36,60633,184596247673,-;type=1400 audit(1480665865.405:3876): avc: denied { ioctl } for pid=2309 comm="Binder_C" path="socket:[763056]" dev="sockfs" ino=763056 ioctlcmd=7704 scontext=u:r:system_server:s0 tcontext=u:r:system_server:s0 tclass=unix_stream_socket permissive=0
3a45bd43-82d2-4650-8571-039f48c0fdca 2016-12-02 03:04:25.425999760 454888 [184596.263529] 26367 26367 I Spinner-State-QoE: {"Action":"SpinnerEvent","Type":"start","View":"android.widget.ProgressBar","Parent":"android.widget.LinearLayout","RootView":"com.android.internal.policy.PhoneWindow$DecorView","AppName":"com.facebook.katana","Pid":26367,"Uid":10085,"Tid":26367,"Id":2131561792,"Token":"a1dc0929-cb45-4a8d-acdf-55c42478b2d5","Activity":"com.facebook.katana.activity.ImmersiveActivity","SessionID":"","Time":1480665865430,"UpTime":184596192,"timestamp":1480665865430,"uptimeNanos":209217166132583,"LogFormat":"1.1"}
3a45bd43-82d2-4650-8571-039f48c0fdca 2016-12-02 03:04:25.425999760 454889 [184596.266001] 26367 26367 I Spinner-State-QoE: {"Action":"SpinnerEvent","Type":"stop","View":"android.widget.ProgressBar","Parent":"android.widget.LinearLayout","RootView":"com.android.internal.policy.PhoneWindow$DecorView","AppName":"com.facebook.katana","Pid":26367,"Uid":10085,"Tid":26367,"Id":2131561792,"Token":"a1dc0929-cb45-4a8d-acdf-55c42478b2d5","Activity":"com.facebook.katana.activity.ImmersiveActivity","SessionID":"","Time":1480665865433,"UpTime":184596194,"timestamp":1480665865433,"uptimeNanos":209217168618781,"LogFormat":"1.1"}
3a45bd43-82d2-4650-8571-039f48c0fdca 2016-12-02 03:04:25.425999760 454890 [184596.268980] 24934 24945 I AttachedClient: Adding client event 2 to pending list.
3a45bd43-82d2-4650-8571-039f48c0fdca 2016-12-02 03:04:25.445999760 11588 [184596.288206]   988  2865 I ActivityManager: Killing 26367:com.facebook.katana/u0a85 (adj 16): remove task
3a45bd43-82d2-4650-8571-039f48c0fdca 2016-12-02 03:04:25.635999760 454891 [184596.478793]   988  1689 D GraphicsStats: Buffer count: 3
3a45bd43-82d2-4650-8571-039f48c0fdca 2016-12-02 03:04:25.635999760 11589 [184596.479342]   988  1463 D WifiService: Client connection lost with reason: 4
3a45bd43-82d2-4650-8571-039f48c0fdca 2016-12-02 03:04:25.665999760 454892 [184596.510135] 24934 24934 I OptInState: There is a new client and it does not support opt-in. Dropping request.
3a45bd43-82d2-4650-8571-039f48c0fdca 2016-12-02 03:04:25.665999760 454893 [184596.510926] 24934 24934 I MicroDetectionWorker: Micro detection mode: [mDetectionMode: [1]].
3a45bd43-82d2-4650-8571-039f48c0fdca 2016-12-02 03:04:25.665999760 11590 [184596.502147]   988  2865 E libprocessgroup: failed to kill 1 processes for processgroup 26367
3a45bd43-82d2-4650-8571-039f48c0fdca 2016-12-02 03:04:25.665999760 11591 [184596.503531]   988   999 W ActivityManager: Scheduling restart of crashed service com.facebook.katana/com.facebook.mqttlite.MqttService in 1000ms
3a45bd43-82d2-4650-8571-039f48c0fdca 2016-12-02 03:04:25.675999760 454894 [184596.520676] 24934 27292 I MicroRecognitionRunner: Starting detection.
3a45bd43-82d2-4650-8571-039f48c0fdca 2016-12-02 03:04:25.685999760 454895 [184596.521700] 24934 24957 I MicrophoneInputStream: mic_starting com.google.android.apps.gsa.speech.audio.ae@1aa6c5b
3a45bd43-82d2-4650-8571-039f48c0fdca 2016-12-02 03:04:25.685999760 454896 [184596.525655] 17607 17607 I HeadsetService: Headset=false; Bluetooth=false ; USB=false; Speaker=true
3a45bd43-82d2-4650-8571-039f48c0fdca 2016-12-02 03:04:25.685999760 454897 [184596.528651]   409  1061 I SoundTriggerHwService::Module: void android::SoundTriggerHwService::Module::onCallbackEvent(const sp<android::SoundTriggerHwService::CallbackEvent> &) mClient == 0
3a45bd43-82d2-4650-8571-039f48c0fdca 2016-12-02 03:04:25.685999760 454898 [184596.529318]   409 27294 I AudioFlinger: AudioFlinger's thread 0xb1100000 ready to run
3a45bd43-82d2-4650-8571-039f48c0fdca 2016-12-02 03:04:25.695999760 454899 [184596.533261] 24934 24957 I MicrophoneInputStream: mic_started com.google.android.apps.gsa.speech.audio.ae@1aa6c5b
3a45bd43-82d2-4650-8571-039f48c0fdca 2016-12-02 03:04:25.705999760 454900 [184596.541272]   409 27294 D audio_hw_primary: select_devices: out_snd_device(0: none) in_snd_device(63: voice-rec-mic)
3a45bd43-82d2-4650-8571-039f48c0fdca 2016-12-02 03:04:25.705999760 454901 [184596.541293]   409 27294 D msm8974_platform: platform_send_audio_calibration: sending audio calibration for snd_device(63) acdb_id(62)
3a45bd43-82d2-4650-8571-039f48c0fdca 2016-12-02 03:04:25.705999760 454902 [184596.541343]   409 27294 D audio_hw_primary: enable_snd_device: snd_device(63: voice-rec-mic)
3a45bd43-82d2-4650-8571-039f48c0fdca 2016-12-02 03:04:25.715999760 454903 [184596.552671]   409 27294 D audio_hw_primary: enable_audio_route: apply and update mixer path: audio-record
3a45bd43-82d2-4650-8571-039f48c0fdca 2016-12-02 03:04:25.715999760 454904 [184596.556983] 24934 27298 W LocationOracle: No location history returned by ContextManager
3a45bd43-82d2-4650-8571-039f48c0fdca 2016-12-02 03:04:25.735999760 454905 [184596.571218]   414   414 D KernelPrintk: 3,60634,184596561999,-;send_adm_custom_topology: no cal to send
3a45bd43-82d2-4650-8571-039f48c0fdca 2016-12-02 03:04:25.795999760 454906 [184596.632604] 24934 24934 I MicroDetectionWorker: onReady
3a45bd43-82d2-4650-8571-039f48c0fdca 2016-12-02 03:04:25.835999760 454907 [184596.673163] 20533 27299 I PlaceInferenceEngine: [anon] Setup for configuration 105:[]
3a45bd43-82d2-4650-8571-039f48c0fdca 2016-12-02 03:04:25.835999760 454908 [184596.673194] 20533 27299 I PlaceInferenceEngine: [anon] Active modules after start(): 0
3a45bd43-82d2-4650-8571-039f48c0fdca 2016-12-02 03:04:25.835999760 454909 [184596.680083] 20533 20623 W ctxmgr  : [AclManager]No 3 for (accnt=account#-517948760#, com.google.android.googlequicksearchbox(10035):com.google.android.googlequicksearchbox, vrsn=0, 1, 3pPkg = null ,  3pMdlId = null). Was: 3 for 6, account#-517948760#
3a45bd43-82d2-4650-8571-039f48c0fdca 2016-12-02 03:04:25.865999760 454910 [184596.701085]   414   414 D KernelPrintk: 6,60635,184596698475,-;Report pwrkey press event
3a45bd43-82d2-4650-8571-039f48c0fdca 2016-12-02 03:04:25.895999760 454911 [184596.733599] 20533 27299 I Places  : ?: PlacesBleScanner start() with priority 2
3a45bd43-82d2-4650-8571-039f48c0fdca 2016-12-02 03:04:25.895999760 454912 [184596.734510] 20533 27299 I PlaceInferenceEngine: [anon] Setup for configuration 102:[BeaconScoring, CategoryScoring, DistanceScoring, GeoJournalScoring, HomeWorkScoring, HulkPersonaScoring, PopularityScoring, SpotterScoring, TimeBasedScoring, WifiScoring]
3a45bd43-82d2-4650-8571-039f48c0fdca 2016-12-02 03:04:25.895999760 454913 [184596.734611] 20533 27299 I PlaceInferenceEngine: [anon] Active modules after start(): 10
3a45bd43-82d2-4650-8571-039f48c0fdca 2016-12-02 03:04:25.945999760 454914 [184596.784732] 19114 19153 W OpenGLRenderer: Incorrectly called buildLayer on View: ShortcutAndWidgetContainer, destroying layer...
3a45bd43-82d2-4650-8571-039f48c0fdca 2016-12-02 03:04:25.945999760 454915 [184596.784754] 19114 19153 W OpenGLRenderer: Incorrectly called buildLayer on View: ShortcutAndWidgetContainer, destroying layer...
3a45bd43-82d2-4650-8571-039f48c0fdca 2016-12-02 03:04:25.965999760 454916 [184596.802250]   291   291 I SurfaceFlinger: {"fps":66.9, "tot_frames":88578, "prev_frames":88503, "cur_time": 184596731352928, "prev_time": 184595610472928}
3a45bd43-82d2-4650-8571-039f48c0fdca 2016-12-02 03:04:25.975999760 454917 [184596.811725] 20533 20601 I PlaceInferenceEngine: No beacon scan available - ignoring candidates.
3a45bd43-82d2-4650-8571-039f48c0fdca 2016-12-02 03:04:26.25999760 454918 [184596.868940] 20533 20533 E ctxmgr  : [PlaceFenceHelper]NearbyBuffer is null!
3a45bd43-82d2-4650-8571-039f48c0fdca 2016-12-02 03:04:26.45999760 454919 [184596.882202] 20533 20601 W ctxmgr  : [AclManager]No 2 for (accnt=account#-517948760#, com.google.android.gms(10014):PlacesProducer, vrsn=10084000, 0, 3pPkg = null ,  3pMdlId = null). Was: 3 for 18, account#-517948760#
3a45bd43-82d2-4650-8571-039f48c0fdca 2016-12-02 03:04:26.45999760 11592 [184596.889498]   988  1450 I PowerManagerService: Going to sleep due to power button (uid 1000)...
3a45bd43-82d2-4650-8571-039f48c0fdca 2016-12-02 03:04:26.55999760 454920 [184596.891124]   414   414 D KernelPrintk: 6,60636,184596889297,-;Report pwrkey release event
3a45bd43-82d2-4650-8571-039f48c0fdca 2016-12-02 03:04:26.55999760 454921 [184596.891140]   414   414 D KernelPrintk: 36,60637,184596890959,-;type=1400 audit(1480665866.045:3877): avc: denied { ioctl } for pid=1685 comm="Binder_7" path="socket:[763056]" dev="sockfs" ino=763056 ioctlcmd=7704 scontext=u:r:system_server:s0 tcontext=u:r:system_server:s0 tclass=unix_stream_socket permissive=0
3a45bd43-82d2-4650-8571-039f48c0fdca 2016-12-02 03:04:26.55999760 454922 [184596.894547]   409 22157 W AudioPolicyIntefaceImpl: getOutputForAttr uid 10029 tried to pass itself off as 1000
3a45bd43-82d2-4650-8571-039f48c0fdca 2016-12-02 03:04:26.55999760 454923 [184596.894854]  1692  1703 W AudioTrack: AUDIO_OUTPUT_FLAG_FAST denied by client; transfer 4, track 44100 Hz, output 48000 Hz
3a45bd43-82d2-4650-8571-039f48c0fdca 2016-12-02 03:04:26.55999760 454924 [184596.896246]   409  1062 W AudioFlinger: uid 10029 tried to pass itself off as 1000
3a45bd43-82d2-4650-8571-039f48c0fdca 2016-12-02 03:04:26.65999760 454925 [184596.901118]   414   414 D KernelPrintk: 36,60638,184596891333,-;type=1400 audit(1480665866.045:3878): avc: denied { ioctl } for pid=1685 comm="Binder_7" path="socket:[763056]" dev="sockfs" ino=763056 ioctlcmd=7704 scontext=u:r:system_server:s0 tcontext=u:r:system_server:s0 tclass=unix_stream_socket permissive=0
3a45bd43-82d2-4650-8571-039f48c0fdca 2016-12-02 03:04:26.85999760 454926 [184596.920953]   409  1041 D audio_hw_primary: out_set_parameters: enter: usecase(1: low-latency-playback) kvpairs: routing=2
3a45bd43-82d2-4650-8571-039f48c0fdca 2016-12-02 03:04:26.125999760 454927 [184596.967539]   409  1041 D AudioFlinger: mixer(0xb3d80000) throttle end: throttle time(1)
3a45bd43-82d2-4650-8571-039f48c0fdca 2016-12-02 03:04:26.215999759 454928 [184597.051921]   291   291 I SurfaceFlinger: {"token":1735, "diffs":[[184595487, 12.521702],[184595539, 10.519749],[184595593, 44.574654],[184595646, 48.263889],[184595700, 48.611111],[184595753, 46.788193],[184595812, 35.850693],[184595863, 28.493923],[184595914, 36.675346],[184595963, 22.721354],[184596077, 7.942708],[184596164, 0.000000],[184596216, 0.000000],[184596267, 50.260418],[184596318, 51.866318],[184596456, 49.956596],[184596733, 0.000000],[184596842, 0.000000],[184596904, 0.493028],[184596960, 0.000000]]}
3a45bd43-82d2-4650-8571-039f48c0fdca 2016-12-02 03:04:26.605999759 454929 [184597.450487]   988  1009 V KeyguardServiceDelegate: onScreenTurnedOff()
3a45bd43-82d2-4650-8571-039f48c0fdca 2016-12-02 03:04:26.605999759 454930 [184597.450564] 19114 19114 I Activity-LifeCycle-QoE: {"Action":"onPause","AppName":"com.google.android.googlequicksearchbox","Pid":19114,"Uid":10035,"Tid":19114,"ParentActivity":"NULL","ActivityName":"com.google.android.googlequicksearchbox\/com.google.android.launcher.GEL","Time":1480665866617,"UpTime":184597379,"SessionID":"d19b04d1-f347-43b0-ad77-173c95cd71e6","timestamp":1480665866617,"uptimeNanos":209218353214562,"LogFormat":"1.1"}
3a45bd43-82d2-4650-8571-039f48c0fdca 2016-12-02 03:04:26.615999759 454931 [184597.455639] 19114 19114 I Activity-LifeCycle-QoE: {"Action":"onStop","AppName":"com.google.android.googlequicksearchbox","Pid":19114,"Uid":10035,"Tid":19114,"ParentActivity":"NULL","ActivityName":"com.google.android.googlequicksearchbox\/com.google.android.launcher.GEL","Time":1480665866622,"UpTime":184597384,"SessionID":"d19b04d1-f347-43b0-ad77-173c95cd71e6","timestamp":1480665866622,"uptimeNanos":209218358215082,"LogFormat":"1.1"}
3a45bd43-82d2-4650-8571-039f48c0fdca 2016-12-02 03:04:26.615999759 454932 [184597.458433] 24934 24971 W SearchService: Abort, client detached.
3a45bd43-82d2-4650-8571-039f48c0fdca 2016-12-02 03:04:26.615999759 454933 [184597.458554] 24934 24971 W SearchService: Abort, client detached.
3a45bd43-82d2-4650-8571-039f48c0fdca 2016-12-02 03:04:26.625999759 454934 [184597.466964]   291   291 D SurfaceFlinger: Set power mode=0, type=0 flinger=0xb29e4000
3a45bd43-82d2-4650-8571-039f48c0fdca 2016-12-02 03:04:26.625999759 454935 [184597.467007]   291   291 D qdhwcomposer: hwc_setPowerMode: Setting mode 0 on display: 0
3a45bd43-82d2-4650-8571-039f48c0fdca 2016-12-02 03:04:26.625999759 11593 [184597.463332]   988  1007 I DisplayManagerService: Display device changed state: "Built-in Screen", OFF
3a45bd43-82d2-4650-8571-039f48c0fdca 2016-12-02 03:04:26.635999759 454936 [184597.473340] 24934 24934 I MicroDetector: Keeping mic open: false
3a45bd43-82d2-4650-8571-039f48c0fdca 2016-12-02 03:04:26.635999759 454937 [184597.473615] 24934 27119 I DeviceStateChecker: DeviceStateChecker cancelled
3a45bd43-82d2-4650-8571-039f48c0fdca 2016-12-02 03:04:26.635999759 454938 [184597.473940] 24934 24966 I AudioController: internalShutdown
3a45bd43-82d2-4650-8571-039f48c0fdca 2016-12-02 03:04:26.635999759 454939 [184597.473989] 24934 24966 I MicrophoneInputStream: mic_close com.google.android.apps.gsa.speech.audio.ae@1aa6c5b
3a45bd43-82d2-4650-8571-039f48c0fdca 2016-12-02 03:04:26.635999759 454940 [184597.474081] 24934 24957 E AudioRecord-JNI: Error -4 during AudioRecord native read
3a45bd43-82d2-4650-8571-039f48c0fdca 2016-12-02 03:04:26.635999759 454941 [184597.474597] 24934 24983 I MicroRecognitionRunner: Stopping hotword detection.
3a45bd43-82d2-4650-8571-039f48c0fdca 2016-12-02 03:04:26.675999759 11594 [184597.517868]   988  1002 I ActivityManager: Start proc 27302:com.facebook.katana/u0a85 for service com.facebook.katana/com.facebook.mqttlite.MqttService
3a45bd43-82d2-4650-8571-039f48c0fdca 2016-12-02 03:04:26.695999759 454942 [184597.540261]   409 27294 D audio_hw_primary: disable_audio_route: reset and update mixer path: audio-record
3a45bd43-82d2-4650-8571-039f48c0fdca 2016-12-02 03:04:26.705999759 454943 [184597.541277]   409 27294 D audio_hw_primary: disable_snd_device: snd_device(63: voice-rec-mic)
3a45bd43-82d2-4650-8571-039f48c0fdca 2016-12-02 03:04:26.705999759 454944 [184597.545817]   409  1061 I SoundTriggerHwService::Module: void android::SoundTriggerHwService::Module::onCallbackEvent(const sp<android::SoundTriggerHwService::CallbackEvent> &) mClient == 0
3a45bd43-82d2-4650-8571-039f48c0fdca 2016-12-02 03:04:26.795999759 454945 [184597.633176] 17607 17607 I HeadsetService: Headset=false; Bluetooth=false ; USB=false; Speaker=true
3a45bd43-82d2-4650-8571-039f48c0fdca 2016-12-02 03:04:26.795999759 454946 [184597.636633] 24934 27292 I MicroRecognitionRunner: Detection finished
3a45bd43-82d2-4650-8571-039f48c0fdca 2016-12-02 03:04:26.835999759 454947 [184597.675080] 20533 27299 I Places  : ?: PlacesBleScanner start() with priority 2
3a45bd43-82d2-4650-8571-039f48c0fdca 2016-12-02 03:04:26.865999759 454948 [184597.702573]   291   353 I qdhwcomposer: handle_blank_event: dpy:0 panel power state: 0
3a45bd43-82d2-4650-8571-039f48c0fdca 2016-12-02 03:04:26.865999759 454949 [184597.706549]   291   291 D qdhwcomposer: hwc_setPowerMode: Done setting mode 0 on display 0
3a45bd43-82d2-4650-8571-039f48c0fdca 2016-12-02 03:04:26.865999759 454950 [184597.706682]   988  1509 D SurfaceControl: Excessive delay in setPowerMode(): 244ms
3a45bd43-82d2-4650-8571-039f48c0fdca 2016-12-02 03:04:26.865999759 11595 [184597.709205]   988  1009 I PowerManagerService: Sleeping (uid 1000)...
3a45bd43-82d2-4650-8571-039f48c0fdca 2016-12-02 03:04:26.875999759 454951 [184597.710966]   414   414 D KernelPrintk: 6,60639,184597498112,-;event_handler: reclaimed all bufs
3a45bd43-82d2-4650-8571-039f48c0fdca 2016-12-02 03:04:26.875999759 454952 [184597.710985]   414   414 D KernelPrintk: 4,60640,184597509335,-;smb135x-charger 0-001c: Input current Set 0x0
3a45bd43-82d2-4650-8571-039f48c0fdca 2016-12-02 03:04:26.875999759 454953 [184597.710994]   414   414 D KernelPrintk:  SUBSYSTEM=i2c
3a45bd43-82d2-4650-8571-039f48c0fdca 2016-12-02 03:04:26.875999759 454954 [184597.711002]   414   414 D KernelPrintk:  DEVICE=+i2c:0-001c
3a45bd43-82d2-4650-8571-039f48c0fdca 2016-12-02 03:04:26.875999759 454955 [184597.711016]   414   414 D KernelPrintk: 6,60641,184597574262,-;mdss_dsi_panel_off: ctrl=f0c1f810 ndx=0
3a45bd43-82d2-4650-8571-039f48c0fdca 2016-12-02 03:04:26.875999759 454956 [184597.711030]   414   414 D KernelPrintk: 6,60642,184597697654,-;mdss_dsi_panel_off: ctrl=efdc0010 ndx=1
3a45bd43-82d2-4650-8571-039f48c0fdca 2016-12-02 03:04:26.875999759 454957 [184597.711044]   414   414 D KernelPrintk: 6,60643,184597706460,-;atmel_mxt_ts_mmi: mxt_set_sensor_state: state change ACTIVE -> SUSPEND
3a45bd43-82d2-4650-8571-039f48c0fdca 2016-12-02 03:04:26.875999759 454958 [184597.711058]   414   414 D KernelPrintk: 6,60644,184597706477,-;atmel_mxt_ts_mmi: mxt_suspend: screen: 0)1985 1)20 2)2 3)1 4)1 5)1 buttons: 
3a45bd43-82d2-4650-8571-039f48c0fdca 2016-12-02 03:04:26.875999759 454959 [184597.711072]   414   414 D KernelPrintk: 3,60645,184597707836,-;mdss_mdp_wb_kickoff: unable to get writeback buf ctl=2
3a45bd43-82d2-4650-8571-039f48c0fdca 2016-12-02 03:04:26.885999759 454960 [184597.726518]   988  1462 E native  : do suspend true
3a45bd43-82d2-4650-8571-039f48c0fdca 2016-12-02 03:04:26.885999759 454961 [184597.728370]   409  1062 D audio_hw_primary: adev_set_parameters: enter: screen_state=off
3a45bd43-82d2-4650-8571-039f48c0fdca 2016-12-02 03:04:26.885999759 454962 [184597.728417]   409  1062 E bt_a2dp_hw: adev_set_parameters: ERROR: set param called even when stream out is null
3a45bd43-82d2-4650-8571-039f48c0fdca 2016-12-02 03:04:26.885999759 454963 [184597.728428]   409  1062 D mot_vr_audio_hw: adev_set_parameters: screen_state=off
3a45bd43-82d2-4650-8571-039f48c0fdca 2016-12-02 03:04:26.895999759 454964 [184597.731066]   414   414 D KernelPrintk: 4,60646,184597726693,-;dhd_set_suspend: force extra Suspend setting 
3a45bd43-82d2-4650-8571-039f48c0fdca 2016-12-02 03:04:26.895999759 454965 [184597.731085]   414   414 D KernelPrintk: 4,60647,184597729739,-;dhd_get_suspend_bcn_li_dtim beacon=65535 bcn_li_dtim=1 DTIM=2 Listen=10
3a45bd43-82d2-4650-8571-039f48c0fdca 2016-12-02 03:04:26.905999759 454966 [184597.741111]   414   414 D KernelPrintk: 36,60648,184597731978,-;type=1400 audit(1480665866.895:3879): avc: denied { ioctl } for pid=1683 comm="Binder_5" path="socket:[803466]" dev="sockfs" ino=803466 ioctlcmd=7704 scontext=u:r:system_server:s0 tcontext=u:r:system_server:s0 tclass=unix_stream_socket permissive=0
3a45bd43-82d2-4650-8571-039f48c0fdca 2016-12-02 03:04:26.905999759 454967 [184597.741131]   414   414 D KernelPrintk: 36,60649,184597732123,-;type=1400 audit(1480665866.895:3880): avc: denied { ioctl } for pid=1683 comm="Binder_5" path="socket:[803466]" dev="sockfs" ino=803466 ioctlcmd=7704 scontext=u:r:system_server:s0 tcontext=u:r:system_server:s0 tclass=unix_stream_socket permissive=0
3a45bd43-82d2-4650-8571-039f48c0fdca 2016-12-02 03:04:26.905999759 454968 [184597.745629]  1692  1692 D PhoneStatusBar: disable: < expand ICONS* alerts SYSTEM_INFO* back home recent clock search quick_settings >
3a45bd43-82d2-4650-8571-039f48c0fdca 2016-12-02 03:04:26.965999759 454969 [184597.807309] 27302 27319 I art     : Thread[11,tid=27319,Native,Thread*=0xacbbc700,peer=0x12e40a60,"EnsureDelegate"] recursive attempt to load library "/data/user/0/com.facebook.katana/lib-xzs/libfb.so"
3a45bd43-82d2-4650-8571-039f48c0fdca 2016-12-02 03:04:26.975999759 454970 [184597.814877] 27302 27319 V dalvik-internals: Hooking function _ZN3art12FaultManager35EnsureArtActionInFrontOfSignalChainEv
3a45bd43-82d2-4650-8571-039f48c0fdca 2016-12-02 03:04:26.975999759 454971 [184597.814936] 27302 27319 V dalvik-internals: hooked _ZN3art12FaultManager35EnsureArtActionInFrontOfSignalChainEv using trap ()
3a45bd43-82d2-4650-8571-039f48c0fdca 2016-12-02 03:04:26.975999759 454972 [184597.814991] 27302 27319 V dalvik-internals: hooked signal using trap ()
3a45bd43-82d2-4650-8571-039f48c0fdca 2016-12-02 03:04:26.975999759 454973 [184597.815058] 27302 27319 V dalvik-internals: hooked sysv_signal using trap ()
3a45bd43-82d2-4650-8571-039f48c0fdca 2016-12-02 03:04:26.975999759 454974 [184597.815084] 27302 27319 V dalvik-internals: hooked bsd_signal using trap ()
3a45bd43-82d2-4650-8571-039f48c0fdca 2016-12-02 03:04:26.975999759 454975 [184597.816184] 27302 27319 E linker  : "/system/bin/app_process32": ignoring 2-entry DT_PREINIT_ARRAY in shared library!
3a45bd43-82d2-4650-8571-039f48c0fdca 2016-12-02 03:04:26.975999759 454976 [184597.816312] 27302 27319 V dalvik-internals: hooked sigaction using trap ()
3a45bd43-82d2-4650-8571-039f48c0fdca 2016-12-02 03:04:26.985999759 454977 [184597.827963]   291   291 I SurfaceFlinger: {"fps":60.4, "tot_frames":88640, "prev_frames":88578, "cur_time": 184597757068188, "prev_time": 184596731352928}
3a45bd43-82d2-4650-8571-039f48c0fdca 2016-12-02 03:04:27.5999759 454978 [184597.844304]  1692  1692 D PhoneStatusBar: disable: < expand ICONS alerts SYSTEM_INFO back HOME* RECENT* clock SEARCH* quick_settings >
3a45bd43-82d2-4650-8571-039f48c0fdca 2016-12-02 03:04:27.15999759 454979 [184597.857328] 27302 27319 V appstatelogger: Registered App State Logger stream with Breakpad
3a45bd43-82d2-4650-8571-039f48c0fdca 2016-12-02 03:04:27.15999759 454980 [184597.857447] 27302 27319 I dalvik-internals: installed sigmux crash handler for crash log
3a45bd43-82d2-4650-8571-039f48c0fdca 2016-12-02 03:04:27.85999759 454981 [184597.929055] 27302 27319 W MemoryReductionHack: Couldn't update the Loader
3a45bd43-82d2-4650-8571-039f48c0fdca 2016-12-02 03:04:27.155999759 454982 [184597.998913] 27302 27324 W 0SC     : Verify
3a45bd43-82d2-4650-8571-039f48c0fdca 2016-12-02 03:04:27.385999759 454983 [184598.228790] 27302 27342 W fb4a(:<default>):0bB: The sessioned store is not available. Are you fetching sessioned quick experiment data while the user is logged out?
3a45bd43-82d2-4650-8571-039f48c0fdca 2016-12-02 03:04:27.425999759 11596 [184598.263719]   988  1463 D WifiService: New client listening to asynchronous messages
3a45bd43-82d2-4650-8571-039f48c0fdca 2016-12-02 03:04:27.625999759 454984 [184598.467175] 27302 27350 E art     : No implementation found for int com.facebook.soloader.MergedSoMapping$Invoke_JNI_OnLoad.libliger_native_so() (tried Java_com_facebook_soloader_MergedSoMapping_00024Invoke_1JNI_1OnLoad_libliger_1native_1so and Java_com_facebook_soloader_MergedSoMapping_00024Invoke_1JNI_1OnLoad_libliger_1native_1so__)
3a45bd43-82d2-4650-8571-039f48c0fdca 2016-12-02 03:04:27.625999759 454985 [184598.467509] 27302 27350 W com.facebook.katana:1u3: JNI load failed
3a45bd43-82d2-4650-8571-039f48c0fdca 2016-12-02 03:04:27.715999759 454986 [184598.556154]   988  1462 D WifiStateMachine: L2Connected CMD_START_SCAN source -2 229, 230 -> obsolete
3a45bd43-82d2-4650-8571-039f48c0fdca 2016-12-02 03:04:28.345999759 454987 [184599.183621]   409  1472 W GraphicBufferSource: Dropped back down to Loaded without Executing
3a45bd43-82d2-4650-8571-039f48c0fdca 2016-12-02 03:04:28.355999759 454988 [184599.191121]   414   414 D KernelPrintk: 3,60650,184599181169,-;mdss_mdp_wb_kickoff: unable to get writeback buf ctl=2
3a45bd43-82d2-4650-8571-039f48c0fdca 2016-12-02 03:04:28.355999759 454989 [184599.197588]   409 26347 I OMX-VENC: Component Deinit
3a45bd43-82d2-4650-8571-039f48c0fdca 2016-12-02 03:04:28.365999759 454990 [184599.200941]   414   414 D KernelPrintk: 6,60651,184599197522,-;msm_vidc: info: Closed video instance: ea264000
